
===========================================================================
report_checks -unconstrained
===========================================================================
======================= nom_tt_025C_1v80 Corner ===================================

Startpoint: A[0] (input port clocked by __VIRTUAL_CLK__)
Endpoint: zero (output port clocked by __VIRTUAL_CLK__)
Path Group: __VIRTUAL_CLK__
Path Type: max

Fanout         Cap        Slew       Delay        Time   Description
---------------------------------------------------------------------------------------------
                      0.000000    0.000000    0.000000   clock __VIRTUAL_CLK__ (rise edge)
                                  0.000000    0.000000   clock network delay (ideal)
                                  2.000000    2.000000 v input external delay
     1    0.002364    0.007619    0.003699    2.003699 v A[0] (in)
                                                         A[0] (net)
                      0.007620    0.000000    2.003699 v input1/A (sky130_fd_sc_hd__dlymetal6s2s_1)
     6    0.017901    0.100486    0.177720    2.181419 v input1/X (sky130_fd_sc_hd__dlymetal6s2s_1)
                                                         net1 (net)
                      0.100487    0.000434    2.181853 v _173_/A_N (sky130_fd_sc_hd__nand2b_1)
     3    0.011570    0.100835    0.210973    2.392826 v _173_/Y (sky130_fd_sc_hd__nand2b_1)
                                                         _070_ (net)
                      0.100835    0.000490    2.393316 v _193_/A2 (sky130_fd_sc_hd__a21o_1)
     4    0.012512    0.072536    0.236081    2.629397 v _193_/X (sky130_fd_sc_hd__a21o_1)
                                                         _089_ (net)
                      0.072537    0.000381    2.629778 v _226_/A2 (sky130_fd_sc_hd__a311o_1)
     3    0.012691    0.099677    0.371379    3.001158 v _226_/X (sky130_fd_sc_hd__a311o_1)
                                                         _120_ (net)
                      0.099679    0.000629    3.001787 v _125_/A2 (sky130_fd_sc_hd__a311o_1)
     2    0.009224    0.084386    0.365748    3.367535 v _125_/X (sky130_fd_sc_hd__a311o_1)
                                                         _027_ (net)
                      0.084440    0.000280    3.367815 v _127_/B (sky130_fd_sc_hd__and2_1)
     3    0.010145    0.064998    0.201099    3.568913 v _127_/X (sky130_fd_sc_hd__and2_1)
                                                         _029_ (net)
                      0.064998    0.000245    3.569158 v _144_/A (sky130_fd_sc_hd__or3_1)
     1    0.001972    0.059253    0.358579    3.927738 v _144_/X (sky130_fd_sc_hd__or3_1)
                                                         _045_ (net)
                      0.059253    0.000055    3.927792 v _145_/C (sky130_fd_sc_hd__and3_1)
     1    0.001574    0.031299    0.171390    4.099183 v _145_/X (sky130_fd_sc_hd__and3_1)
                                                         _046_ (net)
                      0.031299    0.000030    4.099213 v _150_/B1 (sky130_fd_sc_hd__o2bb2a_1)
     2    0.008518    0.079373    0.316078    4.415291 v _150_/X (sky130_fd_sc_hd__o2bb2a_1)
                                                         net28 (net)
                      0.079373    0.000271    4.415562 v _153_/C (sky130_fd_sc_hd__nor4_1)
     1    0.002736    0.214229    0.225738    4.641300 ^ _153_/Y (sky130_fd_sc_hd__nor4_1)
                                                         net29 (net)
                      0.214229    0.000079    4.641379 ^ output29/A (sky130_fd_sc_hd__buf_2)
     1    0.034465    0.171647    0.252033    4.893412 ^ output29/X (sky130_fd_sc_hd__buf_2)
                                                         zero (net)
                      0.171648    0.000763    4.894174 ^ zero (out)
                                              4.894174   data arrival time

                      0.000000   10.000000   10.000000   clock __VIRTUAL_CLK__ (rise edge)
                                  0.000000   10.000000   clock network delay (ideal)
                                 -0.250000    9.750000   clock uncertainty
                                  0.000000    9.750000   clock reconvergence pessimism
                                 -2.000000    7.750000   output external delay
                                              7.750000   data required time
---------------------------------------------------------------------------------------------
                                              7.750000   data required time
                                             -4.894174   data arrival time
---------------------------------------------------------------------------------------------
                                              2.855826   slack (MET)




===========================================================================
report_checks --slack_max -0.01
============================================================================
======================= nom_tt_025C_1v80 Corner ===================================

No paths found.


===========================================================================
 report_check_types -max_slew -max_cap -max_fanout -violators
============================================================================
======================= nom_tt_025C_1v80 Corner ===================================



===========================================================================
report_parasitic_annotation -report_unannotated
============================================================================
Found 0 unannotated drivers.
Found 0 partially unannotated drivers.

===========================================================================
max slew violation count 0
max fanout violation count 0
max cap violation count 0
============================================================================

===========================================================================
check_setup -verbose -unconstrained_endpoints -multiple_clock -no_clock -no_input_delay -loops -generated_clocks
===========================================================================
