
===========================================================================
report_checks -path_delay min (Hold)
============================================================================
======================= nom_tt_025C_1v80 Corner ===================================

Startpoint: A[7] (input port clocked by __VIRTUAL_CLK__)
Endpoint: carry (output port clocked by __VIRTUAL_CLK__)
Path Group: __VIRTUAL_CLK__
Path Type: min

Fanout         Cap        Slew       Delay        Time   Description
---------------------------------------------------------------------------------------------
                      0.000000    0.000000    0.000000   clock __VIRTUAL_CLK__ (rise edge)
                                  0.000000    0.000000   clock network delay (ideal)
                                  2.000000    2.000000 v input external delay
     1    0.002842    0.008721    0.004506    2.004505 v A[7] (in)
                                                         A[7] (net)
                      0.008721    0.000000    2.004505 v input8/A (sky130_fd_sc_hd__clkbuf_1)
     5    0.014283    0.088279    0.122758    2.127263 v input8/X (sky130_fd_sc_hd__clkbuf_1)
                                                         net8 (net)
                      0.088280    0.000327    2.127590 v _154_/B (sky130_fd_sc_hd__nand2b_1)
     1    0.003033    0.047589    0.085529    2.213119 ^ _154_/Y (sky130_fd_sc_hd__nand2b_1)
                                                         _053_ (net)
                      0.047589    0.000089    2.213208 ^ _156_/A3 (sky130_fd_sc_hd__a32o_1)
     1    0.002211    0.043650    0.149590    2.362799 ^ _156_/X (sky130_fd_sc_hd__a32o_1)
                                                         net20 (net)
                      0.043650    0.000063    2.362862 ^ output20/A (sky130_fd_sc_hd__buf_2)
     1    0.033972    0.168773    0.196500    2.559362 ^ output20/X (sky130_fd_sc_hd__buf_2)
                                                         carry (net)
                      0.168773    0.000615    2.559977 ^ carry (out)
                                              2.559977   data arrival time

                      0.000000    0.000000    0.000000   clock __VIRTUAL_CLK__ (rise edge)
                                  0.000000    0.000000   clock network delay (ideal)
                                  0.250000    0.250000   clock uncertainty
                                  0.000000    0.250000   clock reconvergence pessimism
                                 -2.000000   -1.750000   output external delay
                                             -1.750000   data required time
---------------------------------------------------------------------------------------------
                                             -1.750000   data required time
                                             -2.559977   data arrival time
---------------------------------------------------------------------------------------------
                                              4.309977   slack (MET)


Startpoint: A[1] (input port clocked by __VIRTUAL_CLK__)
Endpoint: result[0] (output port clocked by __VIRTUAL_CLK__)
Path Group: __VIRTUAL_CLK__
Path Type: min

Fanout         Cap        Slew       Delay        Time   Description
---------------------------------------------------------------------------------------------
                      0.000000    0.000000    0.000000   clock __VIRTUAL_CLK__ (rise edge)
                                  0.000000    0.000000   clock network delay (ideal)
                                  2.000000    2.000000 ^ input external delay
     1    0.002921    0.020251    0.010743    2.010742 ^ A[1] (in)
                                                         A[1] (net)
                      0.020251    0.000000    2.010742 ^ input2/A (sky130_fd_sc_hd__clkbuf_2)
     7    0.030922    0.171379    0.185781    2.196524 ^ input2/X (sky130_fd_sc_hd__clkbuf_2)
                                                         net2 (net)
                      0.171384    0.000750    2.197273 ^ _170_/A1 (sky130_fd_sc_hd__a211o_1)
     2    0.006643    0.066721    0.169675    2.366949 ^ _170_/X (sky130_fd_sc_hd__a211o_1)
                                                         net21 (net)
                      0.066721    0.000243    2.367191 ^ output21/A (sky130_fd_sc_hd__buf_2)
     1    0.034853    0.173007    0.208017    2.575209 ^ output21/X (sky130_fd_sc_hd__buf_2)
                                                         result[0] (net)
                      0.173007    0.000682    2.575891 ^ result[0] (out)
                                              2.575891   data arrival time

                      0.000000    0.000000    0.000000   clock __VIRTUAL_CLK__ (rise edge)
                                  0.000000    0.000000   clock network delay (ideal)
                                  0.250000    0.250000   clock uncertainty
                                  0.000000    0.250000   clock reconvergence pessimism
                                 -2.000000   -1.750000   output external delay
                                             -1.750000   data required time
---------------------------------------------------------------------------------------------
                                             -1.750000   data required time
                                             -2.575891   data arrival time
---------------------------------------------------------------------------------------------
                                              4.325891   slack (MET)


Startpoint: A[3] (input port clocked by __VIRTUAL_CLK__)
Endpoint: result[4] (output port clocked by __VIRTUAL_CLK__)
Path Group: __VIRTUAL_CLK__
Path Type: min

Fanout         Cap        Slew       Delay        Time   Description
---------------------------------------------------------------------------------------------
                      0.000000    0.000000    0.000000   clock __VIRTUAL_CLK__ (rise edge)
                                  0.000000    0.000000   clock network delay (ideal)
                                  2.000000    2.000000 ^ input external delay
     1    0.002914    0.020224    0.010725    2.010725 ^ A[3] (in)
                                                         A[3] (net)
                      0.020224    0.000000    2.010725 ^ input4/A (sky130_fd_sc_hd__buf_2)
     8    0.031168    0.155704    0.178232    2.188957 ^ input4/X (sky130_fd_sc_hd__buf_2)
                                                         net4 (net)
                      0.155754    0.000815    2.189772 ^ _233_/A1 (sky130_fd_sc_hd__a211o_1)
     1    0.003163    0.040596    0.143942    2.333714 ^ _233_/X (sky130_fd_sc_hd__a211o_1)
                                                         _006_ (net)
                      0.040596    0.000094    2.333808 ^ _234_/A3 (sky130_fd_sc_hd__o31a_1)
     2    0.005961    0.073765    0.128785    2.462593 ^ _234_/X (sky130_fd_sc_hd__o31a_1)
                                                         net25 (net)
                      0.073765    0.000174    2.462767 ^ output25/A (sky130_fd_sc_hd__buf_2)
     1    0.034260    0.170292    0.208619    2.671386 ^ output25/X (sky130_fd_sc_hd__buf_2)
                                                         result[4] (net)
                      0.170293    0.000719    2.672105 ^ result[4] (out)
                                              2.672105   data arrival time

                      0.000000    0.000000    0.000000   clock __VIRTUAL_CLK__ (rise edge)
                                  0.000000    0.000000   clock network delay (ideal)
                                  0.250000    0.250000   clock uncertainty
                                  0.000000    0.250000   clock reconvergence pessimism
                                 -2.000000   -1.750000   output external delay
                                             -1.750000   data required time
---------------------------------------------------------------------------------------------
                                             -1.750000   data required time
                                             -2.672105   data arrival time
---------------------------------------------------------------------------------------------
                                              4.422104   slack (MET)


Startpoint: B[4] (input port clocked by __VIRTUAL_CLK__)
Endpoint: result[5] (output port clocked by __VIRTUAL_CLK__)
Path Group: __VIRTUAL_CLK__
Path Type: min

Fanout         Cap        Slew       Delay        Time   Description
---------------------------------------------------------------------------------------------
                      0.000000    0.000000    0.000000   clock __VIRTUAL_CLK__ (rise edge)
                                  0.000000    0.000000   clock network delay (ideal)
                                  2.000000    2.000000 v input external delay
     1    0.002631    0.008232    0.004150    2.004150 v B[4] (in)
                                                         B[4] (net)
                      0.008232    0.000000    2.004150 v input13/A (sky130_fd_sc_hd__buf_1)
     4    0.011443    0.072469    0.110742    2.114892 v input13/X (sky130_fd_sc_hd__buf_1)
                                                         net13 (net)
                      0.072470    0.000312    2.115205 v _219_/B (sky130_fd_sc_hd__nand2_2)
     5    0.022530    0.124074    0.137631    2.252836 ^ _219_/Y (sky130_fd_sc_hd__nand2_2)
                                                         _113_ (net)
                      0.124080    0.000720    2.253556 ^ _241_/A1 (sky130_fd_sc_hd__a31o_1)
     1    0.002671    0.040704    0.145709    2.399266 ^ _241_/X (sky130_fd_sc_hd__a31o_1)
                                                         _013_ (net)
                      0.040704    0.000052    2.399317 ^ _250_/A2 (sky130_fd_sc_hd__o211ai_1)
     2    0.006790    0.084556    0.100295    2.499612 v _250_/Y (sky130_fd_sc_hd__o211ai_1)
                                                         net26 (net)
                      0.084556    0.000218    2.499830 v output26/A (sky130_fd_sc_hd__buf_2)
     1    0.034199    0.089370    0.197718    2.697548 v output26/X (sky130_fd_sc_hd__buf_2)
                                                         result[5] (net)
                      0.089376    0.000721    2.698269 v result[5] (out)
                                              2.698269   data arrival time

                      0.000000    0.000000    0.000000   clock __VIRTUAL_CLK__ (rise edge)
                                  0.000000    0.000000   clock network delay (ideal)
                                  0.250000    0.250000   clock uncertainty
                                  0.000000    0.250000   clock reconvergence pessimism
                                 -2.000000   -1.750000   output external delay
                                             -1.750000   data required time
---------------------------------------------------------------------------------------------
                                             -1.750000   data required time
                                             -2.698269   data arrival time
---------------------------------------------------------------------------------------------
                                              4.448269   slack (MET)


Startpoint: B[2] (input port clocked by __VIRTUAL_CLK__)
Endpoint: result[2] (output port clocked by __VIRTUAL_CLK__)
Path Group: __VIRTUAL_CLK__
Path Type: min

Fanout         Cap        Slew       Delay        Time   Description
---------------------------------------------------------------------------------------------
                      0.000000    0.000000    0.000000   clock __VIRTUAL_CLK__ (rise edge)
                                  0.000000    0.000000   clock network delay (ideal)
                                  2.000000    2.000000 v input external delay
     1    0.003121    0.009366    0.004983    2.004983 v B[2] (in)
                                                         B[2] (net)
                      0.009366    0.000000    2.004983 v input11/A (sky130_fd_sc_hd__buf_1)
     4    0.008990    0.058881    0.100904    2.105887 v input11/X (sky130_fd_sc_hd__buf_1)
                                                         net11 (net)
                      0.058881    0.000198    2.106086 v _188_/B (sky130_fd_sc_hd__nand2_1)
     3    0.011436    0.112384    0.120627    2.226712 ^ _188_/Y (sky130_fd_sc_hd__nand2_1)
                                                         _084_ (net)
                      0.112385    0.000343    2.227055 ^ _198_/A2 (sky130_fd_sc_hd__o21ai_1)
     1    0.004742    0.048120    0.080628    2.307682 v _198_/Y (sky130_fd_sc_hd__o21ai_1)
                                                         _094_ (net)
                      0.048120    0.000137    2.307819 v _201_/B1 (sky130_fd_sc_hd__o22a_1)
     2    0.008034    0.061761    0.204703    2.512522 v _201_/X (sky130_fd_sc_hd__o22a_1)
                                                         net23 (net)
                      0.061761    0.000130    2.512653 v output23/A (sky130_fd_sc_hd__buf_2)
     1    0.034204    0.089351    0.187370    2.700023 v output23/X (sky130_fd_sc_hd__buf_2)
                                                         result[2] (net)
                      0.089356    0.000707    2.700729 v result[2] (out)
                                              2.700729   data arrival time

                      0.000000    0.000000    0.000000   clock __VIRTUAL_CLK__ (rise edge)
                                  0.000000    0.000000   clock network delay (ideal)
                                  0.250000    0.250000   clock uncertainty
                                  0.000000    0.250000   clock reconvergence pessimism
                                 -2.000000   -1.750000   output external delay
                                             -1.750000   data required time
---------------------------------------------------------------------------------------------
                                             -1.750000   data required time
                                             -2.700729   data arrival time
---------------------------------------------------------------------------------------------
                                              4.450729   slack (MET)


Startpoint: B[1] (input port clocked by __VIRTUAL_CLK__)
Endpoint: result[1] (output port clocked by __VIRTUAL_CLK__)
Path Group: __VIRTUAL_CLK__
Path Type: min

Fanout         Cap        Slew       Delay        Time   Description
---------------------------------------------------------------------------------------------
                      0.000000    0.000000    0.000000   clock __VIRTUAL_CLK__ (rise edge)
                                  0.000000    0.000000   clock network delay (ideal)
                                  2.000000    2.000000 ^ input external delay
     1    0.002406    0.018061    0.008938    2.008938 ^ B[1] (in)
                                                         B[1] (net)
                      0.018061    0.000000    2.008938 ^ input10/A (sky130_fd_sc_hd__dlymetal6s2s_1)
     4    0.017944    0.195682    0.185470    2.194408 ^ input10/X (sky130_fd_sc_hd__dlymetal6s2s_1)
                                                         net10 (net)
                      0.195684    0.000473    2.194881 ^ _180_/A2 (sky130_fd_sc_hd__o21a_1)
     1    0.002897    0.042026    0.134248    2.329129 ^ _180_/X (sky130_fd_sc_hd__o21a_1)
                                                         _077_ (net)
                      0.042026    0.000083    2.329212 ^ _186_/A1 (sky130_fd_sc_hd__o32a_1)
     2    0.006239    0.077440    0.167891    2.497104 ^ _186_/X (sky130_fd_sc_hd__o32a_1)
                                                         net22 (net)
                      0.077440    0.000178    2.497281 ^ output22/A (sky130_fd_sc_hd__buf_2)
     1    0.034204    0.170036    0.209843    2.707124 ^ output22/X (sky130_fd_sc_hd__buf_2)
                                                         result[1] (net)
                      0.170036    0.000637    2.707761 ^ result[1] (out)
                                              2.707761   data arrival time

                      0.000000    0.000000    0.000000   clock __VIRTUAL_CLK__ (rise edge)
                                  0.000000    0.000000   clock network delay (ideal)
                                  0.250000    0.250000   clock uncertainty
                                  0.000000    0.250000   clock reconvergence pessimism
                                 -2.000000   -1.750000   output external delay
                                             -1.750000   data required time
---------------------------------------------------------------------------------------------
                                             -1.750000   data required time
                                             -2.707761   data arrival time
---------------------------------------------------------------------------------------------
                                              4.457761   slack (MET)


Startpoint: B[6] (input port clocked by __VIRTUAL_CLK__)
Endpoint: result[6] (output port clocked by __VIRTUAL_CLK__)
Path Group: __VIRTUAL_CLK__
Path Type: min

Fanout         Cap        Slew       Delay        Time   Description
---------------------------------------------------------------------------------------------
                      0.000000    0.000000    0.000000   clock __VIRTUAL_CLK__ (rise edge)
                                  0.000000    0.000000   clock network delay (ideal)
                                  2.000000    2.000000 ^ input external delay
     1    0.003130    0.021156    0.011478    2.011478 ^ B[6] (in)
                                                         B[6] (net)
                      0.021156    0.000000    2.011478 ^ input15/A (sky130_fd_sc_hd__clkbuf_1)
     3    0.006723    0.087726    0.103549    2.115027 ^ input15/X (sky130_fd_sc_hd__clkbuf_1)
                                                         net15 (net)
                      0.087726    0.000140    2.115167 ^ _251_/B (sky130_fd_sc_hd__or2_1)
     2    0.008099    0.085543    0.136708    2.251875 ^ _251_/X (sky130_fd_sc_hd__or2_1)
                                                         _022_ (net)
                      0.085543    0.000184    2.252058 ^ _130_/A2 (sky130_fd_sc_hd__a21o_1)
     1    0.002916    0.035691    0.115787    2.367846 ^ _130_/X (sky130_fd_sc_hd__a21o_1)
                                                         _032_ (net)
                      0.035691    0.000089    2.367934 ^ _136_/B2 (sky130_fd_sc_hd__o2bb2a_1)
     2    0.005974    0.073158    0.145854    2.513789 ^ _136_/X (sky130_fd_sc_hd__o2bb2a_1)
                                                         net27 (net)
                      0.073158    0.000185    2.513974 ^ output27/A (sky130_fd_sc_hd__buf_2)
     1    0.034546    0.171632    0.209304    2.723278 ^ output27/X (sky130_fd_sc_hd__buf_2)
                                                         result[6] (net)
                      0.171633    0.000778    2.724056 ^ result[6] (out)
                                              2.724056   data arrival time

                      0.000000    0.000000    0.000000   clock __VIRTUAL_CLK__ (rise edge)
                                  0.000000    0.000000   clock network delay (ideal)
                                  0.250000    0.250000   clock uncertainty
                                  0.000000    0.250000   clock reconvergence pessimism
                                 -2.000000   -1.750000   output external delay
                                             -1.750000   data required time
---------------------------------------------------------------------------------------------
                                             -1.750000   data required time
                                             -2.724056   data arrival time
---------------------------------------------------------------------------------------------
                                              4.474055   slack (MET)


Startpoint: opcode[1] (input port clocked by __VIRTUAL_CLK__)
Endpoint: result[3] (output port clocked by __VIRTUAL_CLK__)
Path Group: __VIRTUAL_CLK__
Path Type: min

Fanout         Cap        Slew       Delay        Time   Description
---------------------------------------------------------------------------------------------
                      0.000000    0.000000    0.000000   clock __VIRTUAL_CLK__ (rise edge)
                                  0.000000    0.000000   clock network delay (ideal)
                                  2.000000    2.000000 ^ input external delay
     1    0.003946    0.024706    0.014339    2.014339 ^ opcode[1] (in)
                                                         opcode[1] (net)
                      0.024714    0.000000    2.014339 ^ input18/A (sky130_fd_sc_hd__buf_1)
     2    0.012731    0.155687    0.152030    2.166370 ^ input18/X (sky130_fd_sc_hd__buf_1)
                                                         net18 (net)
                      0.155688    0.000361    2.166730 ^ _178_/B (sky130_fd_sc_hd__nor3_4)
     8    0.030297    0.066637    0.094319    2.261049 v _178_/Y (sky130_fd_sc_hd__nor3_4)
                                                         _075_ (net)
                      0.066650    0.000856    2.261905 v _217_/A1 (sky130_fd_sc_hd__a211o_1)
     2    0.006749    0.063178    0.281128    2.543032 v _217_/X (sky130_fd_sc_hd__a211o_1)
                                                         net24 (net)
                      0.063178    0.000131    2.543164 v output24/A (sky130_fd_sc_hd__buf_2)
     1    0.034631    0.090321    0.188714    2.731878 v output24/X (sky130_fd_sc_hd__buf_2)
                                                         result[3] (net)
                      0.090329    0.000832    2.732710 v result[3] (out)
                                              2.732710   data arrival time

                      0.000000    0.000000    0.000000   clock __VIRTUAL_CLK__ (rise edge)
                                  0.000000    0.000000   clock network delay (ideal)
                                  0.250000    0.250000   clock uncertainty
                                  0.000000    0.250000   clock reconvergence pessimism
                                 -2.000000   -1.750000   output external delay
                                             -1.750000   data required time
---------------------------------------------------------------------------------------------
                                             -1.750000   data required time
                                             -2.732710   data arrival time
---------------------------------------------------------------------------------------------
                                              4.482709   slack (MET)


Startpoint: B[6] (input port clocked by __VIRTUAL_CLK__)
Endpoint: zero (output port clocked by __VIRTUAL_CLK__)
Path Group: __VIRTUAL_CLK__
Path Type: min

Fanout         Cap        Slew       Delay        Time   Description
---------------------------------------------------------------------------------------------
                      0.000000    0.000000    0.000000   clock __VIRTUAL_CLK__ (rise edge)
                                  0.000000    0.000000   clock network delay (ideal)
                                  2.000000    2.000000 ^ input external delay
     1    0.003130    0.021156    0.011478    2.011478 ^ B[6] (in)
                                                         B[6] (net)
                      0.021156    0.000000    2.011478 ^ input15/A (sky130_fd_sc_hd__clkbuf_1)
     3    0.006723    0.087726    0.103549    2.115027 ^ input15/X (sky130_fd_sc_hd__clkbuf_1)
                                                         net15 (net)
                      0.087726    0.000140    2.115167 ^ _251_/B (sky130_fd_sc_hd__or2_1)
     2    0.008099    0.085543    0.136708    2.251875 ^ _251_/X (sky130_fd_sc_hd__or2_1)
                                                         _022_ (net)
                      0.085543    0.000184    2.252058 ^ _130_/A2 (sky130_fd_sc_hd__a21o_1)
     1    0.002916    0.035691    0.115787    2.367846 ^ _130_/X (sky130_fd_sc_hd__a21o_1)
                                                         _032_ (net)
                      0.035691    0.000089    2.367934 ^ _136_/B2 (sky130_fd_sc_hd__o2bb2a_1)
     2    0.005974    0.073158    0.145854    2.513789 ^ _136_/X (sky130_fd_sc_hd__o2bb2a_1)
                                                         net27 (net)
                      0.073158    0.000154    2.513943 ^ _153_/B (sky130_fd_sc_hd__nor4_1)
     1    0.002576    0.023783    0.053090    2.567032 v _153_/Y (sky130_fd_sc_hd__nor4_1)
                                                         net29 (net)
                      0.023784    0.000074    2.567106 v output29/A (sky130_fd_sc_hd__buf_2)
     1    0.034465    0.090136    0.171246    2.738353 v output29/X (sky130_fd_sc_hd__buf_2)
                                                         zero (net)
                      0.090142    0.000762    2.739115 v zero (out)
                                              2.739115   data arrival time

                      0.000000    0.000000    0.000000   clock __VIRTUAL_CLK__ (rise edge)
                                  0.000000    0.000000   clock network delay (ideal)
                                  0.250000    0.250000   clock uncertainty
                                  0.000000    0.250000   clock reconvergence pessimism
                                 -2.000000   -1.750000   output external delay
                                             -1.750000   data required time
---------------------------------------------------------------------------------------------
                                             -1.750000   data required time
                                             -2.739115   data arrival time
---------------------------------------------------------------------------------------------
                                              4.489115   slack (MET)


Startpoint: opcode[1] (input port clocked by __VIRTUAL_CLK__)
Endpoint: result[7] (output port clocked by __VIRTUAL_CLK__)
Path Group: __VIRTUAL_CLK__
Path Type: min

Fanout         Cap        Slew       Delay        Time   Description
---------------------------------------------------------------------------------------------
                      0.000000    0.000000    0.000000   clock __VIRTUAL_CLK__ (rise edge)
                                  0.000000    0.000000   clock network delay (ideal)
                                  2.000000    2.000000 ^ input external delay
     1    0.003946    0.024706    0.014339    2.014339 ^ opcode[1] (in)
                                                         opcode[1] (net)
                      0.024714    0.000000    2.014339 ^ input18/A (sky130_fd_sc_hd__buf_1)
     2    0.012731    0.155687    0.152030    2.166370 ^ input18/X (sky130_fd_sc_hd__buf_1)
                                                         net18 (net)
                      0.155688    0.000361    2.166730 ^ _178_/B (sky130_fd_sc_hd__nor3_4)
     8    0.030297    0.066637    0.094319    2.261049 v _178_/Y (sky130_fd_sc_hd__nor3_4)
                                                         _075_ (net)
                      0.066653    0.000928    2.261977 v _150_/A1_N (sky130_fd_sc_hd__o2bb2a_1)
     2    0.009025    0.100146    0.286572    2.548549 ^ _150_/X (sky130_fd_sc_hd__o2bb2a_1)
                                                         net28 (net)
                      0.100146    0.000147    2.548696 ^ output28/A (sky130_fd_sc_hd__buf_2)
     1    0.034195    0.170130    0.218163    2.766859 ^ output28/X (sky130_fd_sc_hd__buf_2)
                                                         result[7] (net)
                      0.170130    0.000660    2.767519 ^ result[7] (out)
                                              2.767519   data arrival time

                      0.000000    0.000000    0.000000   clock __VIRTUAL_CLK__ (rise edge)
                                  0.000000    0.000000   clock network delay (ideal)
                                  0.250000    0.250000   clock uncertainty
                                  0.000000    0.250000   clock reconvergence pessimism
                                 -2.000000   -1.750000   output external delay
                                             -1.750000   data required time
---------------------------------------------------------------------------------------------
                                             -1.750000   data required time
                                             -2.767519   data arrival time
---------------------------------------------------------------------------------------------
                                              4.517519   slack (MET)



