
===========================================================================
report_checks -unconstrained
===========================================================================
======================= min_ff_n40C_1v95 Corner ===================================

Startpoint: A[0] (input port clocked by __VIRTUAL_CLK__)
Endpoint: zero (output port clocked by __VIRTUAL_CLK__)
Path Group: __VIRTUAL_CLK__
Path Type: max

Fanout         Cap        Slew       Delay        Time   Description
---------------------------------------------------------------------------------------------
                      0.000000    0.000000    0.000000   clock __VIRTUAL_CLK__ (rise edge)
                                  0.000000    0.000000   clock network delay (ideal)
                                  2.000000    2.000000 v input external delay
     1    0.002420    0.004175    0.001925    2.001925 v A[0] (in)
                                                         A[0] (net)
                      0.004175    0.000000    2.001925 v input1/A (sky130_fd_sc_hd__dlymetal6s2s_1)
     6    0.017422    0.068814    0.115183    2.117108 v input1/X (sky130_fd_sc_hd__dlymetal6s2s_1)
                                                         net1 (net)
                      0.068814    0.000213    2.117321 v _173_/A_N (sky130_fd_sc_hd__nand2b_1)
     3    0.010989    0.064164    0.128837    2.246158 v _173_/Y (sky130_fd_sc_hd__nand2b_1)
                                                         _070_ (net)
                      0.064187    0.000247    2.246405 v _193_/A2 (sky130_fd_sc_hd__a21o_1)
     4    0.012152    0.050183    0.151379    2.397784 v _193_/X (sky130_fd_sc_hd__a21o_1)
                                                         _089_ (net)
                      0.050183    0.000189    2.397973 v _226_/A2 (sky130_fd_sc_hd__a311o_1)
     3    0.012108    0.070208    0.232715    2.630688 v _226_/X (sky130_fd_sc_hd__a311o_1)
                                                         _120_ (net)
                      0.070209    0.000365    2.631054 v _125_/A2 (sky130_fd_sc_hd__a311o_1)
     2    0.008658    0.060674    0.227729    2.858782 v _125_/X (sky130_fd_sc_hd__a311o_1)
                                                         _027_ (net)
                      0.060674    0.000160    2.858943 v _127_/B (sky130_fd_sc_hd__and2_1)
     3    0.009793    0.045131    0.129321    2.988264 v _127_/X (sky130_fd_sc_hd__and2_1)
                                                         _029_ (net)
                      0.045131    0.000113    2.988377 v _144_/A (sky130_fd_sc_hd__or3_1)
     1    0.002016    0.039017    0.206564    3.194940 v _144_/X (sky130_fd_sc_hd__or3_1)
                                                         _045_ (net)
                      0.039017    0.000018    3.194958 v _145_/C (sky130_fd_sc_hd__and3_1)
     1    0.001630    0.023799    0.107576    3.302535 v _145_/X (sky130_fd_sc_hd__and3_1)
                                                         _046_ (net)
                      0.023799    0.000006    3.302541 v _150_/B1 (sky130_fd_sc_hd__o2bb2a_1)
     2    0.008103    0.055825    0.191028    3.493569 v _150_/X (sky130_fd_sc_hd__o2bb2a_1)
                                                         net28 (net)
                      0.055825    0.000117    3.493686 v _153_/C (sky130_fd_sc_hd__nor4_1)
     1    0.002695    0.146861    0.145483    3.639169 ^ _153_/Y (sky130_fd_sc_hd__nor4_1)
                                                         net29 (net)
                      0.146861    0.000027    3.639196 ^ output29/A (sky130_fd_sc_hd__buf_2)
     1    0.034383    0.128616    0.162840    3.802036 ^ output29/X (sky130_fd_sc_hd__buf_2)
                                                         zero (net)
                      0.128616    0.000369    3.802404 ^ zero (out)
                                              3.802404   data arrival time

                      0.000000   10.000000   10.000000   clock __VIRTUAL_CLK__ (rise edge)
                                  0.000000   10.000000   clock network delay (ideal)
                                 -0.250000    9.750000   clock uncertainty
                                  0.000000    9.750000   clock reconvergence pessimism
                                 -2.000000    7.750000   output external delay
                                              7.750000   data required time
---------------------------------------------------------------------------------------------
                                              7.750000   data required time
                                             -3.802404   data arrival time
---------------------------------------------------------------------------------------------
                                              3.947596   slack (MET)




===========================================================================
report_checks --slack_max -0.01
============================================================================
======================= min_ff_n40C_1v95 Corner ===================================

No paths found.


===========================================================================
 report_check_types -max_slew -max_cap -max_fanout -violators
============================================================================
======================= min_ff_n40C_1v95 Corner ===================================



===========================================================================
report_parasitic_annotation -report_unannotated
============================================================================
Found 0 unannotated drivers.
Found 0 partially unannotated drivers.

===========================================================================
max slew violation count 0
max fanout violation count 0
max cap violation count 0
============================================================================

===========================================================================
check_setup -verbose -unconstrained_endpoints -multiple_clock -no_clock -no_input_delay -loops -generated_clocks
===========================================================================
