
===========================================================================
 report_power
============================================================================
======================= min_ff_n40C_1v95 Corner ===================================

Group                    Internal    Switching      Leakage        Total
                            Power        Power        Power        Power (Watts)
------------------------------------------------------------------------
Sequential           0.000000e+00 0.000000e+00 0.000000e+00 0.000000e+00   0.0%
Combinational        3.070783e-05 4.944939e-05 9.784106e-10 8.015819e-05 100.0%
Clock                0.000000e+00 0.000000e+00 3.916580e-10 3.916580e-10   0.0%
Macro                0.000000e+00 0.000000e+00 0.000000e+00 0.000000e+00   0.0%
Pad                  0.000000e+00 0.000000e+00 0.000000e+00 0.000000e+00   0.0%
------------------------------------------------------------------------
Total                3.070783e-05 4.944939e-05 1.370069e-09 8.015858e-05 100.0%
                            38.3%        61.7%         0.0%

