Reading OpenROAD database at '/home/piyush/asic_projects/alu_8bit/openlane/runs/RUN_2026-08-20_15-45-02/24-openroad-ioplacement/alu_8bit.odb'…
Reading library file at '/home/piyush/.volare/volare/sky130/versions/0fe599b2afb6708d281543108caf8310912f54af/sky130A/libs.ref/sky130_fd_sc_hd/lib/sky130_fd_sc_hd__tt_025C_1v80.lib'…
Reading design constraints file at '/nix/store/ss2cw3sxbrwwx9jl0rrppbw4kgcmgi2n-python3-3.11.9-env/lib/python3.11/site-packages/openlane/scripts/base.sdc'…
[WARNING STA-0366] port '__VIRTUAL_CLK__' not found.
[INFO] Using clock __VIRTUAL_CLK__…
[INFO] Setting output delay to: 2
[INFO] Setting input delay to: 2
[WARNING STA-0366] port '__VIRTUAL_CLK__' not found.
[INFO] Setting load to: 0.033442
[INFO] Setting clock uncertainty to: 0.25
[INFO] Setting clock transition to: 0.1499999999999999944488848768742172978818416595458984375
[WARNING STA-0419] transition time can not be specified for virtual clocks.
[INFO] Setting timing derate to: 5%
[WARNING STA-0450] virtual clock __VIRTUAL_CLK__ can not be propagated.
[INFO] Setting RC values…
[INFO] Setting signal min routing layer to: met1 and clock min routing layer to met1. 
[INFO] Setting signal max routing layer to: met5 and clock max routing layer to met5. 
+ global_placement -density 0.6443949999999999 -timing_driven -routability_driven -pad_right 0 -pad_left 0 -init_wirelength_coef 0.25
[INFO GPL-0002] DBU: 1000
[INFO GPL-0003] SiteSize: (  0.460  2.720 ) um
[INFO GPL-0004] CoreBBox: (  5.520 10.880 ) ( 54.280 57.120 ) um
[INFO GPL-0006] NumInstances:               193
[INFO GPL-0007] NumPlaceInstances:          131
[INFO GPL-0008] NumFixedInstances:           62
[INFO GPL-0009] NumDummyInstances:            0
[INFO GPL-0010] NumNets:                    150
[INFO GPL-0011] NumPins:                    548
[INFO GPL-0012] DieBBox:  (  0.000  0.000 ) ( 59.875 70.595 ) um
[INFO GPL-0013] CoreBBox: (  5.520 10.880 ) ( 54.280 57.120 ) um
[INFO GPL-0016] CoreArea:              2254.662 um^2
[INFO GPL-0017] NonPlaceInstsArea:      162.656 um^2
[INFO GPL-0018] PlaceInstsArea:        1192.394 um^2
[INFO GPL-0019] Util:                    56.998 %
[INFO GPL-0020] StdInstsArea:          1192.394 um^2
[INFO GPL-0021] MacroInstsArea:           0.000 um^2
[InitialPlace]  Iter: 1 CG residual: 0.00000008 HPWL: 3265101
[InitialPlace]  Iter: 2 CG residual: 0.00000009 HPWL: 2179185
[InitialPlace]  Iter: 3 CG residual: 0.00000007 HPWL: 2176911
[InitialPlace]  Iter: 4 CG residual: 0.00000011 HPWL: 2185509
[InitialPlace]  Iter: 5 CG residual: 0.00000011 HPWL: 2181180
[INFO GPL-0031] FillerInit:NumGCells:       148
[INFO GPL-0032] FillerInit:NumGNets:        150
[INFO GPL-0033] FillerInit:NumGPins:        548
[INFO GPL-0023] TargetDensity:            0.644
[INFO GPL-0024] AvrgPlaceInstArea:        9.102 um^2
[INFO GPL-0025] IdealBinArea:            14.125 um^2
[INFO GPL-0026] IdealBinCnt:                159
[INFO GPL-0027] TotalBinArea:          2254.662 um^2
[INFO GPL-0028] BinCnt:         8      8
[INFO GPL-0029] BinSize: (  6.095  5.780 )
[INFO GPL-0030] NumBins: 64
[NesterovSolve] Iter:    1 overflow: 0.805 HPWL: 1470539
[INFO GPL-0100] Timing-driven: executing resizer for reweighting nets.
[INFO GPL-0101] Timing-driven: worst slack 3.18e-09
[INFO GPL-0103] Timing-driven: weighted 12 nets.
[NesterovSolve] Iter:   10 overflow: 0.656 HPWL: 1609918
[NesterovSolve] Iter:   20 overflow: 0.654 HPWL: 1613412
[NesterovSolve] Iter:   30 overflow: 0.660 HPWL: 1609674
[NesterovSolve] Iter:   40 overflow: 0.657 HPWL: 1612016
[NesterovSolve] Iter:   50 overflow: 0.658 HPWL: 1610773
[NesterovSolve] Iter:   60 overflow: 0.657 HPWL: 1611372
[NesterovSolve] Iter:   70 overflow: 0.657 HPWL: 1611343
[NesterovSolve] Iter:   80 overflow: 0.657 HPWL: 1611634
[NesterovSolve] Iter:   90 overflow: 0.657 HPWL: 1612008
[NesterovSolve] Iter:  100 overflow: 0.656 HPWL: 1612558
[NesterovSolve] Iter:  110 overflow: 0.656 HPWL: 1613577
[NesterovSolve] Iter:  120 overflow: 0.655 HPWL: 1615170
[NesterovSolve] Iter:  130 overflow: 0.653 HPWL: 1617713
[NesterovSolve] Iter:  140 overflow: 0.650 HPWL: 1621442
[NesterovSolve] Iter:  150 overflow: 0.645 HPWL: 1627650
[NesterovSolve] Iter:  160 overflow: 0.639 HPWL: 1637208
[INFO GPL-0100] Timing-driven: executing resizer for reweighting nets.
[INFO GPL-0101] Timing-driven: worst slack 3.17e-09
[INFO GPL-0103] Timing-driven: weighted 13 nets.
[NesterovSolve] Iter:  170 overflow: 0.627 HPWL: 1651652
[NesterovSolve] Iter:  180 overflow: 0.611 HPWL: 1669338
[NesterovSolve] Snapshot saved at iter = 185
[NesterovSolve] Iter:  190 overflow: 0.585 HPWL: 1692390
[NesterovSolve] Iter:  200 overflow: 0.558 HPWL: 1717098
[NesterovSolve] Iter:  210 overflow: 0.529 HPWL: 1749358
[NesterovSolve] Iter:  220 overflow: 0.498 HPWL: 1786531
[INFO GPL-0100] Timing-driven: executing resizer for reweighting nets.
[INFO GPL-0101] Timing-driven: worst slack 3.19e-09
[INFO GPL-0103] Timing-driven: weighted 14 nets.
[NesterovSolve] Iter:  230 overflow: 0.471 HPWL: 1843743
[NesterovSolve] Iter:  240 overflow: 0.425 HPWL: 1872837
[NesterovSolve] Iter:  250 overflow: 0.385 HPWL: 1915672
[NesterovSolve] Iter:  260 overflow: 0.346 HPWL: 1953277
[NesterovSolve] Iter:  270 overflow: 0.316 HPWL: 1988030
[INFO GPL-0075] Routability numCall: 1 inflationIterCnt: 1 bloatIterCnt: 0
[INFO GPL-0036] TileBBox: (    0    0 ) ( 6900 6900 ) DBU
[INFO GPL-0038] TileCnt:       8   10
[INFO GPL-0040] NumTiles: 80
[INFO GPL-0081] TotalRouteOverflow: 0
[INFO GPL-0082] OverflowTileCnt: 0
[INFO GPL-0083] 0.5%RC: 0.9245479106903076
[INFO GPL-0084] 1.0%RC: 0.9245479106903076
[INFO GPL-0085] 2.0%RC: 0.8839405477046967
[INFO GPL-0086] 5.0%RC: 0.8504612892866135
[INFO GPL-0087] FinalRC: 0.9245479
[INFO GPL-0077] FinalRC lower than targetRC(1.01), routability not needed.
[NesterovSolve] Iter:  280 overflow: 0.284 HPWL: 2022512
[INFO GPL-0100] Timing-driven: executing resizer for reweighting nets.
[INFO GPL-0101] Timing-driven: worst slack 3.15e-09
[INFO GPL-0103] Timing-driven: weighted 14 nets.
[NesterovSolve] Iter:  290 overflow: 0.246 HPWL: 2079772
[NesterovSolve] Iter:  300 overflow: 0.212 HPWL: 2104485
[INFO GPL-0100] Timing-driven: executing resizer for reweighting nets.
[INFO GPL-0101] Timing-driven: worst slack 3.16e-09
[INFO GPL-0103] Timing-driven: weighted 14 nets.
[NesterovSolve] Iter:  310 overflow: 0.184 HPWL: 2129243
[NesterovSolve] Iter:  320 overflow: 0.152 HPWL: 2168960
[INFO GPL-0100] Timing-driven: executing resizer for reweighting nets.
[INFO GPL-0101] Timing-driven: worst slack 3.16e-09
[INFO GPL-0103] Timing-driven: weighted 13 nets.
[NesterovSolve] Iter:  330 overflow: 0.118 HPWL: 2204698
[NesterovSolve] Iter:  340 overflow: 0.098 HPWL: 2221703
[NesterovSolve] Finished with Overflow: 0.097662
[INFO] Setting RC values…
Setting global connections for newly added cells…
[INFO] Setting global connections...
Updating metrics…
Cell type report:                       Count       Area
  Fill cell                                34     127.62
  Tap cell                                 28      35.03
  Inverter                                  3      11.26
  Multi-Input combinational cell          128    1181.13
  Total                                   193    1355.05
Writing OpenROAD database to '/home/piyush/asic_projects/alu_8bit/openlane/runs/RUN_2026-08-20_15-45-02/27-openroad-globalplacement/alu_8bit.odb'…
Writing netlist to '/home/piyush/asic_projects/alu_8bit/openlane/runs/RUN_2026-08-20_15-45-02/27-openroad-globalplacement/alu_8bit.nl.v'…
Writing powered netlist to '/home/piyush/asic_projects/alu_8bit/openlane/runs/RUN_2026-08-20_15-45-02/27-openroad-globalplacement/alu_8bit.pnl.v'…
Writing layout to '/home/piyush/asic_projects/alu_8bit/openlane/runs/RUN_2026-08-20_15-45-02/27-openroad-globalplacement/alu_8bit.def'…
Writing timing constraints to '/home/piyush/asic_projects/alu_8bit/openlane/runs/RUN_2026-08-20_15-45-02/27-openroad-globalplacement/alu_8bit.sdc'…
