
===========================================================================
report_checks -path_delay min (Hold)
============================================================================
======================= nom_ss_100C_1v60 Corner ===================================

Startpoint: A[0] (input port clocked by __VIRTUAL_CLK__)
Endpoint: result[0] (output port clocked by __VIRTUAL_CLK__)
Path Group: __VIRTUAL_CLK__
Path Type: min

Fanout         Cap        Slew       Delay        Time   Description
---------------------------------------------------------------------------------------------
                      0.000000    0.000000    0.000000   clock __VIRTUAL_CLK__ (rise edge)
                                  0.000000    0.000000   clock network delay (ideal)
                                  2.000000    2.000000 v input external delay
     6    0.017879    0.080502    0.055071    2.055071 v A[0] (in)
                                                         A[0] (net)
                      0.080502    0.000000    2.055071 v _168_/B2 (sky130_fd_sc_hd__o22ai_2)
     1    0.002524    0.125268    0.132126    2.187197 ^ _168_/Y (sky130_fd_sc_hd__o22ai_2)
                                                         _066_ (net)
                      0.125268    0.000000    2.187197 ^ _170_/B1 (sky130_fd_sc_hd__a211o_2)
     2    0.034872    0.268758    0.361659    2.548856 ^ _170_/X (sky130_fd_sc_hd__a211o_2)
                                                         result[0] (net)
                      0.268758    0.000000    2.548856 ^ result[0] (out)
                                              2.548856   data arrival time

                      0.000000    0.000000    0.000000   clock __VIRTUAL_CLK__ (rise edge)
                                  0.000000    0.000000   clock network delay (ideal)
                                  0.250000    0.250000   clock uncertainty
                                  0.000000    0.250000   clock reconvergence pessimism
                                 -2.000000   -1.750000   output external delay
                                             -1.750000   data required time
---------------------------------------------------------------------------------------------
                                             -1.750000   data required time
                                             -2.548856   data arrival time
---------------------------------------------------------------------------------------------
                                              4.298856   slack (MET)


Startpoint: A[7] (input port clocked by __VIRTUAL_CLK__)
Endpoint: carry (output port clocked by __VIRTUAL_CLK__)
Path Group: __VIRTUAL_CLK__
Path Type: min

Fanout         Cap        Slew       Delay        Time   Description
---------------------------------------------------------------------------------------------
                      0.000000    0.000000    0.000000   clock __VIRTUAL_CLK__ (rise edge)
                                  0.000000    0.000000   clock network delay (ideal)
                                  2.000000    2.000000 v input external delay
     5    0.013807    0.063911    0.042777    2.042777 v A[7] (in)
                                                         A[7] (net)
                      0.063911    0.000000    2.042777 v _154_/B (sky130_fd_sc_hd__nand2b_2)
     1    0.002421    0.054337    0.085149    2.127926 ^ _154_/Y (sky130_fd_sc_hd__nand2b_2)
                                                         _053_ (net)
                      0.054337    0.000000    2.127926 ^ _156_/A3 (sky130_fd_sc_hd__a32o_2)
     1    0.033442    0.318098    0.565519    2.693445 ^ _156_/X (sky130_fd_sc_hd__a32o_2)
                                                         carry (net)
                      0.318098    0.000000    2.693445 ^ carry (out)
                                              2.693445   data arrival time

                      0.000000    0.000000    0.000000   clock __VIRTUAL_CLK__ (rise edge)
                                  0.000000    0.000000   clock network delay (ideal)
                                  0.250000    0.250000   clock uncertainty
                                  0.000000    0.250000   clock reconvergence pessimism
                                 -2.000000   -1.750000   output external delay
                                             -1.750000   data required time
---------------------------------------------------------------------------------------------
                                             -1.750000   data required time
                                             -2.693445   data arrival time
---------------------------------------------------------------------------------------------
                                              4.443445   slack (MET)


Startpoint: B[2] (input port clocked by __VIRTUAL_CLK__)
Endpoint: result[2] (output port clocked by __VIRTUAL_CLK__)
Path Group: __VIRTUAL_CLK__
Path Type: min

Fanout         Cap        Slew       Delay        Time   Description
---------------------------------------------------------------------------------------------
                      0.000000    0.000000    0.000000   clock __VIRTUAL_CLK__ (rise edge)
                                  0.000000    0.000000   clock network delay (ideal)
                                  2.000000    2.000000 v input external delay
     4    0.009033    0.044461    0.028364    2.028364 v B[2] (in)
                                                         B[2] (net)
                      0.044461    0.000000    2.028364 v _188_/B (sky130_fd_sc_hd__nand2_2)
     3    0.010610    0.106354    0.124920    2.153284 ^ _188_/Y (sky130_fd_sc_hd__nand2_2)
                                                         _084_ (net)
                      0.106354    0.000000    2.153284 ^ _198_/A2 (sky130_fd_sc_hd__o21ai_2)
     1    0.002347    0.044437    0.101440    2.254724 v _198_/Y (sky130_fd_sc_hd__o21ai_2)
                                                         _094_ (net)
                      0.044437    0.000000    2.254724 v _201_/B1 (sky130_fd_sc_hd__o22a_2)
     2    0.034808    0.219169    0.545567    2.800291 v _201_/X (sky130_fd_sc_hd__o22a_2)
                                                         result[2] (net)
                      0.219169    0.000000    2.800291 v result[2] (out)
                                              2.800291   data arrival time

                      0.000000    0.000000    0.000000   clock __VIRTUAL_CLK__ (rise edge)
                                  0.000000    0.000000   clock network delay (ideal)
                                  0.250000    0.250000   clock uncertainty
                                  0.000000    0.250000   clock reconvergence pessimism
                                 -2.000000   -1.750000   output external delay
                                             -1.750000   data required time
---------------------------------------------------------------------------------------------
                                             -1.750000   data required time
                                             -2.800291   data arrival time
---------------------------------------------------------------------------------------------
                                              4.550291   slack (MET)


Startpoint: B[1] (input port clocked by __VIRTUAL_CLK__)
Endpoint: result[1] (output port clocked by __VIRTUAL_CLK__)
Path Group: __VIRTUAL_CLK__
Path Type: min

Fanout         Cap        Slew       Delay        Time   Description
---------------------------------------------------------------------------------------------
                      0.000000    0.000000    0.000000   clock __VIRTUAL_CLK__ (rise edge)
                                  0.000000    0.000000   clock network delay (ideal)
                                  2.000000    2.000000 ^ input external delay
     4    0.017181    0.132856    0.087948    2.087948 ^ B[1] (in)
                                                         B[1] (net)
                      0.132856    0.000000    2.087948 ^ _180_/A2 (sky130_fd_sc_hd__o21a_2)
     1    0.002470    0.052989    0.237975    2.325923 ^ _180_/X (sky130_fd_sc_hd__o21a_2)
                                                         _077_ (net)
                      0.052989    0.000000    2.325923 ^ _186_/A1 (sky130_fd_sc_hd__o32a_2)
     2    0.035176    0.306637    0.490382    2.816305 ^ _186_/X (sky130_fd_sc_hd__o32a_2)
                                                         result[1] (net)
                      0.306637    0.000000    2.816305 ^ result[1] (out)
                                              2.816305   data arrival time

                      0.000000    0.000000    0.000000   clock __VIRTUAL_CLK__ (rise edge)
                                  0.000000    0.000000   clock network delay (ideal)
                                  0.250000    0.250000   clock uncertainty
                                  0.000000    0.250000   clock reconvergence pessimism
                                 -2.000000   -1.750000   output external delay
                                             -1.750000   data required time
---------------------------------------------------------------------------------------------
                                             -1.750000   data required time
                                             -2.816305   data arrival time
---------------------------------------------------------------------------------------------
                                              4.566306   slack (MET)


Startpoint: A[3] (input port clocked by __VIRTUAL_CLK__)
Endpoint: result[4] (output port clocked by __VIRTUAL_CLK__)
Path Group: __VIRTUAL_CLK__
Path Type: min

Fanout         Cap        Slew       Delay        Time   Description
---------------------------------------------------------------------------------------------
                      0.000000    0.000000    0.000000   clock __VIRTUAL_CLK__ (rise edge)
                                  0.000000    0.000000   clock network delay (ideal)
                                  2.000000    2.000000 ^ input external delay
     8    0.028057    0.208854    0.141708    2.141708 ^ A[3] (in)
                                                         A[3] (net)
                      0.208854    0.000000    2.141708 ^ _233_/A1 (sky130_fd_sc_hd__a211o_2)
     1    0.002495    0.045240    0.289598    2.431306 ^ _233_/X (sky130_fd_sc_hd__a211o_2)
                                                         _006_ (net)
                      0.045240    0.000000    2.431306 ^ _234_/A3 (sky130_fd_sc_hd__o31a_2)
     2    0.034930    0.317973    0.424909    2.856215 ^ _234_/X (sky130_fd_sc_hd__o31a_2)
                                                         result[4] (net)
                      0.317973    0.000000    2.856215 ^ result[4] (out)
                                              2.856215   data arrival time

                      0.000000    0.000000    0.000000   clock __VIRTUAL_CLK__ (rise edge)
                                  0.000000    0.000000   clock network delay (ideal)
                                  0.250000    0.250000   clock uncertainty
                                  0.000000    0.250000   clock reconvergence pessimism
                                 -2.000000   -1.750000   output external delay
                                             -1.750000   data required time
---------------------------------------------------------------------------------------------
                                             -1.750000   data required time
                                             -2.856215   data arrival time
---------------------------------------------------------------------------------------------
                                              4.606214   slack (MET)


Startpoint: B[6] (input port clocked by __VIRTUAL_CLK__)
Endpoint: result[6] (output port clocked by __VIRTUAL_CLK__)
Path Group: __VIRTUAL_CLK__
Path Type: min

Fanout         Cap        Slew       Delay        Time   Description
---------------------------------------------------------------------------------------------
                      0.000000    0.000000    0.000000   clock __VIRTUAL_CLK__ (rise edge)
                                  0.000000    0.000000   clock network delay (ideal)
                                  2.000000    2.000000 ^ input external delay
     3    0.007552    0.066570    0.040195    2.040195 ^ B[6] (in)
                                                         B[6] (net)
                      0.066570    0.000000    2.040195 ^ _251_/B (sky130_fd_sc_hd__or2_2)
     2    0.006978    0.080742    0.197658    2.237854 ^ _251_/X (sky130_fd_sc_hd__or2_2)
                                                         _022_ (net)
                      0.080742    0.000000    2.237854 ^ _130_/A2 (sky130_fd_sc_hd__a21o_2)
     1    0.001956    0.040269    0.228245    2.466098 ^ _130_/X (sky130_fd_sc_hd__a21o_2)
                                                         _032_ (net)
                      0.040269    0.000000    2.466098 ^ _136_/B2 (sky130_fd_sc_hd__o2bb2a_2)
     2    0.038023    0.335092    0.505769    2.971868 ^ _136_/X (sky130_fd_sc_hd__o2bb2a_2)
                                                         result[6] (net)
                      0.335092    0.000000    2.971868 ^ result[6] (out)
                                              2.971868   data arrival time

                      0.000000    0.000000    0.000000   clock __VIRTUAL_CLK__ (rise edge)
                                  0.000000    0.000000   clock network delay (ideal)
                                  0.250000    0.250000   clock uncertainty
                                  0.000000    0.250000   clock reconvergence pessimism
                                 -2.000000   -1.750000   output external delay
                                             -1.750000   data required time
---------------------------------------------------------------------------------------------
                                             -1.750000   data required time
                                             -2.971868   data arrival time
---------------------------------------------------------------------------------------------
                                              4.721868   slack (MET)


Startpoint: A[2] (input port clocked by __VIRTUAL_CLK__)
Endpoint: result[3] (output port clocked by __VIRTUAL_CLK__)
Path Group: __VIRTUAL_CLK__
Path Type: min

Fanout         Cap        Slew       Delay        Time   Description
---------------------------------------------------------------------------------------------
                      0.000000    0.000000    0.000000   clock __VIRTUAL_CLK__ (rise edge)
                                  0.000000    0.000000   clock network delay (ideal)
                                  2.000000    2.000000 ^ input external delay
     7    0.018771    0.143801    0.095833    2.095833 ^ A[2] (in)
                                                         A[2] (net)
                      0.143801    0.000000    2.095833 ^ _210_/A1_N (sky130_fd_sc_hd__o2bb2a_2)
     1    0.004376    0.069178    0.456160    2.551993 v _210_/X (sky130_fd_sc_hd__o2bb2a_2)
                                                         _105_ (net)
                      0.069178    0.000000    2.551993 v _212_/B (sky130_fd_sc_hd__nand3_2)
     1    0.002524    0.050460    0.097767    2.649760 ^ _212_/Y (sky130_fd_sc_hd__nand3_2)
                                                         _107_ (net)
                      0.050460    0.000000    2.649760 ^ _217_/B1 (sky130_fd_sc_hd__a211o_2)
     2    0.034807    0.268472    0.326679    2.976439 ^ _217_/X (sky130_fd_sc_hd__a211o_2)
                                                         result[3] (net)
                      0.268472    0.000000    2.976439 ^ result[3] (out)
                                              2.976439   data arrival time

                      0.000000    0.000000    0.000000   clock __VIRTUAL_CLK__ (rise edge)
                                  0.000000    0.000000   clock network delay (ideal)
                                  0.250000    0.250000   clock uncertainty
                                  0.000000    0.250000   clock reconvergence pessimism
                                 -2.000000   -1.750000   output external delay
                                             -1.750000   data required time
---------------------------------------------------------------------------------------------
                                             -1.750000   data required time
                                             -2.976439   data arrival time
---------------------------------------------------------------------------------------------
                                              4.726439   slack (MET)


Startpoint: B[7] (input port clocked by __VIRTUAL_CLK__)
Endpoint: result[7] (output port clocked by __VIRTUAL_CLK__)
Path Group: __VIRTUAL_CLK__
Path Type: min

Fanout         Cap        Slew       Delay        Time   Description
---------------------------------------------------------------------------------------------
                      0.000000    0.000000    0.000000   clock __VIRTUAL_CLK__ (rise edge)
                                  0.000000    0.000000   clock network delay (ideal)
                                  2.000000    2.000000 ^ input external delay
     3    0.007293    0.064787    0.038911    2.038911 ^ B[7] (in)
                                                         B[7] (net)
                      0.064787    0.000000    2.038911 ^ _138_/B (sky130_fd_sc_hd__nand2_2)
     3    0.009656    0.101900    0.129637    2.168548 v _138_/Y (sky130_fd_sc_hd__nand2_2)
                                                         _039_ (net)
                      0.101900    0.000000    2.168548 v _146_/B (sky130_fd_sc_hd__nor2_2)
     1    0.001734    0.087082    0.117364    2.285913 ^ _146_/Y (sky130_fd_sc_hd__nor2_2)
                                                         _047_ (net)
                      0.087082    0.000000    2.285913 ^ _149_/B (sky130_fd_sc_hd__or4_2)
     1    0.001956    0.044407    0.187886    2.473798 ^ _149_/X (sky130_fd_sc_hd__or4_2)
                                                         _050_ (net)
                      0.044407    0.000000    2.473798 ^ _150_/B2 (sky130_fd_sc_hd__o2bb2a_2)
     2    0.038051    0.335308    0.507800    2.981598 ^ _150_/X (sky130_fd_sc_hd__o2bb2a_2)
                                                         result[7] (net)
                      0.335308    0.000000    2.981598 ^ result[7] (out)
                                              2.981598   data arrival time

                      0.000000    0.000000    0.000000   clock __VIRTUAL_CLK__ (rise edge)
                                  0.000000    0.000000   clock network delay (ideal)
                                  0.250000    0.250000   clock uncertainty
                                  0.000000    0.250000   clock reconvergence pessimism
                                 -2.000000   -1.750000   output external delay
                                             -1.750000   data required time
---------------------------------------------------------------------------------------------
                                             -1.750000   data required time
                                             -2.981598   data arrival time
---------------------------------------------------------------------------------------------
                                              4.731597   slack (MET)


Startpoint: B[4] (input port clocked by __VIRTUAL_CLK__)
Endpoint: result[5] (output port clocked by __VIRTUAL_CLK__)
Path Group: __VIRTUAL_CLK__
Path Type: min

Fanout         Cap        Slew       Delay        Time   Description
---------------------------------------------------------------------------------------------
                      0.000000    0.000000    0.000000   clock __VIRTUAL_CLK__ (rise edge)
                                  0.000000    0.000000   clock network delay (ideal)
                                  2.000000    2.000000 ^ input external delay
     4    0.009880    0.082596    0.051740    2.051740 ^ B[4] (in)
                                                         B[4] (net)
                      0.082596    0.000000    2.051740 ^ _219_/B (sky130_fd_sc_hd__nand2_2)
     5    0.017331    0.162407    0.182995    2.234735 v _219_/Y (sky130_fd_sc_hd__nand2_2)
                                                         _113_ (net)
                      0.162407    0.000000    2.234735 v _240_/A1 (sky130_fd_sc_hd__a21oi_2)
     1    0.004593    0.146898    0.243500    2.478236 ^ _240_/Y (sky130_fd_sc_hd__a21oi_2)
                                                         _012_ (net)
                      0.146898    0.000000    2.478236 ^ _250_/A1 (sky130_fd_sc_hd__o211ai_2)
     2    0.037652    0.506748    0.530056    3.008291 v _250_/Y (sky130_fd_sc_hd__o211ai_2)
                                                         result[5] (net)
                      0.506748    0.000000    3.008291 v result[5] (out)
                                              3.008291   data arrival time

                      0.000000    0.000000    0.000000   clock __VIRTUAL_CLK__ (rise edge)
                                  0.000000    0.000000   clock network delay (ideal)
                                  0.250000    0.250000   clock uncertainty
                                  0.000000    0.250000   clock reconvergence pessimism
                                 -2.000000   -1.750000   output external delay
                                             -1.750000   data required time
---------------------------------------------------------------------------------------------
                                             -1.750000   data required time
                                             -3.008291   data arrival time
---------------------------------------------------------------------------------------------
                                              4.758292   slack (MET)


Startpoint: A[0] (input port clocked by __VIRTUAL_CLK__)
Endpoint: zero (output port clocked by __VIRTUAL_CLK__)
Path Group: __VIRTUAL_CLK__
Path Type: min

Fanout         Cap        Slew       Delay        Time   Description
---------------------------------------------------------------------------------------------
                      0.000000    0.000000    0.000000   clock __VIRTUAL_CLK__ (rise edge)
                                  0.000000    0.000000   clock network delay (ideal)
                                  2.000000    2.000000 v input external delay
     6    0.017879    0.080502    0.055071    2.055071 v A[0] (in)
                                                         A[0] (net)
                      0.080502    0.000000    2.055071 v _168_/B2 (sky130_fd_sc_hd__o22ai_2)
     1    0.002524    0.125268    0.132126    2.187197 ^ _168_/Y (sky130_fd_sc_hd__o22ai_2)
                                                         _066_ (net)
                      0.125268    0.000000    2.187197 ^ _170_/B1 (sky130_fd_sc_hd__a211o_2)
     2    0.034872    0.268758    0.361659    2.548856 ^ _170_/X (sky130_fd_sc_hd__a211o_2)
                                                         result[0] (net)
                      0.268758    0.000000    2.548856 ^ _151_/A (sky130_fd_sc_hd__or4_2)
     1    0.001417    0.042295    0.266829    2.815684 ^ _151_/X (sky130_fd_sc_hd__or4_2)
                                                         _051_ (net)
                      0.042295    0.000000    2.815684 ^ _152_/B (sky130_fd_sc_hd__or2_2)
     1    0.004619    0.063447    0.171127    2.986812 ^ _152_/X (sky130_fd_sc_hd__or2_2)
                                                         _052_ (net)
                      0.063447    0.000000    2.986812 ^ _153_/D (sky130_fd_sc_hd__nor4_2)
     1    0.033442    0.154064    0.152961    3.139773 v _153_/Y (sky130_fd_sc_hd__nor4_2)
                                                         zero (net)
                      0.154064    0.000000    3.139773 v zero (out)
                                              3.139773   data arrival time

                      0.000000    0.000000    0.000000   clock __VIRTUAL_CLK__ (rise edge)
                                  0.000000    0.000000   clock network delay (ideal)
                                  0.250000    0.250000   clock uncertainty
                                  0.000000    0.250000   clock reconvergence pessimism
                                 -2.000000   -1.750000   output external delay
                                             -1.750000   data required time
---------------------------------------------------------------------------------------------
                                             -1.750000   data required time
                                             -3.139773   data arrival time
---------------------------------------------------------------------------------------------
                                              4.889773   slack (MET)



