
===========================================================================
report_checks -path_delay max (Setup)
============================================================================
======================= nom_ff_n40C_1v95 Corner ===================================

Startpoint: A[1] (input port clocked by __VIRTUAL_CLK__)
Endpoint: zero (output port clocked by __VIRTUAL_CLK__)
Path Group: __VIRTUAL_CLK__
Path Type: max

Fanout         Cap        Slew       Delay        Time   Description
---------------------------------------------------------------------------------------------
                      0.000000    0.000000    0.000000   clock __VIRTUAL_CLK__ (rise edge)
                                  0.000000    0.000000   clock network delay (ideal)
                                  2.000000    2.000000 v input external delay
     7    0.023172    0.036810    0.024496    2.024496 v A[1] (in)
                                                         A[1] (net)
                      0.036810    0.000000    2.024496 v _172_/A (sky130_fd_sc_hd__xnor2_2)
     6    0.021567    0.078291    0.126548    2.151044 v _172_/Y (sky130_fd_sc_hd__xnor2_2)
                                                         _069_ (net)
                      0.078291    0.000000    2.151044 v _193_/A1 (sky130_fd_sc_hd__a21o_2)
     4    0.010088    0.038914    0.147806    2.298850 v _193_/X (sky130_fd_sc_hd__a21o_2)
                                                         _089_ (net)
                      0.038914    0.000000    2.298850 v _226_/A2 (sky130_fd_sc_hd__a311o_2)
     3    0.008697    0.052281    0.237433    2.536283 v _226_/X (sky130_fd_sc_hd__a311o_2)
                                                         _120_ (net)
                      0.052281    0.000000    2.536283 v _125_/A2 (sky130_fd_sc_hd__a311o_2)
     2    0.005640    0.046063    0.233485    2.769769 v _125_/X (sky130_fd_sc_hd__a311o_2)
                                                         _027_ (net)
                      0.046063    0.000000    2.769769 v _127_/B (sky130_fd_sc_hd__and2_2)
     3    0.010084    0.039747    0.136283    2.906052 v _127_/X (sky130_fd_sc_hd__and2_2)
                                                         _029_ (net)
                      0.039747    0.000000    2.906052 v _144_/A (sky130_fd_sc_hd__or3_2)
     1    0.001548    0.046615    0.261634    3.167686 v _144_/X (sky130_fd_sc_hd__or3_2)
                                                         _045_ (net)
                      0.046615    0.000000    3.167686 v _145_/C (sky130_fd_sc_hd__and3_2)
     1    0.001694    0.025404    0.127417    3.295103 v _145_/X (sky130_fd_sc_hd__and3_2)
                                                         _046_ (net)
                      0.025404    0.000000    3.295103 v _150_/B1 (sky130_fd_sc_hd__o2bb2a_2)
     2    0.037404    0.086248    0.217725    3.512827 v _150_/X (sky130_fd_sc_hd__o2bb2a_2)
                                                         result[7] (net)
                      0.086248    0.000000    3.512827 v _153_/C (sky130_fd_sc_hd__nor4_2)
     1    0.033442    0.587952    0.483570    3.996397 ^ _153_/Y (sky130_fd_sc_hd__nor4_2)
                                                         zero (net)
                      0.587952    0.000000    3.996397 ^ zero (out)
                                              3.996397   data arrival time

                      0.000000   10.000000   10.000000   clock __VIRTUAL_CLK__ (rise edge)
                                  0.000000   10.000000   clock network delay (ideal)
                                 -0.250000    9.750000   clock uncertainty
                                  0.000000    9.750000   clock reconvergence pessimism
                                 -2.000000    7.750000   output external delay
                                              7.750000   data required time
---------------------------------------------------------------------------------------------
                                              7.750000   data required time
                                             -3.996397   data arrival time
---------------------------------------------------------------------------------------------
                                              3.753603   slack (MET)


Startpoint: A[1] (input port clocked by __VIRTUAL_CLK__)
Endpoint: result[7] (output port clocked by __VIRTUAL_CLK__)
Path Group: __VIRTUAL_CLK__
Path Type: max

Fanout         Cap        Slew       Delay        Time   Description
---------------------------------------------------------------------------------------------
                      0.000000    0.000000    0.000000   clock __VIRTUAL_CLK__ (rise edge)
                                  0.000000    0.000000   clock network delay (ideal)
                                  2.000000    2.000000 v input external delay
     7    0.023172    0.036810    0.024496    2.024496 v A[1] (in)
                                                         A[1] (net)
                      0.036810    0.000000    2.024496 v _172_/A (sky130_fd_sc_hd__xnor2_2)
     6    0.021567    0.078291    0.126548    2.151044 v _172_/Y (sky130_fd_sc_hd__xnor2_2)
                                                         _069_ (net)
                      0.078291    0.000000    2.151044 v _193_/A1 (sky130_fd_sc_hd__a21o_2)
     4    0.010088    0.038914    0.147806    2.298850 v _193_/X (sky130_fd_sc_hd__a21o_2)
                                                         _089_ (net)
                      0.038914    0.000000    2.298850 v _226_/A2 (sky130_fd_sc_hd__a311o_2)
     3    0.008697    0.052281    0.237433    2.536283 v _226_/X (sky130_fd_sc_hd__a311o_2)
                                                         _120_ (net)
                      0.052281    0.000000    2.536283 v _125_/A2 (sky130_fd_sc_hd__a311o_2)
     2    0.005640    0.046063    0.233485    2.769769 v _125_/X (sky130_fd_sc_hd__a311o_2)
                                                         _027_ (net)
                      0.046063    0.000000    2.769769 v _127_/B (sky130_fd_sc_hd__and2_2)
     3    0.010084    0.039747    0.136283    2.906052 v _127_/X (sky130_fd_sc_hd__and2_2)
                                                         _029_ (net)
                      0.039747    0.000000    2.906052 v _144_/A (sky130_fd_sc_hd__or3_2)
     1    0.001548    0.046615    0.261634    3.167686 v _144_/X (sky130_fd_sc_hd__or3_2)
                                                         _045_ (net)
                      0.046615    0.000000    3.167686 v _145_/C (sky130_fd_sc_hd__and3_2)
     1    0.001694    0.025404    0.127417    3.295103 v _145_/X (sky130_fd_sc_hd__and3_2)
                                                         _046_ (net)
                      0.025404    0.000000    3.295103 v _150_/B1 (sky130_fd_sc_hd__o2bb2a_2)
     2    0.037404    0.086248    0.217725    3.512827 v _150_/X (sky130_fd_sc_hd__o2bb2a_2)
                                                         result[7] (net)
                      0.086248    0.000000    3.512827 v result[7] (out)
                                              3.512827   data arrival time

                      0.000000   10.000000   10.000000   clock __VIRTUAL_CLK__ (rise edge)
                                  0.000000   10.000000   clock network delay (ideal)
                                 -0.250000    9.750000   clock uncertainty
                                  0.000000    9.750000   clock reconvergence pessimism
                                 -2.000000    7.750000   output external delay
                                              7.750000   data required time
---------------------------------------------------------------------------------------------
                                              7.750000   data required time
                                             -3.512827   data arrival time
---------------------------------------------------------------------------------------------
                                              4.237173   slack (MET)


Startpoint: A[1] (input port clocked by __VIRTUAL_CLK__)
Endpoint: result[6] (output port clocked by __VIRTUAL_CLK__)
Path Group: __VIRTUAL_CLK__
Path Type: max

Fanout         Cap        Slew       Delay        Time   Description
---------------------------------------------------------------------------------------------
                      0.000000    0.000000    0.000000   clock __VIRTUAL_CLK__ (rise edge)
                                  0.000000    0.000000   clock network delay (ideal)
                                  2.000000    2.000000 v input external delay
     7    0.023172    0.036810    0.024496    2.024496 v A[1] (in)
                                                         A[1] (net)
                      0.036810    0.000000    2.024496 v _172_/A (sky130_fd_sc_hd__xnor2_2)
     6    0.021567    0.078291    0.126548    2.151044 v _172_/Y (sky130_fd_sc_hd__xnor2_2)
                                                         _069_ (net)
                      0.078291    0.000000    2.151044 v _193_/A1 (sky130_fd_sc_hd__a21o_2)
     4    0.010088    0.038914    0.147806    2.298850 v _193_/X (sky130_fd_sc_hd__a21o_2)
                                                         _089_ (net)
                      0.038914    0.000000    2.298850 v _226_/A2 (sky130_fd_sc_hd__a311o_2)
     3    0.008697    0.052281    0.237433    2.536283 v _226_/X (sky130_fd_sc_hd__a311o_2)
                                                         _120_ (net)
                      0.052281    0.000000    2.536283 v _125_/A2 (sky130_fd_sc_hd__a311o_2)
     2    0.005640    0.046063    0.233485    2.769769 v _125_/X (sky130_fd_sc_hd__a311o_2)
                                                         _027_ (net)
                      0.046063    0.000000    2.769769 v _127_/B (sky130_fd_sc_hd__and2_2)
     3    0.010084    0.039747    0.136283    2.906052 v _127_/X (sky130_fd_sc_hd__and2_2)
                                                         _029_ (net)
                      0.039747    0.000000    2.906052 v _132_/A3 (sky130_fd_sc_hd__o31ai_2)
     1    0.001837    0.111409    0.107038    3.013090 ^ _132_/Y (sky130_fd_sc_hd__o31ai_2)
                                                         _034_ (net)
                      0.111409    0.000000    3.013090 ^ _136_/B1 (sky130_fd_sc_hd__o2bb2a_2)
     2    0.038069    0.155770    0.214858    3.227947 ^ _136_/X (sky130_fd_sc_hd__o2bb2a_2)
                                                         result[6] (net)
                      0.155770    0.000000    3.227947 ^ result[6] (out)
                                              3.227947   data arrival time

                      0.000000   10.000000   10.000000   clock __VIRTUAL_CLK__ (rise edge)
                                  0.000000   10.000000   clock network delay (ideal)
                                 -0.250000    9.750000   clock uncertainty
                                  0.000000    9.750000   clock reconvergence pessimism
                                 -2.000000    7.750000   output external delay
                                              7.750000   data required time
---------------------------------------------------------------------------------------------
                                              7.750000   data required time
                                             -3.227947   data arrival time
---------------------------------------------------------------------------------------------
                                              4.522053   slack (MET)


Startpoint: A[1] (input port clocked by __VIRTUAL_CLK__)
Endpoint: carry (output port clocked by __VIRTUAL_CLK__)
Path Group: __VIRTUAL_CLK__
Path Type: max

Fanout         Cap        Slew       Delay        Time   Description
---------------------------------------------------------------------------------------------
                      0.000000    0.000000    0.000000   clock __VIRTUAL_CLK__ (rise edge)
                                  0.000000    0.000000   clock network delay (ideal)
                                  2.000000    2.000000 v input external delay
     7    0.023172    0.036810    0.024496    2.024496 v A[1] (in)
                                                         A[1] (net)
                      0.036810    0.000000    2.024496 v _172_/A (sky130_fd_sc_hd__xnor2_2)
     6    0.021567    0.078291    0.126548    2.151044 v _172_/Y (sky130_fd_sc_hd__xnor2_2)
                                                         _069_ (net)
                      0.078291    0.000000    2.151044 v _193_/A1 (sky130_fd_sc_hd__a21o_2)
     4    0.010088    0.038914    0.147806    2.298850 v _193_/X (sky130_fd_sc_hd__a21o_2)
                                                         _089_ (net)
                      0.038914    0.000000    2.298850 v _226_/A2 (sky130_fd_sc_hd__a311o_2)
     3    0.008697    0.052281    0.237433    2.536283 v _226_/X (sky130_fd_sc_hd__a311o_2)
                                                         _120_ (net)
                      0.052281    0.000000    2.536283 v _125_/A2 (sky130_fd_sc_hd__a311o_2)
     2    0.005640    0.046063    0.233485    2.769769 v _125_/X (sky130_fd_sc_hd__a311o_2)
                                                         _027_ (net)
                      0.046063    0.000000    2.769769 v _127_/B (sky130_fd_sc_hd__and2_2)
     3    0.010084    0.039747    0.136283    2.906052 v _127_/X (sky130_fd_sc_hd__and2_2)
                                                         _029_ (net)
                      0.039747    0.000000    2.906052 v _143_/A1 (sky130_fd_sc_hd__o21ai_2)
     2    0.004073    0.070920    0.090695    2.996746 ^ _143_/Y (sky130_fd_sc_hd__o21ai_2)
                                                         _044_ (net)
                      0.070920    0.000000    2.996746 ^ _156_/A2 (sky130_fd_sc_hd__a32o_2)
     1    0.033442    0.158456    0.191742    3.188488 ^ _156_/X (sky130_fd_sc_hd__a32o_2)
                                                         carry (net)
                      0.158456    0.000000    3.188488 ^ carry (out)
                                              3.188488   data arrival time

                      0.000000   10.000000   10.000000   clock __VIRTUAL_CLK__ (rise edge)
                                  0.000000   10.000000   clock network delay (ideal)
                                 -0.250000    9.750000   clock uncertainty
                                  0.000000    9.750000   clock reconvergence pessimism
                                 -2.000000    7.750000   output external delay
                                              7.750000   data required time
---------------------------------------------------------------------------------------------
                                              7.750000   data required time
                                             -3.188488   data arrival time
---------------------------------------------------------------------------------------------
                                              4.561512   slack (MET)


Startpoint: A[1] (input port clocked by __VIRTUAL_CLK__)
Endpoint: result[5] (output port clocked by __VIRTUAL_CLK__)
Path Group: __VIRTUAL_CLK__
Path Type: max

Fanout         Cap        Slew       Delay        Time   Description
---------------------------------------------------------------------------------------------
                      0.000000    0.000000    0.000000   clock __VIRTUAL_CLK__ (rise edge)
                                  0.000000    0.000000   clock network delay (ideal)
                                  2.000000    2.000000 v input external delay
     7    0.023172    0.036810    0.024496    2.024496 v A[1] (in)
                                                         A[1] (net)
                      0.036810    0.000000    2.024496 v _172_/A (sky130_fd_sc_hd__xnor2_2)
     6    0.023580    0.254944    0.222654    2.247150 ^ _172_/Y (sky130_fd_sc_hd__xnor2_2)
                                                         _069_ (net)
                      0.254944    0.000000    2.247150 ^ _193_/A1 (sky130_fd_sc_hd__a21o_2)
     4    0.011092    0.052635    0.114240    2.361391 ^ _193_/X (sky130_fd_sc_hd__a21o_2)
                                                         _089_ (net)
                      0.052635    0.000000    2.361391 ^ _226_/A2 (sky130_fd_sc_hd__a311o_2)
     3    0.009617    0.051783    0.116157    2.477548 ^ _226_/X (sky130_fd_sc_hd__a311o_2)
                                                         _120_ (net)
                      0.051783    0.000000    2.477548 ^ _227_/B (sky130_fd_sc_hd__nand2_2)
     3    0.007976    0.041509    0.039526    2.517074 v _227_/Y (sky130_fd_sc_hd__nand2_2)
                                                         _000_ (net)
                      0.041509    0.000000    2.517074 v _246_/B1 (sky130_fd_sc_hd__o211a_2)
     1    0.001688    0.027756    0.081763    2.598837 v _246_/X (sky130_fd_sc_hd__o211a_2)
                                                         _018_ (net)
                      0.027756    0.000000    2.598837 v _249_/B (sky130_fd_sc_hd__or4_2)
     1    0.004289    0.070092    0.363965    2.962802 v _249_/X (sky130_fd_sc_hd__or4_2)
                                                         _021_ (net)
                      0.070092    0.000000    2.962802 v _250_/C1 (sky130_fd_sc_hd__o211ai_2)
     2    0.038042    0.352321    0.149055    3.111857 ^ _250_/Y (sky130_fd_sc_hd__o211ai_2)
                                                         result[5] (net)
                      0.352321    0.000000    3.111857 ^ result[5] (out)
                                              3.111857   data arrival time

                      0.000000   10.000000   10.000000   clock __VIRTUAL_CLK__ (rise edge)
                                  0.000000   10.000000   clock network delay (ideal)
                                 -0.250000    9.750000   clock uncertainty
                                  0.000000    9.750000   clock reconvergence pessimism
                                 -2.000000    7.750000   output external delay
                                              7.750000   data required time
---------------------------------------------------------------------------------------------
                                              7.750000   data required time
                                             -3.111857   data arrival time
---------------------------------------------------------------------------------------------
                                              4.638144   slack (MET)


Startpoint: A[1] (input port clocked by __VIRTUAL_CLK__)
Endpoint: result[4] (output port clocked by __VIRTUAL_CLK__)
Path Group: __VIRTUAL_CLK__
Path Type: max

Fanout         Cap        Slew       Delay        Time   Description
---------------------------------------------------------------------------------------------
                      0.000000    0.000000    0.000000   clock __VIRTUAL_CLK__ (rise edge)
                                  0.000000    0.000000   clock network delay (ideal)
                                  2.000000    2.000000 v input external delay
     7    0.023172    0.036810    0.024496    2.024496 v A[1] (in)
                                                         A[1] (net)
                      0.036810    0.000000    2.024496 v _172_/A (sky130_fd_sc_hd__xnor2_2)
     6    0.021567    0.078291    0.126548    2.151044 v _172_/Y (sky130_fd_sc_hd__xnor2_2)
                                                         _069_ (net)
                      0.078291    0.000000    2.151044 v _193_/A1 (sky130_fd_sc_hd__a21o_2)
     4    0.010088    0.038914    0.147806    2.298850 v _193_/X (sky130_fd_sc_hd__a21o_2)
                                                         _089_ (net)
                      0.038914    0.000000    2.298850 v _226_/A2 (sky130_fd_sc_hd__a311o_2)
     3    0.008697    0.052281    0.237433    2.536283 v _226_/X (sky130_fd_sc_hd__a311o_2)
                                                         _120_ (net)
                      0.052281    0.000000    2.536283 v _228_/A2 (sky130_fd_sc_hd__o21a_2)
     1    0.001495    0.021932    0.117483    2.653766 v _228_/X (sky130_fd_sc_hd__o21a_2)
                                                         _001_ (net)
                      0.021932    0.000000    2.653766 v _229_/B (sky130_fd_sc_hd__and2_2)
     1    0.002252    0.025749    0.107529    2.761295 v _229_/X (sky130_fd_sc_hd__and2_2)
                                                         _002_ (net)
                      0.025749    0.000000    2.761295 v _234_/A1 (sky130_fd_sc_hd__o31a_2)
     2    0.034948    0.089024    0.268253    3.029548 v _234_/X (sky130_fd_sc_hd__o31a_2)
                                                         result[4] (net)
                      0.089024    0.000000    3.029548 v result[4] (out)
                                              3.029548   data arrival time

                      0.000000   10.000000   10.000000   clock __VIRTUAL_CLK__ (rise edge)
                                  0.000000   10.000000   clock network delay (ideal)
                                 -0.250000    9.750000   clock uncertainty
                                  0.000000    9.750000   clock reconvergence pessimism
                                 -2.000000    7.750000   output external delay
                                              7.750000   data required time
---------------------------------------------------------------------------------------------
                                              7.750000   data required time
                                             -3.029548   data arrival time
---------------------------------------------------------------------------------------------
                                              4.720452   slack (MET)


Startpoint: opcode[1] (input port clocked by __VIRTUAL_CLK__)
Endpoint: result[1] (output port clocked by __VIRTUAL_CLK__)
Path Group: __VIRTUAL_CLK__
Path Type: max

Fanout         Cap        Slew       Delay        Time   Description
---------------------------------------------------------------------------------------------
                      0.000000    0.000000    0.000000   clock __VIRTUAL_CLK__ (rise edge)
                                  0.000000    0.000000   clock network delay (ideal)
                                  2.000000    2.000000 ^ input external delay
    11    0.030415    0.107794    0.072917    2.072917 ^ opcode[1] (in)
                                                         opcode[1] (net)
                      0.107794    0.000000    2.072917 ^ _166_/C_N (sky130_fd_sc_hd__or3b_2)
     8    0.025116    0.098625    0.315725    2.388642 v _166_/X (sky130_fd_sc_hd__or3b_2)
                                                         _064_ (net)
                      0.098625    0.000000    2.388642 v _181_/B2 (sky130_fd_sc_hd__o22a_2)
     1    0.001353    0.022493    0.123778    2.512420 v _181_/X (sky130_fd_sc_hd__o22a_2)
                                                         _078_ (net)
                      0.022493    0.000000    2.512420 v _182_/B1_N (sky130_fd_sc_hd__a21bo_2)
     1    0.002461    0.022197    0.108054    2.620474 ^ _182_/X (sky130_fd_sc_hd__a21bo_2)
                                                         _079_ (net)
                      0.022197    0.000000    2.620474 ^ _184_/C1 (sky130_fd_sc_hd__a311o_2)
     1    0.002483    0.026440    0.051744    2.672219 ^ _184_/X (sky130_fd_sc_hd__a311o_2)
                                                         _081_ (net)
                      0.026440    0.000000    2.672219 ^ _186_/A3 (sky130_fd_sc_hd__o32a_2)
     2    0.035344    0.140397    0.155399    2.827618 ^ _186_/X (sky130_fd_sc_hd__o32a_2)
                                                         result[1] (net)
                      0.140397    0.000000    2.827618 ^ result[1] (out)
                                              2.827618   data arrival time

                      0.000000   10.000000   10.000000   clock __VIRTUAL_CLK__ (rise edge)
                                  0.000000   10.000000   clock network delay (ideal)
                                 -0.250000    9.750000   clock uncertainty
                                  0.000000    9.750000   clock reconvergence pessimism
                                 -2.000000    7.750000   output external delay
                                              7.750000   data required time
---------------------------------------------------------------------------------------------
                                              7.750000   data required time
                                             -2.827618   data arrival time
---------------------------------------------------------------------------------------------
                                              4.922383   slack (MET)


Startpoint: A[1] (input port clocked by __VIRTUAL_CLK__)
Endpoint: result[3] (output port clocked by __VIRTUAL_CLK__)
Path Group: __VIRTUAL_CLK__
Path Type: max

Fanout         Cap        Slew       Delay        Time   Description
---------------------------------------------------------------------------------------------
                      0.000000    0.000000    0.000000   clock __VIRTUAL_CLK__ (rise edge)
                                  0.000000    0.000000   clock network delay (ideal)
                                  2.000000    2.000000 v input external delay
     7    0.023172    0.036810    0.024496    2.024496 v A[1] (in)
                                                         A[1] (net)
                      0.036810    0.000000    2.024496 v _172_/A (sky130_fd_sc_hd__xnor2_2)
     6    0.023580    0.254944    0.222654    2.247150 ^ _172_/Y (sky130_fd_sc_hd__xnor2_2)
                                                         _069_ (net)
                      0.254944    0.000000    2.247150 ^ _190_/A2 (sky130_fd_sc_hd__o21ai_2)
     2    0.010267    0.064616    0.051629    2.298780 v _190_/Y (sky130_fd_sc_hd__o21ai_2)
                                                         _086_ (net)
                      0.064616    0.000000    2.298780 v _207_/A2 (sky130_fd_sc_hd__a21bo_2)
     2    0.012615    0.043694    0.166082    2.464862 v _207_/X (sky130_fd_sc_hd__a21bo_2)
                                                         _102_ (net)
                      0.043694    0.000000    2.464862 v _208_/B (sky130_fd_sc_hd__xnor2_2)
     1    0.002248    0.044424    0.079555    2.544416 v _208_/Y (sky130_fd_sc_hd__xnor2_2)
                                                         _103_ (net)
                      0.044424    0.000000    2.544416 v _217_/A2 (sky130_fd_sc_hd__a211o_2)
     2    0.034750    0.088797    0.271993    2.816409 v _217_/X (sky130_fd_sc_hd__a211o_2)
                                                         result[3] (net)
                      0.088797    0.000000    2.816409 v result[3] (out)
                                              2.816409   data arrival time

                      0.000000   10.000000   10.000000   clock __VIRTUAL_CLK__ (rise edge)
                                  0.000000   10.000000   clock network delay (ideal)
                                 -0.250000    9.750000   clock uncertainty
                                  0.000000    9.750000   clock reconvergence pessimism
                                 -2.000000    7.750000   output external delay
                                              7.750000   data required time
---------------------------------------------------------------------------------------------
                                              7.750000   data required time
                                             -2.816409   data arrival time
---------------------------------------------------------------------------------------------
                                              4.933591   slack (MET)


Startpoint: A[1] (input port clocked by __VIRTUAL_CLK__)
Endpoint: result[2] (output port clocked by __VIRTUAL_CLK__)
Path Group: __VIRTUAL_CLK__
Path Type: max

Fanout         Cap        Slew       Delay        Time   Description
---------------------------------------------------------------------------------------------
                      0.000000    0.000000    0.000000   clock __VIRTUAL_CLK__ (rise edge)
                                  0.000000    0.000000   clock network delay (ideal)
                                  2.000000    2.000000 v input external delay
     7    0.023172    0.036810    0.024496    2.024496 v A[1] (in)
                                                         A[1] (net)
                      0.036810    0.000000    2.024496 v _172_/A (sky130_fd_sc_hd__xnor2_2)
     6    0.021567    0.078291    0.126548    2.151044 v _172_/Y (sky130_fd_sc_hd__xnor2_2)
                                                         _069_ (net)
                      0.078291    0.000000    2.151044 v _193_/A1 (sky130_fd_sc_hd__a21o_2)
     4    0.010088    0.038914    0.147806    2.298850 v _193_/X (sky130_fd_sc_hd__a21o_2)
                                                         _089_ (net)
                      0.038914    0.000000    2.298850 v _195_/B (sky130_fd_sc_hd__or2_2)
     1    0.002260    0.035239    0.155159    2.454009 v _195_/X (sky130_fd_sc_hd__or2_2)
                                                         _091_ (net)
                      0.035239    0.000000    2.454009 v _200_/A3 (sky130_fd_sc_hd__a31o_2)
     1    0.002253    0.026817    0.147794    2.601803 v _200_/X (sky130_fd_sc_hd__a31o_2)
                                                         _096_ (net)
                      0.026817    0.000000    2.601803 v _201_/B2 (sky130_fd_sc_hd__o22a_2)
     2    0.034907    0.076617    0.159405    2.761208 v _201_/X (sky130_fd_sc_hd__o22a_2)
                                                         result[2] (net)
                      0.076617    0.000000    2.761208 v result[2] (out)
                                              2.761208   data arrival time

                      0.000000   10.000000   10.000000   clock __VIRTUAL_CLK__ (rise edge)
                                  0.000000   10.000000   clock network delay (ideal)
                                 -0.250000    9.750000   clock uncertainty
                                  0.000000    9.750000   clock reconvergence pessimism
                                 -2.000000    7.750000   output external delay
                                              7.750000   data required time
---------------------------------------------------------------------------------------------
                                              7.750000   data required time
                                             -2.761208   data arrival time
---------------------------------------------------------------------------------------------
                                              4.988792   slack (MET)


Startpoint: opcode[1] (input port clocked by __VIRTUAL_CLK__)
Endpoint: result[0] (output port clocked by __VIRTUAL_CLK__)
Path Group: __VIRTUAL_CLK__
Path Type: max

Fanout         Cap        Slew       Delay        Time   Description
---------------------------------------------------------------------------------------------
                      0.000000    0.000000    0.000000   clock __VIRTUAL_CLK__ (rise edge)
                                  0.000000    0.000000   clock network delay (ideal)
                                  2.000000    2.000000 ^ input external delay
    11    0.030415    0.107794    0.072917    2.072917 ^ opcode[1] (in)
                                                         opcode[1] (net)
                      0.107794    0.000000    2.072917 ^ _166_/C_N (sky130_fd_sc_hd__or3b_2)
     8    0.025116    0.098625    0.315725    2.388642 v _166_/X (sky130_fd_sc_hd__or3b_2)
                                                         _064_ (net)
                      0.098625    0.000000    2.388642 v _168_/A2 (sky130_fd_sc_hd__o22ai_2)
     1    0.002556    0.075525    0.101770    2.490412 ^ _168_/Y (sky130_fd_sc_hd__o22ai_2)
                                                         _066_ (net)
                      0.075525    0.000000    2.490412 ^ _170_/B1 (sky130_fd_sc_hd__a211o_2)
     2    0.035045    0.130633    0.143526    2.633938 ^ _170_/X (sky130_fd_sc_hd__a211o_2)
                                                         result[0] (net)
                      0.130633    0.000000    2.633938 ^ result[0] (out)
                                              2.633938   data arrival time

                      0.000000   10.000000   10.000000   clock __VIRTUAL_CLK__ (rise edge)
                                  0.000000   10.000000   clock network delay (ideal)
                                 -0.250000    9.750000   clock uncertainty
                                  0.000000    9.750000   clock reconvergence pessimism
                                 -2.000000    7.750000   output external delay
                                              7.750000   data required time
---------------------------------------------------------------------------------------------
                                              7.750000   data required time
                                             -2.633938   data arrival time
---------------------------------------------------------------------------------------------
                                              5.116062   slack (MET)



