Reading OpenROAD database at '/work/openlane/runs/RUN_2026-08-20_16-12-00/17-openroad-cutrows/alu_8bit.odb'…
Reading library file at '/root/.volare/volare/sky130/versions/0fe599b2afb6708d281543108caf8310912f54af/sky130A/libs.ref/sky130_fd_sc_hd/lib/sky130_fd_sc_hd__tt_025C_1v80.lib'…
Reading design constraints file at '/nix/store/ss2cw3sxbrwwx9jl0rrppbw4kgcmgi2n-python3-3.11.9-env/lib/python3.11/site-packages/openlane/scripts/base.sdc'…
[WARNING STA-0366] port '__VIRTUAL_CLK__' not found.
[INFO] Using clock __VIRTUAL_CLK__…
[INFO] Setting output delay to: 2
[INFO] Setting input delay to: 2
[WARNING STA-0366] port '__VIRTUAL_CLK__' not found.
[INFO] Setting load to: 0.033442
[INFO] Setting clock uncertainty to: 0.25
[INFO] Setting clock transition to: 0.1499999999999999944488848768742172978818416595458984375
[WARNING STA-0419] transition time can not be specified for virtual clocks.
[INFO] Setting timing derate to: 5%
[WARNING STA-0450] virtual clock __VIRTUAL_CLK__ can not be propagated.
[INFO TAP-0004] Inserted 34 endcaps.
[INFO TAP-0005] Inserted 28 tapcells.
Setting global connections for newly added cells…
[INFO] Setting global connections...
Updating metrics…
Cell type report:                       Count       Area
  Fill cell                                34     127.62
  Tap cell                                 28      35.03
  Inverter                                  3      11.26
  Multi-Input combinational cell          128    1181.13
  Total                                   193    1355.05
Writing OpenROAD database to '/work/openlane/runs/RUN_2026-08-20_16-12-00/18-openroad-tapendcapinsertion/alu_8bit.odb'…
Writing netlist to '/work/openlane/runs/RUN_2026-08-20_16-12-00/18-openroad-tapendcapinsertion/alu_8bit.nl.v'…
Writing powered netlist to '/work/openlane/runs/RUN_2026-08-20_16-12-00/18-openroad-tapendcapinsertion/alu_8bit.pnl.v'…
Writing layout to '/work/openlane/runs/RUN_2026-08-20_16-12-00/18-openroad-tapendcapinsertion/alu_8bit.def'…
Writing timing constraints to '/work/openlane/runs/RUN_2026-08-20_16-12-00/18-openroad-tapendcapinsertion/alu_8bit.sdc'…
