
===========================================================================
report_checks -unconstrained
===========================================================================
======================= nom_ss_100C_1v60 Corner ===================================

Startpoint: B[1] (input port clocked by __VIRTUAL_CLK__)
Endpoint: zero (output port clocked by __VIRTUAL_CLK__)
Path Group: __VIRTUAL_CLK__
Path Type: max

Fanout         Cap        Slew       Delay        Time   Description
---------------------------------------------------------------------------------------------
                      0.000000    0.000000    0.000000   clock __VIRTUAL_CLK__ (rise edge)
                                  0.000000    0.000000   clock network delay (ideal)
                                  2.000000    2.000000 ^ input external delay
     4    0.017181    0.132856    0.087948    2.087948 ^ B[1] (in)
                                                         B[1] (net)
                      0.132856    0.000000    2.087948 ^ _192_/A_N (sky130_fd_sc_hd__and2b_2)
     1    0.002258    0.067072    0.455473    2.543420 v _192_/X (sky130_fd_sc_hd__and2b_2)
                                                         _088_ (net)
                      0.067072    0.000000    2.543420 v _193_/B1 (sky130_fd_sc_hd__a21o_2)
     4    0.010052    0.092576    0.377746    2.921166 v _193_/X (sky130_fd_sc_hd__a21o_2)
                                                         _089_ (net)
                      0.092576    0.000000    2.921166 v _226_/A2 (sky130_fd_sc_hd__a311o_2)
     3    0.008766    0.125547    0.730305    3.651471 v _226_/X (sky130_fd_sc_hd__a311o_2)
                                                         _120_ (net)
                      0.125547    0.000000    3.651471 v _125_/A2 (sky130_fd_sc_hd__a311o_2)
     2    0.005534    0.110324    0.722483    4.373954 v _125_/X (sky130_fd_sc_hd__a311o_2)
                                                         _027_ (net)
                      0.110324    0.000000    4.373954 v _127_/B (sky130_fd_sc_hd__and2_2)
     3    0.010104    0.104217    0.455380    4.829333 v _127_/X (sky130_fd_sc_hd__and2_2)
                                                         _029_ (net)
                      0.104217    0.000000    4.829333 v _144_/A (sky130_fd_sc_hd__or3_2)
     1    0.001404    0.149485    1.074060    5.903394 v _144_/X (sky130_fd_sc_hd__or3_2)
                                                         _045_ (net)
                      0.149485    0.000000    5.903394 v _145_/C (sky130_fd_sc_hd__and3_2)
     1    0.001628    0.066089    0.455945    6.359339 v _145_/X (sky130_fd_sc_hd__and3_2)
                                                         _046_ (net)
                      0.066089    0.000000    6.359339 v _150_/B1 (sky130_fd_sc_hd__o2bb2a_2)
     2    0.037489    0.229197    0.697317    7.056656 v _150_/X (sky130_fd_sc_hd__o2bb2a_2)
                                                         result[7] (net)
                      0.229197    0.000000    7.056656 v _153_/C (sky130_fd_sc_hd__nor4_2)
     1    0.033442    1.365849    1.213573    8.270229 ^ _153_/Y (sky130_fd_sc_hd__nor4_2)
                                                         zero (net)
                      1.365849    0.000000    8.270229 ^ zero (out)
                                              8.270229   data arrival time

                      0.000000   10.000000   10.000000   clock __VIRTUAL_CLK__ (rise edge)
                                  0.000000   10.000000   clock network delay (ideal)
                                 -0.250000    9.750000   clock uncertainty
                                  0.000000    9.750000   clock reconvergence pessimism
                                 -2.000000    7.750000   output external delay
                                              7.750000   data required time
---------------------------------------------------------------------------------------------
                                              7.750000   data required time
                                             -8.270229   data arrival time
---------------------------------------------------------------------------------------------
                                             -0.520229   slack (VIOLATED)




===========================================================================
report_checks --slack_max -0.01
============================================================================
======================= nom_ss_100C_1v60 Corner ===================================

Startpoint: B[1] (input port clocked by __VIRTUAL_CLK__)
Endpoint: zero (output port clocked by __VIRTUAL_CLK__)
Path Group: __VIRTUAL_CLK__
Path Type: max

Fanout         Cap        Slew       Delay        Time   Description
---------------------------------------------------------------------------------------------
                      0.000000    0.000000    0.000000   clock __VIRTUAL_CLK__ (rise edge)
                                  0.000000    0.000000   clock network delay (ideal)
                                  2.000000    2.000000 ^ input external delay
     4    0.017181    0.132856    0.087948    2.087948 ^ B[1] (in)
                                                         B[1] (net)
                      0.132856    0.000000    2.087948 ^ _192_/A_N (sky130_fd_sc_hd__and2b_2)
     1    0.002258    0.067072    0.455473    2.543420 v _192_/X (sky130_fd_sc_hd__and2b_2)
                                                         _088_ (net)
                      0.067072    0.000000    2.543420 v _193_/B1 (sky130_fd_sc_hd__a21o_2)
     4    0.010052    0.092576    0.377746    2.921166 v _193_/X (sky130_fd_sc_hd__a21o_2)
                                                         _089_ (net)
                      0.092576    0.000000    2.921166 v _226_/A2 (sky130_fd_sc_hd__a311o_2)
     3    0.008766    0.125547    0.730305    3.651471 v _226_/X (sky130_fd_sc_hd__a311o_2)
                                                         _120_ (net)
                      0.125547    0.000000    3.651471 v _125_/A2 (sky130_fd_sc_hd__a311o_2)
     2    0.005534    0.110324    0.722483    4.373954 v _125_/X (sky130_fd_sc_hd__a311o_2)
                                                         _027_ (net)
                      0.110324    0.000000    4.373954 v _127_/B (sky130_fd_sc_hd__and2_2)
     3    0.010104    0.104217    0.455380    4.829333 v _127_/X (sky130_fd_sc_hd__and2_2)
                                                         _029_ (net)
                      0.104217    0.000000    4.829333 v _144_/A (sky130_fd_sc_hd__or3_2)
     1    0.001404    0.149485    1.074060    5.903394 v _144_/X (sky130_fd_sc_hd__or3_2)
                                                         _045_ (net)
                      0.149485    0.000000    5.903394 v _145_/C (sky130_fd_sc_hd__and3_2)
     1    0.001628    0.066089    0.455945    6.359339 v _145_/X (sky130_fd_sc_hd__and3_2)
                                                         _046_ (net)
                      0.066089    0.000000    6.359339 v _150_/B1 (sky130_fd_sc_hd__o2bb2a_2)
     2    0.037489    0.229197    0.697317    7.056656 v _150_/X (sky130_fd_sc_hd__o2bb2a_2)
                                                         result[7] (net)
                      0.229197    0.000000    7.056656 v _153_/C (sky130_fd_sc_hd__nor4_2)
     1    0.033442    1.365849    1.213573    8.270229 ^ _153_/Y (sky130_fd_sc_hd__nor4_2)
                                                         zero (net)
                      1.365849    0.000000    8.270229 ^ zero (out)
                                              8.270229   data arrival time

                      0.000000   10.000000   10.000000   clock __VIRTUAL_CLK__ (rise edge)
                                  0.000000   10.000000   clock network delay (ideal)
                                 -0.250000    9.750000   clock uncertainty
                                  0.000000    9.750000   clock reconvergence pessimism
                                 -2.000000    7.750000   output external delay
                                              7.750000   data required time
---------------------------------------------------------------------------------------------
                                              7.750000   data required time
                                             -8.270229   data arrival time
---------------------------------------------------------------------------------------------
                                             -0.520229   slack (VIOLATED)




===========================================================================
 report_check_types -max_slew -max_cap -max_fanout -violators
============================================================================
======================= nom_ss_100C_1v60 Corner ===================================

max slew

Pin                                        Limit        Slew       Slack
------------------------------------------------------------------------
zero                                    0.750000    1.365849   -0.615849 (VIOLATED)
_153_/Y                                 0.750000    1.365849   -0.615849 (VIOLATED)
result[5]                               0.750000    0.768612   -0.018612 (VIOLATED)
_153_/A                                 0.750000    0.768612   -0.018612 (VIOLATED)
_250_/Y                                 0.750000    0.768612   -0.018612 (VIOLATED)

max fanout

Pin                                   Limit Fanout  Slack
---------------------------------------------------------
opcode[2]                                10     12     -2 (VIOLATED)
opcode[0]                                10     11        (VIOLATED)
opcode[1]                                10     11        (VIOLATED)



===========================================================================
report_parasitic_annotation -report_unannotated
============================================================================
Found 150 unannotated drivers.
 A[0]
 A[1]
 A[2]
 A[3]
 A[4]
 A[5]
 A[6]
 A[7]
 B[0]
 B[1]
 B[2]
 B[3]
 B[4]
 B[5]
 B[6]
 B[7]
 opcode[0]
 opcode[1]
 opcode[2]
 _121_/Y
 _122_/Y
 _123_/Y
 _124_/Y
 _125_/X
 _126_/Y
 _127_/X
 _128_/X
 _129_/X
 _130_/X
 _131_/X
 _132_/Y
 _133_/X
 _134_/Y
 _135_/X
 _136_/X
 _137_/X
 _138_/Y
 _139_/Y
 _140_/Y
 _141_/X
 _142_/X
 _143_/Y
 _144_/X
 _145_/X
 _146_/Y
 _147_/X
 _148_/X
 _149_/X
 _150_/X
 _151_/X
 _152_/X
 _153_/Y
 _154_/Y
 _155_/X
 _156_/X
 _157_/Y
 _158_/Y
 _159_/Y
 _160_/Y
 _161_/Y
 _162_/Y
 _163_/X
 _164_/Y
 _165_/X
 _166_/X
 _167_/Y
 _168_/Y
 _169_/X
 _170_/X
 _171_/Y
 _172_/Y
 _173_/Y
 _174_/Y
 _175_/X
 _176_/X
 _177_/X
 _178_/Y
 _179_/X
 _180_/X
 _181_/X
 _182_/X
 _183_/X
 _184_/X
 _185_/X
 _186_/X
 _187_/X
 _188_/Y
 _189_/Y
 _190_/Y
 _191_/Y
 _192_/X
 _193_/X
 _194_/Y
 _195_/X
 _196_/X
 _197_/X
 _198_/Y
 _199_/X
 _200_/X
 _201_/X
 _202_/X
 _203_/Y
 _204_/Y
 _205_/Y
 _206_/Y
 _207_/X
 _208_/Y
 _209_/X
 _210_/X
 _211_/X
 _212_/Y
 _213_/X
 _214_/X
 _215_/X
 _216_/Y
 _217_/X
 _218_/X
 _219_/Y
 _220_/Y
 _221_/Y
 _222_/X
 _223_/Y
 _224_/X
 _225_/X
 _226_/X
 _227_/Y
 _228_/X
 _229_/X
 _230_/Y
 _231_/X
 _232_/Y
 _233_/X
 _234_/X
 _235_/Y
 _236_/Y
 _237_/X
 _238_/X
 _239_/Y
 _240_/Y
 _241_/X
 _242_/X
 _243_/X
 _244_/X
 _245_/X
 _246_/X
 _247_/Y
 _248_/X
 _249_/X
 _250_/Y
 _251_/X
Found 0 partially unannotated drivers.

===========================================================================
max slew violation count 5
max fanout violation count 3
max cap violation count 0
============================================================================

===========================================================================
check_setup -verbose -unconstrained_endpoints -multiple_clock -no_clock -no_input_delay -loops -generated_clocks
===========================================================================
