Reading timing models for corner nom_ss_100C_1v60…
Reading cell library for the 'nom_ss_100C_1v60' corner at '/home/piyush/.volare/volare/sky130/versions/0fe599b2afb6708d281543108caf8310912f54af/sky130A/libs.ref/sky130_fd_sc_hd/lib/sky130_fd_sc_hd__ss_100C_1v60.lib'…
Reading top-level netlist at '/home/piyush/asic_projects/alu_8bit/openlane/runs/RUN_2026-08-20_15-47-08/06-yosys-synthesis/alu_8bit.nl.v'…
Linking design 'alu_8bit' from netlist…
Reading design constraints file at '/nix/store/ss2cw3sxbrwwx9jl0rrppbw4kgcmgi2n-python3-3.11.9-env/lib/python3.11/site-packages/openlane/scripts/base.sdc'…
Warning: base.sdc line 15, port '__VIRTUAL_CLK__' not found.
[INFO] Using clock __VIRTUAL_CLK__…
[INFO] Setting output delay to: 2
[INFO] Setting input delay to: 2
Warning: base.sdc line 32, port '__VIRTUAL_CLK__' not found.
[INFO] Setting load to: 0.033442
[INFO] Setting clock uncertainty to: 0.25
[INFO] Setting clock transition to: 0.1499999999999999944488848768742172978818416595458984375
Warning: base.sdc line 69, transition time can not be specified for virtual clocks.
[INFO] Setting timing derate to: 5%
%OL_CREATE_REPORT min.rpt

===========================================================================
report_checks -path_delay min (Hold)
============================================================================
======================= nom_ss_100C_1v60 Corner ===================================

Startpoint: A[0] (input port clocked by __VIRTUAL_CLK__)
Endpoint: result[0] (output port clocked by __VIRTUAL_CLK__)
Path Group: __VIRTUAL_CLK__
Path Type: min

Fanout         Cap        Slew       Delay        Time   Description
---------------------------------------------------------------------------------------------
                      0.000000    0.000000    0.000000   clock __VIRTUAL_CLK__ (rise edge)
                                  0.000000    0.000000   clock network delay (ideal)
                                  2.000000    2.000000 v input external delay
     6    0.017879    0.080502    0.055071    2.055071 v A[0] (in)
                                                         A[0] (net)
                      0.080502    0.000000    2.055071 v _168_/B2 (sky130_fd_sc_hd__o22ai_2)
     1    0.002524    0.125268    0.132126    2.187197 ^ _168_/Y (sky130_fd_sc_hd__o22ai_2)
                                                         _066_ (net)
                      0.125268    0.000000    2.187197 ^ _170_/B1 (sky130_fd_sc_hd__a211o_2)
     2    0.034872    0.268758    0.361659    2.548856 ^ _170_/X (sky130_fd_sc_hd__a211o_2)
                                                         result[0] (net)
                      0.268758    0.000000    2.548856 ^ result[0] (out)
                                              2.548856   data arrival time

                      0.000000    0.000000    0.000000   clock __VIRTUAL_CLK__ (rise edge)
                                  0.000000    0.000000   clock network delay (ideal)
                                  0.250000    0.250000   clock uncertainty
                                  0.000000    0.250000   clock reconvergence pessimism
                                 -2.000000   -1.750000   output external delay
                                             -1.750000   data required time
---------------------------------------------------------------------------------------------
                                             -1.750000   data required time
                                             -2.548856   data arrival time
---------------------------------------------------------------------------------------------
                                              4.298856   slack (MET)


Startpoint: A[7] (input port clocked by __VIRTUAL_CLK__)
Endpoint: carry (output port clocked by __VIRTUAL_CLK__)
Path Group: __VIRTUAL_CLK__
Path Type: min

Fanout         Cap        Slew       Delay        Time   Description
---------------------------------------------------------------------------------------------
                      0.000000    0.000000    0.000000   clock __VIRTUAL_CLK__ (rise edge)
                                  0.000000    0.000000   clock network delay (ideal)
                                  2.000000    2.000000 v input external delay
     5    0.013807    0.063911    0.042777    2.042777 v A[7] (in)
                                                         A[7] (net)
                      0.063911    0.000000    2.042777 v _154_/B (sky130_fd_sc_hd__nand2b_2)
     1    0.002421    0.054337    0.085149    2.127926 ^ _154_/Y (sky130_fd_sc_hd__nand2b_2)
                                                         _053_ (net)
                      0.054337    0.000000    2.127926 ^ _156_/A3 (sky130_fd_sc_hd__a32o_2)
     1    0.033442    0.318098    0.565519    2.693445 ^ _156_/X (sky130_fd_sc_hd__a32o_2)
                                                         carry (net)
                      0.318098    0.000000    2.693445 ^ carry (out)
                                              2.693445   data arrival time

                      0.000000    0.000000    0.000000   clock __VIRTUAL_CLK__ (rise edge)
                                  0.000000    0.000000   clock network delay (ideal)
                                  0.250000    0.250000   clock uncertainty
                                  0.000000    0.250000   clock reconvergence pessimism
                                 -2.000000   -1.750000   output external delay
                                             -1.750000   data required time
---------------------------------------------------------------------------------------------
                                             -1.750000   data required time
                                             -2.693445   data arrival time
---------------------------------------------------------------------------------------------
                                              4.443445   slack (MET)


Startpoint: B[2] (input port clocked by __VIRTUAL_CLK__)
Endpoint: result[2] (output port clocked by __VIRTUAL_CLK__)
Path Group: __VIRTUAL_CLK__
Path Type: min

Fanout         Cap        Slew       Delay        Time   Description
---------------------------------------------------------------------------------------------
                      0.000000    0.000000    0.000000   clock __VIRTUAL_CLK__ (rise edge)
                                  0.000000    0.000000   clock network delay (ideal)
                                  2.000000    2.000000 v input external delay
     4    0.009033    0.044461    0.028364    2.028364 v B[2] (in)
                                                         B[2] (net)
                      0.044461    0.000000    2.028364 v _188_/B (sky130_fd_sc_hd__nand2_2)
     3    0.010610    0.106354    0.124920    2.153284 ^ _188_/Y (sky130_fd_sc_hd__nand2_2)
                                                         _084_ (net)
                      0.106354    0.000000    2.153284 ^ _198_/A2 (sky130_fd_sc_hd__o21ai_2)
     1    0.002347    0.044437    0.101440    2.254724 v _198_/Y (sky130_fd_sc_hd__o21ai_2)
                                                         _094_ (net)
                      0.044437    0.000000    2.254724 v _201_/B1 (sky130_fd_sc_hd__o22a_2)
     2    0.034808    0.219169    0.545567    2.800291 v _201_/X (sky130_fd_sc_hd__o22a_2)
                                                         result[2] (net)
                      0.219169    0.000000    2.800291 v result[2] (out)
                                              2.800291   data arrival time

                      0.000000    0.000000    0.000000   clock __VIRTUAL_CLK__ (rise edge)
                                  0.000000    0.000000   clock network delay (ideal)
                                  0.250000    0.250000   clock uncertainty
                                  0.000000    0.250000   clock reconvergence pessimism
                                 -2.000000   -1.750000   output external delay
                                             -1.750000   data required time
---------------------------------------------------------------------------------------------
                                             -1.750000   data required time
                                             -2.800291   data arrival time
---------------------------------------------------------------------------------------------
                                              4.550291   slack (MET)


Startpoint: B[1] (input port clocked by __VIRTUAL_CLK__)
Endpoint: result[1] (output port clocked by __VIRTUAL_CLK__)
Path Group: __VIRTUAL_CLK__
Path Type: min

Fanout         Cap        Slew       Delay        Time   Description
---------------------------------------------------------------------------------------------
                      0.000000    0.000000    0.000000   clock __VIRTUAL_CLK__ (rise edge)
                                  0.000000    0.000000   clock network delay (ideal)
                                  2.000000    2.000000 ^ input external delay
     4    0.017181    0.132856    0.087948    2.087948 ^ B[1] (in)
                                                         B[1] (net)
                      0.132856    0.000000    2.087948 ^ _180_/A2 (sky130_fd_sc_hd__o21a_2)
     1    0.002470    0.052989    0.237975    2.325923 ^ _180_/X (sky130_fd_sc_hd__o21a_2)
                                                         _077_ (net)
                      0.052989    0.000000    2.325923 ^ _186_/A1 (sky130_fd_sc_hd__o32a_2)
     2    0.035176    0.306637    0.490382    2.816305 ^ _186_/X (sky130_fd_sc_hd__o32a_2)
                                                         result[1] (net)
                      0.306637    0.000000    2.816305 ^ result[1] (out)
                                              2.816305   data arrival time

                      0.000000    0.000000    0.000000   clock __VIRTUAL_CLK__ (rise edge)
                                  0.000000    0.000000   clock network delay (ideal)
                                  0.250000    0.250000   clock uncertainty
                                  0.000000    0.250000   clock reconvergence pessimism
                                 -2.000000   -1.750000   output external delay
                                             -1.750000   data required time
---------------------------------------------------------------------------------------------
                                             -1.750000   data required time
                                             -2.816305   data arrival time
---------------------------------------------------------------------------------------------
                                              4.566306   slack (MET)


Startpoint: A[3] (input port clocked by __VIRTUAL_CLK__)
Endpoint: result[4] (output port clocked by __VIRTUAL_CLK__)
Path Group: __VIRTUAL_CLK__
Path Type: min

Fanout         Cap        Slew       Delay        Time   Description
---------------------------------------------------------------------------------------------
                      0.000000    0.000000    0.000000   clock __VIRTUAL_CLK__ (rise edge)
                                  0.000000    0.000000   clock network delay (ideal)
                                  2.000000    2.000000 ^ input external delay
     8    0.028057    0.208854    0.141708    2.141708 ^ A[3] (in)
                                                         A[3] (net)
                      0.208854    0.000000    2.141708 ^ _233_/A1 (sky130_fd_sc_hd__a211o_2)
     1    0.002495    0.045240    0.289598    2.431306 ^ _233_/X (sky130_fd_sc_hd__a211o_2)
                                                         _006_ (net)
                      0.045240    0.000000    2.431306 ^ _234_/A3 (sky130_fd_sc_hd__o31a_2)
     2    0.034930    0.317973    0.424909    2.856215 ^ _234_/X (sky130_fd_sc_hd__o31a_2)
                                                         result[4] (net)
                      0.317973    0.000000    2.856215 ^ result[4] (out)
                                              2.856215   data arrival time

                      0.000000    0.000000    0.000000   clock __VIRTUAL_CLK__ (rise edge)
                                  0.000000    0.000000   clock network delay (ideal)
                                  0.250000    0.250000   clock uncertainty
                                  0.000000    0.250000   clock reconvergence pessimism
                                 -2.000000   -1.750000   output external delay
                                             -1.750000   data required time
---------------------------------------------------------------------------------------------
                                             -1.750000   data required time
                                             -2.856215   data arrival time
---------------------------------------------------------------------------------------------
                                              4.606214   slack (MET)


Startpoint: B[6] (input port clocked by __VIRTUAL_CLK__)
Endpoint: result[6] (output port clocked by __VIRTUAL_CLK__)
Path Group: __VIRTUAL_CLK__
Path Type: min

Fanout         Cap        Slew       Delay        Time   Description
---------------------------------------------------------------------------------------------
                      0.000000    0.000000    0.000000   clock __VIRTUAL_CLK__ (rise edge)
                                  0.000000    0.000000   clock network delay (ideal)
                                  2.000000    2.000000 ^ input external delay
     3    0.007552    0.066570    0.040195    2.040195 ^ B[6] (in)
                                                         B[6] (net)
                      0.066570    0.000000    2.040195 ^ _251_/B (sky130_fd_sc_hd__or2_2)
     2    0.006978    0.080742    0.197658    2.237854 ^ _251_/X (sky130_fd_sc_hd__or2_2)
                                                         _022_ (net)
                      0.080742    0.000000    2.237854 ^ _130_/A2 (sky130_fd_sc_hd__a21o_2)
     1    0.001956    0.040269    0.228245    2.466098 ^ _130_/X (sky130_fd_sc_hd__a21o_2)
                                                         _032_ (net)
                      0.040269    0.000000    2.466098 ^ _136_/B2 (sky130_fd_sc_hd__o2bb2a_2)
     2    0.038023    0.335092    0.505769    2.971868 ^ _136_/X (sky130_fd_sc_hd__o2bb2a_2)
                                                         result[6] (net)
                      0.335092    0.000000    2.971868 ^ result[6] (out)
                                              2.971868   data arrival time

                      0.000000    0.000000    0.000000   clock __VIRTUAL_CLK__ (rise edge)
                                  0.000000    0.000000   clock network delay (ideal)
                                  0.250000    0.250000   clock uncertainty
                                  0.000000    0.250000   clock reconvergence pessimism
                                 -2.000000   -1.750000   output external delay
                                             -1.750000   data required time
---------------------------------------------------------------------------------------------
                                             -1.750000   data required time
                                             -2.971868   data arrival time
---------------------------------------------------------------------------------------------
                                              4.721868   slack (MET)


Startpoint: A[2] (input port clocked by __VIRTUAL_CLK__)
Endpoint: result[3] (output port clocked by __VIRTUAL_CLK__)
Path Group: __VIRTUAL_CLK__
Path Type: min

Fanout         Cap        Slew       Delay        Time   Description
---------------------------------------------------------------------------------------------
                      0.000000    0.000000    0.000000   clock __VIRTUAL_CLK__ (rise edge)
                                  0.000000    0.000000   clock network delay (ideal)
                                  2.000000    2.000000 ^ input external delay
     7    0.018771    0.143801    0.095833    2.095833 ^ A[2] (in)
                                                         A[2] (net)
                      0.143801    0.000000    2.095833 ^ _210_/A1_N (sky130_fd_sc_hd__o2bb2a_2)
     1    0.004376    0.069178    0.456160    2.551993 v _210_/X (sky130_fd_sc_hd__o2bb2a_2)
                                                         _105_ (net)
                      0.069178    0.000000    2.551993 v _212_/B (sky130_fd_sc_hd__nand3_2)
     1    0.002524    0.050460    0.097767    2.649760 ^ _212_/Y (sky130_fd_sc_hd__nand3_2)
                                                         _107_ (net)
                      0.050460    0.000000    2.649760 ^ _217_/B1 (sky130_fd_sc_hd__a211o_2)
     2    0.034807    0.268472    0.326679    2.976439 ^ _217_/X (sky130_fd_sc_hd__a211o_2)
                                                         result[3] (net)
                      0.268472    0.000000    2.976439 ^ result[3] (out)
                                              2.976439   data arrival time

                      0.000000    0.000000    0.000000   clock __VIRTUAL_CLK__ (rise edge)
                                  0.000000    0.000000   clock network delay (ideal)
                                  0.250000    0.250000   clock uncertainty
                                  0.000000    0.250000   clock reconvergence pessimism
                                 -2.000000   -1.750000   output external delay
                                             -1.750000   data required time
---------------------------------------------------------------------------------------------
                                             -1.750000   data required time
                                             -2.976439   data arrival time
---------------------------------------------------------------------------------------------
                                              4.726439   slack (MET)


Startpoint: B[7] (input port clocked by __VIRTUAL_CLK__)
Endpoint: result[7] (output port clocked by __VIRTUAL_CLK__)
Path Group: __VIRTUAL_CLK__
Path Type: min

Fanout         Cap        Slew       Delay        Time   Description
---------------------------------------------------------------------------------------------
                      0.000000    0.000000    0.000000   clock __VIRTUAL_CLK__ (rise edge)
                                  0.000000    0.000000   clock network delay (ideal)
                                  2.000000    2.000000 ^ input external delay
     3    0.007293    0.064787    0.038911    2.038911 ^ B[7] (in)
                                                         B[7] (net)
                      0.064787    0.000000    2.038911 ^ _138_/B (sky130_fd_sc_hd__nand2_2)
     3    0.009656    0.101900    0.129637    2.168548 v _138_/Y (sky130_fd_sc_hd__nand2_2)
                                                         _039_ (net)
                      0.101900    0.000000    2.168548 v _146_/B (sky130_fd_sc_hd__nor2_2)
     1    0.001734    0.087082    0.117364    2.285913 ^ _146_/Y (sky130_fd_sc_hd__nor2_2)
                                                         _047_ (net)
                      0.087082    0.000000    2.285913 ^ _149_/B (sky130_fd_sc_hd__or4_2)
     1    0.001956    0.044407    0.187886    2.473798 ^ _149_/X (sky130_fd_sc_hd__or4_2)
                                                         _050_ (net)
                      0.044407    0.000000    2.473798 ^ _150_/B2 (sky130_fd_sc_hd__o2bb2a_2)
     2    0.038051    0.335308    0.507800    2.981598 ^ _150_/X (sky130_fd_sc_hd__o2bb2a_2)
                                                         result[7] (net)
                      0.335308    0.000000    2.981598 ^ result[7] (out)
                                              2.981598   data arrival time

                      0.000000    0.000000    0.000000   clock __VIRTUAL_CLK__ (rise edge)
                                  0.000000    0.000000   clock network delay (ideal)
                                  0.250000    0.250000   clock uncertainty
                                  0.000000    0.250000   clock reconvergence pessimism
                                 -2.000000   -1.750000   output external delay
                                             -1.750000   data required time
---------------------------------------------------------------------------------------------
                                             -1.750000   data required time
                                             -2.981598   data arrival time
---------------------------------------------------------------------------------------------
                                              4.731597   slack (MET)


Startpoint: B[4] (input port clocked by __VIRTUAL_CLK__)
Endpoint: result[5] (output port clocked by __VIRTUAL_CLK__)
Path Group: __VIRTUAL_CLK__
Path Type: min

Fanout         Cap        Slew       Delay        Time   Description
---------------------------------------------------------------------------------------------
                      0.000000    0.000000    0.000000   clock __VIRTUAL_CLK__ (rise edge)
                                  0.000000    0.000000   clock network delay (ideal)
                                  2.000000    2.000000 ^ input external delay
     4    0.009880    0.082596    0.051740    2.051740 ^ B[4] (in)
                                                         B[4] (net)
                      0.082596    0.000000    2.051740 ^ _219_/B (sky130_fd_sc_hd__nand2_2)
     5    0.017331    0.162407    0.182995    2.234735 v _219_/Y (sky130_fd_sc_hd__nand2_2)
                                                         _113_ (net)
                      0.162407    0.000000    2.234735 v _240_/A1 (sky130_fd_sc_hd__a21oi_2)
     1    0.004593    0.146898    0.243500    2.478236 ^ _240_/Y (sky130_fd_sc_hd__a21oi_2)
                                                         _012_ (net)
                      0.146898    0.000000    2.478236 ^ _250_/A1 (sky130_fd_sc_hd__o211ai_2)
     2    0.037652    0.506748    0.530056    3.008291 v _250_/Y (sky130_fd_sc_hd__o211ai_2)
                                                         result[5] (net)
                      0.506748    0.000000    3.008291 v result[5] (out)
                                              3.008291   data arrival time

                      0.000000    0.000000    0.000000   clock __VIRTUAL_CLK__ (rise edge)
                                  0.000000    0.000000   clock network delay (ideal)
                                  0.250000    0.250000   clock uncertainty
                                  0.000000    0.250000   clock reconvergence pessimism
                                 -2.000000   -1.750000   output external delay
                                             -1.750000   data required time
---------------------------------------------------------------------------------------------
                                             -1.750000   data required time
                                             -3.008291   data arrival time
---------------------------------------------------------------------------------------------
                                              4.758292   slack (MET)


Startpoint: A[0] (input port clocked by __VIRTUAL_CLK__)
Endpoint: zero (output port clocked by __VIRTUAL_CLK__)
Path Group: __VIRTUAL_CLK__
Path Type: min

Fanout         Cap        Slew       Delay        Time   Description
---------------------------------------------------------------------------------------------
                      0.000000    0.000000    0.000000   clock __VIRTUAL_CLK__ (rise edge)
                                  0.000000    0.000000   clock network delay (ideal)
                                  2.000000    2.000000 v input external delay
     6    0.017879    0.080502    0.055071    2.055071 v A[0] (in)
                                                         A[0] (net)
                      0.080502    0.000000    2.055071 v _168_/B2 (sky130_fd_sc_hd__o22ai_2)
     1    0.002524    0.125268    0.132126    2.187197 ^ _168_/Y (sky130_fd_sc_hd__o22ai_2)
                                                         _066_ (net)
                      0.125268    0.000000    2.187197 ^ _170_/B1 (sky130_fd_sc_hd__a211o_2)
     2    0.034872    0.268758    0.361659    2.548856 ^ _170_/X (sky130_fd_sc_hd__a211o_2)
                                                         result[0] (net)
                      0.268758    0.000000    2.548856 ^ _151_/A (sky130_fd_sc_hd__or4_2)
     1    0.001417    0.042295    0.266829    2.815684 ^ _151_/X (sky130_fd_sc_hd__or4_2)
                                                         _051_ (net)
                      0.042295    0.000000    2.815684 ^ _152_/B (sky130_fd_sc_hd__or2_2)
     1    0.004619    0.063447    0.171127    2.986812 ^ _152_/X (sky130_fd_sc_hd__or2_2)
                                                         _052_ (net)
                      0.063447    0.000000    2.986812 ^ _153_/D (sky130_fd_sc_hd__nor4_2)
     1    0.033442    0.154064    0.152961    3.139773 v _153_/Y (sky130_fd_sc_hd__nor4_2)
                                                         zero (net)
                      0.154064    0.000000    3.139773 v zero (out)
                                              3.139773   data arrival time

                      0.000000    0.000000    0.000000   clock __VIRTUAL_CLK__ (rise edge)
                                  0.000000    0.000000   clock network delay (ideal)
                                  0.250000    0.250000   clock uncertainty
                                  0.000000    0.250000   clock reconvergence pessimism
                                 -2.000000   -1.750000   output external delay
                                             -1.750000   data required time
---------------------------------------------------------------------------------------------
                                             -1.750000   data required time
                                             -3.139773   data arrival time
---------------------------------------------------------------------------------------------
                                              4.889773   slack (MET)



%OL_END_REPORT
%OL_CREATE_REPORT max.rpt

===========================================================================
report_checks -path_delay max (Setup)
============================================================================
======================= nom_ss_100C_1v60 Corner ===================================

Startpoint: B[1] (input port clocked by __VIRTUAL_CLK__)
Endpoint: zero (output port clocked by __VIRTUAL_CLK__)
Path Group: __VIRTUAL_CLK__
Path Type: max

Fanout         Cap        Slew       Delay        Time   Description
---------------------------------------------------------------------------------------------
                      0.000000    0.000000    0.000000   clock __VIRTUAL_CLK__ (rise edge)
                                  0.000000    0.000000   clock network delay (ideal)
                                  2.000000    2.000000 ^ input external delay
     4    0.017181    0.132856    0.087948    2.087948 ^ B[1] (in)
                                                         B[1] (net)
                      0.132856    0.000000    2.087948 ^ _192_/A_N (sky130_fd_sc_hd__and2b_2)
     1    0.002258    0.067072    0.455473    2.543420 v _192_/X (sky130_fd_sc_hd__and2b_2)
                                                         _088_ (net)
                      0.067072    0.000000    2.543420 v _193_/B1 (sky130_fd_sc_hd__a21o_2)
     4    0.010052    0.092576    0.377746    2.921166 v _193_/X (sky130_fd_sc_hd__a21o_2)
                                                         _089_ (net)
                      0.092576    0.000000    2.921166 v _226_/A2 (sky130_fd_sc_hd__a311o_2)
     3    0.008766    0.125547    0.730305    3.651471 v _226_/X (sky130_fd_sc_hd__a311o_2)
                                                         _120_ (net)
                      0.125547    0.000000    3.651471 v _125_/A2 (sky130_fd_sc_hd__a311o_2)
     2    0.005534    0.110324    0.722483    4.373954 v _125_/X (sky130_fd_sc_hd__a311o_2)
                                                         _027_ (net)
                      0.110324    0.000000    4.373954 v _127_/B (sky130_fd_sc_hd__and2_2)
     3    0.010104    0.104217    0.455380    4.829333 v _127_/X (sky130_fd_sc_hd__and2_2)
                                                         _029_ (net)
                      0.104217    0.000000    4.829333 v _144_/A (sky130_fd_sc_hd__or3_2)
     1    0.001404    0.149485    1.074060    5.903394 v _144_/X (sky130_fd_sc_hd__or3_2)
                                                         _045_ (net)
                      0.149485    0.000000    5.903394 v _145_/C (sky130_fd_sc_hd__and3_2)
     1    0.001628    0.066089    0.455945    6.359339 v _145_/X (sky130_fd_sc_hd__and3_2)
                                                         _046_ (net)
                      0.066089    0.000000    6.359339 v _150_/B1 (sky130_fd_sc_hd__o2bb2a_2)
     2    0.037489    0.229197    0.697317    7.056656 v _150_/X (sky130_fd_sc_hd__o2bb2a_2)
                                                         result[7] (net)
                      0.229197    0.000000    7.056656 v _153_/C (sky130_fd_sc_hd__nor4_2)
     1    0.033442    1.365849    1.213573    8.270229 ^ _153_/Y (sky130_fd_sc_hd__nor4_2)
                                                         zero (net)
                      1.365849    0.000000    8.270229 ^ zero (out)
                                              8.270229   data arrival time

                      0.000000   10.000000   10.000000   clock __VIRTUAL_CLK__ (rise edge)
                                  0.000000   10.000000   clock network delay (ideal)
                                 -0.250000    9.750000   clock uncertainty
                                  0.000000    9.750000   clock reconvergence pessimism
                                 -2.000000    7.750000   output external delay
                                              7.750000   data required time
---------------------------------------------------------------------------------------------
                                              7.750000   data required time
                                             -8.270229   data arrival time
---------------------------------------------------------------------------------------------
                                             -0.520229   slack (VIOLATED)


Startpoint: B[1] (input port clocked by __VIRTUAL_CLK__)
Endpoint: result[7] (output port clocked by __VIRTUAL_CLK__)
Path Group: __VIRTUAL_CLK__
Path Type: max

Fanout         Cap        Slew       Delay        Time   Description
---------------------------------------------------------------------------------------------
                      0.000000    0.000000    0.000000   clock __VIRTUAL_CLK__ (rise edge)
                                  0.000000    0.000000   clock network delay (ideal)
                                  2.000000    2.000000 ^ input external delay
     4    0.017181    0.132856    0.087948    2.087948 ^ B[1] (in)
                                                         B[1] (net)
                      0.132856    0.000000    2.087948 ^ _192_/A_N (sky130_fd_sc_hd__and2b_2)
     1    0.002258    0.067072    0.455473    2.543420 v _192_/X (sky130_fd_sc_hd__and2b_2)
                                                         _088_ (net)
                      0.067072    0.000000    2.543420 v _193_/B1 (sky130_fd_sc_hd__a21o_2)
     4    0.010052    0.092576    0.377746    2.921166 v _193_/X (sky130_fd_sc_hd__a21o_2)
                                                         _089_ (net)
                      0.092576    0.000000    2.921166 v _226_/A2 (sky130_fd_sc_hd__a311o_2)
     3    0.008766    0.125547    0.730305    3.651471 v _226_/X (sky130_fd_sc_hd__a311o_2)
                                                         _120_ (net)
                      0.125547    0.000000    3.651471 v _125_/A2 (sky130_fd_sc_hd__a311o_2)
     2    0.005534    0.110324    0.722483    4.373954 v _125_/X (sky130_fd_sc_hd__a311o_2)
                                                         _027_ (net)
                      0.110324    0.000000    4.373954 v _127_/B (sky130_fd_sc_hd__and2_2)
     3    0.010104    0.104217    0.455380    4.829333 v _127_/X (sky130_fd_sc_hd__and2_2)
                                                         _029_ (net)
                      0.104217    0.000000    4.829333 v _144_/A (sky130_fd_sc_hd__or3_2)
     1    0.001404    0.149485    1.074060    5.903394 v _144_/X (sky130_fd_sc_hd__or3_2)
                                                         _045_ (net)
                      0.149485    0.000000    5.903394 v _145_/C (sky130_fd_sc_hd__and3_2)
     1    0.001628    0.066089    0.455945    6.359339 v _145_/X (sky130_fd_sc_hd__and3_2)
                                                         _046_ (net)
                      0.066089    0.000000    6.359339 v _150_/B1 (sky130_fd_sc_hd__o2bb2a_2)
     2    0.037489    0.229197    0.697317    7.056656 v _150_/X (sky130_fd_sc_hd__o2bb2a_2)
                                                         result[7] (net)
                      0.229197    0.000000    7.056656 v result[7] (out)
                                              7.056656   data arrival time

                      0.000000   10.000000   10.000000   clock __VIRTUAL_CLK__ (rise edge)
                                  0.000000   10.000000   clock network delay (ideal)
                                 -0.250000    9.750000   clock uncertainty
                                  0.000000    9.750000   clock reconvergence pessimism
                                 -2.000000    7.750000   output external delay
                                              7.750000   data required time
---------------------------------------------------------------------------------------------
                                              7.750000   data required time
                                             -7.056656   data arrival time
---------------------------------------------------------------------------------------------
                                              0.693344   slack (MET)


Startpoint: A[1] (input port clocked by __VIRTUAL_CLK__)
Endpoint: result[5] (output port clocked by __VIRTUAL_CLK__)
Path Group: __VIRTUAL_CLK__
Path Type: max

Fanout         Cap        Slew       Delay        Time   Description
---------------------------------------------------------------------------------------------
                      0.000000    0.000000    0.000000   clock __VIRTUAL_CLK__ (rise edge)
                                  0.000000    0.000000   clock network delay (ideal)
                                  2.000000    2.000000 v input external delay
     7    0.023277    0.103228    0.071532    2.071532 v A[1] (in)
                                                         A[1] (net)
                      0.103228    0.000000    2.071532 v _172_/A (sky130_fd_sc_hd__xnor2_2)
     6    0.023392    0.528091    0.510553    2.582084 ^ _172_/Y (sky130_fd_sc_hd__xnor2_2)
                                                         _069_ (net)
                      0.528091    0.000000    2.582084 ^ _193_/A1 (sky130_fd_sc_hd__a21o_2)
     4    0.010898    0.116182    0.452863    3.034947 ^ _193_/X (sky130_fd_sc_hd__a21o_2)
                                                         _089_ (net)
                      0.116182    0.000000    3.034947 ^ _226_/A2 (sky130_fd_sc_hd__a311o_2)
     3    0.009583    0.129891    0.423955    3.458902 ^ _226_/X (sky130_fd_sc_hd__a311o_2)
                                                         _120_ (net)
                      0.129891    0.000000    3.458902 ^ _227_/B (sky130_fd_sc_hd__nand2_2)
     3    0.007906    0.104332    0.143486    3.602388 v _227_/Y (sky130_fd_sc_hd__nand2_2)
                                                         _000_ (net)
                      0.104332    0.000000    3.602388 v _246_/B1 (sky130_fd_sc_hd__o211a_2)
     1    0.001582    0.063464    0.243626    3.846014 v _246_/X (sky130_fd_sc_hd__o211a_2)
                                                         _018_ (net)
                      0.063464    0.000000    3.846014 v _249_/B (sky130_fd_sc_hd__or4_2)
     1    0.004296    0.232520    1.535937    5.381951 v _249_/X (sky130_fd_sc_hd__or4_2)
                                                         _021_ (net)
                      0.232520    0.000000    5.381951 v _250_/C1 (sky130_fd_sc_hd__o211ai_2)
     2    0.038002    0.768612    0.369343    5.751294 ^ _250_/Y (sky130_fd_sc_hd__o211ai_2)
                                                         result[5] (net)
                      0.768612    0.000000    5.751294 ^ result[5] (out)
                                              5.751294   data arrival time

                      0.000000   10.000000   10.000000   clock __VIRTUAL_CLK__ (rise edge)
                                  0.000000   10.000000   clock network delay (ideal)
                                 -0.250000    9.750000   clock uncertainty
                                  0.000000    9.750000   clock reconvergence pessimism
                                 -2.000000    7.750000   output external delay
                                              7.750000   data required time
---------------------------------------------------------------------------------------------
                                              7.750000   data required time
                                             -5.751294   data arrival time
---------------------------------------------------------------------------------------------
                                              1.998706   slack (MET)


Startpoint: B[1] (input port clocked by __VIRTUAL_CLK__)
Endpoint: result[6] (output port clocked by __VIRTUAL_CLK__)
Path Group: __VIRTUAL_CLK__
Path Type: max

Fanout         Cap        Slew       Delay        Time   Description
---------------------------------------------------------------------------------------------
                      0.000000    0.000000    0.000000   clock __VIRTUAL_CLK__ (rise edge)
                                  0.000000    0.000000   clock network delay (ideal)
                                  2.000000    2.000000 ^ input external delay
     4    0.017181    0.132856    0.087948    2.087948 ^ B[1] (in)
                                                         B[1] (net)
                      0.132856    0.000000    2.087948 ^ _192_/A_N (sky130_fd_sc_hd__and2b_2)
     1    0.002258    0.067072    0.455473    2.543420 v _192_/X (sky130_fd_sc_hd__and2b_2)
                                                         _088_ (net)
                      0.067072    0.000000    2.543420 v _193_/B1 (sky130_fd_sc_hd__a21o_2)
     4    0.010052    0.092576    0.377746    2.921166 v _193_/X (sky130_fd_sc_hd__a21o_2)
                                                         _089_ (net)
                      0.092576    0.000000    2.921166 v _226_/A2 (sky130_fd_sc_hd__a311o_2)
     3    0.008766    0.125547    0.730305    3.651471 v _226_/X (sky130_fd_sc_hd__a311o_2)
                                                         _120_ (net)
                      0.125547    0.000000    3.651471 v _125_/A2 (sky130_fd_sc_hd__a311o_2)
     2    0.005534    0.110324    0.722483    4.373954 v _125_/X (sky130_fd_sc_hd__a311o_2)
                                                         _027_ (net)
                      0.110324    0.000000    4.373954 v _127_/B (sky130_fd_sc_hd__and2_2)
     3    0.010104    0.104217    0.455380    4.829333 v _127_/X (sky130_fd_sc_hd__and2_2)
                                                         _029_ (net)
                      0.104217    0.000000    4.829333 v _132_/A3 (sky130_fd_sc_hd__o31ai_2)
     1    0.001753    0.232206    0.260226    5.089559 ^ _132_/Y (sky130_fd_sc_hd__o31ai_2)
                                                         _034_ (net)
                      0.232206    0.000000    5.089559 ^ _136_/B1 (sky130_fd_sc_hd__o2bb2a_2)
     2    0.038023    0.338539    0.616349    5.705908 ^ _136_/X (sky130_fd_sc_hd__o2bb2a_2)
                                                         result[6] (net)
                      0.338539    0.000000    5.705908 ^ result[6] (out)
                                              5.705908   data arrival time

                      0.000000   10.000000   10.000000   clock __VIRTUAL_CLK__ (rise edge)
                                  0.000000   10.000000   clock network delay (ideal)
                                 -0.250000    9.750000   clock uncertainty
                                  0.000000    9.750000   clock reconvergence pessimism
                                 -2.000000    7.750000   output external delay
                                              7.750000   data required time
---------------------------------------------------------------------------------------------
                                              7.750000   data required time
                                             -5.705908   data arrival time
---------------------------------------------------------------------------------------------
                                              2.044092   slack (MET)


Startpoint: B[1] (input port clocked by __VIRTUAL_CLK__)
Endpoint: carry (output port clocked by __VIRTUAL_CLK__)
Path Group: __VIRTUAL_CLK__
Path Type: max

Fanout         Cap        Slew       Delay        Time   Description
---------------------------------------------------------------------------------------------
                      0.000000    0.000000    0.000000   clock __VIRTUAL_CLK__ (rise edge)
                                  0.000000    0.000000   clock network delay (ideal)
                                  2.000000    2.000000 ^ input external delay
     4    0.017181    0.132856    0.087948    2.087948 ^ B[1] (in)
                                                         B[1] (net)
                      0.132856    0.000000    2.087948 ^ _192_/A_N (sky130_fd_sc_hd__and2b_2)
     1    0.002258    0.067072    0.455473    2.543420 v _192_/X (sky130_fd_sc_hd__and2b_2)
                                                         _088_ (net)
                      0.067072    0.000000    2.543420 v _193_/B1 (sky130_fd_sc_hd__a21o_2)
     4    0.010052    0.092576    0.377746    2.921166 v _193_/X (sky130_fd_sc_hd__a21o_2)
                                                         _089_ (net)
                      0.092576    0.000000    2.921166 v _226_/A2 (sky130_fd_sc_hd__a311o_2)
     3    0.008766    0.125547    0.730305    3.651471 v _226_/X (sky130_fd_sc_hd__a311o_2)
                                                         _120_ (net)
                      0.125547    0.000000    3.651471 v _125_/A2 (sky130_fd_sc_hd__a311o_2)
     2    0.005534    0.110324    0.722483    4.373954 v _125_/X (sky130_fd_sc_hd__a311o_2)
                                                         _027_ (net)
                      0.110324    0.000000    4.373954 v _127_/B (sky130_fd_sc_hd__and2_2)
     3    0.010104    0.104217    0.455380    4.829333 v _127_/X (sky130_fd_sc_hd__and2_2)
                                                         _029_ (net)
                      0.104217    0.000000    4.829333 v _143_/A1 (sky130_fd_sc_hd__o21ai_2)
     2    0.003914    0.156418    0.232173    5.061507 ^ _143_/Y (sky130_fd_sc_hd__o21ai_2)
                                                         _044_ (net)
                      0.156418    0.000000    5.061507 ^ _156_/A2 (sky130_fd_sc_hd__a32o_2)
     1    0.033442    0.329767    0.595183    5.656690 ^ _156_/X (sky130_fd_sc_hd__a32o_2)
                                                         carry (net)
                      0.329767    0.000000    5.656690 ^ carry (out)
                                              5.656690   data arrival time

                      0.000000   10.000000   10.000000   clock __VIRTUAL_CLK__ (rise edge)
                                  0.000000   10.000000   clock network delay (ideal)
                                 -0.250000    9.750000   clock uncertainty
                                  0.000000    9.750000   clock reconvergence pessimism
                                 -2.000000    7.750000   output external delay
                                              7.750000   data required time
---------------------------------------------------------------------------------------------
                                              7.750000   data required time
                                             -5.656690   data arrival time
---------------------------------------------------------------------------------------------
                                              2.093310   slack (MET)


Startpoint: B[1] (input port clocked by __VIRTUAL_CLK__)
Endpoint: result[4] (output port clocked by __VIRTUAL_CLK__)
Path Group: __VIRTUAL_CLK__
Path Type: max

Fanout         Cap        Slew       Delay        Time   Description
---------------------------------------------------------------------------------------------
                      0.000000    0.000000    0.000000   clock __VIRTUAL_CLK__ (rise edge)
                                  0.000000    0.000000   clock network delay (ideal)
                                  2.000000    2.000000 ^ input external delay
     4    0.017181    0.132856    0.087948    2.087948 ^ B[1] (in)
                                                         B[1] (net)
                      0.132856    0.000000    2.087948 ^ _192_/A_N (sky130_fd_sc_hd__and2b_2)
     1    0.002258    0.067072    0.455473    2.543420 v _192_/X (sky130_fd_sc_hd__and2b_2)
                                                         _088_ (net)
                      0.067072    0.000000    2.543420 v _193_/B1 (sky130_fd_sc_hd__a21o_2)
     4    0.010052    0.092576    0.377746    2.921166 v _193_/X (sky130_fd_sc_hd__a21o_2)
                                                         _089_ (net)
                      0.092576    0.000000    2.921166 v _226_/A2 (sky130_fd_sc_hd__a311o_2)
     3    0.008766    0.125547    0.730305    3.651471 v _226_/X (sky130_fd_sc_hd__a311o_2)
                                                         _120_ (net)
                      0.125547    0.000000    3.651471 v _228_/A2 (sky130_fd_sc_hd__o21a_2)
     1    0.001353    0.051388    0.362565    4.014036 v _228_/X (sky130_fd_sc_hd__o21a_2)
                                                         _001_ (net)
                      0.051388    0.000000    4.014036 v _229_/B (sky130_fd_sc_hd__and2_2)
     1    0.002279    0.068595    0.376764    4.390800 v _229_/X (sky130_fd_sc_hd__and2_2)
                                                         _002_ (net)
                      0.068595    0.000000    4.390800 v _234_/A1 (sky130_fd_sc_hd__o31a_2)
     2    0.034811    0.224668    0.819828    5.210628 v _234_/X (sky130_fd_sc_hd__o31a_2)
                                                         result[4] (net)
                      0.224668    0.000000    5.210628 v result[4] (out)
                                              5.210628   data arrival time

                      0.000000   10.000000   10.000000   clock __VIRTUAL_CLK__ (rise edge)
                                  0.000000   10.000000   clock network delay (ideal)
                                 -0.250000    9.750000   clock uncertainty
                                  0.000000    9.750000   clock reconvergence pessimism
                                 -2.000000    7.750000   output external delay
                                              7.750000   data required time
---------------------------------------------------------------------------------------------
                                              7.750000   data required time
                                             -5.210628   data arrival time
---------------------------------------------------------------------------------------------
                                              2.539372   slack (MET)


Startpoint: opcode[1] (input port clocked by __VIRTUAL_CLK__)
Endpoint: result[1] (output port clocked by __VIRTUAL_CLK__)
Path Group: __VIRTUAL_CLK__
Path Type: max

Fanout         Cap        Slew       Delay        Time   Description
---------------------------------------------------------------------------------------------
                      0.000000    0.000000    0.000000   clock __VIRTUAL_CLK__ (rise edge)
                                  0.000000    0.000000   clock network delay (ideal)
                                  2.000000    2.000000 ^ input external delay
    11    0.029042    0.215754    0.146574    2.146574 ^ opcode[1] (in)
                                                         opcode[1] (net)
                      0.215754    0.000000    2.146574 ^ _166_/C_N (sky130_fd_sc_hd__or3b_2)
     8    0.025208    0.292917    1.276813    3.423388 v _166_/X (sky130_fd_sc_hd__or3b_2)
                                                         _064_ (net)
                      0.292917    0.000000    3.423388 v _181_/B2 (sky130_fd_sc_hd__o22a_2)
     1    0.001234    0.058195    0.421418    3.844805 v _181_/X (sky130_fd_sc_hd__o22a_2)
                                                         _078_ (net)
                      0.058195    0.000000    3.844805 v _182_/B1_N (sky130_fd_sc_hd__a21bo_2)
     1    0.002417    0.056515    0.347705    4.192511 ^ _182_/X (sky130_fd_sc_hd__a21bo_2)
                                                         _079_ (net)
                      0.056515    0.000000    4.192511 ^ _184_/C1 (sky130_fd_sc_hd__a311o_2)
     1    0.002467    0.073723    0.161091    4.353602 ^ _184_/X (sky130_fd_sc_hd__a311o_2)
                                                         _081_ (net)
                      0.073723    0.000000    4.353602 ^ _186_/A3 (sky130_fd_sc_hd__o32a_2)
     2    0.035176    0.310621    0.461750    4.815352 ^ _186_/X (sky130_fd_sc_hd__o32a_2)
                                                         result[1] (net)
                      0.310621    0.000000    4.815352 ^ result[1] (out)
                                              4.815352   data arrival time

                      0.000000   10.000000   10.000000   clock __VIRTUAL_CLK__ (rise edge)
                                  0.000000   10.000000   clock network delay (ideal)
                                 -0.250000    9.750000   clock uncertainty
                                  0.000000    9.750000   clock reconvergence pessimism
                                 -2.000000    7.750000   output external delay
                                              7.750000   data required time
---------------------------------------------------------------------------------------------
                                              7.750000   data required time
                                             -4.815352   data arrival time
---------------------------------------------------------------------------------------------
                                              2.934648   slack (MET)


Startpoint: opcode[0] (input port clocked by __VIRTUAL_CLK__)
Endpoint: result[2] (output port clocked by __VIRTUAL_CLK__)
Path Group: __VIRTUAL_CLK__
Path Type: max

Fanout         Cap        Slew       Delay        Time   Description
---------------------------------------------------------------------------------------------
                      0.000000    0.000000    0.000000   clock __VIRTUAL_CLK__ (rise edge)
                                  0.000000    0.000000   clock network delay (ideal)
                                  2.000000    2.000000 v input external delay
    11    0.026648    0.117511    0.081832    2.081832 v opcode[0] (in)
                                                         opcode[0] (net)
                      0.117511    0.000000    2.081832 v _169_/C (sky130_fd_sc_hd__and3_2)
     7    0.014730    0.128002    0.527053    2.608885 v _169_/X (sky130_fd_sc_hd__and3_2)
                                                         _067_ (net)
                      0.128002    0.000000    2.608885 v _196_/A2 (sky130_fd_sc_hd__a22o_2)
     1    0.002258    0.063850    0.479042    3.087926 v _196_/X (sky130_fd_sc_hd__a22o_2)
                                                         _092_ (net)
                      0.063850    0.000000    3.087926 v _199_/B1 (sky130_fd_sc_hd__a211o_2)
     1    0.002214    0.078430    0.558223    3.646150 v _199_/X (sky130_fd_sc_hd__a211o_2)
                                                         _095_ (net)
                      0.078430    0.000000    3.646150 v _200_/B1 (sky130_fd_sc_hd__a31o_2)
     1    0.002265    0.060453    0.383200    4.029350 v _200_/X (sky130_fd_sc_hd__a31o_2)
                                                         _096_ (net)
                      0.060453    0.000000    4.029350 v _201_/B2 (sky130_fd_sc_hd__o22a_2)
     2    0.034808    0.220241    0.520596    4.549946 v _201_/X (sky130_fd_sc_hd__o22a_2)
                                                         result[2] (net)
                      0.220241    0.000000    4.549946 v result[2] (out)
                                              4.549946   data arrival time

                      0.000000   10.000000   10.000000   clock __VIRTUAL_CLK__ (rise edge)
                                  0.000000   10.000000   clock network delay (ideal)
                                 -0.250000    9.750000   clock uncertainty
                                  0.000000    9.750000   clock reconvergence pessimism
                                 -2.000000    7.750000   output external delay
                                              7.750000   data required time
---------------------------------------------------------------------------------------------
                                              7.750000   data required time
                                             -4.549946   data arrival time
---------------------------------------------------------------------------------------------
                                              3.200054   slack (MET)


Startpoint: opcode[1] (input port clocked by __VIRTUAL_CLK__)
Endpoint: result[3] (output port clocked by __VIRTUAL_CLK__)
Path Group: __VIRTUAL_CLK__
Path Type: max

Fanout         Cap        Slew       Delay        Time   Description
---------------------------------------------------------------------------------------------
                      0.000000    0.000000    0.000000   clock __VIRTUAL_CLK__ (rise edge)
                                  0.000000    0.000000   clock network delay (ideal)
                                  2.000000    2.000000 ^ input external delay
    11    0.029042    0.215754    0.146574    2.146574 ^ opcode[1] (in)
                                                         opcode[1] (net)
                      0.215754    0.000000    2.146574 ^ _166_/C_N (sky130_fd_sc_hd__or3b_2)
     8    0.025208    0.292917    1.276813    3.423388 v _166_/X (sky130_fd_sc_hd__or3b_2)
                                                         _064_ (net)
                      0.292917    0.000000    3.423388 v _210_/B2 (sky130_fd_sc_hd__o2bb2a_2)
     1    0.004376    0.092377    0.606255    4.029643 v _210_/X (sky130_fd_sc_hd__o2bb2a_2)
                                                         _105_ (net)
                      0.092377    0.000000    4.029643 v _212_/B (sky130_fd_sc_hd__nand3_2)
     1    0.002524    0.068763    0.108443    4.138085 ^ _212_/Y (sky130_fd_sc_hd__nand3_2)
                                                         _107_ (net)
                      0.068763    0.000000    4.138085 ^ _217_/B1 (sky130_fd_sc_hd__a211o_2)
     2    0.034807    0.278593    0.335200    4.473285 ^ _217_/X (sky130_fd_sc_hd__a211o_2)
                                                         result[3] (net)
                      0.278593    0.000000    4.473285 ^ result[3] (out)
                                              4.473285   data arrival time

                      0.000000   10.000000   10.000000   clock __VIRTUAL_CLK__ (rise edge)
                                  0.000000   10.000000   clock network delay (ideal)
                                 -0.250000    9.750000   clock uncertainty
                                  0.000000    9.750000   clock reconvergence pessimism
                                 -2.000000    7.750000   output external delay
                                              7.750000   data required time
---------------------------------------------------------------------------------------------
                                              7.750000   data required time
                                             -4.473285   data arrival time
---------------------------------------------------------------------------------------------
                                              3.276715   slack (MET)


Startpoint: opcode[1] (input port clocked by __VIRTUAL_CLK__)
Endpoint: result[0] (output port clocked by __VIRTUAL_CLK__)
Path Group: __VIRTUAL_CLK__
Path Type: max

Fanout         Cap        Slew       Delay        Time   Description
---------------------------------------------------------------------------------------------
                      0.000000    0.000000    0.000000   clock __VIRTUAL_CLK__ (rise edge)
                                  0.000000    0.000000   clock network delay (ideal)
                                  2.000000    2.000000 ^ input external delay
    11    0.029042    0.215754    0.146574    2.146574 ^ opcode[1] (in)
                                                         opcode[1] (net)
                      0.215754    0.000000    2.146574 ^ _166_/C_N (sky130_fd_sc_hd__or3b_2)
     8    0.025208    0.292917    1.276813    3.423388 v _166_/X (sky130_fd_sc_hd__or3b_2)
                                                         _064_ (net)
                      0.292917    0.000000    3.423388 v _168_/A2 (sky130_fd_sc_hd__o22ai_2)
     1    0.002524    0.176958    0.296521    3.719909 ^ _168_/Y (sky130_fd_sc_hd__o22ai_2)
                                                         _066_ (net)
                      0.176958    0.000000    3.719909 ^ _170_/B1 (sky130_fd_sc_hd__a211o_2)
     2    0.034872    0.278312    0.385521    4.105430 ^ _170_/X (sky130_fd_sc_hd__a211o_2)
                                                         result[0] (net)
                      0.278312    0.000000    4.105430 ^ result[0] (out)
                                              4.105430   data arrival time

                      0.000000   10.000000   10.000000   clock __VIRTUAL_CLK__ (rise edge)
                                  0.000000   10.000000   clock network delay (ideal)
                                 -0.250000    9.750000   clock uncertainty
                                  0.000000    9.750000   clock reconvergence pessimism
                                 -2.000000    7.750000   output external delay
                                              7.750000   data required time
---------------------------------------------------------------------------------------------
                                              7.750000   data required time
                                             -4.105430   data arrival time
---------------------------------------------------------------------------------------------
                                              3.644570   slack (MET)



%OL_END_REPORT
%OL_CREATE_REPORT checks.rpt

===========================================================================
report_checks -unconstrained
===========================================================================
======================= nom_ss_100C_1v60 Corner ===================================

Startpoint: B[1] (input port clocked by __VIRTUAL_CLK__)
Endpoint: zero (output port clocked by __VIRTUAL_CLK__)
Path Group: __VIRTUAL_CLK__
Path Type: max

Fanout         Cap        Slew       Delay        Time   Description
---------------------------------------------------------------------------------------------
                      0.000000    0.000000    0.000000   clock __VIRTUAL_CLK__ (rise edge)
                                  0.000000    0.000000   clock network delay (ideal)
                                  2.000000    2.000000 ^ input external delay
     4    0.017181    0.132856    0.087948    2.087948 ^ B[1] (in)
                                                         B[1] (net)
                      0.132856    0.000000    2.087948 ^ _192_/A_N (sky130_fd_sc_hd__and2b_2)
     1    0.002258    0.067072    0.455473    2.543420 v _192_/X (sky130_fd_sc_hd__and2b_2)
                                                         _088_ (net)
                      0.067072    0.000000    2.543420 v _193_/B1 (sky130_fd_sc_hd__a21o_2)
     4    0.010052    0.092576    0.377746    2.921166 v _193_/X (sky130_fd_sc_hd__a21o_2)
                                                         _089_ (net)
                      0.092576    0.000000    2.921166 v _226_/A2 (sky130_fd_sc_hd__a311o_2)
     3    0.008766    0.125547    0.730305    3.651471 v _226_/X (sky130_fd_sc_hd__a311o_2)
                                                         _120_ (net)
                      0.125547    0.000000    3.651471 v _125_/A2 (sky130_fd_sc_hd__a311o_2)
     2    0.005534    0.110324    0.722483    4.373954 v _125_/X (sky130_fd_sc_hd__a311o_2)
                                                         _027_ (net)
                      0.110324    0.000000    4.373954 v _127_/B (sky130_fd_sc_hd__and2_2)
     3    0.010104    0.104217    0.455380    4.829333 v _127_/X (sky130_fd_sc_hd__and2_2)
                                                         _029_ (net)
                      0.104217    0.000000    4.829333 v _144_/A (sky130_fd_sc_hd__or3_2)
     1    0.001404    0.149485    1.074060    5.903394 v _144_/X (sky130_fd_sc_hd__or3_2)
                                                         _045_ (net)
                      0.149485    0.000000    5.903394 v _145_/C (sky130_fd_sc_hd__and3_2)
     1    0.001628    0.066089    0.455945    6.359339 v _145_/X (sky130_fd_sc_hd__and3_2)
                                                         _046_ (net)
                      0.066089    0.000000    6.359339 v _150_/B1 (sky130_fd_sc_hd__o2bb2a_2)
     2    0.037489    0.229197    0.697317    7.056656 v _150_/X (sky130_fd_sc_hd__o2bb2a_2)
                                                         result[7] (net)
                      0.229197    0.000000    7.056656 v _153_/C (sky130_fd_sc_hd__nor4_2)
     1    0.033442    1.365849    1.213573    8.270229 ^ _153_/Y (sky130_fd_sc_hd__nor4_2)
                                                         zero (net)
                      1.365849    0.000000    8.270229 ^ zero (out)
                                              8.270229   data arrival time

                      0.000000   10.000000   10.000000   clock __VIRTUAL_CLK__ (rise edge)
                                  0.000000   10.000000   clock network delay (ideal)
                                 -0.250000    9.750000   clock uncertainty
                                  0.000000    9.750000   clock reconvergence pessimism
                                 -2.000000    7.750000   output external delay
                                              7.750000   data required time
---------------------------------------------------------------------------------------------
                                              7.750000   data required time
                                             -8.270229   data arrival time
---------------------------------------------------------------------------------------------
                                             -0.520229   slack (VIOLATED)




===========================================================================
report_checks --slack_max -0.01
============================================================================
======================= nom_ss_100C_1v60 Corner ===================================

Startpoint: B[1] (input port clocked by __VIRTUAL_CLK__)
Endpoint: zero (output port clocked by __VIRTUAL_CLK__)
Path Group: __VIRTUAL_CLK__
Path Type: max

Fanout         Cap        Slew       Delay        Time   Description
---------------------------------------------------------------------------------------------
                      0.000000    0.000000    0.000000   clock __VIRTUAL_CLK__ (rise edge)
                                  0.000000    0.000000   clock network delay (ideal)
                                  2.000000    2.000000 ^ input external delay
     4    0.017181    0.132856    0.087948    2.087948 ^ B[1] (in)
                                                         B[1] (net)
                      0.132856    0.000000    2.087948 ^ _192_/A_N (sky130_fd_sc_hd__and2b_2)
     1    0.002258    0.067072    0.455473    2.543420 v _192_/X (sky130_fd_sc_hd__and2b_2)
                                                         _088_ (net)
                      0.067072    0.000000    2.543420 v _193_/B1 (sky130_fd_sc_hd__a21o_2)
     4    0.010052    0.092576    0.377746    2.921166 v _193_/X (sky130_fd_sc_hd__a21o_2)
                                                         _089_ (net)
                      0.092576    0.000000    2.921166 v _226_/A2 (sky130_fd_sc_hd__a311o_2)
     3    0.008766    0.125547    0.730305    3.651471 v _226_/X (sky130_fd_sc_hd__a311o_2)
                                                         _120_ (net)
                      0.125547    0.000000    3.651471 v _125_/A2 (sky130_fd_sc_hd__a311o_2)
     2    0.005534    0.110324    0.722483    4.373954 v _125_/X (sky130_fd_sc_hd__a311o_2)
                                                         _027_ (net)
                      0.110324    0.000000    4.373954 v _127_/B (sky130_fd_sc_hd__and2_2)
     3    0.010104    0.104217    0.455380    4.829333 v _127_/X (sky130_fd_sc_hd__and2_2)
                                                         _029_ (net)
                      0.104217    0.000000    4.829333 v _144_/A (sky130_fd_sc_hd__or3_2)
     1    0.001404    0.149485    1.074060    5.903394 v _144_/X (sky130_fd_sc_hd__or3_2)
                                                         _045_ (net)
                      0.149485    0.000000    5.903394 v _145_/C (sky130_fd_sc_hd__and3_2)
     1    0.001628    0.066089    0.455945    6.359339 v _145_/X (sky130_fd_sc_hd__and3_2)
                                                         _046_ (net)
                      0.066089    0.000000    6.359339 v _150_/B1 (sky130_fd_sc_hd__o2bb2a_2)
     2    0.037489    0.229197    0.697317    7.056656 v _150_/X (sky130_fd_sc_hd__o2bb2a_2)
                                                         result[7] (net)
                      0.229197    0.000000    7.056656 v _153_/C (sky130_fd_sc_hd__nor4_2)
     1    0.033442    1.365849    1.213573    8.270229 ^ _153_/Y (sky130_fd_sc_hd__nor4_2)
                                                         zero (net)
                      1.365849    0.000000    8.270229 ^ zero (out)
                                              8.270229   data arrival time

                      0.000000   10.000000   10.000000   clock __VIRTUAL_CLK__ (rise edge)
                                  0.000000   10.000000   clock network delay (ideal)
                                 -0.250000    9.750000   clock uncertainty
                                  0.000000    9.750000   clock reconvergence pessimism
                                 -2.000000    7.750000   output external delay
                                              7.750000   data required time
---------------------------------------------------------------------------------------------
                                              7.750000   data required time
                                             -8.270229   data arrival time
---------------------------------------------------------------------------------------------
                                             -0.520229   slack (VIOLATED)




===========================================================================
 report_check_types -max_slew -max_cap -max_fanout -violators
============================================================================
======================= nom_ss_100C_1v60 Corner ===================================

max slew

Pin                                        Limit        Slew       Slack
------------------------------------------------------------------------
zero                                    0.750000    1.365849   -0.615849 (VIOLATED)
_153_/Y                                 0.750000    1.365849   -0.615849 (VIOLATED)
result[5]                               0.750000    0.768612   -0.018612 (VIOLATED)
_153_/A                                 0.750000    0.768612   -0.018612 (VIOLATED)
_250_/Y                                 0.750000    0.768612   -0.018612 (VIOLATED)

max fanout

Pin                                   Limit Fanout  Slack
---------------------------------------------------------
opcode[2]                                10     12     -2 (VIOLATED)
opcode[0]                                10     11        (VIOLATED)
opcode[1]                                10     11        (VIOLATED)



===========================================================================
report_parasitic_annotation -report_unannotated
============================================================================
Found 150 unannotated drivers.
 A[0]
 A[1]
 A[2]
 A[3]
 A[4]
 A[5]
 A[6]
 A[7]
 B[0]
 B[1]
 B[2]
 B[3]
 B[4]
 B[5]
 B[6]
 B[7]
 opcode[0]
 opcode[1]
 opcode[2]
 _121_/Y
 _122_/Y
 _123_/Y
 _124_/Y
 _125_/X
 _126_/Y
 _127_/X
 _128_/X
 _129_/X
 _130_/X
 _131_/X
 _132_/Y
 _133_/X
 _134_/Y
 _135_/X
 _136_/X
 _137_/X
 _138_/Y
 _139_/Y
 _140_/Y
 _141_/X
 _142_/X
 _143_/Y
 _144_/X
 _145_/X
 _146_/Y
 _147_/X
 _148_/X
 _149_/X
 _150_/X
 _151_/X
 _152_/X
 _153_/Y
 _154_/Y
 _155_/X
 _156_/X
 _157_/Y
 _158_/Y
 _159_/Y
 _160_/Y
 _161_/Y
 _162_/Y
 _163_/X
 _164_/Y
 _165_/X
 _166_/X
 _167_/Y
 _168_/Y
 _169_/X
 _170_/X
 _171_/Y
 _172_/Y
 _173_/Y
 _174_/Y
 _175_/X
 _176_/X
 _177_/X
 _178_/Y
 _179_/X
 _180_/X
 _181_/X
 _182_/X
 _183_/X
 _184_/X
 _185_/X
 _186_/X
 _187_/X
 _188_/Y
 _189_/Y
 _190_/Y
 _191_/Y
 _192_/X
 _193_/X
 _194_/Y
 _195_/X
 _196_/X
 _197_/X
 _198_/Y
 _199_/X
 _200_/X
 _201_/X
 _202_/X
 _203_/Y
 _204_/Y
 _205_/Y
 _206_/Y
 _207_/X
 _208_/Y
 _209_/X
 _210_/X
 _211_/X
 _212_/Y
 _213_/X
 _214_/X
 _215_/X
 _216_/Y
 _217_/X
 _218_/X
 _219_/Y
 _220_/Y
 _221_/Y
 _222_/X
 _223_/Y
 _224_/X
 _225_/X
 _226_/X
 _227_/Y
 _228_/X
 _229_/X
 _230_/Y
 _231_/X
 _232_/Y
 _233_/X
 _234_/X
 _235_/Y
 _236_/Y
 _237_/X
 _238_/X
 _239_/Y
 _240_/Y
 _241_/X
 _242_/X
 _243_/X
 _244_/X
 _245_/X
 _246_/X
 _247_/Y
 _248_/X
 _249_/X
 _250_/Y
 _251_/X
Found 0 partially unannotated drivers.

===========================================================================
max slew violation count 5
%OL_METRIC_I design__max_slew_violation__count__corner:nom_ss_100C_1v60 5
max fanout violation count 3
%OL_METRIC_I design__max_fanout_violation__count__corner:nom_ss_100C_1v60 3
max cap violation count 0
%OL_METRIC_I design__max_cap_violation__count__corner:nom_ss_100C_1v60 0
============================================================================

===========================================================================
check_setup -verbose -unconstrained_endpoints -multiple_clock -no_clock -no_input_delay -loops -generated_clocks
===========================================================================
%OL_END_REPORT
%OL_CREATE_REPORT power.rpt

===========================================================================
 report_power
============================================================================
======================= nom_ss_100C_1v60 Corner ===================================

Group                    Internal    Switching      Leakage        Total
                            Power        Power        Power        Power (Watts)
------------------------------------------------------------------------
Sequential           0.000000e+00 0.000000e+00 0.000000e+00 0.000000e+00   0.0%
Combinational        2.458019e-05 2.483338e-05 6.624830e-07 5.007605e-05 100.0%
Clock                0.000000e+00 0.000000e+00 0.000000e+00 0.000000e+00   0.0%
Macro                0.000000e+00 0.000000e+00 0.000000e+00 0.000000e+00   0.0%
Pad                  0.000000e+00 0.000000e+00 0.000000e+00 0.000000e+00   0.0%
------------------------------------------------------------------------
Total                2.458019e-05 2.483338e-05 6.624830e-07 5.007605e-05 100.0%
                            49.1%        49.6%         1.3%
%OL_METRIC_F power__internal__total 2.4580187528044917e-5
%OL_METRIC_F power__switching__total 2.483337630110327e-5
%OL_METRIC_F power__leakage__total 6.624829893553397e-7
%OL_METRIC_F power__total 5.00760470458772e-5

%OL_END_REPORT
%OL_CREATE_REPORT skew.min.rpt

===========================================================================
Clock Skew (Hold)
============================================================================
%OL_METRIC_F clock__skew__worst_hold__corner:nom_ss_100C_1v60 0.0
======================= nom_ss_100C_1v60 Corner ===================================

Clock __VIRTUAL_CLK__
No launch/capture paths found.

%OL_END_REPORT
%OL_CREATE_REPORT skew.max.rpt

===========================================================================
Clock Skew (Setup)
============================================================================
%OL_METRIC_F clock__skew__worst_setup__corner:nom_ss_100C_1v60 0.0
======================= nom_ss_100C_1v60 Corner ===================================

Clock __VIRTUAL_CLK__
No launch/capture paths found.

%OL_END_REPORT
%OL_CREATE_REPORT ws.min.rpt

===========================================================================
Worst Slack (Hold)
============================================================================
%OL_METRIC_F timing__hold__ws__corner:nom_ss_100C_1v60 4.298855615380542
nom_ss_100C_1v60: 4.298855615380542
%OL_END_REPORT
%OL_CREATE_REPORT ws.max.rpt

===========================================================================
Worst Slack (Setup)
============================================================================
%OL_METRIC_F timing__setup__ws__corner:nom_ss_100C_1v60 -0.5202292077703623
nom_ss_100C_1v60: -0.5202292077703623
%OL_END_REPORT
%OL_CREATE_REPORT tns.min.rpt

===========================================================================
Total Negative Slack (Hold)
============================================================================
%OL_METRIC_F timing__hold__tns__corner:nom_ss_100C_1v60 0.0
nom_ss_100C_1v60: 0.0
%OL_END_REPORT
%OL_CREATE_REPORT tns.max.rpt

===========================================================================
Total Negative Slack (Setup)
============================================================================
%OL_METRIC_F timing__setup__tns__corner:nom_ss_100C_1v60 -0.5202292077703623
nom_ss_100C_1v60: -0.5202292077703623
%OL_END_REPORT
%OL_CREATE_REPORT wns.min.rpt

===========================================================================
Worst Negative Slack (Hold)
============================================================================
%OL_METRIC_F timing__hold__wns__corner:nom_ss_100C_1v60 0
nom_ss_100C_1v60: 0
%OL_END_REPORT
%OL_CREATE_REPORT wns.max.rpt

===========================================================================
Worst Negative Slack (Setup)
============================================================================
%OL_METRIC_F timing__setup__wns__corner:nom_ss_100C_1v60 -0.5202292077703623
nom_ss_100C_1v60: -0.5202292077703623
%OL_END_REPORT
%OL_CREATE_REPORT violator_list.rpt

===========================================================================
Violator List
============================================================================
[setup in-out] B[1] -> zero : -0.520229
%OL_METRIC_I timing__hold_vio__count__corner:nom_ss_100C_1v60 0
%OL_METRIC_F timing__hold_r2r__ws__corner:nom_ss_100C_1v60 inf
%OL_METRIC_I timing__hold_r2r_vio__count__corner:nom_ss_100C_1v60 0
%OL_METRIC_I timing__setup_vio__count__corner:nom_ss_100C_1v60 1
%OL_METRIC_F timing__setup_r2r__ws__corner:nom_ss_100C_1v60 inf
%OL_METRIC_I timing__setup_r2r_vio__count__corner:nom_ss_100C_1v60 0
%OL_END_REPORT
%OL_CREATE_REPORT unpropagated.rpt
__VIRTUAL_CLK__
%OL_END_REPORT
%OL_CREATE_REPORT clock.rpt
Clock: __VIRTUAL_CLK__
Sources: 
Generated: no
Virtual: yes
Propagated: no
Period: 10.000000

===========================================================================
report_clock_properties
============================================================================
Clock                   Period          Waveform
----------------------------------------------------
__VIRTUAL_CLK__      10.000000    0.000000  5.000000

===========================================================================
report_clock_latency
============================================================================
Clock __VIRTUAL_CLK__


===========================================================================
report_clock_min_period
============================================================================
__VIRTUAL_CLK__ period_min = 0.00 fmax = inf
%OL_END_REPORT
Writing SDF files for all corners…
