
===========================================================================
report_checks -unconstrained
===========================================================================
======================= max_ss_100C_1v60 Corner ===================================

Startpoint: A[0] (input port clocked by __VIRTUAL_CLK__)
Endpoint: zero (output port clocked by __VIRTUAL_CLK__)
Path Group: __VIRTUAL_CLK__
Path Type: max

Fanout         Cap        Slew       Delay        Time   Description
---------------------------------------------------------------------------------------------
                      0.000000    0.000000    0.000000   clock __VIRTUAL_CLK__ (rise edge)
                                  0.000000    0.000000   clock network delay (ideal)
                                  2.000000    2.000000 v input external delay
     1    0.002374    0.016843    0.007932    2.007932 v A[0] (in)
                                                         A[0] (net)
                      0.016843    0.000000    2.007932 v input1/A (sky130_fd_sc_hd__dlymetal6s2s_1)
     6    0.018413    0.196945    0.369043    2.376974 v input1/X (sky130_fd_sc_hd__dlymetal6s2s_1)
                                                         net1 (net)
                      0.196946    0.000909    2.377884 v _173_/A_N (sky130_fd_sc_hd__nand2b_1)
     3    0.012092    0.224867    0.468199    2.846083 v _173_/Y (sky130_fd_sc_hd__nand2b_1)
                                                         _070_ (net)
                      0.224869    0.001040    2.847123 v _193_/A2 (sky130_fd_sc_hd__a21o_1)
     4    0.012898    0.140355    0.460589    3.307712 v _193_/X (sky130_fd_sc_hd__a21o_1)
                                                         _089_ (net)
                      0.140358    0.000832    3.308544 v _226_/A2 (sky130_fd_sc_hd__a311o_1)
     3    0.013403    0.186213    0.722038    4.030582 v _226_/X (sky130_fd_sc_hd__a311o_1)
                                                         _120_ (net)
                      0.186218    0.001296    4.031878 v _125_/A2 (sky130_fd_sc_hd__a311o_1)
     2    0.009519    0.156060    0.703959    4.735837 v _125_/X (sky130_fd_sc_hd__a311o_1)
                                                         _027_ (net)
                      0.156060    0.000477    4.736314 v _127_/B (sky130_fd_sc_hd__and2_1)
     3    0.010505    0.130039    0.420391    5.156705 v _127_/X (sky130_fd_sc_hd__and2_1)
                                                         _029_ (net)
                      0.130039    0.000547    5.157252 v _144_/A (sky130_fd_sc_hd__or3_1)
     1    0.001988    0.126407    0.842094    5.999346 v _144_/X (sky130_fd_sc_hd__or3_1)
                                                         _045_ (net)
                      0.126407    0.000131    5.999476 v _145_/C (sky130_fd_sc_hd__and3_1)
     1    0.001526    0.060376    0.370377    6.369853 v _145_/X (sky130_fd_sc_hd__and3_1)
                                                         _046_ (net)
                      0.060376    0.000070    6.369924 v _150_/B1 (sky130_fd_sc_hd__o2bb2a_1)
     2    0.008865    0.160141    0.694121    7.064044 v _150_/X (sky130_fd_sc_hd__o2bb2a_1)
                                                         net28 (net)
                      0.160141    0.000583    7.064627 v _153_/C (sky130_fd_sc_hd__nor4_1)
     1    0.002751    0.375341    0.422239    7.486866 ^ _153_/Y (sky130_fd_sc_hd__nor4_1)
                                                         net29 (net)
                      0.375341    0.000172    7.487039 ^ output29/A (sky130_fd_sc_hd__buf_2)
     1    0.034522    0.275210    0.475030    7.962069 ^ output29/X (sky130_fd_sc_hd__buf_2)
                                                         zero (net)
                      0.275216    0.001632    7.963700 ^ zero (out)
                                              7.963700   data arrival time

                      0.000000   10.000000   10.000000   clock __VIRTUAL_CLK__ (rise edge)
                                  0.000000   10.000000   clock network delay (ideal)
                                 -0.250000    9.750000   clock uncertainty
                                  0.000000    9.750000   clock reconvergence pessimism
                                 -2.000000    7.750000   output external delay
                                              7.750000   data required time
---------------------------------------------------------------------------------------------
                                              7.750000   data required time
                                             -7.963700   data arrival time
---------------------------------------------------------------------------------------------
                                             -0.213700   slack (VIOLATED)




===========================================================================
report_checks --slack_max -0.01
============================================================================
======================= max_ss_100C_1v60 Corner ===================================

Startpoint: A[0] (input port clocked by __VIRTUAL_CLK__)
Endpoint: zero (output port clocked by __VIRTUAL_CLK__)
Path Group: __VIRTUAL_CLK__
Path Type: max

Fanout         Cap        Slew       Delay        Time   Description
---------------------------------------------------------------------------------------------
                      0.000000    0.000000    0.000000   clock __VIRTUAL_CLK__ (rise edge)
                                  0.000000    0.000000   clock network delay (ideal)
                                  2.000000    2.000000 v input external delay
     1    0.002374    0.016843    0.007932    2.007932 v A[0] (in)
                                                         A[0] (net)
                      0.016843    0.000000    2.007932 v input1/A (sky130_fd_sc_hd__dlymetal6s2s_1)
     6    0.018413    0.196945    0.369043    2.376974 v input1/X (sky130_fd_sc_hd__dlymetal6s2s_1)
                                                         net1 (net)
                      0.196946    0.000909    2.377884 v _173_/A_N (sky130_fd_sc_hd__nand2b_1)
     3    0.012092    0.224867    0.468199    2.846083 v _173_/Y (sky130_fd_sc_hd__nand2b_1)
                                                         _070_ (net)
                      0.224869    0.001040    2.847123 v _193_/A2 (sky130_fd_sc_hd__a21o_1)
     4    0.012898    0.140355    0.460589    3.307712 v _193_/X (sky130_fd_sc_hd__a21o_1)
                                                         _089_ (net)
                      0.140358    0.000832    3.308544 v _226_/A2 (sky130_fd_sc_hd__a311o_1)
     3    0.013403    0.186213    0.722038    4.030582 v _226_/X (sky130_fd_sc_hd__a311o_1)
                                                         _120_ (net)
                      0.186218    0.001296    4.031878 v _125_/A2 (sky130_fd_sc_hd__a311o_1)
     2    0.009519    0.156060    0.703959    4.735837 v _125_/X (sky130_fd_sc_hd__a311o_1)
                                                         _027_ (net)
                      0.156060    0.000477    4.736314 v _127_/B (sky130_fd_sc_hd__and2_1)
     3    0.010505    0.130039    0.420391    5.156705 v _127_/X (sky130_fd_sc_hd__and2_1)
                                                         _029_ (net)
                      0.130039    0.000547    5.157252 v _144_/A (sky130_fd_sc_hd__or3_1)
     1    0.001988    0.126407    0.842094    5.999346 v _144_/X (sky130_fd_sc_hd__or3_1)
                                                         _045_ (net)
                      0.126407    0.000131    5.999476 v _145_/C (sky130_fd_sc_hd__and3_1)
     1    0.001526    0.060376    0.370377    6.369853 v _145_/X (sky130_fd_sc_hd__and3_1)
                                                         _046_ (net)
                      0.060376    0.000070    6.369924 v _150_/B1 (sky130_fd_sc_hd__o2bb2a_1)
     2    0.008865    0.160141    0.694121    7.064044 v _150_/X (sky130_fd_sc_hd__o2bb2a_1)
                                                         net28 (net)
                      0.160141    0.000583    7.064627 v _153_/C (sky130_fd_sc_hd__nor4_1)
     1    0.002751    0.375341    0.422239    7.486866 ^ _153_/Y (sky130_fd_sc_hd__nor4_1)
                                                         net29 (net)
                      0.375341    0.000172    7.487039 ^ output29/A (sky130_fd_sc_hd__buf_2)
     1    0.034522    0.275210    0.475030    7.962069 ^ output29/X (sky130_fd_sc_hd__buf_2)
                                                         zero (net)
                      0.275216    0.001632    7.963700 ^ zero (out)
                                              7.963700   data arrival time

                      0.000000   10.000000   10.000000   clock __VIRTUAL_CLK__ (rise edge)
                                  0.000000   10.000000   clock network delay (ideal)
                                 -0.250000    9.750000   clock uncertainty
                                  0.000000    9.750000   clock reconvergence pessimism
                                 -2.000000    7.750000   output external delay
                                              7.750000   data required time
---------------------------------------------------------------------------------------------
                                              7.750000   data required time
                                             -7.963700   data arrival time
---------------------------------------------------------------------------------------------
                                             -0.213700   slack (VIOLATED)




===========================================================================
 report_check_types -max_slew -max_cap -max_fanout -violators
============================================================================
======================= max_ss_100C_1v60 Corner ===================================

max slew

Pin                                        Limit        Slew       Slack
------------------------------------------------------------------------
_228_/B1                                0.750000    0.753023   -0.003023 (VIOLATED)
_184_/A1                                0.750000    0.753023   -0.003023 (VIOLATED)
_200_/A1                                0.750000    0.753022   -0.003022 (VIOLATED)
_145_/A                                 0.750000    0.753018   -0.003018 (VIOLATED)
_156_/A1                                0.750000    0.753018   -0.003018 (VIOLATED)
_162_/Y                                 0.750000    0.753015   -0.003015 (VIOLATED)



===========================================================================
report_parasitic_annotation -report_unannotated
============================================================================
Found 0 unannotated drivers.
Found 0 partially unannotated drivers.

===========================================================================
max slew violation count 6
max fanout violation count 0
max cap violation count 0
============================================================================

===========================================================================
check_setup -verbose -unconstrained_endpoints -multiple_clock -no_clock -no_input_delay -loops -generated_clocks
===========================================================================
