Reading timing models for corner min_tt_025C_1v80…
Reading cell library for the 'min_tt_025C_1v80' corner at '/home/piyush/.volare/volare/sky130/versions/0fe599b2afb6708d281543108caf8310912f54af/sky130A/libs.ref/sky130_fd_sc_hd/lib/sky130_fd_sc_hd__tt_025C_1v80.lib'…
Reading top-level netlist at '/home/piyush/asic_projects/alu_8bit/openlane/runs/RUN_2026-08-20_15-45-02/51-openroad-fillinsertion/alu_8bit.nl.v'…
Linking design 'alu_8bit' from netlist…
Warning: /home/piyush/asic_projects/alu_8bit/openlane/runs/RUN_2026-08-20_15-45-02/51-openroad-fillinsertion/alu_8bit.nl.v line 721, module sky130_fd_sc_hd__tapvpwrvgnd_1 not found. Creating black box for TAP_TAPCELL_ROW_0_34.
Warning: /home/piyush/asic_projects/alu_8bit/openlane/runs/RUN_2026-08-20_15-45-02/51-openroad-fillinsertion/alu_8bit.nl.v line 813, module sky130_ef_sc_hd__decap_12 not found. Creating black box for FILLER_0_3.
Warning: /home/piyush/asic_projects/alu_8bit/openlane/runs/RUN_2026-08-20_15-45-02/51-openroad-fillinsertion/alu_8bit.nl.v line 815, module sky130_fd_sc_hd__fill_1 not found. Creating black box for FILLER_0_27.
Warning: /home/piyush/asic_projects/alu_8bit/openlane/runs/RUN_2026-08-20_15-45-02/51-openroad-fillinsertion/alu_8bit.nl.v line 816, module sky130_fd_sc_hd__fill_2 not found. Creating black box for FILLER_0_29.
Reading design constraints file at '/nix/store/ss2cw3sxbrwwx9jl0rrppbw4kgcmgi2n-python3-3.11.9-env/lib/python3.11/site-packages/openlane/scripts/base.sdc'…
Warning: base.sdc line 15, port '__VIRTUAL_CLK__' not found.
[INFO] Using clock __VIRTUAL_CLK__…
[INFO] Setting output delay to: 2
[INFO] Setting input delay to: 2
Warning: base.sdc line 32, port '__VIRTUAL_CLK__' not found.
[INFO] Setting load to: 0.033442
[INFO] Setting clock uncertainty to: 0.25
[INFO] Setting clock transition to: 0.1499999999999999944488848768742172978818416595458984375
Warning: base.sdc line 69, transition time can not be specified for virtual clocks.
[INFO] Setting timing derate to: 5%
Warning: base.sdc line 79, virtual clock __VIRTUAL_CLK__ can not be propagated.
Reading top-level design parasitics for the 'min_tt_025C_1v80' corner at '/home/piyush/asic_projects/alu_8bit/openlane/runs/RUN_2026-08-20_15-45-02/53-openroad-rcx/min/alu_8bit.min.spef'…
%OL_CREATE_REPORT min.rpt

===========================================================================
report_checks -path_delay min (Hold)
============================================================================
======================= min_tt_025C_1v80 Corner ===================================

Startpoint: A[7] (input port clocked by __VIRTUAL_CLK__)
Endpoint: carry (output port clocked by __VIRTUAL_CLK__)
Path Group: __VIRTUAL_CLK__
Path Type: min

Fanout         Cap        Slew       Delay        Time   Description
---------------------------------------------------------------------------------------------
                      0.000000    0.000000    0.000000   clock __VIRTUAL_CLK__ (rise edge)
                                  0.000000    0.000000   clock network delay (ideal)
                                  2.000000    2.000000 v input external delay
     1    0.002793    0.008616    0.004404    2.004404 v A[7] (in)
                                                         A[7] (net)
                      0.008616    0.000000    2.004404 v input8/A (sky130_fd_sc_hd__clkbuf_1)
     5    0.013808    0.085586    0.120864    2.125268 v input8/X (sky130_fd_sc_hd__clkbuf_1)
                                                         net8 (net)
                      0.085586    0.000139    2.125407 v _154_/B (sky130_fd_sc_hd__nand2b_1)
     1    0.002980    0.047104    0.083932    2.209339 ^ _154_/Y (sky130_fd_sc_hd__nand2b_1)
                                                         _053_ (net)
                      0.047104    0.000028    2.209367 ^ _156_/A3 (sky130_fd_sc_hd__a32o_1)
     1    0.002171    0.043342    0.149118    2.358485 ^ _156_/X (sky130_fd_sc_hd__a32o_1)
                                                         net20 (net)
                      0.043342    0.000019    2.358504 ^ output20/A (sky130_fd_sc_hd__buf_2)
     1    0.033942    0.168594    0.196596    2.555100 ^ output20/X (sky130_fd_sc_hd__buf_2)
                                                         carry (net)
                      0.168594    0.000166    2.555266 ^ carry (out)
                                              2.555266   data arrival time

                      0.000000    0.000000    0.000000   clock __VIRTUAL_CLK__ (rise edge)
                                  0.000000    0.000000   clock network delay (ideal)
                                  0.250000    0.250000   clock uncertainty
                                  0.000000    0.250000   clock reconvergence pessimism
                                 -2.000000   -1.750000   output external delay
                                             -1.750000   data required time
---------------------------------------------------------------------------------------------
                                             -1.750000   data required time
                                             -2.555266   data arrival time
---------------------------------------------------------------------------------------------
                                              4.305265   slack (MET)


Startpoint: A[1] (input port clocked by __VIRTUAL_CLK__)
Endpoint: result[0] (output port clocked by __VIRTUAL_CLK__)
Path Group: __VIRTUAL_CLK__
Path Type: min

Fanout         Cap        Slew       Delay        Time   Description
---------------------------------------------------------------------------------------------
                      0.000000    0.000000    0.000000   clock __VIRTUAL_CLK__ (rise edge)
                                  0.000000    0.000000   clock network delay (ideal)
                                  2.000000    2.000000 ^ input external delay
     1    0.002876    0.020060    0.010566    2.010566 ^ A[1] (in)
                                                         A[1] (net)
                      0.020060    0.000000    2.010566 ^ input2/A (sky130_fd_sc_hd__clkbuf_2)
     7    0.030095    0.167025    0.182961    2.193527 ^ input2/X (sky130_fd_sc_hd__clkbuf_2)
                                                         net2 (net)
                      0.167027    0.000369    2.193896 ^ _170_/A1 (sky130_fd_sc_hd__a211o_1)
     2    0.006263    0.063631    0.166320    2.360216 ^ _170_/X (sky130_fd_sc_hd__a211o_1)
                                                         net21 (net)
                      0.063631    0.000112    2.360328 ^ output21/A (sky130_fd_sc_hd__buf_2)
     1    0.034760    0.172459    0.206900    2.567228 ^ output21/X (sky130_fd_sc_hd__buf_2)
                                                         result[0] (net)
                      0.172459    0.000215    2.567443 ^ result[0] (out)
                                              2.567443   data arrival time

                      0.000000    0.000000    0.000000   clock __VIRTUAL_CLK__ (rise edge)
                                  0.000000    0.000000   clock network delay (ideal)
                                  0.250000    0.250000   clock uncertainty
                                  0.000000    0.250000   clock reconvergence pessimism
                                 -2.000000   -1.750000   output external delay
                                             -1.750000   data required time
---------------------------------------------------------------------------------------------
                                             -1.750000   data required time
                                             -2.567443   data arrival time
---------------------------------------------------------------------------------------------
                                              4.317443   slack (MET)


Startpoint: A[3] (input port clocked by __VIRTUAL_CLK__)
Endpoint: result[4] (output port clocked by __VIRTUAL_CLK__)
Path Group: __VIRTUAL_CLK__
Path Type: min

Fanout         Cap        Slew       Delay        Time   Description
---------------------------------------------------------------------------------------------
                      0.000000    0.000000    0.000000   clock __VIRTUAL_CLK__ (rise edge)
                                  0.000000    0.000000   clock network delay (ideal)
                                  2.000000    2.000000 ^ input external delay
     1    0.002844    0.019919    0.010459    2.010459 ^ A[3] (in)
                                                         A[3] (net)
                      0.019919    0.000000    2.010459 ^ input4/A (sky130_fd_sc_hd__buf_2)
     8    0.030455    0.152328    0.176039    2.186499 ^ input4/X (sky130_fd_sc_hd__buf_2)
                                                         net4 (net)
                      0.152328    0.000395    2.186894 ^ _233_/A1 (sky130_fd_sc_hd__a211o_1)
     1    0.003085    0.039975    0.142608    2.329502 ^ _233_/X (sky130_fd_sc_hd__a211o_1)
                                                         _006_ (net)
                      0.039975    0.000030    2.329531 ^ _234_/A3 (sky130_fd_sc_hd__o31a_1)
     2    0.005694    0.071209    0.126696    2.456228 ^ _234_/X (sky130_fd_sc_hd__o31a_1)
                                                         net25 (net)
                      0.071209    0.000079    2.456306 ^ output25/A (sky130_fd_sc_hd__buf_2)
     1    0.034202    0.169928    0.207756    2.664062 ^ output25/X (sky130_fd_sc_hd__buf_2)
                                                         result[4] (net)
                      0.169928    0.000333    2.664395 ^ result[4] (out)
                                              2.664395   data arrival time

                      0.000000    0.000000    0.000000   clock __VIRTUAL_CLK__ (rise edge)
                                  0.000000    0.000000   clock network delay (ideal)
                                  0.250000    0.250000   clock uncertainty
                                  0.000000    0.250000   clock reconvergence pessimism
                                 -2.000000   -1.750000   output external delay
                                             -1.750000   data required time
---------------------------------------------------------------------------------------------
                                             -1.750000   data required time
                                             -2.664395   data arrival time
---------------------------------------------------------------------------------------------
                                              4.414395   slack (MET)


Startpoint: B[4] (input port clocked by __VIRTUAL_CLK__)
Endpoint: result[5] (output port clocked by __VIRTUAL_CLK__)
Path Group: __VIRTUAL_CLK__
Path Type: min

Fanout         Cap        Slew       Delay        Time   Description
---------------------------------------------------------------------------------------------
                      0.000000    0.000000    0.000000   clock __VIRTUAL_CLK__ (rise edge)
                                  0.000000    0.000000   clock network delay (ideal)
                                  2.000000    2.000000 v input external delay
     1    0.002585    0.008136    0.004056    2.004056 v B[4] (in)
                                                         B[4] (net)
                      0.008136    0.000000    2.004056 v input13/A (sky130_fd_sc_hd__buf_1)
     4    0.011235    0.071275    0.109940    2.113996 v input13/X (sky130_fd_sc_hd__buf_1)
                                                         net13 (net)
                      0.071275    0.000130    2.114125 v _219_/B (sky130_fd_sc_hd__nand2_2)
     5    0.021629    0.119606    0.134186    2.248312 ^ _219_/Y (sky130_fd_sc_hd__nand2_2)
                                                         _113_ (net)
                      0.119607    0.000354    2.248666 ^ _241_/A1 (sky130_fd_sc_hd__a31o_1)
     1    0.002650    0.041831    0.144291    2.392956 ^ _241_/X (sky130_fd_sc_hd__a31o_1)
                                                         _013_ (net)
                      0.041831    0.000010    2.392967 ^ _250_/A2 (sky130_fd_sc_hd__o211ai_1)
     2    0.006487    0.081983    0.098681    2.491648 v _250_/Y (sky130_fd_sc_hd__o211ai_1)
                                                         net26 (net)
                      0.081983    0.000098    2.491746 v output26/A (sky130_fd_sc_hd__buf_2)
     1    0.034152    0.089092    0.196770    2.688516 v output26/X (sky130_fd_sc_hd__buf_2)
                                                         result[5] (net)
                      0.089093    0.000336    2.688852 v result[5] (out)
                                              2.688852   data arrival time

                      0.000000    0.000000    0.000000   clock __VIRTUAL_CLK__ (rise edge)
                                  0.000000    0.000000   clock network delay (ideal)
                                  0.250000    0.250000   clock uncertainty
                                  0.000000    0.250000   clock reconvergence pessimism
                                 -2.000000   -1.750000   output external delay
                                             -1.750000   data required time
---------------------------------------------------------------------------------------------
                                             -1.750000   data required time
                                             -2.688852   data arrival time
---------------------------------------------------------------------------------------------
                                              4.438852   slack (MET)


Startpoint: B[2] (input port clocked by __VIRTUAL_CLK__)
Endpoint: result[2] (output port clocked by __VIRTUAL_CLK__)
Path Group: __VIRTUAL_CLK__
Path Type: min

Fanout         Cap        Slew       Delay        Time   Description
---------------------------------------------------------------------------------------------
                      0.000000    0.000000    0.000000   clock __VIRTUAL_CLK__ (rise edge)
                                  0.000000    0.000000   clock network delay (ideal)
                                  2.000000    2.000000 v input external delay
     1    0.003050    0.009212    0.004846    2.004846 v B[2] (in)
                                                         B[2] (net)
                      0.009212    0.000000    2.004846 v input11/A (sky130_fd_sc_hd__buf_1)
     4    0.008813    0.057876    0.100175    2.105021 v input11/X (sky130_fd_sc_hd__buf_1)
                                                         net11 (net)
                      0.057876    0.000073    2.105093 v _188_/B (sky130_fd_sc_hd__nand2_1)
     3    0.011155    0.109824    0.118575    2.223668 ^ _188_/Y (sky130_fd_sc_hd__nand2_1)
                                                         _084_ (net)
                      0.109858    0.000142    2.223810 ^ _198_/A2 (sky130_fd_sc_hd__o21ai_1)
     1    0.004477    0.046271    0.078399    2.302209 v _198_/Y (sky130_fd_sc_hd__o21ai_1)
                                                         _094_ (net)
                      0.046271    0.000058    2.302266 v _201_/B1 (sky130_fd_sc_hd__o22a_1)
     2    0.007470    0.058904    0.200578    2.502845 v _201_/X (sky130_fd_sc_hd__o22a_1)
                                                         net23 (net)
                      0.058904    0.000041    2.502886 v output23/A (sky130_fd_sc_hd__buf_2)
     1    0.034136    0.088990    0.186316    2.689202 v output23/X (sky130_fd_sc_hd__buf_2)
                                                         result[2] (net)
                      0.088990    0.000243    2.689445 v result[2] (out)
                                              2.689445   data arrival time

                      0.000000    0.000000    0.000000   clock __VIRTUAL_CLK__ (rise edge)
                                  0.000000    0.000000   clock network delay (ideal)
                                  0.250000    0.250000   clock uncertainty
                                  0.000000    0.250000   clock reconvergence pessimism
                                 -2.000000   -1.750000   output external delay
                                             -1.750000   data required time
---------------------------------------------------------------------------------------------
                                             -1.750000   data required time
                                             -2.689445   data arrival time
---------------------------------------------------------------------------------------------
                                              4.439445   slack (MET)


Startpoint: B[1] (input port clocked by __VIRTUAL_CLK__)
Endpoint: result[1] (output port clocked by __VIRTUAL_CLK__)
Path Group: __VIRTUAL_CLK__
Path Type: min

Fanout         Cap        Slew       Delay        Time   Description
---------------------------------------------------------------------------------------------
                      0.000000    0.000000    0.000000   clock __VIRTUAL_CLK__ (rise edge)
                                  0.000000    0.000000   clock network delay (ideal)
                                  2.000000    2.000000 ^ input external delay
     1    0.002361    0.017874    0.008762    2.008762 ^ B[1] (in)
                                                         B[1] (net)
                      0.017874    0.000000    2.008762 ^ input10/A (sky130_fd_sc_hd__dlymetal6s2s_1)
     4    0.017648    0.192898    0.183625    2.192387 ^ input10/X (sky130_fd_sc_hd__dlymetal6s2s_1)
                                                         net10 (net)
                      0.192899    0.000205    2.192593 ^ _180_/A2 (sky130_fd_sc_hd__o21a_1)
     1    0.002847    0.041586    0.133401    2.325994 ^ _180_/X (sky130_fd_sc_hd__o21a_1)
                                                         _077_ (net)
                      0.041586    0.000026    2.326020 ^ _186_/A1 (sky130_fd_sc_hd__o32a_1)
     2    0.005979    0.074974    0.165888    2.491908 ^ _186_/X (sky130_fd_sc_hd__o32a_1)
                                                         net22 (net)
                      0.074974    0.000076    2.491983 ^ output22/A (sky130_fd_sc_hd__buf_2)
     1    0.034163    0.169736    0.209120    2.701103 ^ output22/X (sky130_fd_sc_hd__buf_2)
                                                         result[1] (net)
                      0.169736    0.000183    2.701286 ^ result[1] (out)
                                              2.701286   data arrival time

                      0.000000    0.000000    0.000000   clock __VIRTUAL_CLK__ (rise edge)
                                  0.000000    0.000000   clock network delay (ideal)
                                  0.250000    0.250000   clock uncertainty
                                  0.000000    0.250000   clock reconvergence pessimism
                                 -2.000000   -1.750000   output external delay
                                             -1.750000   data required time
---------------------------------------------------------------------------------------------
                                             -1.750000   data required time
                                             -2.701286   data arrival time
---------------------------------------------------------------------------------------------
                                              4.451286   slack (MET)


Startpoint: B[6] (input port clocked by __VIRTUAL_CLK__)
Endpoint: result[6] (output port clocked by __VIRTUAL_CLK__)
Path Group: __VIRTUAL_CLK__
Path Type: min

Fanout         Cap        Slew       Delay        Time   Description
---------------------------------------------------------------------------------------------
                      0.000000    0.000000    0.000000   clock __VIRTUAL_CLK__ (rise edge)
                                  0.000000    0.000000   clock network delay (ideal)
                                  2.000000    2.000000 ^ input external delay
     1    0.003066    0.020878    0.011235    2.011235 ^ B[6] (in)
                                                         B[6] (net)
                      0.020878    0.000000    2.011235 ^ input15/A (sky130_fd_sc_hd__clkbuf_1)
     3    0.006593    0.086253    0.102475    2.113710 ^ input15/X (sky130_fd_sc_hd__clkbuf_1)
                                                         net15 (net)
                      0.086253    0.000048    2.113759 ^ _251_/B (sky130_fd_sc_hd__or2_1)
     2    0.007989    0.084555    0.135593    2.249352 ^ _251_/X (sky130_fd_sc_hd__or2_1)
                                                         _022_ (net)
                      0.084555    0.000066    2.249418 ^ _130_/A2 (sky130_fd_sc_hd__a21o_1)
     1    0.002783    0.034687    0.114603    2.364021 ^ _130_/X (sky130_fd_sc_hd__a21o_1)
                                                         _032_ (net)
                      0.034687    0.000031    2.364052 ^ _136_/B2 (sky130_fd_sc_hd__o2bb2a_1)
     2    0.005782    0.071417    0.144200    2.508251 ^ _136_/X (sky130_fd_sc_hd__o2bb2a_1)
                                                         net27 (net)
                      0.071417    0.000073    2.508325 ^ output27/A (sky130_fd_sc_hd__buf_2)
     1    0.034456    0.171124    0.208643    2.716968 ^ output27/X (sky130_fd_sc_hd__buf_2)
                                                         result[6] (net)
                      0.171124    0.000381    2.717349 ^ result[6] (out)
                                              2.717349   data arrival time

                      0.000000    0.000000    0.000000   clock __VIRTUAL_CLK__ (rise edge)
                                  0.000000    0.000000   clock network delay (ideal)
                                  0.250000    0.250000   clock uncertainty
                                  0.000000    0.250000   clock reconvergence pessimism
                                 -2.000000   -1.750000   output external delay
                                             -1.750000   data required time
---------------------------------------------------------------------------------------------
                                             -1.750000   data required time
                                             -2.717349   data arrival time
---------------------------------------------------------------------------------------------
                                              4.467349   slack (MET)


Startpoint: opcode[1] (input port clocked by __VIRTUAL_CLK__)
Endpoint: result[3] (output port clocked by __VIRTUAL_CLK__)
Path Group: __VIRTUAL_CLK__
Path Type: min

Fanout         Cap        Slew       Delay        Time   Description
---------------------------------------------------------------------------------------------
                      0.000000    0.000000    0.000000   clock __VIRTUAL_CLK__ (rise edge)
                                  0.000000    0.000000   clock network delay (ideal)
                                  2.000000    2.000000 ^ input external delay
     1    0.003810    0.024115    0.013838    2.013838 ^ opcode[1] (in)
                                                         opcode[1] (net)
                      0.024115    0.000000    2.013838 ^ input18/A (sky130_fd_sc_hd__buf_1)
     2    0.012653    0.154756    0.151342    2.165180 ^ input18/X (sky130_fd_sc_hd__buf_1)
                                                         net18 (net)
                      0.154756    0.000120    2.165301 ^ _178_/B (sky130_fd_sc_hd__nor3_4)
     8    0.028832    0.064800    0.092775    2.258075 v _178_/Y (sky130_fd_sc_hd__nor3_4)
                                                         _075_ (net)
                      0.064802    0.000412    2.258487 v _217_/A1 (sky130_fd_sc_hd__a211o_1)
     2    0.006341    0.061045    0.278062    2.536550 v _217_/X (sky130_fd_sc_hd__a211o_1)
                                                         net24 (net)
                      0.061045    0.000038    2.536588 v output24/A (sky130_fd_sc_hd__buf_2)
     1    0.034544    0.089953    0.187906    2.724494 v output24/X (sky130_fd_sc_hd__buf_2)
                                                         result[3] (net)
                      0.089954    0.000427    2.724921 v result[3] (out)
                                              2.724921   data arrival time

                      0.000000    0.000000    0.000000   clock __VIRTUAL_CLK__ (rise edge)
                                  0.000000    0.000000   clock network delay (ideal)
                                  0.250000    0.250000   clock uncertainty
                                  0.000000    0.250000   clock reconvergence pessimism
                                 -2.000000   -1.750000   output external delay
                                             -1.750000   data required time
---------------------------------------------------------------------------------------------
                                             -1.750000   data required time
                                             -2.724921   data arrival time
---------------------------------------------------------------------------------------------
                                              4.474921   slack (MET)


Startpoint: B[6] (input port clocked by __VIRTUAL_CLK__)
Endpoint: zero (output port clocked by __VIRTUAL_CLK__)
Path Group: __VIRTUAL_CLK__
Path Type: min

Fanout         Cap        Slew       Delay        Time   Description
---------------------------------------------------------------------------------------------
                      0.000000    0.000000    0.000000   clock __VIRTUAL_CLK__ (rise edge)
                                  0.000000    0.000000   clock network delay (ideal)
                                  2.000000    2.000000 ^ input external delay
     1    0.003066    0.020878    0.011235    2.011235 ^ B[6] (in)
                                                         B[6] (net)
                      0.020878    0.000000    2.011235 ^ input15/A (sky130_fd_sc_hd__clkbuf_1)
     3    0.006593    0.086253    0.102475    2.113710 ^ input15/X (sky130_fd_sc_hd__clkbuf_1)
                                                         net15 (net)
                      0.086253    0.000048    2.113759 ^ _251_/B (sky130_fd_sc_hd__or2_1)
     2    0.007989    0.084555    0.135593    2.249352 ^ _251_/X (sky130_fd_sc_hd__or2_1)
                                                         _022_ (net)
                      0.084555    0.000066    2.249418 ^ _130_/A2 (sky130_fd_sc_hd__a21o_1)
     1    0.002783    0.034687    0.114603    2.364021 ^ _130_/X (sky130_fd_sc_hd__a21o_1)
                                                         _032_ (net)
                      0.034687    0.000031    2.364052 ^ _136_/B2 (sky130_fd_sc_hd__o2bb2a_1)
     2    0.005782    0.071417    0.144200    2.508251 ^ _136_/X (sky130_fd_sc_hd__o2bb2a_1)
                                                         net27 (net)
                      0.071417    0.000056    2.508307 ^ _153_/B (sky130_fd_sc_hd__nor4_1)
     1    0.002464    0.023318    0.052148    2.560455 v _153_/Y (sky130_fd_sc_hd__nor4_1)
                                                         net29 (net)
                      0.023318    0.000024    2.560479 v output29/A (sky130_fd_sc_hd__buf_2)
     1    0.034383    0.089787    0.171208    2.731687 v output29/X (sky130_fd_sc_hd__buf_2)
                                                         zero (net)
                      0.089787    0.000369    2.732056 v zero (out)
                                              2.732056   data arrival time

                      0.000000    0.000000    0.000000   clock __VIRTUAL_CLK__ (rise edge)
                                  0.000000    0.000000   clock network delay (ideal)
                                  0.250000    0.250000   clock uncertainty
                                  0.000000    0.250000   clock reconvergence pessimism
                                 -2.000000   -1.750000   output external delay
                                             -1.750000   data required time
---------------------------------------------------------------------------------------------
                                             -1.750000   data required time
                                             -2.732056   data arrival time
---------------------------------------------------------------------------------------------
                                              4.482056   slack (MET)


Startpoint: opcode[1] (input port clocked by __VIRTUAL_CLK__)
Endpoint: result[7] (output port clocked by __VIRTUAL_CLK__)
Path Group: __VIRTUAL_CLK__
Path Type: min

Fanout         Cap        Slew       Delay        Time   Description
---------------------------------------------------------------------------------------------
                      0.000000    0.000000    0.000000   clock __VIRTUAL_CLK__ (rise edge)
                                  0.000000    0.000000   clock network delay (ideal)
                                  2.000000    2.000000 ^ input external delay
     1    0.003810    0.024115    0.013838    2.013838 ^ opcode[1] (in)
                                                         opcode[1] (net)
                      0.024115    0.000000    2.013838 ^ input18/A (sky130_fd_sc_hd__buf_1)
     2    0.012653    0.154756    0.151342    2.165180 ^ input18/X (sky130_fd_sc_hd__buf_1)
                                                         net18 (net)
                      0.154756    0.000120    2.165301 ^ _178_/B (sky130_fd_sc_hd__nor3_4)
     8    0.028832    0.064800    0.092775    2.258075 v _178_/Y (sky130_fd_sc_hd__nor3_4)
                                                         _075_ (net)
                      0.064802    0.000454    2.258530 v _150_/A1_N (sky130_fd_sc_hd__o2bb2a_1)
     2    0.008534    0.095849    0.282304    2.540834 ^ _150_/X (sky130_fd_sc_hd__o2bb2a_1)
                                                         net28 (net)
                      0.095849    0.000042    2.540875 ^ output28/A (sky130_fd_sc_hd__buf_2)
     1    0.034143    0.169766    0.216730    2.757606 ^ output28/X (sky130_fd_sc_hd__buf_2)
                                                         result[7] (net)
                      0.169766    0.000201    2.757807 ^ result[7] (out)
                                              2.757807   data arrival time

                      0.000000    0.000000    0.000000   clock __VIRTUAL_CLK__ (rise edge)
                                  0.000000    0.000000   clock network delay (ideal)
                                  0.250000    0.250000   clock uncertainty
                                  0.000000    0.250000   clock reconvergence pessimism
                                 -2.000000   -1.750000   output external delay
                                             -1.750000   data required time
---------------------------------------------------------------------------------------------
                                             -1.750000   data required time
                                             -2.757807   data arrival time
---------------------------------------------------------------------------------------------
                                              4.507807   slack (MET)



%OL_END_REPORT
%OL_CREATE_REPORT max.rpt

===========================================================================
report_checks -path_delay max (Setup)
============================================================================
======================= min_tt_025C_1v80 Corner ===================================

Startpoint: A[0] (input port clocked by __VIRTUAL_CLK__)
Endpoint: zero (output port clocked by __VIRTUAL_CLK__)
Path Group: __VIRTUAL_CLK__
Path Type: max

Fanout         Cap        Slew       Delay        Time   Description
---------------------------------------------------------------------------------------------
                      0.000000    0.000000    0.000000   clock __VIRTUAL_CLK__ (rise edge)
                                  0.000000    0.000000   clock network delay (ideal)
                                  2.000000    2.000000 v input external delay
     1    0.002307    0.007496    0.003586    2.003586 v A[0] (in)
                                                         A[0] (net)
                      0.007496    0.000000    2.003586 v input1/A (sky130_fd_sc_hd__dlymetal6s2s_1)
     6    0.017228    0.097508    0.175388    2.178974 v input1/X (sky130_fd_sc_hd__dlymetal6s2s_1)
                                                         net1 (net)
                      0.097508    0.000210    2.179184 v _173_/A_N (sky130_fd_sc_hd__nand2b_1)
     3    0.010900    0.095871    0.206215    2.385399 v _173_/Y (sky130_fd_sc_hd__nand2b_1)
                                                         _070_ (net)
                      0.095871    0.000246    2.385645 v _193_/A2 (sky130_fd_sc_hd__a21o_1)
     4    0.012046    0.070606    0.232539    2.618184 v _193_/X (sky130_fd_sc_hd__a21o_1)
                                                         _089_ (net)
                      0.070606    0.000188    2.618372 v _226_/A2 (sky130_fd_sc_hd__a311o_1)
     3    0.012085    0.096838    0.367877    2.986249 v _226_/X (sky130_fd_sc_hd__a311o_1)
                                                         _120_ (net)
                      0.096838    0.000365    2.986614 v _125_/A2 (sky130_fd_sc_hd__a311o_1)
     2    0.008562    0.081517    0.361523    3.348137 v _125_/X (sky130_fd_sc_hd__a311o_1)
                                                         _027_ (net)
                      0.081517    0.000158    3.348295 v _127_/B (sky130_fd_sc_hd__and2_1)
     3    0.009691    0.063111    0.198151    3.546446 v _127_/X (sky130_fd_sc_hd__and2_1)
                                                         _029_ (net)
                      0.063111    0.000111    3.546557 v _144_/A (sky130_fd_sc_hd__or3_1)
     1    0.001921    0.058953    0.357413    3.903970 v _144_/X (sky130_fd_sc_hd__or3_1)
                                                         _045_ (net)
                      0.058953    0.000017    3.903987 v _145_/C (sky130_fd_sc_hd__and3_1)
     1    0.001560    0.031804    0.171172    4.075159 v _145_/X (sky130_fd_sc_hd__and3_1)
                                                         _046_ (net)
                      0.031804    0.000006    4.075165 v _150_/B1 (sky130_fd_sc_hd__o2bb2a_1)
     2    0.008027    0.077929    0.313169    4.388334 v _150_/X (sky130_fd_sc_hd__o2bb2a_1)
                                                         net28 (net)
                      0.077929    0.000117    4.388451 v _153_/C (sky130_fd_sc_hd__nor4_1)
     1    0.002624    0.214789    0.222101    4.610552 ^ _153_/Y (sky130_fd_sc_hd__nor4_1)
                                                         net29 (net)
                      0.214789    0.000026    4.610578 ^ output29/A (sky130_fd_sc_hd__buf_2)
     1    0.034383    0.171191    0.252189    4.862767 ^ output29/X (sky130_fd_sc_hd__buf_2)
                                                         zero (net)
                      0.171191    0.000369    4.863135 ^ zero (out)
                                              4.863135   data arrival time

                      0.000000   10.000000   10.000000   clock __VIRTUAL_CLK__ (rise edge)
                                  0.000000   10.000000   clock network delay (ideal)
                                 -0.250000    9.750000   clock uncertainty
                                  0.000000    9.750000   clock reconvergence pessimism
                                 -2.000000    7.750000   output external delay
                                              7.750000   data required time
---------------------------------------------------------------------------------------------
                                              7.750000   data required time
                                             -4.863135   data arrival time
---------------------------------------------------------------------------------------------
                                              2.886865   slack (MET)


Startpoint: A[0] (input port clocked by __VIRTUAL_CLK__)
Endpoint: result[7] (output port clocked by __VIRTUAL_CLK__)
Path Group: __VIRTUAL_CLK__
Path Type: max

Fanout         Cap        Slew       Delay        Time   Description
---------------------------------------------------------------------------------------------
                      0.000000    0.000000    0.000000   clock __VIRTUAL_CLK__ (rise edge)
                                  0.000000    0.000000   clock network delay (ideal)
                                  2.000000    2.000000 v input external delay
     1    0.002307    0.007496    0.003586    2.003586 v A[0] (in)
                                                         A[0] (net)
                      0.007496    0.000000    2.003586 v input1/A (sky130_fd_sc_hd__dlymetal6s2s_1)
     6    0.017228    0.097508    0.175388    2.178974 v input1/X (sky130_fd_sc_hd__dlymetal6s2s_1)
                                                         net1 (net)
                      0.097508    0.000210    2.179184 v _173_/A_N (sky130_fd_sc_hd__nand2b_1)
     3    0.010900    0.095871    0.206215    2.385399 v _173_/Y (sky130_fd_sc_hd__nand2b_1)
                                                         _070_ (net)
                      0.095871    0.000246    2.385645 v _193_/A2 (sky130_fd_sc_hd__a21o_1)
     4    0.012046    0.070606    0.232539    2.618184 v _193_/X (sky130_fd_sc_hd__a21o_1)
                                                         _089_ (net)
                      0.070606    0.000188    2.618372 v _226_/A2 (sky130_fd_sc_hd__a311o_1)
     3    0.012085    0.096838    0.367877    2.986249 v _226_/X (sky130_fd_sc_hd__a311o_1)
                                                         _120_ (net)
                      0.096838    0.000365    2.986614 v _125_/A2 (sky130_fd_sc_hd__a311o_1)
     2    0.008562    0.081517    0.361523    3.348137 v _125_/X (sky130_fd_sc_hd__a311o_1)
                                                         _027_ (net)
                      0.081517    0.000158    3.348295 v _127_/B (sky130_fd_sc_hd__and2_1)
     3    0.009691    0.063111    0.198151    3.546446 v _127_/X (sky130_fd_sc_hd__and2_1)
                                                         _029_ (net)
                      0.063111    0.000111    3.546557 v _144_/A (sky130_fd_sc_hd__or3_1)
     1    0.001921    0.058953    0.357413    3.903970 v _144_/X (sky130_fd_sc_hd__or3_1)
                                                         _045_ (net)
                      0.058953    0.000017    3.903987 v _145_/C (sky130_fd_sc_hd__and3_1)
     1    0.001560    0.031804    0.171172    4.075159 v _145_/X (sky130_fd_sc_hd__and3_1)
                                                         _046_ (net)
                      0.031804    0.000006    4.075165 v _150_/B1 (sky130_fd_sc_hd__o2bb2a_1)
     2    0.008027    0.077929    0.313169    4.388334 v _150_/X (sky130_fd_sc_hd__o2bb2a_1)
                                                         net28 (net)
                      0.077929    0.000039    4.388373 v output28/A (sky130_fd_sc_hd__buf_2)
     1    0.034143    0.089004    0.195016    4.583389 v output28/X (sky130_fd_sc_hd__buf_2)
                                                         result[7] (net)
                      0.089004    0.000201    4.583591 v result[7] (out)
                                              4.583591   data arrival time

                      0.000000   10.000000   10.000000   clock __VIRTUAL_CLK__ (rise edge)
                                  0.000000   10.000000   clock network delay (ideal)
                                 -0.250000    9.750000   clock uncertainty
                                  0.000000    9.750000   clock reconvergence pessimism
                                 -2.000000    7.750000   output external delay
                                              7.750000   data required time
---------------------------------------------------------------------------------------------
                                              7.750000   data required time
                                             -4.583591   data arrival time
---------------------------------------------------------------------------------------------
                                              3.166409   slack (MET)


Startpoint: A[0] (input port clocked by __VIRTUAL_CLK__)
Endpoint: result[6] (output port clocked by __VIRTUAL_CLK__)
Path Group: __VIRTUAL_CLK__
Path Type: max

Fanout         Cap        Slew       Delay        Time   Description
---------------------------------------------------------------------------------------------
                      0.000000    0.000000    0.000000   clock __VIRTUAL_CLK__ (rise edge)
                                  0.000000    0.000000   clock network delay (ideal)
                                  2.000000    2.000000 v input external delay
     1    0.002307    0.007496    0.003586    2.003586 v A[0] (in)
                                                         A[0] (net)
                      0.007496    0.000000    2.003586 v input1/A (sky130_fd_sc_hd__dlymetal6s2s_1)
     6    0.017228    0.097508    0.175388    2.178974 v input1/X (sky130_fd_sc_hd__dlymetal6s2s_1)
                                                         net1 (net)
                      0.097508    0.000210    2.179184 v _173_/A_N (sky130_fd_sc_hd__nand2b_1)
     3    0.010900    0.095871    0.206215    2.385399 v _173_/Y (sky130_fd_sc_hd__nand2b_1)
                                                         _070_ (net)
                      0.095871    0.000246    2.385645 v _193_/A2 (sky130_fd_sc_hd__a21o_1)
     4    0.012046    0.070606    0.232539    2.618184 v _193_/X (sky130_fd_sc_hd__a21o_1)
                                                         _089_ (net)
                      0.070606    0.000188    2.618372 v _226_/A2 (sky130_fd_sc_hd__a311o_1)
     3    0.012085    0.096838    0.367877    2.986249 v _226_/X (sky130_fd_sc_hd__a311o_1)
                                                         _120_ (net)
                      0.096838    0.000365    2.986614 v _125_/A2 (sky130_fd_sc_hd__a311o_1)
     2    0.008562    0.081517    0.361523    3.348137 v _125_/X (sky130_fd_sc_hd__a311o_1)
                                                         _027_ (net)
                      0.081517    0.000158    3.348295 v _127_/B (sky130_fd_sc_hd__and2_1)
     3    0.009691    0.063111    0.198151    3.546446 v _127_/X (sky130_fd_sc_hd__and2_1)
                                                         _029_ (net)
                      0.063111    0.000164    3.546610 v _132_/A3 (sky130_fd_sc_hd__o31ai_1)
     1    0.002167    0.173261    0.178057    3.724667 ^ _132_/Y (sky130_fd_sc_hd__o31ai_1)
                                                         _034_ (net)
                      0.173261    0.000021    3.724689 ^ _136_/B1 (sky130_fd_sc_hd__o2bb2a_1)
     2    0.005782    0.073239    0.192502    3.917191 ^ _136_/X (sky130_fd_sc_hd__o2bb2a_1)
                                                         net27 (net)
                      0.073239    0.000073    3.917264 ^ output27/A (sky130_fd_sc_hd__buf_2)
     1    0.034456    0.171135    0.209315    4.126579 ^ output27/X (sky130_fd_sc_hd__buf_2)
                                                         result[6] (net)
                      0.171135    0.000381    4.126960 ^ result[6] (out)
                                              4.126960   data arrival time

                      0.000000   10.000000   10.000000   clock __VIRTUAL_CLK__ (rise edge)
                                  0.000000   10.000000   clock network delay (ideal)
                                 -0.250000    9.750000   clock uncertainty
                                  0.000000    9.750000   clock reconvergence pessimism
                                 -2.000000    7.750000   output external delay
                                              7.750000   data required time
---------------------------------------------------------------------------------------------
                                              7.750000   data required time
                                             -4.126960   data arrival time
---------------------------------------------------------------------------------------------
                                              3.623040   slack (MET)


Startpoint: A[0] (input port clocked by __VIRTUAL_CLK__)
Endpoint: carry (output port clocked by __VIRTUAL_CLK__)
Path Group: __VIRTUAL_CLK__
Path Type: max

Fanout         Cap        Slew       Delay        Time   Description
---------------------------------------------------------------------------------------------
                      0.000000    0.000000    0.000000   clock __VIRTUAL_CLK__ (rise edge)
                                  0.000000    0.000000   clock network delay (ideal)
                                  2.000000    2.000000 v input external delay
     1    0.002307    0.007496    0.003586    2.003586 v A[0] (in)
                                                         A[0] (net)
                      0.007496    0.000000    2.003586 v input1/A (sky130_fd_sc_hd__dlymetal6s2s_1)
     6    0.017228    0.097508    0.175388    2.178974 v input1/X (sky130_fd_sc_hd__dlymetal6s2s_1)
                                                         net1 (net)
                      0.097508    0.000210    2.179184 v _173_/A_N (sky130_fd_sc_hd__nand2b_1)
     3    0.010900    0.095871    0.206215    2.385399 v _173_/Y (sky130_fd_sc_hd__nand2b_1)
                                                         _070_ (net)
                      0.095871    0.000246    2.385645 v _193_/A2 (sky130_fd_sc_hd__a21o_1)
     4    0.012046    0.070606    0.232539    2.618184 v _193_/X (sky130_fd_sc_hd__a21o_1)
                                                         _089_ (net)
                      0.070606    0.000188    2.618372 v _226_/A2 (sky130_fd_sc_hd__a311o_1)
     3    0.012085    0.096838    0.367877    2.986249 v _226_/X (sky130_fd_sc_hd__a311o_1)
                                                         _120_ (net)
                      0.096838    0.000365    2.986614 v _125_/A2 (sky130_fd_sc_hd__a311o_1)
     2    0.008562    0.081517    0.361523    3.348137 v _125_/X (sky130_fd_sc_hd__a311o_1)
                                                         _027_ (net)
                      0.081517    0.000158    3.348295 v _127_/B (sky130_fd_sc_hd__and2_1)
     3    0.009691    0.063111    0.198151    3.546446 v _127_/X (sky130_fd_sc_hd__and2_1)
                                                         _029_ (net)
                      0.063111    0.000144    3.546591 v _143_/A1 (sky130_fd_sc_hd__o21ai_1)
     2    0.006420    0.158760    0.178364    3.724954 ^ _143_/Y (sky130_fd_sc_hd__o21ai_1)
                                                         _044_ (net)
                      0.158760    0.000084    3.725038 ^ _156_/A2 (sky130_fd_sc_hd__a32o_1)
     1    0.002171    0.050596    0.175413    3.900452 ^ _156_/X (sky130_fd_sc_hd__a32o_1)
                                                         net20 (net)
                      0.050596    0.000019    3.900471 ^ output20/A (sky130_fd_sc_hd__buf_2)
     1    0.033942    0.168579    0.199376    4.099847 ^ output20/X (sky130_fd_sc_hd__buf_2)
                                                         carry (net)
                      0.168579    0.000166    4.100012 ^ carry (out)
                                              4.100012   data arrival time

                      0.000000   10.000000   10.000000   clock __VIRTUAL_CLK__ (rise edge)
                                  0.000000   10.000000   clock network delay (ideal)
                                 -0.250000    9.750000   clock uncertainty
                                  0.000000    9.750000   clock reconvergence pessimism
                                 -2.000000    7.750000   output external delay
                                              7.750000   data required time
---------------------------------------------------------------------------------------------
                                              7.750000   data required time
                                             -4.100012   data arrival time
---------------------------------------------------------------------------------------------
                                              3.649987   slack (MET)


Startpoint: A[1] (input port clocked by __VIRTUAL_CLK__)
Endpoint: result[5] (output port clocked by __VIRTUAL_CLK__)
Path Group: __VIRTUAL_CLK__
Path Type: max

Fanout         Cap        Slew       Delay        Time   Description
---------------------------------------------------------------------------------------------
                      0.000000    0.000000    0.000000   clock __VIRTUAL_CLK__ (rise edge)
                                  0.000000    0.000000   clock network delay (ideal)
                                  2.000000    2.000000 v input external delay
     1    0.002646    0.008277    0.004159    2.004159 v A[1] (in)
                                                         A[1] (net)
                      0.008277    0.000000    2.004159 v input2/A (sky130_fd_sc_hd__clkbuf_2)
     7    0.028158    0.110694    0.156152    2.160311 v input2/X (sky130_fd_sc_hd__clkbuf_2)
                                                         net2 (net)
                      0.110694    0.000114    2.160425 v _172_/A (sky130_fd_sc_hd__xnor2_2)
     6    0.017743    0.272675    0.285329    2.445755 ^ _172_/Y (sky130_fd_sc_hd__xnor2_2)
                                                         _069_ (net)
                      0.272675    0.000095    2.445850 ^ _193_/A1 (sky130_fd_sc_hd__a21o_1)
     4    0.012810    0.118889    0.214331    2.660181 ^ _193_/X (sky130_fd_sc_hd__a21o_1)
                                                         _089_ (net)
                      0.118889    0.000200    2.660381 ^ _226_/A2 (sky130_fd_sc_hd__a311o_1)
     3    0.012788    0.150175    0.250044    2.910425 ^ _226_/X (sky130_fd_sc_hd__a311o_1)
                                                         _120_ (net)
                      0.150175    0.000362    2.910788 ^ _227_/B (sky130_fd_sc_hd__nand2_1)
     3    0.007113    0.070617    0.099077    3.009865 v _227_/Y (sky130_fd_sc_hd__nand2_1)
                                                         _000_ (net)
                      0.070617    0.000036    3.009901 v _246_/B1 (sky130_fd_sc_hd__o211a_1)
     1    0.002636    0.037560    0.129768    3.139669 v _246_/X (sky130_fd_sc_hd__o211a_1)
                                                         _018_ (net)
                      0.037560    0.000027    3.139695 v _249_/B (sky130_fd_sc_hd__or4_1)
     1    0.003325    0.087159    0.499285    3.638981 v _249_/X (sky130_fd_sc_hd__or4_1)
                                                         _021_ (net)
                      0.087159    0.000039    3.639020 v _250_/C1 (sky130_fd_sc_hd__o211ai_1)
     2    0.006836    0.214068    0.126185    3.765205 ^ _250_/Y (sky130_fd_sc_hd__o211ai_1)
                                                         net26 (net)
                      0.214068    0.000104    3.765310 ^ output26/A (sky130_fd_sc_hd__buf_2)
     1    0.034152    0.170114    0.251249    4.016559 ^ output26/X (sky130_fd_sc_hd__buf_2)
                                                         result[5] (net)
                      0.170114    0.000336    4.016895 ^ result[5] (out)
                                              4.016895   data arrival time

                      0.000000   10.000000   10.000000   clock __VIRTUAL_CLK__ (rise edge)
                                  0.000000   10.000000   clock network delay (ideal)
                                 -0.250000    9.750000   clock uncertainty
                                  0.000000    9.750000   clock reconvergence pessimism
                                 -2.000000    7.750000   output external delay
                                              7.750000   data required time
---------------------------------------------------------------------------------------------
                                              7.750000   data required time
                                             -4.016895   data arrival time
---------------------------------------------------------------------------------------------
                                              3.733105   slack (MET)


Startpoint: A[0] (input port clocked by __VIRTUAL_CLK__)
Endpoint: result[4] (output port clocked by __VIRTUAL_CLK__)
Path Group: __VIRTUAL_CLK__
Path Type: max

Fanout         Cap        Slew       Delay        Time   Description
---------------------------------------------------------------------------------------------
                      0.000000    0.000000    0.000000   clock __VIRTUAL_CLK__ (rise edge)
                                  0.000000    0.000000   clock network delay (ideal)
                                  2.000000    2.000000 v input external delay
     1    0.002307    0.007496    0.003586    2.003586 v A[0] (in)
                                                         A[0] (net)
                      0.007496    0.000000    2.003586 v input1/A (sky130_fd_sc_hd__dlymetal6s2s_1)
     6    0.017228    0.097508    0.175388    2.178974 v input1/X (sky130_fd_sc_hd__dlymetal6s2s_1)
                                                         net1 (net)
                      0.097508    0.000210    2.179184 v _173_/A_N (sky130_fd_sc_hd__nand2b_1)
     3    0.010900    0.095871    0.206215    2.385399 v _173_/Y (sky130_fd_sc_hd__nand2b_1)
                                                         _070_ (net)
                      0.095871    0.000246    2.385645 v _193_/A2 (sky130_fd_sc_hd__a21o_1)
     4    0.012046    0.070606    0.232539    2.618184 v _193_/X (sky130_fd_sc_hd__a21o_1)
                                                         _089_ (net)
                      0.070606    0.000188    2.618372 v _226_/A2 (sky130_fd_sc_hd__a311o_1)
     3    0.012085    0.096838    0.367877    2.986249 v _226_/X (sky130_fd_sc_hd__a311o_1)
                                                         _120_ (net)
                      0.096838    0.000292    2.986541 v _228_/A2 (sky130_fd_sc_hd__o21a_1)
     1    0.001883    0.030491    0.176824    3.163365 v _228_/X (sky130_fd_sc_hd__o21a_1)
                                                         _001_ (net)
                      0.030491    0.000016    3.163382 v _229_/B (sky130_fd_sc_hd__and2_1)
     1    0.003986    0.039919    0.149913    3.313295 v _229_/X (sky130_fd_sc_hd__and2_1)
                                                         _002_ (net)
                      0.039919    0.000057    3.313351 v _234_/A1 (sky130_fd_sc_hd__o31a_1)
     2    0.005390    0.058602    0.301104    3.614456 v _234_/X (sky130_fd_sc_hd__o31a_1)
                                                         net25 (net)
                      0.058602    0.000074    3.614530 v output25/A (sky130_fd_sc_hd__buf_2)
     1    0.034202    0.089174    0.186230    3.800760 v output25/X (sky130_fd_sc_hd__buf_2)
                                                         result[4] (net)
                      0.089174    0.000333    3.801093 v result[4] (out)
                                              3.801093   data arrival time

                      0.000000   10.000000   10.000000   clock __VIRTUAL_CLK__ (rise edge)
                                  0.000000   10.000000   clock network delay (ideal)
                                 -0.250000    9.750000   clock uncertainty
                                  0.000000    9.750000   clock reconvergence pessimism
                                 -2.000000    7.750000   output external delay
                                              7.750000   data required time
---------------------------------------------------------------------------------------------
                                              7.750000   data required time
                                             -3.801093   data arrival time
---------------------------------------------------------------------------------------------
                                              3.948907   slack (MET)


Startpoint: opcode[2] (input port clocked by __VIRTUAL_CLK__)
Endpoint: result[1] (output port clocked by __VIRTUAL_CLK__)
Path Group: __VIRTUAL_CLK__
Path Type: max

Fanout         Cap        Slew       Delay        Time   Description
---------------------------------------------------------------------------------------------
                      0.000000    0.000000    0.000000   clock __VIRTUAL_CLK__ (rise edge)
                                  0.000000    0.000000   clock network delay (ideal)
                                  2.000000    2.000000 ^ input external delay
     1    0.003351    0.022116    0.012225    2.012225 ^ opcode[2] (in)
                                                         opcode[2] (net)
                      0.022116    0.000000    2.012225 ^ input19/A (sky130_fd_sc_hd__buf_1)
     3    0.014397    0.174553    0.164324    2.176550 ^ input19/X (sky130_fd_sc_hd__buf_1)
                                                         net19 (net)
                      0.174553    0.000085    2.176635 ^ fanout30/A (sky130_fd_sc_hd__buf_2)
    10    0.038562    0.190288    0.255138    2.431773 ^ fanout30/X (sky130_fd_sc_hd__buf_2)
                                                         net30 (net)
                      0.190288    0.000358    2.432131 ^ _166_/A (sky130_fd_sc_hd__or3b_4)
     8    0.026661    0.099423    0.214634    2.646765 ^ _166_/X (sky130_fd_sc_hd__or3b_4)
                                                         _064_ (net)
                      0.099424    0.000548    2.647313 ^ _181_/B2 (sky130_fd_sc_hd__o22a_1)
     1    0.002262    0.038466    0.121670    2.768984 ^ _181_/X (sky130_fd_sc_hd__o22a_1)
                                                         _078_ (net)
                      0.038466    0.000020    2.769004 ^ _182_/B1_N (sky130_fd_sc_hd__a21bo_1)
     1    0.002723    0.033879    0.185576    2.954580 v _182_/X (sky130_fd_sc_hd__a21bo_1)
                                                         _079_ (net)
                      0.033879    0.000027    2.954607 v _184_/C1 (sky130_fd_sc_hd__a311o_1)
     1    0.002474    0.052318    0.257754    3.212361 v _184_/X (sky130_fd_sc_hd__a311o_1)
                                                         _081_ (net)
                      0.052318    0.000013    3.212373 v _186_/A3 (sky130_fd_sc_hd__o32a_1)
     2    0.005624    0.064654    0.299013    3.511387 v _186_/X (sky130_fd_sc_hd__o32a_1)
                                                         net22 (net)
                      0.064654    0.000071    3.511458 v output22/A (sky130_fd_sc_hd__buf_2)
     1    0.034163    0.089026    0.189031    3.700489 v output22/X (sky130_fd_sc_hd__buf_2)
                                                         result[1] (net)
                      0.089026    0.000183    3.700671 v result[1] (out)
                                              3.700671   data arrival time

                      0.000000   10.000000   10.000000   clock __VIRTUAL_CLK__ (rise edge)
                                  0.000000   10.000000   clock network delay (ideal)
                                 -0.250000    9.750000   clock uncertainty
                                  0.000000    9.750000   clock reconvergence pessimism
                                 -2.000000    7.750000   output external delay
                                              7.750000   data required time
---------------------------------------------------------------------------------------------
                                              7.750000   data required time
                                             -3.700671   data arrival time
---------------------------------------------------------------------------------------------
                                              4.049328   slack (MET)


Startpoint: opcode[0] (input port clocked by __VIRTUAL_CLK__)
Endpoint: result[2] (output port clocked by __VIRTUAL_CLK__)
Path Group: __VIRTUAL_CLK__
Path Type: max

Fanout         Cap        Slew       Delay        Time   Description
---------------------------------------------------------------------------------------------
                      0.000000    0.000000    0.000000   clock __VIRTUAL_CLK__ (rise edge)
                                  0.000000    0.000000   clock network delay (ideal)
                                  2.000000    2.000000 ^ input external delay
     1    0.004074    0.025259    0.014755    2.014755 ^ opcode[0] (in)
                                                         opcode[0] (net)
                      0.025259    0.000000    2.014755 ^ input17/A (sky130_fd_sc_hd__buf_1)
     2    0.013229    0.161330    0.156253    2.171009 ^ input17/X (sky130_fd_sc_hd__buf_1)
                                                         net17 (net)
                      0.161330    0.000168    2.171177 ^ fanout32/A (sky130_fd_sc_hd__buf_2)
    10    0.032730    0.163465    0.232165    2.403342 ^ fanout32/X (sky130_fd_sc_hd__buf_2)
                                                         net32 (net)
                      0.163465    0.000525    2.403867 ^ _177_/A_N (sky130_fd_sc_hd__and3b_1)
     7    0.020700    0.112031    0.269369    2.673236 v _177_/X (sky130_fd_sc_hd__and3b_1)
                                                         _074_ (net)
                      0.112031    0.000227    2.673463 v _196_/B1 (sky130_fd_sc_hd__a22o_1)
     1    0.003560    0.044033    0.203267    2.876730 v _196_/X (sky130_fd_sc_hd__a22o_1)
                                                         _092_ (net)
                      0.044033    0.000046    2.876776 v _199_/B1 (sky130_fd_sc_hd__a211o_1)
     1    0.002823    0.047185    0.259680    3.136456 v _199_/X (sky130_fd_sc_hd__a211o_1)
                                                         _095_ (net)
                      0.047185    0.000018    3.136474 v _200_/B1 (sky130_fd_sc_hd__a31o_1)
     1    0.002678    0.036088    0.178360    3.314835 v _200_/X (sky130_fd_sc_hd__a31o_1)
                                                         _096_ (net)
                      0.036088    0.000014    3.314848 v _201_/B2 (sky130_fd_sc_hd__o22a_1)
     2    0.007470    0.068173    0.178429    3.493278 v _201_/X (sky130_fd_sc_hd__o22a_1)
                                                         net23 (net)
                      0.068173    0.000041    3.493318 v output23/A (sky130_fd_sc_hd__buf_2)
     1    0.034136    0.088999    0.190532    3.683851 v output23/X (sky130_fd_sc_hd__buf_2)
                                                         result[2] (net)
                      0.088999    0.000243    3.684093 v result[2] (out)
                                              3.684093   data arrival time

                      0.000000   10.000000   10.000000   clock __VIRTUAL_CLK__ (rise edge)
                                  0.000000   10.000000   clock network delay (ideal)
                                 -0.250000    9.750000   clock uncertainty
                                  0.000000    9.750000   clock reconvergence pessimism
                                 -2.000000    7.750000   output external delay
                                              7.750000   data required time
---------------------------------------------------------------------------------------------
                                              7.750000   data required time
                                             -3.684093   data arrival time
---------------------------------------------------------------------------------------------
                                              4.065907   slack (MET)


Startpoint: opcode[0] (input port clocked by __VIRTUAL_CLK__)
Endpoint: result[3] (output port clocked by __VIRTUAL_CLK__)
Path Group: __VIRTUAL_CLK__
Path Type: max

Fanout         Cap        Slew       Delay        Time   Description
---------------------------------------------------------------------------------------------
                      0.000000    0.000000    0.000000   clock __VIRTUAL_CLK__ (rise edge)
                                  0.000000    0.000000   clock network delay (ideal)
                                  2.000000    2.000000 ^ input external delay
     1    0.004074    0.025259    0.014755    2.014755 ^ opcode[0] (in)
                                                         opcode[0] (net)
                      0.025259    0.000000    2.014755 ^ input17/A (sky130_fd_sc_hd__buf_1)
     2    0.013229    0.161330    0.156253    2.171009 ^ input17/X (sky130_fd_sc_hd__buf_1)
                                                         net17 (net)
                      0.161330    0.000168    2.171177 ^ fanout32/A (sky130_fd_sc_hd__buf_2)
    10    0.032730    0.163465    0.232165    2.403342 ^ fanout32/X (sky130_fd_sc_hd__buf_2)
                                                         net32 (net)
                      0.163465    0.000547    2.403889 ^ _163_/C_N (sky130_fd_sc_hd__or3b_2)
     3    0.015535    0.116382    0.522189    2.926078 v _163_/X (sky130_fd_sc_hd__or3b_2)
                                                         _061_ (net)
                      0.116382    0.000150    2.926228 v _215_/B1 (sky130_fd_sc_hd__a31o_1)
     1    0.003143    0.038631    0.208290    3.134518 v _215_/X (sky130_fd_sc_hd__a31o_1)
                                                         _110_ (net)
                      0.038631    0.000035    3.134553 v _216_/C (sky130_fd_sc_hd__nor3_1)
     1    0.004030    0.176107    0.149190    3.283743 ^ _216_/Y (sky130_fd_sc_hd__nor3_1)
                                                         _111_ (net)
                      0.176107    0.000057    3.283800 ^ _217_/C1 (sky130_fd_sc_hd__a211o_1)
     2    0.006685    0.072268    0.143678    3.427478 ^ _217_/X (sky130_fd_sc_hd__a211o_1)
                                                         net24 (net)
                      0.072268    0.000041    3.427519 ^ output24/A (sky130_fd_sc_hd__buf_2)
     1    0.034544    0.171549    0.209217    3.636736 ^ output24/X (sky130_fd_sc_hd__buf_2)
                                                         result[3] (net)
                      0.171549    0.000427    3.637163 ^ result[3] (out)
                                              3.637163   data arrival time

                      0.000000   10.000000   10.000000   clock __VIRTUAL_CLK__ (rise edge)
                                  0.000000   10.000000   clock network delay (ideal)
                                 -0.250000    9.750000   clock uncertainty
                                  0.000000    9.750000   clock reconvergence pessimism
                                 -2.000000    7.750000   output external delay
                                              7.750000   data required time
---------------------------------------------------------------------------------------------
                                              7.750000   data required time
                                             -3.637163   data arrival time
---------------------------------------------------------------------------------------------
                                              4.112837   slack (MET)


Startpoint: opcode[1] (input port clocked by __VIRTUAL_CLK__)
Endpoint: result[0] (output port clocked by __VIRTUAL_CLK__)
Path Group: __VIRTUAL_CLK__
Path Type: max

Fanout         Cap        Slew       Delay        Time   Description
---------------------------------------------------------------------------------------------
                      0.000000    0.000000    0.000000   clock __VIRTUAL_CLK__ (rise edge)
                                  0.000000    0.000000   clock network delay (ideal)
                                  2.000000    2.000000 ^ input external delay
     1    0.003810    0.024115    0.013838    2.013838 ^ opcode[1] (in)
                                                         opcode[1] (net)
                      0.024115    0.000000    2.013838 ^ input18/A (sky130_fd_sc_hd__buf_1)
     2    0.012653    0.154756    0.151342    2.165180 ^ input18/X (sky130_fd_sc_hd__buf_1)
                                                         net18 (net)
                      0.154756    0.000071    2.165251 ^ fanout31/A (sky130_fd_sc_hd__clkbuf_2)
    10    0.027910    0.156099    0.220844    2.386096 ^ fanout31/X (sky130_fd_sc_hd__clkbuf_2)
                                                         net31 (net)
                      0.156099    0.000240    2.386337 ^ _166_/C_N (sky130_fd_sc_hd__or3b_4)
     8    0.024895    0.099074    0.448841    2.835177 v _166_/X (sky130_fd_sc_hd__or3b_4)
                                                         _064_ (net)
                      0.099101    0.000540    2.835717 v _168_/A2 (sky130_fd_sc_hd__o22ai_1)
     1    0.002937    0.129980    0.161963    2.997680 ^ _168_/Y (sky130_fd_sc_hd__o22ai_1)
                                                         _066_ (net)
                      0.129980    0.000026    2.997706 ^ _170_/B1 (sky130_fd_sc_hd__a211o_1)
     2    0.006263    0.067325    0.137563    3.135269 ^ _170_/X (sky130_fd_sc_hd__a211o_1)
                                                         net21 (net)
                      0.067325    0.000112    3.135381 ^ output21/A (sky130_fd_sc_hd__buf_2)
     1    0.034760    0.172480    0.208261    3.343642 ^ output21/X (sky130_fd_sc_hd__buf_2)
                                                         result[0] (net)
                      0.172480    0.000215    3.343857 ^ result[0] (out)
                                              3.343857   data arrival time

                      0.000000   10.000000   10.000000   clock __VIRTUAL_CLK__ (rise edge)
                                  0.000000   10.000000   clock network delay (ideal)
                                 -0.250000    9.750000   clock uncertainty
                                  0.000000    9.750000   clock reconvergence pessimism
                                 -2.000000    7.750000   output external delay
                                              7.750000   data required time
---------------------------------------------------------------------------------------------
                                              7.750000   data required time
                                             -3.343857   data arrival time
---------------------------------------------------------------------------------------------
                                              4.406143   slack (MET)



%OL_END_REPORT
%OL_CREATE_REPORT checks.rpt

===========================================================================
report_checks -unconstrained
===========================================================================
======================= min_tt_025C_1v80 Corner ===================================

Startpoint: A[0] (input port clocked by __VIRTUAL_CLK__)
Endpoint: zero (output port clocked by __VIRTUAL_CLK__)
Path Group: __VIRTUAL_CLK__
Path Type: max

Fanout         Cap        Slew       Delay        Time   Description
---------------------------------------------------------------------------------------------
                      0.000000    0.000000    0.000000   clock __VIRTUAL_CLK__ (rise edge)
                                  0.000000    0.000000   clock network delay (ideal)
                                  2.000000    2.000000 v input external delay
     1    0.002307    0.007496    0.003586    2.003586 v A[0] (in)
                                                         A[0] (net)
                      0.007496    0.000000    2.003586 v input1/A (sky130_fd_sc_hd__dlymetal6s2s_1)
     6    0.017228    0.097508    0.175388    2.178974 v input1/X (sky130_fd_sc_hd__dlymetal6s2s_1)
                                                         net1 (net)
                      0.097508    0.000210    2.179184 v _173_/A_N (sky130_fd_sc_hd__nand2b_1)
     3    0.010900    0.095871    0.206215    2.385399 v _173_/Y (sky130_fd_sc_hd__nand2b_1)
                                                         _070_ (net)
                      0.095871    0.000246    2.385645 v _193_/A2 (sky130_fd_sc_hd__a21o_1)
     4    0.012046    0.070606    0.232539    2.618184 v _193_/X (sky130_fd_sc_hd__a21o_1)
                                                         _089_ (net)
                      0.070606    0.000188    2.618372 v _226_/A2 (sky130_fd_sc_hd__a311o_1)
     3    0.012085    0.096838    0.367877    2.986249 v _226_/X (sky130_fd_sc_hd__a311o_1)
                                                         _120_ (net)
                      0.096838    0.000365    2.986614 v _125_/A2 (sky130_fd_sc_hd__a311o_1)
     2    0.008562    0.081517    0.361523    3.348137 v _125_/X (sky130_fd_sc_hd__a311o_1)
                                                         _027_ (net)
                      0.081517    0.000158    3.348295 v _127_/B (sky130_fd_sc_hd__and2_1)
     3    0.009691    0.063111    0.198151    3.546446 v _127_/X (sky130_fd_sc_hd__and2_1)
                                                         _029_ (net)
                      0.063111    0.000111    3.546557 v _144_/A (sky130_fd_sc_hd__or3_1)
     1    0.001921    0.058953    0.357413    3.903970 v _144_/X (sky130_fd_sc_hd__or3_1)
                                                         _045_ (net)
                      0.058953    0.000017    3.903987 v _145_/C (sky130_fd_sc_hd__and3_1)
     1    0.001560    0.031804    0.171172    4.075159 v _145_/X (sky130_fd_sc_hd__and3_1)
                                                         _046_ (net)
                      0.031804    0.000006    4.075165 v _150_/B1 (sky130_fd_sc_hd__o2bb2a_1)
     2    0.008027    0.077929    0.313169    4.388334 v _150_/X (sky130_fd_sc_hd__o2bb2a_1)
                                                         net28 (net)
                      0.077929    0.000117    4.388451 v _153_/C (sky130_fd_sc_hd__nor4_1)
     1    0.002624    0.214789    0.222101    4.610552 ^ _153_/Y (sky130_fd_sc_hd__nor4_1)
                                                         net29 (net)
                      0.214789    0.000026    4.610578 ^ output29/A (sky130_fd_sc_hd__buf_2)
     1    0.034383    0.171191    0.252189    4.862767 ^ output29/X (sky130_fd_sc_hd__buf_2)
                                                         zero (net)
                      0.171191    0.000369    4.863135 ^ zero (out)
                                              4.863135   data arrival time

                      0.000000   10.000000   10.000000   clock __VIRTUAL_CLK__ (rise edge)
                                  0.000000   10.000000   clock network delay (ideal)
                                 -0.250000    9.750000   clock uncertainty
                                  0.000000    9.750000   clock reconvergence pessimism
                                 -2.000000    7.750000   output external delay
                                              7.750000   data required time
---------------------------------------------------------------------------------------------
                                              7.750000   data required time
                                             -4.863135   data arrival time
---------------------------------------------------------------------------------------------
                                              2.886865   slack (MET)




===========================================================================
report_checks --slack_max -0.01
============================================================================
======================= min_tt_025C_1v80 Corner ===================================

No paths found.


===========================================================================
 report_check_types -max_slew -max_cap -max_fanout -violators
============================================================================
======================= min_tt_025C_1v80 Corner ===================================



===========================================================================
report_parasitic_annotation -report_unannotated
============================================================================
Found 0 unannotated drivers.
Found 0 partially unannotated drivers.

===========================================================================
max slew violation count 0
%OL_METRIC_I design__max_slew_violation__count__corner:min_tt_025C_1v80 0
max fanout violation count 0
%OL_METRIC_I design__max_fanout_violation__count__corner:min_tt_025C_1v80 0
max cap violation count 0
%OL_METRIC_I design__max_cap_violation__count__corner:min_tt_025C_1v80 0
============================================================================

===========================================================================
check_setup -verbose -unconstrained_endpoints -multiple_clock -no_clock -no_input_delay -loops -generated_clocks
===========================================================================
%OL_END_REPORT
%OL_CREATE_REPORT power.rpt

===========================================================================
 report_power
============================================================================
======================= min_tt_025C_1v80 Corner ===================================

Group                    Internal    Switching      Leakage        Total
                            Power        Power        Power        Power (Watts)
------------------------------------------------------------------------
Sequential           0.000000e+00 0.000000e+00 0.000000e+00 0.000000e+00   0.0%
Combinational        2.819684e-05 4.177735e-05 5.942047e-10 6.997478e-05 100.0%
Clock                0.000000e+00 0.000000e+00 3.337252e-10 3.337252e-10   0.0%
Macro                0.000000e+00 0.000000e+00 0.000000e+00 0.000000e+00   0.0%
Pad                  0.000000e+00 0.000000e+00 0.000000e+00 0.000000e+00   0.0%
------------------------------------------------------------------------
Total                2.819684e-05 4.177735e-05 9.279300e-10 6.997512e-05 100.0%
                            40.3%        59.7%         0.0%
%OL_METRIC_F power__internal__total 2.8196838684380054e-5
%OL_METRIC_F power__switching__total 4.177734808763489e-5
%OL_METRIC_F power__leakage__total 9.27929955096829e-10
%OL_METRIC_F power__total 6.997511809458956e-5

%OL_END_REPORT
%OL_CREATE_REPORT skew.min.rpt

===========================================================================
Clock Skew (Hold)
============================================================================
%OL_METRIC_F clock__skew__worst_hold__corner:min_tt_025C_1v80 0.0
======================= min_tt_025C_1v80 Corner ===================================

Clock __VIRTUAL_CLK__
No launch/capture paths found.

%OL_END_REPORT
%OL_CREATE_REPORT skew.max.rpt

===========================================================================
Clock Skew (Setup)
============================================================================
%OL_METRIC_F clock__skew__worst_setup__corner:min_tt_025C_1v80 0.0
======================= min_tt_025C_1v80 Corner ===================================

Clock __VIRTUAL_CLK__
No launch/capture paths found.

%OL_END_REPORT
%OL_CREATE_REPORT ws.min.rpt

===========================================================================
Worst Slack (Hold)
============================================================================
%OL_METRIC_F timing__hold__ws__corner:min_tt_025C_1v80 4.3052655992168045
min_tt_025C_1v80: 4.3052655992168045
%OL_END_REPORT
%OL_CREATE_REPORT ws.max.rpt

===========================================================================
Worst Slack (Setup)
============================================================================
%OL_METRIC_F timing__setup__ws__corner:min_tt_025C_1v80 2.8868646068550277
min_tt_025C_1v80: 2.8868646068550277
%OL_END_REPORT
%OL_CREATE_REPORT tns.min.rpt

===========================================================================
Total Negative Slack (Hold)
============================================================================
%OL_METRIC_F timing__hold__tns__corner:min_tt_025C_1v80 0.0
min_tt_025C_1v80: 0.0
%OL_END_REPORT
%OL_CREATE_REPORT tns.max.rpt

===========================================================================
Total Negative Slack (Setup)
============================================================================
%OL_METRIC_F timing__setup__tns__corner:min_tt_025C_1v80 0.0
min_tt_025C_1v80: 0.0
%OL_END_REPORT
%OL_CREATE_REPORT wns.min.rpt

===========================================================================
Worst Negative Slack (Hold)
============================================================================
%OL_METRIC_F timing__hold__wns__corner:min_tt_025C_1v80 0
min_tt_025C_1v80: 0
%OL_END_REPORT
%OL_CREATE_REPORT wns.max.rpt

===========================================================================
Worst Negative Slack (Setup)
============================================================================
%OL_METRIC_F timing__setup__wns__corner:min_tt_025C_1v80 0.0
min_tt_025C_1v80: 0.0
%OL_END_REPORT
%OL_CREATE_REPORT violator_list.rpt

===========================================================================
Violator List
============================================================================
%OL_METRIC_I timing__hold_vio__count__corner:min_tt_025C_1v80 0
%OL_METRIC_F timing__hold_r2r__ws__corner:min_tt_025C_1v80 inf
%OL_METRIC_I timing__hold_r2r_vio__count__corner:min_tt_025C_1v80 0
%OL_METRIC_I timing__setup_vio__count__corner:min_tt_025C_1v80 0
%OL_METRIC_F timing__setup_r2r__ws__corner:min_tt_025C_1v80 inf
%OL_METRIC_I timing__setup_r2r_vio__count__corner:min_tt_025C_1v80 0
%OL_END_REPORT
%OL_CREATE_REPORT unpropagated.rpt
__VIRTUAL_CLK__
%OL_END_REPORT
%OL_CREATE_REPORT clock.rpt
Clock: __VIRTUAL_CLK__
Sources: 
Generated: no
Virtual: yes
Propagated: no
Period: 10.000000

===========================================================================
report_clock_properties
============================================================================
Clock                   Period          Waveform
----------------------------------------------------
__VIRTUAL_CLK__      10.000000    0.000000  5.000000

===========================================================================
report_clock_latency
============================================================================
Clock __VIRTUAL_CLK__


===========================================================================
report_clock_min_period
============================================================================
__VIRTUAL_CLK__ period_min = 0.00 fmax = inf
%OL_END_REPORT
Writing SDF files for all corners…
Removing Clock latencies before writing libs…
Writing timing models for all corners…
Writing timing models for the min_tt_025C_1v80 corner to /home/piyush/asic_projects/alu_8bit/openlane/runs/RUN_2026-08-20_15-45-02/54-openroad-stapostpnr/min_tt_025C_1v80/alu_8bit__min_tt_025C_1v80.lib…
