                                                                        Cells by Master                                                                         
┏━━━━━━━━━━━━━━━━━━━━━━━━━━━━━━━━━━━━━━━━━━━━━━━━━━━━━━━━━━━━━━━━━━━━━━━━━━━━━━━━━━━━━━━━━━━━━━━━━━━━━━━━━━━━━━━━━━━━━━━━━━━━━━━━━━┳━━━━━━━━━━━━━━━━━━━━━━━━━━━┓
┃ Cell                                                                                                                             ┃ Count                     ┃
┡━━━━━━━━━━━━━━━━━━━━━━━━━━━━━━━━━━━━━━━━━━━━━━━━━━━━━━━━━━━━━━━━━━━━━━━━━━━━━━━━━━━━━━━━━━━━━━━━━━━━━━━━━━━━━━━━━━━━━━━━━━━━━━━━━━╇━━━━━━━━━━━━━━━━━━━━━━━━━━━┩
│ sky130_ef_sc_hd__decap_12                                                                                                        │ 26                        │
│ sky130_fd_sc_hd__a211o_1                                                                                                         │ 4                         │
│ sky130_fd_sc_hd__a21bo_1                                                                                                         │ 3                         │
│ sky130_fd_sc_hd__a21o_1                                                                                                          │ 3                         │
│ sky130_fd_sc_hd__a21oi_1                                                                                                         │ 2                         │
│ sky130_fd_sc_hd__a221o_1                                                                                                         │ 1                         │
│ sky130_fd_sc_hd__a221oi_1                                                                                                        │ 1                         │
│ sky130_fd_sc_hd__a22o_1                                                                                                          │ 2                         │
│ sky130_fd_sc_hd__a2bb2o_1                                                                                                        │ 3                         │
│ sky130_fd_sc_hd__a311o_1                                                                                                         │ 3                         │
│ sky130_fd_sc_hd__a31o_1                                                                                                          │ 3                         │
│ sky130_fd_sc_hd__a32o_1                                                                                                          │ 1                         │
│ sky130_fd_sc_hd__and2_1                                                                                                          │ 4                         │
│ sky130_fd_sc_hd__and2b_1                                                                                                         │ 3                         │
│ sky130_fd_sc_hd__and3_1                                                                                                          │ 2                         │
│ sky130_fd_sc_hd__and3_2                                                                                                          │ 1                         │
│ sky130_fd_sc_hd__and3b_1                                                                                                         │ 3                         │
│ sky130_fd_sc_hd__buf_1                                                                                                           │ 7                         │
│ sky130_fd_sc_hd__buf_2                                                                                                           │ 13                        │
│ sky130_fd_sc_hd__clkbuf_1                                                                                                        │ 4                         │
│ sky130_fd_sc_hd__clkbuf_2                                                                                                        │ 5                         │
│ sky130_fd_sc_hd__decap_3                                                                                                         │ 55                        │
│ sky130_fd_sc_hd__decap_4                                                                                                         │ 16                        │
│ sky130_fd_sc_hd__decap_6                                                                                                         │ 12                        │
│ sky130_fd_sc_hd__decap_8                                                                                                         │ 20                        │
│ sky130_fd_sc_hd__dlymetal6s2s_1                                                                                                  │ 3                         │
│ sky130_fd_sc_hd__fill_1                                                                                                          │ 34                        │
│ sky130_fd_sc_hd__fill_2                                                                                                          │ 23                        │
│ sky130_fd_sc_hd__inv_2                                                                                                           │ 3                         │
│ sky130_fd_sc_hd__nand2_1                                                                                                         │ 14                        │
│ sky130_fd_sc_hd__nand2_2                                                                                                         │ 4                         │
│ sky130_fd_sc_hd__nand2b_1                                                                                                        │ 3                         │
│ sky130_fd_sc_hd__nand3_1                                                                                                         │ 1                         │
│ sky130_fd_sc_hd__nand3b_4                                                                                                        │ 1                         │
│ sky130_fd_sc_hd__nor2_1                                                                                                          │ 8                         │
│ sky130_fd_sc_hd__nor2_2                                                                                                          │ 1                         │
│ sky130_fd_sc_hd__nor3_1                                                                                                          │ 1                         │
│ sky130_fd_sc_hd__nor3_4                                                                                                          │ 1                         │
│ sky130_fd_sc_hd__nor3b_2                                                                                                         │ 1                         │
│ sky130_fd_sc_hd__nor4_1                                                                                                          │ 1                         │
│ sky130_fd_sc_hd__o211a_1                                                                                                         │ 4                         │
│ sky130_fd_sc_hd__o211ai_1                                                                                                        │ 1                         │
│ sky130_fd_sc_hd__o21a_1                                                                                                          │ 2                         │
│ sky130_fd_sc_hd__o21ai_1                                                                                                         │ 3                         │
│ sky130_fd_sc_hd__o22a_1                                                                                                          │ 5                         │
│ sky130_fd_sc_hd__o22ai_1                                                                                                         │ 2                         │
│ sky130_fd_sc_hd__o2bb2a_1                                                                                                        │ 7                         │
│ sky130_fd_sc_hd__o31a_1                                                                                                          │ 1                         │
│ sky130_fd_sc_hd__o31ai_1                                                                                                         │ 1                         │
│ sky130_fd_sc_hd__o31ai_2                                                                                                         │ 1                         │
│ sky130_fd_sc_hd__o32a_1                                                                                                          │ 2                         │
│ sky130_fd_sc_hd__or2_1                                                                                                           │ 9                         │
│ sky130_fd_sc_hd__or3_1                                                                                                           │ 1                         │
│ sky130_fd_sc_hd__or3_2                                                                                                           │ 1                         │
│ sky130_fd_sc_hd__or3b_2                                                                                                          │ 2                         │
│ sky130_fd_sc_hd__or3b_4                                                                                                          │ 1                         │
│ sky130_fd_sc_hd__or4_1                                                                                                           │ 3                         │
│ sky130_fd_sc_hd__tapvpwrvgnd_1                                                                                                   │ 28                        │
│ sky130_fd_sc_hd__xnor2_1                                                                                                         │ 2                         │
│ sky130_fd_sc_hd__xnor2_2                                                                                                         │ 2                         │
│ sky130_fd_sc_hd__xor2_1                                                                                                          │ 3                         │
└──────────────────────────────────────────────────────────────────────────────────────────────────────────────────────────────────┴───────────────────────────┘
