
===========================================================================
report_checks -unconstrained
===========================================================================
======================= nom_ff_n40C_1v95 Corner ===================================

Startpoint: A[0] (input port clocked by __VIRTUAL_CLK__)
Endpoint: zero (output port clocked by __VIRTUAL_CLK__)
Path Group: __VIRTUAL_CLK__
Path Type: max

Fanout         Cap        Slew       Delay        Time   Description
---------------------------------------------------------------------------------------------
                      0.000000    0.000000    0.000000   clock __VIRTUAL_CLK__ (rise edge)
                                  0.000000    0.000000   clock network delay (ideal)
                                  2.000000    2.000000 v input external delay
     1    0.002477    0.004248    0.001992    2.001992 v A[0] (in)
                                                         A[0] (net)
                      0.004249    0.000000    2.001992 v input1/A (sky130_fd_sc_hd__dlymetal6s2s_1)
     6    0.018095    0.070885    0.116735    2.118727 v input1/X (sky130_fd_sc_hd__dlymetal6s2s_1)
                                                         net1 (net)
                      0.070887    0.000441    2.119168 v _173_/A_N (sky130_fd_sc_hd__nand2b_1)
     3    0.011659    0.067194    0.131703    2.250870 v _173_/Y (sky130_fd_sc_hd__nand2b_1)
                                                         _070_ (net)
                      0.067200    0.000493    2.251363 v _193_/A2 (sky130_fd_sc_hd__a21o_1)
     4    0.012618    0.051524    0.153471    2.404835 v _193_/X (sky130_fd_sc_hd__a21o_1)
                                                         _089_ (net)
                      0.051526    0.000384    2.405218 v _226_/A2 (sky130_fd_sc_hd__a311o_1)
     3    0.012714    0.072049    0.234987    2.640206 v _226_/X (sky130_fd_sc_hd__a311o_1)
                                                         _120_ (net)
                      0.072054    0.000631    2.640836 v _125_/A2 (sky130_fd_sc_hd__a311o_1)
     2    0.009320    0.062131    0.231246    2.872083 v _125_/X (sky130_fd_sc_hd__a311o_1)
                                                         _027_ (net)
                      0.062131    0.000285    2.872367 v _127_/B (sky130_fd_sc_hd__and2_1)
     3    0.010247    0.046138    0.131256    3.003623 v _127_/X (sky130_fd_sc_hd__and2_1)
                                                         _029_ (net)
                      0.046138    0.000249    3.003872 v _144_/A (sky130_fd_sc_hd__or3_1)
     1    0.002067    0.039230    0.207149    3.211022 v _144_/X (sky130_fd_sc_hd__or3_1)
                                                         _045_ (net)
                      0.039230    0.000058    3.211080 v _145_/C (sky130_fd_sc_hd__and3_1)
     1    0.001644    0.023844    0.107715    3.318794 v _145_/X (sky130_fd_sc_hd__and3_1)
                                                         _046_ (net)
                      0.023844    0.000032    3.318826 v _150_/B1 (sky130_fd_sc_hd__o2bb2a_1)
     2    0.008594    0.057717    0.193096    3.511921 v _150_/X (sky130_fd_sc_hd__o2bb2a_1)
                                                         net28 (net)
                      0.057717    0.000272    3.512194 v _153_/C (sky130_fd_sc_hd__nor4_1)
     1    0.002807    0.146472    0.148277    3.660471 ^ _153_/Y (sky130_fd_sc_hd__nor4_1)
                                                         net29 (net)
                      0.146472    0.000081    3.660553 ^ output29/A (sky130_fd_sc_hd__buf_2)
     1    0.034465    0.128962    0.162732    3.823284 ^ output29/X (sky130_fd_sc_hd__buf_2)
                                                         zero (net)
                      0.128964    0.000762    3.824047 ^ zero (out)
                                              3.824047   data arrival time

                      0.000000   10.000000   10.000000   clock __VIRTUAL_CLK__ (rise edge)
                                  0.000000   10.000000   clock network delay (ideal)
                                 -0.250000    9.750000   clock uncertainty
                                  0.000000    9.750000   clock reconvergence pessimism
                                 -2.000000    7.750000   output external delay
                                              7.750000   data required time
---------------------------------------------------------------------------------------------
                                              7.750000   data required time
                                             -3.824047   data arrival time
---------------------------------------------------------------------------------------------
                                              3.925953   slack (MET)




===========================================================================
report_checks --slack_max -0.01
============================================================================
======================= nom_ff_n40C_1v95 Corner ===================================

No paths found.


===========================================================================
 report_check_types -max_slew -max_cap -max_fanout -violators
============================================================================
======================= nom_ff_n40C_1v95 Corner ===================================



===========================================================================
report_parasitic_annotation -report_unannotated
============================================================================
Found 0 unannotated drivers.
Found 0 partially unannotated drivers.

===========================================================================
max slew violation count 0
max fanout violation count 0
max cap violation count 0
============================================================================

===========================================================================
check_setup -verbose -unconstrained_endpoints -multiple_clock -no_clock -no_input_delay -loops -generated_clocks
===========================================================================
