
===========================================================================
report_checks -path_delay min (Hold)
============================================================================
======================= nom_ff_n40C_1v95 Corner ===================================

Startpoint: A[7] (input port clocked by __VIRTUAL_CLK__)
Endpoint: carry (output port clocked by __VIRTUAL_CLK__)
Path Group: __VIRTUAL_CLK__
Path Type: min

Fanout         Cap        Slew       Delay        Time   Description
---------------------------------------------------------------------------------------------
                      0.000000    0.000000    0.000000   clock __VIRTUAL_CLK__ (rise edge)
                                  0.000000    0.000000   clock network delay (ideal)
                                  2.000000    2.000000 v input external delay
     1    0.002897    0.004863    0.002362    2.002362 v A[7] (in)
                                                         A[7] (net)
                      0.004863    0.000000    2.002362 v input8/A (sky130_fd_sc_hd__clkbuf_1)
     5    0.014437    0.060320    0.081852    2.084214 v input8/X (sky130_fd_sc_hd__clkbuf_1)
                                                         net8 (net)
                      0.060321    0.000330    2.084544 v _154_/B (sky130_fd_sc_hd__nand2b_1)
     1    0.003058    0.035494    0.058399    2.142943 ^ _154_/Y (sky130_fd_sc_hd__nand2b_1)
                                                         _053_ (net)
                      0.035494    0.000090    2.143033 ^ _156_/A3 (sky130_fd_sc_hd__a32o_1)
     1    0.002282    0.027166    0.083433    2.226466 ^ _156_/X (sky130_fd_sc_hd__a32o_1)
                                                         net20 (net)
                      0.027166    0.000065    2.226532 ^ output20/A (sky130_fd_sc_hd__buf_2)
     1    0.033972    0.127204    0.135359    2.361891 ^ output20/X (sky130_fd_sc_hd__buf_2)
                                                         carry (net)
                      0.127209    0.000615    2.362506 ^ carry (out)
                                              2.362506   data arrival time

                      0.000000    0.000000    0.000000   clock __VIRTUAL_CLK__ (rise edge)
                                  0.000000    0.000000   clock network delay (ideal)
                                  0.250000    0.250000   clock uncertainty
                                  0.000000    0.250000   clock reconvergence pessimism
                                 -2.000000   -1.750000   output external delay
                                             -1.750000   data required time
---------------------------------------------------------------------------------------------
                                             -1.750000   data required time
                                             -2.362506   data arrival time
---------------------------------------------------------------------------------------------
                                              4.112505   slack (MET)


Startpoint: A[1] (input port clocked by __VIRTUAL_CLK__)
Endpoint: result[0] (output port clocked by __VIRTUAL_CLK__)
Path Group: __VIRTUAL_CLK__
Path Type: min

Fanout         Cap        Slew       Delay        Time   Description
---------------------------------------------------------------------------------------------
                      0.000000    0.000000    0.000000   clock __VIRTUAL_CLK__ (rise edge)
                                  0.000000    0.000000   clock network delay (ideal)
                                  2.000000    2.000000 ^ input external delay
     1    0.002958    0.014478    0.007654    2.007654 ^ A[1] (in)
                                                         A[1] (net)
                      0.014483    0.000000    2.007654 ^ input2/A (sky130_fd_sc_hd__clkbuf_2)
     7    0.031032    0.132128    0.132277    2.139931 ^ input2/X (sky130_fd_sc_hd__clkbuf_2)
                                                         net2 (net)
                      0.132135    0.000753    2.140684 ^ _170_/A1 (sky130_fd_sc_hd__a211o_1)
     2    0.006811    0.050720    0.102735    2.243419 ^ _170_/X (sky130_fd_sc_hd__a211o_1)
                                                         net21 (net)
                      0.050721    0.000249    2.243669 ^ output21/A (sky130_fd_sc_hd__buf_2)
     1    0.034853    0.130237    0.144626    2.388295 ^ output21/X (sky130_fd_sc_hd__buf_2)
                                                         result[0] (net)
                      0.130242    0.000682    2.388977 ^ result[0] (out)
                                              2.388977   data arrival time

                      0.000000    0.000000    0.000000   clock __VIRTUAL_CLK__ (rise edge)
                                  0.000000    0.000000   clock network delay (ideal)
                                  0.250000    0.250000   clock uncertainty
                                  0.000000    0.250000   clock reconvergence pessimism
                                 -2.000000   -1.750000   output external delay
                                             -1.750000   data required time
---------------------------------------------------------------------------------------------
                                             -1.750000   data required time
                                             -2.388977   data arrival time
---------------------------------------------------------------------------------------------
                                              4.138977   slack (MET)


Startpoint: B[4] (input port clocked by __VIRTUAL_CLK__)
Endpoint: result[5] (output port clocked by __VIRTUAL_CLK__)
Path Group: __VIRTUAL_CLK__
Path Type: min

Fanout         Cap        Slew       Delay        Time   Description
---------------------------------------------------------------------------------------------
                      0.000000    0.000000    0.000000   clock __VIRTUAL_CLK__ (rise edge)
                                  0.000000    0.000000   clock network delay (ideal)
                                  2.000000    2.000000 v input external delay
     1    0.002686    0.004553    0.002177    2.002177 v B[4] (in)
                                                         B[4] (net)
                      0.004554    0.000000    2.002177 v input13/A (sky130_fd_sc_hd__buf_1)
     4    0.011642    0.049859    0.073817    2.075994 v input13/X (sky130_fd_sc_hd__buf_1)
                                                         net13 (net)
                      0.049860    0.000316    2.076310 v _219_/B (sky130_fd_sc_hd__nand2_2)
     5    0.022634    0.093517    0.098531    2.174841 ^ _219_/Y (sky130_fd_sc_hd__nand2_2)
                                                         _113_ (net)
                      0.093525    0.000726    2.175567 ^ _241_/A1 (sky130_fd_sc_hd__a31o_1)
     1    0.002667    0.027199    0.082713    2.258279 ^ _241_/X (sky130_fd_sc_hd__a31o_1)
                                                         _013_ (net)
                      0.027199    0.000052    2.258331 ^ _250_/A2 (sky130_fd_sc_hd__o211ai_1)
     2    0.006858    0.043643    0.057701    2.316033 v _250_/Y (sky130_fd_sc_hd__o211ai_1)
                                                         net26 (net)
                      0.043645    0.000221    2.316253 v output26/A (sky130_fd_sc_hd__buf_2)
     1    0.034199    0.062702    0.122544    2.438798 v output26/X (sky130_fd_sc_hd__buf_2)
                                                         result[5] (net)
                      0.062710    0.000721    2.439519 v result[5] (out)
                                              2.439519   data arrival time

                      0.000000    0.000000    0.000000   clock __VIRTUAL_CLK__ (rise edge)
                                  0.000000    0.000000   clock network delay (ideal)
                                  0.250000    0.250000   clock uncertainty
                                  0.000000    0.250000   clock reconvergence pessimism
                                 -2.000000   -1.750000   output external delay
                                             -1.750000   data required time
---------------------------------------------------------------------------------------------
                                             -1.750000   data required time
                                             -2.439519   data arrival time
---------------------------------------------------------------------------------------------
                                              4.189519   slack (MET)


Startpoint: B[2] (input port clocked by __VIRTUAL_CLK__)
Endpoint: result[2] (output port clocked by __VIRTUAL_CLK__)
Path Group: __VIRTUAL_CLK__
Path Type: min

Fanout         Cap        Slew       Delay        Time   Description
---------------------------------------------------------------------------------------------
                      0.000000    0.000000    0.000000   clock __VIRTUAL_CLK__ (rise edge)
                                  0.000000    0.000000   clock network delay (ideal)
                                  2.000000    2.000000 v input external delay
     1    0.003176    0.005269    0.002615    2.002615 v B[2] (in)
                                                         B[2] (net)
                      0.005269    0.000000    2.002615 v input11/A (sky130_fd_sc_hd__buf_1)
     4    0.009180    0.040848    0.067004    2.069619 v input11/X (sky130_fd_sc_hd__buf_1)
                                                         net11 (net)
                      0.040848    0.000202    2.069821 v _188_/B (sky130_fd_sc_hd__nand2_1)
     3    0.011557    0.084718    0.087276    2.157097 ^ _188_/Y (sky130_fd_sc_hd__nand2_1)
                                                         _084_ (net)
                      0.084720    0.000345    2.157443 ^ _198_/A2 (sky130_fd_sc_hd__o21ai_1)
     1    0.004780    0.024408    0.045795    2.203238 v _198_/Y (sky130_fd_sc_hd__o21ai_1)
                                                         _094_ (net)
                      0.024418    0.000138    2.203376 v _201_/B1 (sky130_fd_sc_hd__o22a_1)
     2    0.008170    0.041719    0.117772    2.321148 v _201_/X (sky130_fd_sc_hd__o22a_1)
                                                         net23 (net)
                      0.041719    0.000133    2.321281 v output23/A (sky130_fd_sc_hd__buf_2)
     1    0.034204    0.062704    0.121790    2.443072 v output23/X (sky130_fd_sc_hd__buf_2)
                                                         result[2] (net)
                      0.062712    0.000706    2.443778 v result[2] (out)
                                              2.443778   data arrival time

                      0.000000    0.000000    0.000000   clock __VIRTUAL_CLK__ (rise edge)
                                  0.000000    0.000000   clock network delay (ideal)
                                  0.250000    0.250000   clock uncertainty
                                  0.000000    0.250000   clock reconvergence pessimism
                                 -2.000000   -1.750000   output external delay
                                             -1.750000   data required time
---------------------------------------------------------------------------------------------
                                             -1.750000   data required time
                                             -2.443778   data arrival time
---------------------------------------------------------------------------------------------
                                              4.193778   slack (MET)


Startpoint: A[3] (input port clocked by __VIRTUAL_CLK__)
Endpoint: result[4] (output port clocked by __VIRTUAL_CLK__)
Path Group: __VIRTUAL_CLK__
Path Type: min

Fanout         Cap        Slew       Delay        Time   Description
---------------------------------------------------------------------------------------------
                      0.000000    0.000000    0.000000   clock __VIRTUAL_CLK__ (rise edge)
                                  0.000000    0.000000   clock network delay (ideal)
                                  2.000000    2.000000 ^ input external delay
     1    0.002985    0.014577    0.007731    2.007731 ^ A[3] (in)
                                                         A[3] (net)
                      0.014583    0.000000    2.007731 ^ input4/A (sky130_fd_sc_hd__buf_2)
     8    0.031481    0.118336    0.125505    2.133237 ^ input4/X (sky130_fd_sc_hd__buf_2)
                                                         net4 (net)
                      0.118344    0.000824    2.134061 ^ _233_/A1 (sky130_fd_sc_hd__a211o_1)
     1    0.003176    0.028811    0.084697    2.218758 ^ _233_/X (sky130_fd_sc_hd__a211o_1)
                                                         _006_ (net)
                      0.028811    0.000095    2.218853 ^ _234_/A3 (sky130_fd_sc_hd__o31a_1)
     2    0.006129    0.054824    0.084829    2.303682 ^ _234_/X (sky130_fd_sc_hd__o31a_1)
                                                         net25 (net)
                      0.054824    0.000179    2.303861 ^ output25/A (sky130_fd_sc_hd__buf_2)
     1    0.034260    0.128134    0.144259    2.448120 ^ output25/X (sky130_fd_sc_hd__buf_2)
                                                         result[4] (net)
                      0.128140    0.000719    2.448838 ^ result[4] (out)
                                              2.448838   data arrival time

                      0.000000    0.000000    0.000000   clock __VIRTUAL_CLK__ (rise edge)
                                  0.000000    0.000000   clock network delay (ideal)
                                  0.250000    0.250000   clock uncertainty
                                  0.000000    0.250000   clock reconvergence pessimism
                                 -2.000000   -1.750000   output external delay
                                             -1.750000   data required time
---------------------------------------------------------------------------------------------
                                             -1.750000   data required time
                                             -2.448838   data arrival time
---------------------------------------------------------------------------------------------
                                              4.198838   slack (MET)


Startpoint: B[2] (input port clocked by __VIRTUAL_CLK__)
Endpoint: result[3] (output port clocked by __VIRTUAL_CLK__)
Path Group: __VIRTUAL_CLK__
Path Type: min

Fanout         Cap        Slew       Delay        Time   Description
---------------------------------------------------------------------------------------------
                      0.000000    0.000000    0.000000   clock __VIRTUAL_CLK__ (rise edge)
                                  0.000000    0.000000   clock network delay (ideal)
                                  2.000000    2.000000 ^ input external delay
     1    0.003364    0.015939    0.008724    2.008724 ^ B[2] (in)
                                                         B[2] (net)
                      0.015939    0.000000    2.008724 ^ input11/A (sky130_fd_sc_hd__buf_1)
     4    0.009986    0.092413    0.090396    2.099120 ^ input11/X (sky130_fd_sc_hd__buf_1)
                                                         net11 (net)
                      0.092414    0.000203    2.099323 ^ _213_/A2 (sky130_fd_sc_hd__o211a_1)
     1    0.003721    0.032246    0.089008    2.188331 ^ _213_/X (sky130_fd_sc_hd__o211a_1)
                                                         _108_ (net)
                      0.032246    0.000115    2.188447 ^ _216_/A (sky130_fd_sc_hd__nor3_1)
     1    0.003881    0.020992    0.031229    2.219676 v _216_/Y (sky130_fd_sc_hd__nor3_1)
                                                         _111_ (net)
                      0.020993    0.000132    2.219808 v _217_/C1 (sky130_fd_sc_hd__a211o_1)
     2    0.006875    0.040386    0.113088    2.332896 v _217_/X (sky130_fd_sc_hd__a211o_1)
                                                         net24 (net)
                      0.040386    0.000134    2.333030 v output24/A (sky130_fd_sc_hd__buf_2)
     1    0.034631    0.063381    0.121709    2.454739 v output24/X (sky130_fd_sc_hd__buf_2)
                                                         result[3] (net)
                      0.063393    0.000832    2.455571 v result[3] (out)
                                              2.455571   data arrival time

                      0.000000    0.000000    0.000000   clock __VIRTUAL_CLK__ (rise edge)
                                  0.000000    0.000000   clock network delay (ideal)
                                  0.250000    0.250000   clock uncertainty
                                  0.000000    0.250000   clock reconvergence pessimism
                                 -2.000000   -1.750000   output external delay
                                             -1.750000   data required time
---------------------------------------------------------------------------------------------
                                             -1.750000   data required time
                                             -2.455571   data arrival time
---------------------------------------------------------------------------------------------
                                              4.205571   slack (MET)


Startpoint: B[1] (input port clocked by __VIRTUAL_CLK__)
Endpoint: result[1] (output port clocked by __VIRTUAL_CLK__)
Path Group: __VIRTUAL_CLK__
Path Type: min

Fanout         Cap        Slew       Delay        Time   Description
---------------------------------------------------------------------------------------------
                      0.000000    0.000000    0.000000   clock __VIRTUAL_CLK__ (rise edge)
                                  0.000000    0.000000   clock network delay (ideal)
                                  2.000000    2.000000 ^ input external delay
     1    0.002530    0.012957    0.006530    2.006530 ^ B[1] (in)
                                                         B[1] (net)
                      0.012957    0.000000    2.006530 ^ input10/A (sky130_fd_sc_hd__dlymetal6s2s_1)
     4    0.018009    0.150859    0.134858    2.141388 ^ input10/X (sky130_fd_sc_hd__dlymetal6s2s_1)
                                                         net10 (net)
                      0.150861    0.000473    2.141862 ^ _180_/A2 (sky130_fd_sc_hd__o21a_1)
     1    0.002917    0.030614    0.075461    2.217323 ^ _180_/X (sky130_fd_sc_hd__o21a_1)
                                                         _077_ (net)
                      0.030614    0.000083    2.217406 ^ _186_/A1 (sky130_fd_sc_hd__o32a_1)
     2    0.006403    0.056846    0.094351    2.311757 ^ _186_/X (sky130_fd_sc_hd__o32a_1)
                                                         net22 (net)
                      0.056846    0.000182    2.311939 ^ output22/A (sky130_fd_sc_hd__buf_2)
     1    0.034204    0.127889    0.144639    2.456578 ^ output22/X (sky130_fd_sc_hd__buf_2)
                                                         result[1] (net)
                      0.127931    0.000637    2.457215 ^ result[1] (out)
                                              2.457215   data arrival time

                      0.000000    0.000000    0.000000   clock __VIRTUAL_CLK__ (rise edge)
                                  0.000000    0.000000   clock network delay (ideal)
                                  0.250000    0.250000   clock uncertainty
                                  0.000000    0.250000   clock reconvergence pessimism
                                 -2.000000   -1.750000   output external delay
                                             -1.750000   data required time
---------------------------------------------------------------------------------------------
                                             -1.750000   data required time
                                             -2.457215   data arrival time
---------------------------------------------------------------------------------------------
                                              4.207215   slack (MET)


Startpoint: B[6] (input port clocked by __VIRTUAL_CLK__)
Endpoint: result[6] (output port clocked by __VIRTUAL_CLK__)
Path Group: __VIRTUAL_CLK__
Path Type: min

Fanout         Cap        Slew       Delay        Time   Description
---------------------------------------------------------------------------------------------
                      0.000000    0.000000    0.000000   clock __VIRTUAL_CLK__ (rise edge)
                                  0.000000    0.000000   clock network delay (ideal)
                                  2.000000    2.000000 ^ input external delay
     1    0.003195    0.015333    0.008279    2.008279 ^ B[6] (in)
                                                         B[6] (net)
                      0.015334    0.000000    2.008279 ^ input15/A (sky130_fd_sc_hd__clkbuf_1)
     3    0.006918    0.066562    0.072280    2.080559 ^ input15/X (sky130_fd_sc_hd__clkbuf_1)
                                                         net15 (net)
                      0.066562    0.000144    2.080703 ^ _251_/B (sky130_fd_sc_hd__or2_1)
     2    0.008125    0.064095    0.091716    2.172419 ^ _251_/X (sky130_fd_sc_hd__or2_1)
                                                         _022_ (net)
                      0.064095    0.000184    2.172604 ^ _130_/A2 (sky130_fd_sc_hd__a21o_1)
     1    0.003008    0.026515    0.072382    2.244986 ^ _130_/X (sky130_fd_sc_hd__a21o_1)
                                                         _032_ (net)
                      0.026515    0.000092    2.245077 ^ _136_/B2 (sky130_fd_sc_hd__o2bb2a_1)
     2    0.006048    0.053824    0.094140    2.339218 ^ _136_/X (sky130_fd_sc_hd__o2bb2a_1)
                                                         net27 (net)
                      0.053824    0.000188    2.339406 ^ output27/A (sky130_fd_sc_hd__buf_2)
     1    0.034546    0.129154    0.144694    2.484101 ^ output27/X (sky130_fd_sc_hd__buf_2)
                                                         result[6] (net)
                      0.129161    0.000777    2.484878 ^ result[6] (out)
                                              2.484878   data arrival time

                      0.000000    0.000000    0.000000   clock __VIRTUAL_CLK__ (rise edge)
                                  0.000000    0.000000   clock network delay (ideal)
                                  0.250000    0.250000   clock uncertainty
                                  0.000000    0.250000   clock reconvergence pessimism
                                 -2.000000   -1.750000   output external delay
                                             -1.750000   data required time
---------------------------------------------------------------------------------------------
                                             -1.750000   data required time
                                             -2.484878   data arrival time
---------------------------------------------------------------------------------------------
                                              4.234878   slack (MET)


Startpoint: B[6] (input port clocked by __VIRTUAL_CLK__)
Endpoint: zero (output port clocked by __VIRTUAL_CLK__)
Path Group: __VIRTUAL_CLK__
Path Type: min

Fanout         Cap        Slew       Delay        Time   Description
---------------------------------------------------------------------------------------------
                      0.000000    0.000000    0.000000   clock __VIRTUAL_CLK__ (rise edge)
                                  0.000000    0.000000   clock network delay (ideal)
                                  2.000000    2.000000 ^ input external delay
     1    0.003195    0.015333    0.008279    2.008279 ^ B[6] (in)
                                                         B[6] (net)
                      0.015334    0.000000    2.008279 ^ input15/A (sky130_fd_sc_hd__clkbuf_1)
     3    0.006918    0.066562    0.072280    2.080559 ^ input15/X (sky130_fd_sc_hd__clkbuf_1)
                                                         net15 (net)
                      0.066562    0.000144    2.080703 ^ _251_/B (sky130_fd_sc_hd__or2_1)
     2    0.008125    0.064095    0.091716    2.172419 ^ _251_/X (sky130_fd_sc_hd__or2_1)
                                                         _022_ (net)
                      0.064095    0.000184    2.172604 ^ _130_/A2 (sky130_fd_sc_hd__a21o_1)
     1    0.003008    0.026515    0.072382    2.244986 ^ _130_/X (sky130_fd_sc_hd__a21o_1)
                                                         _032_ (net)
                      0.026515    0.000092    2.245077 ^ _136_/B2 (sky130_fd_sc_hd__o2bb2a_1)
     2    0.006048    0.053824    0.094140    2.339218 ^ _136_/X (sky130_fd_sc_hd__o2bb2a_1)
                                                         net27 (net)
                      0.053824    0.000156    2.339374 ^ _153_/B (sky130_fd_sc_hd__nor4_1)
     1    0.002648    0.017723    0.033293    2.372666 v _153_/Y (sky130_fd_sc_hd__nor4_1)
                                                         net29 (net)
                      0.017723    0.000076    2.372743 v output29/A (sky130_fd_sc_hd__buf_2)
     1    0.034465    0.063072    0.112717    2.485460 v output29/X (sky130_fd_sc_hd__buf_2)
                                                         zero (net)
                      0.063082    0.000762    2.486221 v zero (out)
                                              2.486221   data arrival time

                      0.000000    0.000000    0.000000   clock __VIRTUAL_CLK__ (rise edge)
                                  0.000000    0.000000   clock network delay (ideal)
                                  0.250000    0.250000   clock uncertainty
                                  0.000000    0.250000   clock reconvergence pessimism
                                 -2.000000   -1.750000   output external delay
                                             -1.750000   data required time
---------------------------------------------------------------------------------------------
                                             -1.750000   data required time
                                             -2.486221   data arrival time
---------------------------------------------------------------------------------------------
                                              4.236221   slack (MET)


Startpoint: opcode[1] (input port clocked by __VIRTUAL_CLK__)
Endpoint: result[7] (output port clocked by __VIRTUAL_CLK__)
Path Group: __VIRTUAL_CLK__
Path Type: min

Fanout         Cap        Slew       Delay        Time   Description
---------------------------------------------------------------------------------------------
                      0.000000    0.000000    0.000000   clock __VIRTUAL_CLK__ (rise edge)
                                  0.000000    0.000000   clock network delay (ideal)
                                  2.000000    2.000000 ^ input external delay
     1    0.004013    0.018266    0.010429    2.010428 ^ opcode[1] (in)
                                                         opcode[1] (net)
                      0.018266    0.000000    2.010428 ^ input18/A (sky130_fd_sc_hd__buf_1)
     2    0.012833    0.116642    0.107542    2.117971 ^ input18/X (sky130_fd_sc_hd__buf_1)
                                                         net18 (net)
                      0.116644    0.000363    2.118334 ^ _178_/B (sky130_fd_sc_hd__nor3_4)
     8    0.030810    0.053707    0.057949    2.176283 v _178_/Y (sky130_fd_sc_hd__nor3_4)
                                                         _075_ (net)
                      0.053719    0.000946    2.177228 v _150_/A1_N (sky130_fd_sc_hd__o2bb2a_1)
     2    0.009111    0.075243    0.179241    2.356469 ^ _150_/X (sky130_fd_sc_hd__o2bb2a_1)
                                                         net28 (net)
                      0.075243    0.000150    2.356618 ^ output28/A (sky130_fd_sc_hd__buf_2)
     1    0.034195    0.127850    0.148821    2.505440 ^ output28/X (sky130_fd_sc_hd__buf_2)
                                                         result[7] (net)
                      0.127892    0.000660    2.506099 ^ result[7] (out)
                                              2.506099   data arrival time

                      0.000000    0.000000    0.000000   clock __VIRTUAL_CLK__ (rise edge)
                                  0.000000    0.000000   clock network delay (ideal)
                                  0.250000    0.250000   clock uncertainty
                                  0.000000    0.250000   clock reconvergence pessimism
                                 -2.000000   -1.750000   output external delay
                                             -1.750000   data required time
---------------------------------------------------------------------------------------------
                                             -1.750000   data required time
                                             -2.506099   data arrival time
---------------------------------------------------------------------------------------------
                                              4.256100   slack (MET)



