Reading OpenROAD database at '/work/openlane/runs/RUN_2026-08-20_16-12-00/20-openroad-generatepdn/alu_8bit.odb'…
Reading library file at '/root/.volare/volare/sky130/versions/0fe599b2afb6708d281543108caf8310912f54af/sky130A/libs.ref/sky130_fd_sc_hd/lib/sky130_fd_sc_hd__tt_025C_1v80.lib'…
Reading design constraints file at '/nix/store/ss2cw3sxbrwwx9jl0rrppbw4kgcmgi2n-python3-3.11.9-env/lib/python3.11/site-packages/openlane/scripts/base.sdc'…
[WARNING STA-0366] port '__VIRTUAL_CLK__' not found.
[INFO] Using clock __VIRTUAL_CLK__…
[INFO] Setting output delay to: 2
[INFO] Setting input delay to: 2
[WARNING STA-0366] port '__VIRTUAL_CLK__' not found.
[INFO] Setting load to: 0.033442
[INFO] Setting clock uncertainty to: 0.25
[INFO] Setting clock transition to: 0.1499999999999999944488848768742172978818416595458984375
[WARNING STA-0419] transition time can not be specified for virtual clocks.
[INFO] Setting timing derate to: 5%
[WARNING STA-0450] virtual clock __VIRTUAL_CLK__ can not be propagated.
+ global_placement -density 0.6443949999999999 -skip_io -pad_right 0 -pad_left 0 -init_wirelength_coef 0.25
[INFO GPL-0002] DBU: 1000
[INFO GPL-0003] SiteSize: (  0.460  2.720 ) um
[INFO GPL-0004] CoreBBox: (  5.520 10.880 ) ( 54.280 57.120 ) um
[INFO GPL-0006] NumInstances:               193
[INFO GPL-0007] NumPlaceInstances:          131
[INFO GPL-0008] NumFixedInstances:           62
[INFO GPL-0009] NumDummyInstances:            0
[INFO GPL-0010] NumNets:                    150
[INFO GPL-0011] NumPins:                    519
[INFO GPL-0012] DieBBox:  (  0.000  0.000 ) ( 59.875 70.595 ) um
[INFO GPL-0013] CoreBBox: (  5.520 10.880 ) ( 54.280 57.120 ) um
[INFO GPL-0016] CoreArea:              2254.662 um^2
[INFO GPL-0017] NonPlaceInstsArea:      162.656 um^2
[INFO GPL-0018] PlaceInstsArea:        1192.394 um^2
[INFO GPL-0019] Util:                    56.998 %
[INFO GPL-0020] StdInstsArea:          1192.394 um^2
[INFO GPL-0021] MacroInstsArea:           0.000 um^2
[INFO GPL-0031] FillerInit:NumGCells:       148
[INFO GPL-0032] FillerInit:NumGNets:        150
[INFO GPL-0033] FillerInit:NumGPins:        519
[INFO GPL-0023] TargetDensity:            0.644
[INFO GPL-0024] AvrgPlaceInstArea:        9.102 um^2
[INFO GPL-0025] IdealBinArea:            14.125 um^2
[INFO GPL-0026] IdealBinCnt:                159
[INFO GPL-0027] TotalBinArea:          2254.662 um^2
[INFO GPL-0028] BinCnt:         8      8
[INFO GPL-0029] BinSize: (  6.095  5.780 )
[INFO GPL-0030] NumBins: 64
[NesterovSolve] Iter:    1 overflow: 0.925 HPWL: 330163
[NesterovSolve] Iter:   10 overflow: 0.925 HPWL: 235388
[NesterovSolve] Iter:   20 overflow: 0.925 HPWL: 235074
[NesterovSolve] Iter:   30 overflow: 0.925 HPWL: 235078
[NesterovSolve] Iter:   40 overflow: 0.925 HPWL: 235105
[NesterovSolve] Iter:   50 overflow: 0.925 HPWL: 235153
[NesterovSolve] Iter:   60 overflow: 0.925 HPWL: 235478
[NesterovSolve] Iter:   70 overflow: 0.925 HPWL: 236088
[NesterovSolve] Iter:   80 overflow: 0.925 HPWL: 237215
[NesterovSolve] Iter:   90 overflow: 0.925 HPWL: 239001
[NesterovSolve] Iter:  100 overflow: 0.925 HPWL: 239231
[NesterovSolve] Iter:  110 overflow: 0.925 HPWL: 238833
[NesterovSolve] Iter:  120 overflow: 0.925 HPWL: 238868
[NesterovSolve] Iter:  130 overflow: 0.925 HPWL: 239633
[NesterovSolve] Iter:  140 overflow: 0.924 HPWL: 240714
[NesterovSolve] Iter:  150 overflow: 0.917 HPWL: 246677
[NesterovSolve] Iter:  160 overflow: 0.850 HPWL: 311483
[NesterovSolve] Iter:  170 overflow: 0.850 HPWL: 416335
[NesterovSolve] Iter:  180 overflow: 0.831 HPWL: 481285
[NesterovSolve] Iter:  190 overflow: 0.773 HPWL: 589885
[NesterovSolve] Iter:  200 overflow: 0.696 HPWL: 808968
[NesterovSolve] Iter:  210 overflow: 0.647 HPWL: 875965
[NesterovSolve] Iter:  220 overflow: 0.608 HPWL: 952559
[NesterovSolve] Iter:  230 overflow: 0.561 HPWL: 1044145
[NesterovSolve] Iter:  240 overflow: 0.517 HPWL: 1153576
[NesterovSolve] Iter:  250 overflow: 0.467 HPWL: 1233065
[NesterovSolve] Iter:  260 overflow: 0.422 HPWL: 1331706
[NesterovSolve] Iter:  270 overflow: 0.369 HPWL: 1404442
[NesterovSolve] Iter:  280 overflow: 0.323 HPWL: 1458956
[NesterovSolve] Iter:  290 overflow: 0.284 HPWL: 1526494
[NesterovSolve] Iter:  300 overflow: 0.245 HPWL: 1591896
[NesterovSolve] Iter:  310 overflow: 0.206 HPWL: 1649809
[NesterovSolve] Iter:  320 overflow: 0.167 HPWL: 1697658
[NesterovSolve] Iter:  330 overflow: 0.131 HPWL: 1738941
[NesterovSolve] Iter:  340 overflow: 0.113 HPWL: 1774829
[NesterovSolve] Finished with Overflow: 0.098063
[INFO] Setting RC values…
Setting global connections for newly added cells…
[INFO] Setting global connections...
Updating metrics…
Cell type report:                       Count       Area
  Fill cell                                34     127.62
  Tap cell                                 28      35.03
  Inverter                                  3      11.26
  Multi-Input combinational cell          128    1181.13
  Total                                   193    1355.05
Writing OpenROAD database to '/work/openlane/runs/RUN_2026-08-20_16-12-00/23-openroad-globalplacementskipio/alu_8bit.odb'…
Writing netlist to '/work/openlane/runs/RUN_2026-08-20_16-12-00/23-openroad-globalplacementskipio/alu_8bit.nl.v'…
Writing powered netlist to '/work/openlane/runs/RUN_2026-08-20_16-12-00/23-openroad-globalplacementskipio/alu_8bit.pnl.v'…
Writing layout to '/work/openlane/runs/RUN_2026-08-20_16-12-00/23-openroad-globalplacementskipio/alu_8bit.def'…
Writing timing constraints to '/work/openlane/runs/RUN_2026-08-20_16-12-00/23-openroad-globalplacementskipio/alu_8bit.sdc'…
