
===========================================================================
report_checks -path_delay max (Setup)
============================================================================
======================= nom_tt_025C_1v80 Corner ===================================

Startpoint: A[0] (input port clocked by __VIRTUAL_CLK__)
Endpoint: zero (output port clocked by __VIRTUAL_CLK__)
Path Group: __VIRTUAL_CLK__
Path Type: max

Fanout         Cap        Slew       Delay        Time   Description
---------------------------------------------------------------------------------------------
                      0.000000    0.000000    0.000000   clock __VIRTUAL_CLK__ (rise edge)
                                  0.000000    0.000000   clock network delay (ideal)
                                  2.000000    2.000000 v input external delay
     1    0.002227    0.007314    0.003449    2.003448 v A[0] (in)
                                                         A[0] (net)
                      0.007314    0.000000    2.003448 v input1/A (sky130_fd_sc_hd__dlymetal6s2s_1)
     6    0.014452    0.085549    0.165383    2.168832 v input1/X (sky130_fd_sc_hd__dlymetal6s2s_1)
                                                         net1 (net)
                      0.085549    0.000051    2.168882 v _173_/A_N (sky130_fd_sc_hd__nand2b_1)
     3    0.008368    0.078135    0.187315    2.356197 v _173_/Y (sky130_fd_sc_hd__nand2b_1)
                                                         _070_ (net)
                      0.078135    0.000062    2.356259 v _193_/A2 (sky130_fd_sc_hd__a21o_1)
     4    0.010134    0.062987    0.218638    2.574897 v _193_/X (sky130_fd_sc_hd__a21o_1)
                                                         _089_ (net)
                      0.062987    0.000068    2.574965 v _226_/A2 (sky130_fd_sc_hd__a311o_1)
     3    0.009620    0.085892    0.353260    2.928225 v _226_/X (sky130_fd_sc_hd__a311o_1)
                                                         _120_ (net)
                      0.085892    0.000128    2.928353 v _125_/A2 (sky130_fd_sc_hd__a311o_1)
     2    0.005849    0.068188    0.339757    3.268109 v _125_/X (sky130_fd_sc_hd__a311o_1)
                                                         _027_ (net)
                      0.068188    0.000042    3.268151 v _127_/B (sky130_fd_sc_hd__and2_1)
     3    0.007503    0.056161    0.182779    3.450930 v _127_/X (sky130_fd_sc_hd__and2_1)
                                                         _029_ (net)
                      0.056161    0.000013    3.450943 v _144_/A (sky130_fd_sc_hd__or3_1)
     1    0.001778    0.059146    0.353549    3.804492 v _144_/X (sky130_fd_sc_hd__or3_1)
                                                         _045_ (net)
                      0.059146    0.000003    3.804495 v _145_/C (sky130_fd_sc_hd__and3_1)
     1    0.001477    0.031393    0.170706    3.975200 v _145_/X (sky130_fd_sc_hd__and3_1)
                                                         _046_ (net)
                      0.031393    0.000000    3.975201 v _150_/B1 (sky130_fd_sc_hd__o2bb2a_1)
     2    0.006095    0.068293    0.300517    4.275717 v _150_/X (sky130_fd_sc_hd__o2bb2a_1)
                                                         net28 (net)
                      0.068293    0.000024    4.275741 v _153_/C (sky130_fd_sc_hd__nor4_1)
     1    0.002343    0.204576    0.210783    4.486524 ^ _153_/Y (sky130_fd_sc_hd__nor4_1)
                                                         net29 (net)
                      0.204576    0.000006    4.486530 ^ output29/A (sky130_fd_sc_hd__buf_2)
     1    0.034384    0.171144    0.249543    4.736073 ^ output29/X (sky130_fd_sc_hd__buf_2)
                                                         zero (net)
                      0.171144    0.000203    4.736276 ^ zero (out)
                                              4.736276   data arrival time

                      0.000000   10.000000   10.000000   clock __VIRTUAL_CLK__ (rise edge)
                                  0.000000   10.000000   clock network delay (ideal)
                                 -0.250000    9.750000   clock uncertainty
                                  0.000000    9.750000   clock reconvergence pessimism
                                 -2.000000    7.750000   output external delay
                                              7.750000   data required time
---------------------------------------------------------------------------------------------
                                              7.750000   data required time
                                             -4.736276   data arrival time
---------------------------------------------------------------------------------------------
                                              3.013725   slack (MET)


Startpoint: A[0] (input port clocked by __VIRTUAL_CLK__)
Endpoint: result[7] (output port clocked by __VIRTUAL_CLK__)
Path Group: __VIRTUAL_CLK__
Path Type: max

Fanout         Cap        Slew       Delay        Time   Description
---------------------------------------------------------------------------------------------
                      0.000000    0.000000    0.000000   clock __VIRTUAL_CLK__ (rise edge)
                                  0.000000    0.000000   clock network delay (ideal)
                                  2.000000    2.000000 v input external delay
     1    0.002227    0.007314    0.003449    2.003448 v A[0] (in)
                                                         A[0] (net)
                      0.007314    0.000000    2.003448 v input1/A (sky130_fd_sc_hd__dlymetal6s2s_1)
     6    0.014452    0.085549    0.165383    2.168832 v input1/X (sky130_fd_sc_hd__dlymetal6s2s_1)
                                                         net1 (net)
                      0.085549    0.000051    2.168882 v _173_/A_N (sky130_fd_sc_hd__nand2b_1)
     3    0.008368    0.078135    0.187315    2.356197 v _173_/Y (sky130_fd_sc_hd__nand2b_1)
                                                         _070_ (net)
                      0.078135    0.000062    2.356259 v _193_/A2 (sky130_fd_sc_hd__a21o_1)
     4    0.010134    0.062987    0.218638    2.574897 v _193_/X (sky130_fd_sc_hd__a21o_1)
                                                         _089_ (net)
                      0.062987    0.000068    2.574965 v _226_/A2 (sky130_fd_sc_hd__a311o_1)
     3    0.009620    0.085892    0.353260    2.928225 v _226_/X (sky130_fd_sc_hd__a311o_1)
                                                         _120_ (net)
                      0.085892    0.000128    2.928353 v _125_/A2 (sky130_fd_sc_hd__a311o_1)
     2    0.005849    0.068188    0.339757    3.268109 v _125_/X (sky130_fd_sc_hd__a311o_1)
                                                         _027_ (net)
                      0.068188    0.000042    3.268151 v _127_/B (sky130_fd_sc_hd__and2_1)
     3    0.007503    0.056161    0.182779    3.450930 v _127_/X (sky130_fd_sc_hd__and2_1)
                                                         _029_ (net)
                      0.056161    0.000013    3.450943 v _144_/A (sky130_fd_sc_hd__or3_1)
     1    0.001778    0.059146    0.353549    3.804492 v _144_/X (sky130_fd_sc_hd__or3_1)
                                                         _045_ (net)
                      0.059146    0.000003    3.804495 v _145_/C (sky130_fd_sc_hd__and3_1)
     1    0.001477    0.031393    0.170706    3.975200 v _145_/X (sky130_fd_sc_hd__and3_1)
                                                         _046_ (net)
                      0.031393    0.000000    3.975201 v _150_/B1 (sky130_fd_sc_hd__o2bb2a_1)
     2    0.006095    0.068293    0.300517    4.275717 v _150_/X (sky130_fd_sc_hd__o2bb2a_1)
                                                         net28 (net)
                      0.068293    0.000006    4.275723 v output28/A (sky130_fd_sc_hd__buf_2)
     1    0.034100    0.088857    0.190629    4.466352 v output28/X (sky130_fd_sc_hd__buf_2)
                                                         result[7] (net)
                      0.088857    0.000108    4.466460 v result[7] (out)
                                              4.466460   data arrival time

                      0.000000   10.000000   10.000000   clock __VIRTUAL_CLK__ (rise edge)
                                  0.000000   10.000000   clock network delay (ideal)
                                 -0.250000    9.750000   clock uncertainty
                                  0.000000    9.750000   clock reconvergence pessimism
                                 -2.000000    7.750000   output external delay
                                              7.750000   data required time
---------------------------------------------------------------------------------------------
                                              7.750000   data required time
                                             -4.466460   data arrival time
---------------------------------------------------------------------------------------------
                                              3.283540   slack (MET)


Startpoint: A[0] (input port clocked by __VIRTUAL_CLK__)
Endpoint: result[6] (output port clocked by __VIRTUAL_CLK__)
Path Group: __VIRTUAL_CLK__
Path Type: max

Fanout         Cap        Slew       Delay        Time   Description
---------------------------------------------------------------------------------------------
                      0.000000    0.000000    0.000000   clock __VIRTUAL_CLK__ (rise edge)
                                  0.000000    0.000000   clock network delay (ideal)
                                  2.000000    2.000000 v input external delay
     1    0.002227    0.007314    0.003449    2.003448 v A[0] (in)
                                                         A[0] (net)
                      0.007314    0.000000    2.003448 v input1/A (sky130_fd_sc_hd__dlymetal6s2s_1)
     6    0.014452    0.085549    0.165383    2.168832 v input1/X (sky130_fd_sc_hd__dlymetal6s2s_1)
                                                         net1 (net)
                      0.085549    0.000051    2.168882 v _173_/A_N (sky130_fd_sc_hd__nand2b_1)
     3    0.008368    0.078135    0.187315    2.356197 v _173_/Y (sky130_fd_sc_hd__nand2b_1)
                                                         _070_ (net)
                      0.078135    0.000062    2.356259 v _193_/A2 (sky130_fd_sc_hd__a21o_1)
     4    0.010134    0.062987    0.218638    2.574897 v _193_/X (sky130_fd_sc_hd__a21o_1)
                                                         _089_ (net)
                      0.062987    0.000068    2.574965 v _226_/A2 (sky130_fd_sc_hd__a311o_1)
     3    0.009620    0.085892    0.353260    2.928225 v _226_/X (sky130_fd_sc_hd__a311o_1)
                                                         _120_ (net)
                      0.085892    0.000128    2.928353 v _125_/A2 (sky130_fd_sc_hd__a311o_1)
     2    0.005849    0.068188    0.339757    3.268109 v _125_/X (sky130_fd_sc_hd__a311o_1)
                                                         _027_ (net)
                      0.068188    0.000042    3.268151 v _127_/B (sky130_fd_sc_hd__and2_1)
     3    0.007503    0.056161    0.182779    3.450930 v _127_/X (sky130_fd_sc_hd__and2_1)
                                                         _029_ (net)
                      0.056161    0.000005    3.450935 v _132_/A3 (sky130_fd_sc_hd__o31ai_1)
     1    0.001924    0.166263    0.170186    3.621121 ^ _132_/Y (sky130_fd_sc_hd__o31ai_1)
                                                         _034_ (net)
                      0.166263    0.000004    3.621125 ^ _136_/B1 (sky130_fd_sc_hd__o2bb2a_1)
     2    0.005080    0.069378    0.185748    3.806872 ^ _136_/X (sky130_fd_sc_hd__o2bb2a_1)
                                                         net27 (net)
                      0.069378    0.000016    3.806888 ^ output27/A (sky130_fd_sc_hd__buf_2)
     1    0.034423    0.170921    0.207904    4.014791 ^ output27/X (sky130_fd_sc_hd__buf_2)
                                                         result[6] (net)
                      0.170921    0.000209    4.015000 ^ result[6] (out)
                                              4.015000   data arrival time

                      0.000000   10.000000   10.000000   clock __VIRTUAL_CLK__ (rise edge)
                                  0.000000   10.000000   clock network delay (ideal)
                                 -0.250000    9.750000   clock uncertainty
                                  0.000000    9.750000   clock reconvergence pessimism
                                 -2.000000    7.750000   output external delay
                                              7.750000   data required time
---------------------------------------------------------------------------------------------
                                              7.750000   data required time
                                             -4.015000   data arrival time
---------------------------------------------------------------------------------------------
                                              3.734999   slack (MET)


Startpoint: A[0] (input port clocked by __VIRTUAL_CLK__)
Endpoint: carry (output port clocked by __VIRTUAL_CLK__)
Path Group: __VIRTUAL_CLK__
Path Type: max

Fanout         Cap        Slew       Delay        Time   Description
---------------------------------------------------------------------------------------------
                      0.000000    0.000000    0.000000   clock __VIRTUAL_CLK__ (rise edge)
                                  0.000000    0.000000   clock network delay (ideal)
                                  2.000000    2.000000 v input external delay
     1    0.002227    0.007314    0.003449    2.003448 v A[0] (in)
                                                         A[0] (net)
                      0.007314    0.000000    2.003448 v input1/A (sky130_fd_sc_hd__dlymetal6s2s_1)
     6    0.014452    0.085549    0.165383    2.168832 v input1/X (sky130_fd_sc_hd__dlymetal6s2s_1)
                                                         net1 (net)
                      0.085549    0.000051    2.168882 v _173_/A_N (sky130_fd_sc_hd__nand2b_1)
     3    0.008368    0.078135    0.187315    2.356197 v _173_/Y (sky130_fd_sc_hd__nand2b_1)
                                                         _070_ (net)
                      0.078135    0.000062    2.356259 v _193_/A2 (sky130_fd_sc_hd__a21o_1)
     4    0.010134    0.062987    0.218638    2.574897 v _193_/X (sky130_fd_sc_hd__a21o_1)
                                                         _089_ (net)
                      0.062987    0.000068    2.574965 v _226_/A2 (sky130_fd_sc_hd__a311o_1)
     3    0.009620    0.085892    0.353260    2.928225 v _226_/X (sky130_fd_sc_hd__a311o_1)
                                                         _120_ (net)
                      0.085892    0.000128    2.928353 v _125_/A2 (sky130_fd_sc_hd__a311o_1)
     2    0.005849    0.068188    0.339757    3.268109 v _125_/X (sky130_fd_sc_hd__a311o_1)
                                                         _027_ (net)
                      0.068188    0.000042    3.268151 v _127_/B (sky130_fd_sc_hd__and2_1)
     3    0.007503    0.056161    0.182779    3.450930 v _127_/X (sky130_fd_sc_hd__and2_1)
                                                         _029_ (net)
                      0.056161    0.000014    3.450943 v _143_/A1 (sky130_fd_sc_hd__o21ai_1)
     2    0.005131    0.141745    0.158895    3.609838 ^ _143_/Y (sky130_fd_sc_hd__o21ai_1)
                                                         _044_ (net)
                      0.141745    0.000019    3.609857 ^ _156_/A2 (sky130_fd_sc_hd__a32o_1)
     1    0.002073    0.049614    0.170320    3.780177 ^ _156_/X (sky130_fd_sc_hd__a32o_1)
                                                         net20 (net)
                      0.049614    0.000004    3.780181 ^ output20/A (sky130_fd_sc_hd__buf_2)
     1    0.033960    0.171128    0.199178    3.979359 ^ output20/X (sky130_fd_sc_hd__buf_2)
                                                         carry (net)
                      0.171128    0.000075    3.979434 ^ carry (out)
                                              3.979434   data arrival time

                      0.000000   10.000000   10.000000   clock __VIRTUAL_CLK__ (rise edge)
                                  0.000000   10.000000   clock network delay (ideal)
                                 -0.250000    9.750000   clock uncertainty
                                  0.000000    9.750000   clock reconvergence pessimism
                                 -2.000000    7.750000   output external delay
                                              7.750000   data required time
---------------------------------------------------------------------------------------------
                                              7.750000   data required time
                                             -3.979434   data arrival time
---------------------------------------------------------------------------------------------
                                              3.770566   slack (MET)


Startpoint: A[1] (input port clocked by __VIRTUAL_CLK__)
Endpoint: result[5] (output port clocked by __VIRTUAL_CLK__)
Path Group: __VIRTUAL_CLK__
Path Type: max

Fanout         Cap        Slew       Delay        Time   Description
---------------------------------------------------------------------------------------------
                      0.000000    0.000000    0.000000   clock __VIRTUAL_CLK__ (rise edge)
                                  0.000000    0.000000   clock network delay (ideal)
                                  2.000000    2.000000 v input external delay
     1    0.002590    0.008147    0.004058    2.004058 v A[1] (in)
                                                         A[1] (net)
                      0.008147    0.000000    2.004058 v input2/A (sky130_fd_sc_hd__clkbuf_2)
     7    0.024378    0.097250    0.145786    2.149844 v input2/X (sky130_fd_sc_hd__clkbuf_2)
                                                         net2 (net)
                      0.097250    0.000038    2.149882 v _172_/A (sky130_fd_sc_hd__xnor2_2)
     6    0.016650    0.260078    0.270921    2.420803 ^ _172_/Y (sky130_fd_sc_hd__xnor2_2)
                                                         _069_ (net)
                      0.260078    0.000018    2.420821 ^ _193_/A1 (sky130_fd_sc_hd__a21o_1)
     4    0.010898    0.103077    0.200537    2.621358 ^ _193_/X (sky130_fd_sc_hd__a21o_1)
                                                         _089_ (net)
                      0.103077    0.000073    2.621431 ^ _226_/A2 (sky130_fd_sc_hd__a311o_1)
     3    0.010323    0.125382    0.227204    2.848635 ^ _226_/X (sky130_fd_sc_hd__a311o_1)
                                                         _120_ (net)
                      0.125382    0.000126    2.848761 ^ _227_/B (sky130_fd_sc_hd__nand2_1)
     3    0.006529    0.065405    0.090375    2.939136 v _227_/Y (sky130_fd_sc_hd__nand2_1)
                                                         _000_ (net)
                      0.065405    0.000008    2.939145 v _246_/B1 (sky130_fd_sc_hd__o211a_1)
     1    0.002194    0.036637    0.124655    3.063800 v _246_/X (sky130_fd_sc_hd__o211a_1)
                                                         _018_ (net)
                      0.036637    0.000005    3.063805 v _249_/B (sky130_fd_sc_hd__or4_1)
     1    0.002939    0.085852    0.494077    3.557882 v _249_/X (sky130_fd_sc_hd__or4_1)
                                                         _021_ (net)
                      0.085852    0.000010    3.557892 v _250_/C1 (sky130_fd_sc_hd__o211ai_1)
     2    0.005666    0.198877    0.116351    3.674243 ^ _250_/Y (sky130_fd_sc_hd__o211ai_1)
                                                         net26 (net)
                      0.198877    0.000024    3.674267 ^ output26/A (sky130_fd_sc_hd__buf_2)
     1    0.034256    0.170542    0.247591    3.921858 ^ output26/X (sky130_fd_sc_hd__buf_2)
                                                         result[5] (net)
                      0.170542    0.000185    3.922042 ^ result[5] (out)
                                              3.922042   data arrival time

                      0.000000   10.000000   10.000000   clock __VIRTUAL_CLK__ (rise edge)
                                  0.000000   10.000000   clock network delay (ideal)
                                 -0.250000    9.750000   clock uncertainty
                                  0.000000    9.750000   clock reconvergence pessimism
                                 -2.000000    7.750000   output external delay
                                              7.750000   data required time
---------------------------------------------------------------------------------------------
                                              7.750000   data required time
                                             -3.922042   data arrival time
---------------------------------------------------------------------------------------------
                                              3.827958   slack (MET)


Startpoint: A[0] (input port clocked by __VIRTUAL_CLK__)
Endpoint: result[4] (output port clocked by __VIRTUAL_CLK__)
Path Group: __VIRTUAL_CLK__
Path Type: max

Fanout         Cap        Slew       Delay        Time   Description
---------------------------------------------------------------------------------------------
                      0.000000    0.000000    0.000000   clock __VIRTUAL_CLK__ (rise edge)
                                  0.000000    0.000000   clock network delay (ideal)
                                  2.000000    2.000000 v input external delay
     1    0.002227    0.007314    0.003449    2.003448 v A[0] (in)
                                                         A[0] (net)
                      0.007314    0.000000    2.003448 v input1/A (sky130_fd_sc_hd__dlymetal6s2s_1)
     6    0.014452    0.085549    0.165383    2.168832 v input1/X (sky130_fd_sc_hd__dlymetal6s2s_1)
                                                         net1 (net)
                      0.085549    0.000051    2.168882 v _173_/A_N (sky130_fd_sc_hd__nand2b_1)
     3    0.008368    0.078135    0.187315    2.356197 v _173_/Y (sky130_fd_sc_hd__nand2b_1)
                                                         _070_ (net)
                      0.078135    0.000062    2.356259 v _193_/A2 (sky130_fd_sc_hd__a21o_1)
     4    0.010134    0.062987    0.218638    2.574897 v _193_/X (sky130_fd_sc_hd__a21o_1)
                                                         _089_ (net)
                      0.062987    0.000068    2.574965 v _226_/A2 (sky130_fd_sc_hd__a311o_1)
     3    0.009620    0.085892    0.353260    2.928225 v _226_/X (sky130_fd_sc_hd__a311o_1)
                                                         _120_ (net)
                      0.085892    0.000125    2.928350 v _228_/A2 (sky130_fd_sc_hd__o21a_1)
     1    0.001692    0.030367    0.171100    3.099450 v _228_/X (sky130_fd_sc_hd__o21a_1)
                                                         _001_ (net)
                      0.030367    0.000002    3.099452 v _229_/B (sky130_fd_sc_hd__and2_1)
     1    0.003285    0.037155    0.146523    3.245975 v _229_/X (sky130_fd_sc_hd__and2_1)
                                                         _002_ (net)
                      0.037155    0.000014    3.245988 v _234_/A1 (sky130_fd_sc_hd__o31a_1)
     2    0.004216    0.053520    0.293179    3.539167 v _234_/X (sky130_fd_sc_hd__o31a_1)
                                                         net25 (net)
                      0.053520    0.000018    3.539186 v output25/A (sky130_fd_sc_hd__buf_2)
     1    0.034256    0.089213    0.184138    3.723324 v output25/X (sky130_fd_sc_hd__buf_2)
                                                         result[4] (net)
                      0.089213    0.000185    3.723509 v result[4] (out)
                                              3.723509   data arrival time

                      0.000000   10.000000   10.000000   clock __VIRTUAL_CLK__ (rise edge)
                                  0.000000   10.000000   clock network delay (ideal)
                                 -0.250000    9.750000   clock uncertainty
                                  0.000000    9.750000   clock reconvergence pessimism
                                 -2.000000    7.750000   output external delay
                                              7.750000   data required time
---------------------------------------------------------------------------------------------
                                              7.750000   data required time
                                             -3.723509   data arrival time
---------------------------------------------------------------------------------------------
                                              4.026491   slack (MET)


Startpoint: opcode[2] (input port clocked by __VIRTUAL_CLK__)
Endpoint: result[1] (output port clocked by __VIRTUAL_CLK__)
Path Group: __VIRTUAL_CLK__
Path Type: max

Fanout         Cap        Slew       Delay        Time   Description
---------------------------------------------------------------------------------------------
                      0.000000    0.000000    0.000000   clock __VIRTUAL_CLK__ (rise edge)
                                  0.000000    0.000000   clock network delay (ideal)
                                  2.000000    2.000000 ^ input external delay
     1    0.003088    0.020975    0.011303    2.011303 ^ opcode[2] (in)
                                                         opcode[2] (net)
                      0.020975    0.000000    2.011303 ^ input19/A (sky130_fd_sc_hd__buf_1)
     3    0.013432    0.167040    0.156458    2.167762 ^ input19/X (sky130_fd_sc_hd__buf_1)
                                                         net19 (net)
                      0.167040    0.000017    2.167779 ^ fanout30/A (sky130_fd_sc_hd__buf_2)
    10    0.035446    0.176016    0.242968    2.410747 ^ fanout30/X (sky130_fd_sc_hd__buf_2)
                                                         net30 (net)
                      0.176016    0.000139    2.410886 ^ _166_/A (sky130_fd_sc_hd__or3b_4)
     8    0.022785    0.087415    0.201859    2.612744 ^ _166_/X (sky130_fd_sc_hd__or3b_4)
                                                         _064_ (net)
                      0.087415    0.000139    2.612884 ^ _181_/B2 (sky130_fd_sc_hd__o22a_1)
     1    0.002113    0.038265    0.116651    2.729535 ^ _181_/X (sky130_fd_sc_hd__o22a_1)
                                                         _078_ (net)
                      0.038265    0.000004    2.729538 ^ _182_/B1_N (sky130_fd_sc_hd__a21bo_1)
     1    0.002453    0.033816    0.183773    2.913311 v _182_/X (sky130_fd_sc_hd__a21bo_1)
                                                         _079_ (net)
                      0.033816    0.000005    2.913316 v _184_/C1 (sky130_fd_sc_hd__a311o_1)
     1    0.002354    0.051539    0.256632    3.169948 v _184_/X (sky130_fd_sc_hd__a311o_1)
                                                         _081_ (net)
                      0.051539    0.000002    3.169950 v _186_/A3 (sky130_fd_sc_hd__o32a_1)
     2    0.004712    0.062630    0.293081    3.463031 v _186_/X (sky130_fd_sc_hd__o32a_1)
                                                         net22 (net)
                      0.062630    0.000017    3.463048 v output22/A (sky130_fd_sc_hd__buf_2)
     1    0.034164    0.088989    0.188172    3.651220 v output22/X (sky130_fd_sc_hd__buf_2)
                                                         result[1] (net)
                      0.088989    0.000109    3.651329 v result[1] (out)
                                              3.651329   data arrival time

                      0.000000   10.000000   10.000000   clock __VIRTUAL_CLK__ (rise edge)
                                  0.000000   10.000000   clock network delay (ideal)
                                 -0.250000    9.750000   clock uncertainty
                                  0.000000    9.750000   clock reconvergence pessimism
                                 -2.000000    7.750000   output external delay
                                              7.750000   data required time
---------------------------------------------------------------------------------------------
                                              7.750000   data required time
                                             -3.651329   data arrival time
---------------------------------------------------------------------------------------------
                                              4.098671   slack (MET)


Startpoint: opcode[0] (input port clocked by __VIRTUAL_CLK__)
Endpoint: result[2] (output port clocked by __VIRTUAL_CLK__)
Path Group: __VIRTUAL_CLK__
Path Type: max

Fanout         Cap        Slew       Delay        Time   Description
---------------------------------------------------------------------------------------------
                      0.000000    0.000000    0.000000   clock __VIRTUAL_CLK__ (rise edge)
                                  0.000000    0.000000   clock network delay (ideal)
                                  2.000000    2.000000 ^ input external delay
     1    0.003454    0.022563    0.012583    2.012583 ^ opcode[0] (in)
                                                         opcode[0] (net)
                      0.022563    0.000000    2.012583 ^ input17/A (sky130_fd_sc_hd__buf_1)
     2    0.012123    0.152056    0.146702    2.159286 ^ input17/X (sky130_fd_sc_hd__buf_1)
                                                         net17 (net)
                      0.152056    0.000062    2.159347 ^ fanout32/A (sky130_fd_sc_hd__buf_2)
    10    0.028896    0.145552    0.217137    2.376484 ^ fanout32/X (sky130_fd_sc_hd__buf_2)
                                                         net32 (net)
                      0.145552    0.000240    2.376724 ^ _177_/A_N (sky130_fd_sc_hd__and3b_1)
     7    0.016988    0.095957    0.252444    2.629168 v _177_/X (sky130_fd_sc_hd__and3b_1)
                                                         _074_ (net)
                      0.095957    0.000042    2.629209 v _196_/B1 (sky130_fd_sc_hd__a22o_1)
     1    0.003019    0.041193    0.193586    2.822795 v _196_/X (sky130_fd_sc_hd__a22o_1)
                                                         _092_ (net)
                      0.041193    0.000012    2.822807 v _199_/B1 (sky130_fd_sc_hd__a211o_1)
     1    0.002567    0.047207    0.256593    3.079400 v _199_/X (sky130_fd_sc_hd__a211o_1)
                                                         _095_ (net)
                      0.047207    0.000004    3.079405 v _200_/B1 (sky130_fd_sc_hd__a31o_1)
     1    0.002387    0.035946    0.176375    3.255780 v _200_/X (sky130_fd_sc_hd__a31o_1)
                                                         _096_ (net)
                      0.035946    0.000002    3.255781 v _201_/B2 (sky130_fd_sc_hd__o22a_1)
     2    0.004664    0.054071    0.161091    3.416872 v _201_/X (sky130_fd_sc_hd__o22a_1)
                                                         net23 (net)
                      0.054071    0.000008    3.416880 v output23/A (sky130_fd_sc_hd__buf_2)
     1    0.034093    0.088828    0.184148    3.601028 v output23/X (sky130_fd_sc_hd__buf_2)
                                                         result[2] (net)
                      0.088828    0.000107    3.601135 v result[2] (out)
                                              3.601135   data arrival time

                      0.000000   10.000000   10.000000   clock __VIRTUAL_CLK__ (rise edge)
                                  0.000000   10.000000   clock network delay (ideal)
                                 -0.250000    9.750000   clock uncertainty
                                  0.000000    9.750000   clock reconvergence pessimism
                                 -2.000000    7.750000   output external delay
                                              7.750000   data required time
---------------------------------------------------------------------------------------------
                                              7.750000   data required time
                                             -3.601135   data arrival time
---------------------------------------------------------------------------------------------
                                              4.148865   slack (MET)


Startpoint: opcode[0] (input port clocked by __VIRTUAL_CLK__)
Endpoint: result[3] (output port clocked by __VIRTUAL_CLK__)
Path Group: __VIRTUAL_CLK__
Path Type: max

Fanout         Cap        Slew       Delay        Time   Description
---------------------------------------------------------------------------------------------
                      0.000000    0.000000    0.000000   clock __VIRTUAL_CLK__ (rise edge)
                                  0.000000    0.000000   clock network delay (ideal)
                                  2.000000    2.000000 ^ input external delay
     1    0.003454    0.022563    0.012583    2.012583 ^ opcode[0] (in)
                                                         opcode[0] (net)
                      0.022563    0.000000    2.012583 ^ input17/A (sky130_fd_sc_hd__buf_1)
     2    0.012123    0.152056    0.146702    2.159286 ^ input17/X (sky130_fd_sc_hd__buf_1)
                                                         net17 (net)
                      0.152056    0.000062    2.159347 ^ fanout32/A (sky130_fd_sc_hd__buf_2)
    10    0.028896    0.145552    0.217137    2.376484 ^ fanout32/X (sky130_fd_sc_hd__buf_2)
                                                         net32 (net)
                      0.145552    0.000226    2.376711 ^ _163_/C_N (sky130_fd_sc_hd__or3b_2)
     3    0.011033    0.104435    0.501992    2.878702 v _163_/X (sky130_fd_sc_hd__or3b_2)
                                                         _061_ (net)
                      0.104435    0.000038    2.878741 v _215_/B1 (sky130_fd_sc_hd__a31o_1)
     1    0.002496    0.036503    0.199215    3.077955 v _215_/X (sky130_fd_sc_hd__a31o_1)
                                                         _110_ (net)
                      0.036503    0.000004    3.077960 v _216_/C (sky130_fd_sc_hd__nor3_1)
     1    0.003314    0.162856    0.134142    3.212102 ^ _216_/Y (sky130_fd_sc_hd__nor3_1)
                                                         _111_ (net)
                      0.162856    0.000011    3.212113 ^ _217_/C1 (sky130_fd_sc_hd__a211o_1)
     2    0.005235    0.060587    0.132330    3.344443 ^ _217_/X (sky130_fd_sc_hd__a211o_1)
                                                         net24 (net)
                      0.060587    0.000005    3.344448 ^ output24/A (sky130_fd_sc_hd__buf_2)
     1    0.034560    0.171518    0.205093    3.549541 ^ output24/X (sky130_fd_sc_hd__buf_2)
                                                         result[3] (net)
                      0.171518    0.000248    3.549789 ^ result[3] (out)
                                              3.549789   data arrival time

                      0.000000   10.000000   10.000000   clock __VIRTUAL_CLK__ (rise edge)
                                  0.000000   10.000000   clock network delay (ideal)
                                 -0.250000    9.750000   clock uncertainty
                                  0.000000    9.750000   clock reconvergence pessimism
                                 -2.000000    7.750000   output external delay
                                              7.750000   data required time
---------------------------------------------------------------------------------------------
                                              7.750000   data required time
                                             -3.549789   data arrival time
---------------------------------------------------------------------------------------------
                                              4.200211   slack (MET)


Startpoint: opcode[1] (input port clocked by __VIRTUAL_CLK__)
Endpoint: result[0] (output port clocked by __VIRTUAL_CLK__)
Path Group: __VIRTUAL_CLK__
Path Type: max

Fanout         Cap        Slew       Delay        Time   Description
---------------------------------------------------------------------------------------------
                      0.000000    0.000000    0.000000   clock __VIRTUAL_CLK__ (rise edge)
                                  0.000000    0.000000   clock network delay (ideal)
                                  2.000000    2.000000 ^ input external delay
     1    0.003303    0.021905    0.012055    2.012055 ^ opcode[1] (in)
                                                         opcode[1] (net)
                      0.021905    0.000000    2.012055 ^ input18/A (sky130_fd_sc_hd__buf_1)
     2    0.012369    0.154868    0.148415    2.160470 ^ input18/X (sky130_fd_sc_hd__buf_1)
                                                         net18 (net)
                      0.154868    0.000015    2.160484 ^ fanout31/A (sky130_fd_sc_hd__clkbuf_2)
    10    0.024646    0.139137    0.209089    2.369574 ^ fanout31/X (sky130_fd_sc_hd__clkbuf_2)
                                                         net31 (net)
                      0.139137    0.000085    2.369658 ^ _166_/C_N (sky130_fd_sc_hd__or3b_4)
     8    0.021019    0.094142    0.438202    2.807860 v _166_/X (sky130_fd_sc_hd__or3b_4)
                                                         _064_ (net)
                      0.094142    0.000119    2.807980 v _168_/A2 (sky130_fd_sc_hd__o22ai_1)
     1    0.002752    0.126299    0.157393    2.965373 ^ _168_/Y (sky130_fd_sc_hd__o22ai_1)
                                                         _066_ (net)
                      0.126299    0.000004    2.965376 ^ _170_/B1 (sky130_fd_sc_hd__a211o_1)
     2    0.004969    0.056919    0.128992    3.094369 ^ _170_/X (sky130_fd_sc_hd__a211o_1)
                                                         net21 (net)
                      0.056919    0.000026    3.094395 ^ output21/A (sky130_fd_sc_hd__buf_2)
     1    0.034635    0.171828    0.204038    3.298433 ^ output21/X (sky130_fd_sc_hd__buf_2)
                                                         result[0] (net)
                      0.171828    0.000179    3.298612 ^ result[0] (out)
                                              3.298612   data arrival time

                      0.000000   10.000000   10.000000   clock __VIRTUAL_CLK__ (rise edge)
                                  0.000000   10.000000   clock network delay (ideal)
                                 -0.250000    9.750000   clock uncertainty
                                  0.000000    9.750000   clock reconvergence pessimism
                                 -2.000000    7.750000   output external delay
                                              7.750000   data required time
---------------------------------------------------------------------------------------------
                                              7.750000   data required time
                                             -3.298612   data arrival time
---------------------------------------------------------------------------------------------
                                              4.451388   slack (MET)



