
===========================================================================
 report_power
============================================================================
======================= nom_tt_025C_1v80 Corner ===================================

Group                    Internal    Switching      Leakage        Total
                            Power        Power        Power        Power (Watts)
------------------------------------------------------------------------
Sequential           0.000000e+00 0.000000e+00 0.000000e+00 0.000000e+00   0.0%
Combinational        2.811448e-05 3.779618e-05 5.942047e-10 6.591126e-05 100.0%
Clock                0.000000e+00 0.000000e+00 1.101613e-10 1.101613e-10   0.0%
Macro                0.000000e+00 0.000000e+00 0.000000e+00 0.000000e+00   0.0%
Pad                  0.000000e+00 0.000000e+00 0.000000e+00 0.000000e+00   0.0%
------------------------------------------------------------------------
Total                2.811448e-05 3.779618e-05 7.043654e-10 6.591136e-05 100.0%
                            42.7%        57.3%         0.0%
Writing metric power__internal__total: 2.8114483939134516e-5
Writing metric power__switching__total: 3.7796176911797374e-5
Writing metric power__leakage__total: 7.043653993399346e-10
Writing metric power__total: 6.591136479983106e-5

