94. Printing statistics.

=== alu_8bit ===

   Number of wires:                243
   Number of wire bits:            266
   Number of public wires:           6
   Number of public wire bits:      29
   Number of ports:                  6
   Number of port bits:             29
   Number of memories:               0
   Number of memory bits:            0
   Number of processes:              0
   Number of cells:                247
     $_ANDNOT_                      87
     $_AND_                          9
     $_MUX_                          9
     $_NAND_                         4
     $_NOR_                         27
     $_NOT_                          6
     $_ORNOT_                        9
     $_OR_                          74
     $_XNOR_                        10
     $_XOR_                         12

   Area for cell type $_NOT_ is unknown!
   Area for cell type $_AND_ is unknown!
   Area for cell type $_NAND_ is unknown!
   Area for cell type $_OR_ is unknown!
   Area for cell type $_NOR_ is unknown!
   Area for cell type $_XOR_ is unknown!
   Area for cell type $_XNOR_ is unknown!
   Area for cell type $_ANDNOT_ is unknown!
   Area for cell type $_ORNOT_ is unknown!
   Area for cell type $_MUX_ is unknown!

