Reading OpenROAD database at '/work/openlane/runs/RUN_2026-08-20_16-12-00/41-openroad-repairantennas/1-diodeinsertion/alu_8bit.odb'…
Reading library file at '/root/.volare/volare/sky130/versions/0fe599b2afb6708d281543108caf8310912f54af/sky130A/libs.ref/sky130_fd_sc_hd/lib/sky130_fd_sc_hd__tt_025C_1v80.lib'…
Reading design constraints file at '/nix/store/ss2cw3sxbrwwx9jl0rrppbw4kgcmgi2n-python3-3.11.9-env/lib/python3.11/site-packages/openlane/scripts/base.sdc'…
[WARNING STA-0366] port '__VIRTUAL_CLK__' not found.
[INFO] Using clock __VIRTUAL_CLK__…
[INFO] Setting output delay to: 2
[INFO] Setting input delay to: 2
[WARNING STA-0366] port '__VIRTUAL_CLK__' not found.
[INFO] Setting load to: 0.033442
[INFO] Setting clock uncertainty to: 0.25
[INFO] Setting clock transition to: 0.1499999999999999944488848768742172978818416595458984375
[WARNING STA-0419] transition time can not be specified for virtual clocks.
[INFO] Setting timing derate to: 5%
[WARNING STA-0450] virtual clock __VIRTUAL_CLK__ can not be propagated.
[INFO ORD-0030] Using 2 thread(s).
[INFO DRT-0149] Reading tech and libs.
[WARNING DRT-0349] LEF58_ENCLOSURE with no CUTCLASS is not supported. Skipping for layer mcon
[WARNING DRT-0349] LEF58_ENCLOSURE with no CUTCLASS is not supported. Skipping for layer mcon
[WARNING DRT-0349] LEF58_ENCLOSURE with no CUTCLASS is not supported. Skipping for layer via
[WARNING DRT-0349] LEF58_ENCLOSURE with no CUTCLASS is not supported. Skipping for layer via
[WARNING DRT-0349] LEF58_ENCLOSURE with no CUTCLASS is not supported. Skipping for layer via2
[WARNING DRT-0349] LEF58_ENCLOSURE with no CUTCLASS is not supported. Skipping for layer via2
[WARNING DRT-0349] LEF58_ENCLOSURE with no CUTCLASS is not supported. Skipping for layer via3
[WARNING DRT-0349] LEF58_ENCLOSURE with no CUTCLASS is not supported. Skipping for layer via3
[WARNING DRT-0349] LEF58_ENCLOSURE with no CUTCLASS is not supported. Skipping for layer via4
[WARNING DRT-0349] LEF58_ENCLOSURE with no CUTCLASS is not supported. Skipping for layer via4

Units:                1000
Number of layers:     13
Number of macros:     441
Number of vias:       28
Number of viarulegen: 25

[INFO DRT-0150] Reading design.

Design:                   alu_8bit
Die area:                 ( 0 0 ) ( 59875 70595 )
Number of track patterns: 12
Number of DEF vias:       0
Number of components:     225
Number of terminals:      31
Number of snets:          2
Number of nets:           182

[INFO DRT-0167] List of default vias:
  Layer via
    default via: M1M2_PR
  Layer via2
    default via: M2M3_PR
  Layer via3
    default via: M3M4_PR
  Layer via4
    default via: M4M5_PR
[INFO DRT-0162] Library cell analysis.
[INFO DRT-0163] Instance analysis.
[INFO DRT-0164] Number of unique instances = 107.
[INFO DRT-0168] Init region query.
[INFO DRT-0024]   Complete FR_MASTERSLICE.
[INFO DRT-0024]   Complete licon.
[INFO DRT-0024]   Complete li1.
[INFO DRT-0024]   Complete mcon.
[INFO DRT-0024]   Complete met1.
[INFO DRT-0024]   Complete via.
[INFO DRT-0024]   Complete met2.
[INFO DRT-0024]   Complete via2.
[INFO DRT-0024]   Complete met3.
[INFO DRT-0024]   Complete via3.
[INFO DRT-0024]   Complete met4.
[INFO DRT-0024]   Complete via4.
[INFO DRT-0024]   Complete met5.
[INFO DRT-0033] FR_MASTERSLICE shape region query size = 0.
[INFO DRT-0033] licon shape region query size = 0.
[INFO DRT-0033] li1 shape region query size = 4131.
[INFO DRT-0033] mcon shape region query size = 0.
[INFO DRT-0033] met1 shape region query size = 495.
[INFO DRT-0033] via shape region query size = 90.
[INFO DRT-0033] met2 shape region query size = 66.
[INFO DRT-0033] via2 shape region query size = 72.
[INFO DRT-0033] met3 shape region query size = 71.
[INFO DRT-0033] via3 shape region query size = 72.
[INFO DRT-0033] met4 shape region query size = 22.
[INFO DRT-0033] via4 shape region query size = 0.
[INFO DRT-0033] met5 shape region query size = 0.
[INFO DRT-0165] Start pin access.
[INFO DRT-0078]   Complete 393 pins.
[INFO DRT-0079]   Complete 100 unique inst patterns.
[INFO DRT-0081]   Complete 101 unique inst patterns.
[INFO DRT-0084]   Complete 85 groups.
#scanned instances     = 225
#unique  instances     = 107
#stdCellGenAp          = 2826
#stdCellValidPlanarAp  = 0
#stdCellValidViaAp     = 2266
#stdCellPinNoAp        = 0
#stdCellPinCnt         = 583
#instTermValidViaApCnt = 0
#macroGenAp            = 0
#macroValidPlanarAp    = 0
#macroValidViaAp       = 0
#macroNoAp             = 0
[INFO DRT-0166] Complete pin access.
[INFO DRT-0267] cpu time = 00:00:09, elapsed time = 00:00:05, memory = 137.75 (MB), peak = 178.53 (MB)

[INFO DRT-0157] Number of guides:     1154

[INFO DRT-0169] Post process guides.
[INFO DRT-0176] GCELLGRID X 0 DO 8 STEP 6900 ;
[INFO DRT-0177] GCELLGRID Y 0 DO 10 STEP 6900 ;
[INFO DRT-0028]   Complete FR_MASTERSLICE.
[INFO DRT-0028]   Complete licon.
[INFO DRT-0028]   Complete li1.
[INFO DRT-0028]   Complete mcon.
[INFO DRT-0028]   Complete met1.
[INFO DRT-0028]   Complete via.
[INFO DRT-0028]   Complete met2.
[INFO DRT-0028]   Complete via2.
[INFO DRT-0028]   Complete met3.
[INFO DRT-0028]   Complete via3.
[INFO DRT-0028]   Complete met4.
[INFO DRT-0028]   Complete via4.
[INFO DRT-0028]   Complete met5.
[INFO DRT-0178] Init guide query.
[INFO DRT-0035]   Complete FR_MASTERSLICE (guide).
[INFO DRT-0035]   Complete licon (guide).
[INFO DRT-0035]   Complete li1 (guide).
[INFO DRT-0035]   Complete mcon (guide).
[INFO DRT-0035]   Complete met1 (guide).
[INFO DRT-0035]   Complete via (guide).
[INFO DRT-0035]   Complete met2 (guide).
[INFO DRT-0035]   Complete via2 (guide).
[INFO DRT-0035]   Complete met3 (guide).
[INFO DRT-0035]   Complete via3 (guide).
[INFO DRT-0035]   Complete met4 (guide).
[INFO DRT-0035]   Complete via4 (guide).
[INFO DRT-0035]   Complete met5 (guide).
[INFO DRT-0036] FR_MASTERSLICE guide region query size = 0.
[INFO DRT-0036] licon guide region query size = 0.
[INFO DRT-0036] li1 guide region query size = 425.
[INFO DRT-0036] mcon guide region query size = 0.
[INFO DRT-0036] met1 guide region query size = 302.
[INFO DRT-0036] via guide region query size = 0.
[INFO DRT-0036] met2 guide region query size = 155.
[INFO DRT-0036] via2 guide region query size = 0.
[INFO DRT-0036] met3 guide region query size = 20.
[INFO DRT-0036] via3 guide region query size = 0.
[INFO DRT-0036] met4 guide region query size = 1.
[INFO DRT-0036] via4 guide region query size = 0.
[INFO DRT-0036] met5 guide region query size = 0.
[INFO DRT-0179] Init gr pin query.
[INFO DRT-0245] skipped writing guide updates to database.
[INFO DRT-0185] Post process initialize RPin region query.
[INFO DRT-0181] Start track assignment.
[INFO DRT-0184] Done with 581 vertical wires in 1 frboxes and 322 horizontal wires in 1 frboxes.
[INFO DRT-0186] Done with 49 vertical wires in 1 frboxes and 94 horizontal wires in 1 frboxes.
[INFO DRT-0182] Complete track assignment.
[INFO DRT-0267] cpu time = 00:00:00, elapsed time = 00:00:00, memory = 139.36 (MB), peak = 178.53 (MB)
[INFO DRT-0187] Start routing data preparation.
[INFO DRT-0267] cpu time = 00:00:00, elapsed time = 00:00:00, memory = 139.36 (MB), peak = 178.53 (MB)
[INFO DRT-0194] Start detail routing.
[INFO DRT-0195] Start 0th optimization iteration.
    Completing 10% with 0 violations.
    elapsed time = 00:00:03, memory = 149.05 (MB).
    Completing 20% with 38 violations.
    elapsed time = 00:00:03, memory = 152.61 (MB).
    Completing 30% with 49 violations.
    elapsed time = 00:00:03, memory = 152.61 (MB).
    Completing 40% with 67 violations.
    elapsed time = 00:00:03, memory = 152.61 (MB).
[INFO DRT-0199]   Number of violations = 86.
Viol/Layer         li1   met1   met2   met3
Metal Spacing        3     18      2      8
Recheck              0     18      1      0
Short                0     36      0      0
[INFO DRT-0267] cpu time = 00:00:04, elapsed time = 00:00:04, memory = 503.03 (MB), peak = 502.91 (MB)
Total wire length = 3007 um.
Total wire length on LAYER li1 = 0 um.
Total wire length on LAYER met1 = 1571 um.
Total wire length on LAYER met2 = 1302 um.
Total wire length on LAYER met3 = 104 um.
Total wire length on LAYER met4 = 29 um.
Total wire length on LAYER met5 = 0 um.
Total number of vias = 1172.
Up-via summary (total 1172):

-----------------------
 FR_MASTERSLICE       0
            li1     585
           met1     564
           met2      21
           met3       2
           met4       0
-----------------------
                   1172


[INFO DRT-0195] Start 1st optimization iteration.
    Completing 10% with 86 violations.
    elapsed time = 00:00:01, memory = 503.03 (MB).
    Completing 20% with 86 violations.
    elapsed time = 00:00:01, memory = 503.03 (MB).
    Completing 30% with 85 violations.
    elapsed time = 00:00:02, memory = 503.03 (MB).
    Completing 40% with 70 violations.
    elapsed time = 00:00:02, memory = 503.03 (MB).
[INFO DRT-0199]   Number of violations = 41.
Viol/Layer        met1   met2   met3
Metal Spacing       10      1      2
Short               24      4      0
[INFO DRT-0267] cpu time = 00:00:03, elapsed time = 00:00:02, memory = 503.15 (MB), peak = 503.04 (MB)
Total wire length = 3008 um.
Total wire length on LAYER li1 = 0 um.
Total wire length on LAYER met1 = 1526 um.
Total wire length on LAYER met2 = 1334 um.
Total wire length on LAYER met3 = 118 um.
Total wire length on LAYER met4 = 28 um.
Total wire length on LAYER met5 = 0 um.
Total number of vias = 1179.
Up-via summary (total 1179):

-----------------------
 FR_MASTERSLICE       0
            li1     583
           met1     567
           met2      27
           met3       2
           met4       0
-----------------------
                   1179


[INFO DRT-0195] Start 2nd optimization iteration.
    Completing 10% with 41 violations.
    elapsed time = 00:00:00, memory = 503.15 (MB).
    Completing 20% with 41 violations.
    elapsed time = 00:00:00, memory = 503.15 (MB).
    Completing 30% with 41 violations.
    elapsed time = 00:00:00, memory = 503.15 (MB).
    Completing 40% with 39 violations.
    elapsed time = 00:00:00, memory = 503.15 (MB).
    Completing 50% with 39 violations.
    elapsed time = 00:00:00, memory = 503.15 (MB).
    Completing 60% with 39 violations.
    elapsed time = 00:00:04, memory = 503.15 (MB).
[INFO DRT-0199]   Number of violations = 28.
Viol/Layer        met1   met2
Metal Spacing        3      2
Short               22      1
[INFO DRT-0267] cpu time = 00:00:05, elapsed time = 00:00:05, memory = 506.04 (MB), peak = 505.91 (MB)
Total wire length = 2992 um.
Total wire length on LAYER li1 = 0 um.
Total wire length on LAYER met1 = 1552 um.
Total wire length on LAYER met2 = 1297 um.
Total wire length on LAYER met3 = 113 um.
Total wire length on LAYER met4 = 28 um.
Total wire length on LAYER met5 = 0 um.
Total number of vias = 1154.
Up-via summary (total 1154):

-----------------------
 FR_MASTERSLICE       0
            li1     583
           met1     544
           met2      25
           met3       2
           met4       0
-----------------------
                   1154


[INFO DRT-0195] Start 3rd optimization iteration.
    Completing 10% with 28 violations.
    elapsed time = 00:00:04, memory = 506.04 (MB).
    Completing 20% with 2 violations.
    elapsed time = 00:00:04, memory = 506.04 (MB).
    Completing 30% with 0 violations.
    elapsed time = 00:00:04, memory = 506.04 (MB).
    Completing 40% with 0 violations.
    elapsed time = 00:00:04, memory = 506.04 (MB).
[INFO DRT-0199]   Number of violations = 0.
[INFO DRT-0267] cpu time = 00:00:04, elapsed time = 00:00:04, memory = 506.04 (MB), peak = 505.91 (MB)
Total wire length = 2987 um.
Total wire length on LAYER li1 = 0 um.
Total wire length on LAYER met1 = 1492 um.
Total wire length on LAYER met2 = 1331 um.
Total wire length on LAYER met3 = 134 um.
Total wire length on LAYER met4 = 27 um.
Total wire length on LAYER met5 = 0 um.
Total number of vias = 1172.
Up-via summary (total 1172):

-----------------------
 FR_MASTERSLICE       0
            li1     583
           met1     554
           met2      33
           met3       2
           met4       0
-----------------------
                   1172


[INFO DRT-0198] Complete detail routing.
Total wire length = 2987 um.
Total wire length on LAYER li1 = 0 um.
Total wire length on LAYER met1 = 1492 um.
Total wire length on LAYER met2 = 1331 um.
Total wire length on LAYER met3 = 134 um.
Total wire length on LAYER met4 = 27 um.
Total wire length on LAYER met5 = 0 um.
Total number of vias = 1172.
Up-via summary (total 1172):

-----------------------
 FR_MASTERSLICE       0
            li1     583
           met1     554
           met2      33
           met3       2
           met4       0
-----------------------
                   1172


[INFO DRT-0267] cpu time = 00:00:17, elapsed time = 00:00:16, memory = 506.04 (MB), peak = 505.91 (MB)

[INFO DRT-0180] Post processing.
Setting global connections for newly added cells…
[INFO] Setting global connections...
Updating metrics…
Cell type report:                       Count       Area
  Fill cell                                34     127.62
  Tap cell                                 28      35.03
  Timing Repair Buffer                     32     168.91
  Inverter                                  3      11.26
  Multi-Input combinational cell          128     972.18
  Total                                   225    1315.01
Writing OpenROAD database to '/work/openlane/runs/RUN_2026-08-20_16-12-00/43-openroad-detailedrouting/alu_8bit.odb'…
Writing netlist to '/work/openlane/runs/RUN_2026-08-20_16-12-00/43-openroad-detailedrouting/alu_8bit.nl.v'…
Writing powered netlist to '/work/openlane/runs/RUN_2026-08-20_16-12-00/43-openroad-detailedrouting/alu_8bit.pnl.v'…
Writing layout to '/work/openlane/runs/RUN_2026-08-20_16-12-00/43-openroad-detailedrouting/alu_8bit.def'…
Writing timing constraints to '/work/openlane/runs/RUN_2026-08-20_16-12-00/43-openroad-detailedrouting/alu_8bit.sdc'…
