
===========================================================================
 report_power
============================================================================
======================= max_tt_025C_1v80 Corner ===================================

Group                    Internal    Switching      Leakage        Total
                            Power        Power        Power        Power (Watts)
------------------------------------------------------------------------
Sequential           0.000000e+00 0.000000e+00 0.000000e+00 0.000000e+00   0.0%
Combinational        2.823056e-05 4.370378e-05 5.942047e-10 7.193494e-05 100.0%
Clock                0.000000e+00 0.000000e+00 3.337252e-10 3.337252e-10   0.0%
Macro                0.000000e+00 0.000000e+00 0.000000e+00 0.000000e+00   0.0%
Pad                  0.000000e+00 0.000000e+00 0.000000e+00 0.000000e+00   0.0%
------------------------------------------------------------------------
Total                2.823056e-05 4.370378e-05 9.279300e-10 7.193528e-05 100.0%
                            39.2%        60.8%         0.0%

