Reading OpenROAD database at '/work/openlane/runs/RUN_2026-08-20_16-12-00/41-openroad-repairantennas/1-diodeinsertion/alu_8bit.odb'…
Reading library file at '/root/.volare/volare/sky130/versions/0fe599b2afb6708d281543108caf8310912f54af/sky130A/libs.ref/sky130_fd_sc_hd/lib/sky130_fd_sc_hd__tt_025C_1v80.lib'…
Reading design constraints file at '/nix/store/ss2cw3sxbrwwx9jl0rrppbw4kgcmgi2n-python3-3.11.9-env/lib/python3.11/site-packages/openlane/scripts/base.sdc'…
[WARNING STA-0366] port '__VIRTUAL_CLK__' not found.
[INFO] Using clock __VIRTUAL_CLK__…
[INFO] Setting output delay to: 2
[INFO] Setting input delay to: 2
[WARNING STA-0366] port '__VIRTUAL_CLK__' not found.
[INFO] Setting load to: 0.033442
[INFO] Setting clock uncertainty to: 0.25
[INFO] Setting clock transition to: 0.1499999999999999944488848768742172978818416595458984375
[WARNING STA-0419] transition time can not be specified for virtual clocks.
[INFO] Setting timing derate to: 5%
[WARNING STA-0450] virtual clock __VIRTUAL_CLK__ can not be propagated.
[INFO] Setting RC values…
%OL_CREATE_REPORT min.rpt

===========================================================================
report_checks -path_delay min (Hold)
============================================================================
======================= nom_tt_025C_1v80 Corner ===================================

Startpoint: A[7] (input port clocked by __VIRTUAL_CLK__)
Endpoint: carry (output port clocked by __VIRTUAL_CLK__)
Path Group: __VIRTUAL_CLK__
Path Type: min

Fanout         Cap        Slew       Delay        Time   Description
---------------------------------------------------------------------------------------------
                      0.000000    0.000000    0.000000   clock __VIRTUAL_CLK__ (rise edge)
                                  0.000000    0.000000   clock network delay (ideal)
                                  2.000000    2.000000 v input external delay
     1    0.002561    0.008071    0.004040    2.004040 v A[7] (in)
                                                         A[7] (net)
                      0.008071    0.000000    2.004040 v input8/A (sky130_fd_sc_hd__clkbuf_1)
     5    0.013405    0.083382    0.118876    2.122916 v input8/X (sky130_fd_sc_hd__clkbuf_1)
                                                         net8 (net)
                      0.083382    0.000316    2.123232 v _154_/B (sky130_fd_sc_hd__nand2b_1)
     1    0.003086    0.048099    0.083698    2.206930 ^ _154_/Y (sky130_fd_sc_hd__nand2b_1)
                                                         _053_ (net)
                      0.048099    0.000070    2.207000 ^ _156_/A3 (sky130_fd_sc_hd__a32o_1)
     1    0.002196    0.043559    0.149594    2.356594 ^ _156_/X (sky130_fd_sc_hd__a32o_1)
                                                         net20 (net)
                      0.043559    0.000044    2.356638 ^ output20/A (sky130_fd_sc_hd__buf_2)
     1    0.033882    0.168387    0.195985    2.552623 ^ output20/X (sky130_fd_sc_hd__buf_2)
                                                         carry (net)
                      0.168441    0.000869    2.553493 ^ carry (out)
                                              2.553493   data arrival time

                      0.000000    0.000000    0.000000   clock __VIRTUAL_CLK__ (rise edge)
                                  0.000000    0.000000   clock network delay (ideal)
                                  0.250000    0.250000   clock uncertainty
                                  0.000000    0.250000   clock reconvergence pessimism
                                 -2.000000   -1.750000   output external delay
                                             -1.750000   data required time
---------------------------------------------------------------------------------------------
                                             -1.750000   data required time
                                             -2.553493   data arrival time
---------------------------------------------------------------------------------------------
                                              4.303493   slack (MET)


Startpoint: A[1] (input port clocked by __VIRTUAL_CLK__)
Endpoint: result[0] (output port clocked by __VIRTUAL_CLK__)
Path Group: __VIRTUAL_CLK__
Path Type: min

Fanout         Cap        Slew       Delay        Time   Description
---------------------------------------------------------------------------------------------
                      0.000000    0.000000    0.000000   clock __VIRTUAL_CLK__ (rise edge)
                                  0.000000    0.000000   clock network delay (ideal)
                                  2.000000    2.000000 ^ input external delay
     1    0.003489    0.022720    0.012742    2.012743 ^ A[1] (in)
                                                         A[1] (net)
                      0.022727    0.000000    2.012743 ^ input2/A (sky130_fd_sc_hd__clkbuf_2)
     7    0.028964    0.161108    0.179580    2.192322 ^ input2/X (sky130_fd_sc_hd__clkbuf_2)
                                                         net2 (net)
                      0.161113    0.000735    2.193058 ^ _170_/A1 (sky130_fd_sc_hd__a211o_1)
     2    0.005191    0.054996    0.158191    2.351249 ^ _170_/X (sky130_fd_sc_hd__a211o_1)
                                                         net21 (net)
                      0.054996    0.000125    2.351374 ^ output21/A (sky130_fd_sc_hd__buf_2)
     1    0.035244    0.174721    0.204915    2.556288 ^ output21/X (sky130_fd_sc_hd__buf_2)
                                                         result[0] (net)
                      0.174722    0.000802    2.557090 ^ result[0] (out)
                                              2.557090   data arrival time

                      0.000000    0.000000    0.000000   clock __VIRTUAL_CLK__ (rise edge)
                                  0.000000    0.000000   clock network delay (ideal)
                                  0.250000    0.250000   clock uncertainty
                                  0.000000    0.250000   clock reconvergence pessimism
                                 -2.000000   -1.750000   output external delay
                                             -1.750000   data required time
---------------------------------------------------------------------------------------------
                                             -1.750000   data required time
                                             -2.557090   data arrival time
---------------------------------------------------------------------------------------------
                                              4.307090   slack (MET)


Startpoint: A[3] (input port clocked by __VIRTUAL_CLK__)
Endpoint: result[4] (output port clocked by __VIRTUAL_CLK__)
Path Group: __VIRTUAL_CLK__
Path Type: min

Fanout         Cap        Slew       Delay        Time   Description
---------------------------------------------------------------------------------------------
                      0.000000    0.000000    0.000000   clock __VIRTUAL_CLK__ (rise edge)
                                  0.000000    0.000000   clock network delay (ideal)
                                  2.000000    2.000000 ^ input external delay
     1    0.002943    0.020346    0.010825    2.010825 ^ A[3] (in)
                                                         A[3] (net)
                      0.020346    0.000000    2.010825 ^ input4/A (sky130_fd_sc_hd__buf_2)
     8    0.030239    0.151413    0.174992    2.185817 ^ input4/X (sky130_fd_sc_hd__buf_2)
                                                         net4 (net)
                      0.151467    0.000997    2.186815 ^ _233_/A1 (sky130_fd_sc_hd__a211o_1)
     1    0.003038    0.039643    0.142058    2.328873 ^ _233_/X (sky130_fd_sc_hd__a211o_1)
                                                         _006_ (net)
                      0.039643    0.000066    2.328939 ^ _234_/A3 (sky130_fd_sc_hd__o31a_1)
     2    0.005877    0.072959    0.127857    2.456795 ^ _234_/X (sky130_fd_sc_hd__o31a_1)
                                                         net25 (net)
                      0.072959    0.000212    2.457007 ^ output25/A (sky130_fd_sc_hd__buf_2)
     1    0.034671    0.172249    0.209526    2.666533 ^ output25/X (sky130_fd_sc_hd__buf_2)
                                                         result[4] (net)
                      0.172252    0.000947    2.667480 ^ result[4] (out)
                                              2.667480   data arrival time

                      0.000000    0.000000    0.000000   clock __VIRTUAL_CLK__ (rise edge)
                                  0.000000    0.000000   clock network delay (ideal)
                                  0.250000    0.250000   clock uncertainty
                                  0.000000    0.250000   clock reconvergence pessimism
                                 -2.000000   -1.750000   output external delay
                                             -1.750000   data required time
---------------------------------------------------------------------------------------------
                                             -1.750000   data required time
                                             -2.667480   data arrival time
---------------------------------------------------------------------------------------------
                                              4.417480   slack (MET)


Startpoint: B[2] (input port clocked by __VIRTUAL_CLK__)
Endpoint: result[2] (output port clocked by __VIRTUAL_CLK__)
Path Group: __VIRTUAL_CLK__
Path Type: min

Fanout         Cap        Slew       Delay        Time   Description
---------------------------------------------------------------------------------------------
                      0.000000    0.000000    0.000000   clock __VIRTUAL_CLK__ (rise edge)
                                  0.000000    0.000000   clock network delay (ideal)
                                  2.000000    2.000000 v input external delay
     1    0.003302    0.009799    0.005292    2.005292 v B[2] (in)
                                                         B[2] (net)
                      0.009799    0.000000    2.005292 v input11/A (sky130_fd_sc_hd__buf_1)
     4    0.010161    0.065374    0.105910    2.111203 v input11/X (sky130_fd_sc_hd__buf_1)
                                                         net11 (net)
                      0.065375    0.000371    2.111574 v _188_/B (sky130_fd_sc_hd__nand2_1)
     3    0.011288    0.110951    0.122639    2.234213 ^ _188_/Y (sky130_fd_sc_hd__nand2_1)
                                                         _084_ (net)
                      0.110953    0.000386    2.234599 ^ _198_/A2 (sky130_fd_sc_hd__o21ai_1)
     1    0.003845    0.042684    0.074865    2.309464 v _198_/Y (sky130_fd_sc_hd__o21ai_1)
                                                         _094_ (net)
                      0.042684    0.000107    2.309571 v _201_/B1 (sky130_fd_sc_hd__o22a_1)
     2    0.005654    0.049901    0.187955    2.497525 v _201_/X (sky130_fd_sc_hd__o22a_1)
                                                         net23 (net)
                      0.049901    0.000088    2.497613 v output23/A (sky130_fd_sc_hd__buf_2)
     1    0.034806    0.090771    0.182963    2.680576 v output23/X (sky130_fd_sc_hd__buf_2)
                                                         result[2] (net)
                      0.090782    0.000976    2.681552 v result[2] (out)
                                              2.681552   data arrival time

                      0.000000    0.000000    0.000000   clock __VIRTUAL_CLK__ (rise edge)
                                  0.000000    0.000000   clock network delay (ideal)
                                  0.250000    0.250000   clock uncertainty
                                  0.000000    0.250000   clock reconvergence pessimism
                                 -2.000000   -1.750000   output external delay
                                             -1.750000   data required time
---------------------------------------------------------------------------------------------
                                             -1.750000   data required time
                                             -2.681552   data arrival time
---------------------------------------------------------------------------------------------
                                              4.431552   slack (MET)


Startpoint: B[4] (input port clocked by __VIRTUAL_CLK__)
Endpoint: result[5] (output port clocked by __VIRTUAL_CLK__)
Path Group: __VIRTUAL_CLK__
Path Type: min

Fanout         Cap        Slew       Delay        Time   Description
---------------------------------------------------------------------------------------------
                      0.000000    0.000000    0.000000   clock __VIRTUAL_CLK__ (rise edge)
                                  0.000000    0.000000   clock network delay (ideal)
                                  2.000000    2.000000 v input external delay
     1    0.003324    0.009851    0.005330    2.005330 v B[4] (in)
                                                         B[4] (net)
                      0.009852    0.000000    2.005330 v input13/A (sky130_fd_sc_hd__buf_1)
     4    0.011490    0.072705    0.111595    2.116925 v input13/X (sky130_fd_sc_hd__buf_1)
                                                         net13 (net)
                      0.072705    0.000312    2.117238 v _219_/B (sky130_fd_sc_hd__nand2_2)
     5    0.019715    0.110240    0.128116    2.245353 ^ _219_/Y (sky130_fd_sc_hd__nand2_2)
                                                         _113_ (net)
                      0.110246    0.000652    2.246006 ^ _241_/A1 (sky130_fd_sc_hd__a31o_1)
     1    0.002893    0.041906    0.143260    2.389266 ^ _241_/X (sky130_fd_sc_hd__a31o_1)
                                                         _013_ (net)
                      0.041906    0.000062    2.389328 ^ _250_/A2 (sky130_fd_sc_hd__o211ai_1)
     2    0.006101    0.078719    0.096138    2.485465 v _250_/Y (sky130_fd_sc_hd__o211ai_1)
                                                         net26 (net)
                      0.078719    0.000140    2.485605 v output26/A (sky130_fd_sc_hd__buf_2)
     1    0.034628    0.090377    0.195698    2.681303 v output26/X (sky130_fd_sc_hd__buf_2)
                                                         result[5] (net)
                      0.090387    0.000929    2.682233 v result[5] (out)
                                              2.682233   data arrival time

                      0.000000    0.000000    0.000000   clock __VIRTUAL_CLK__ (rise edge)
                                  0.000000    0.000000   clock network delay (ideal)
                                  0.250000    0.250000   clock uncertainty
                                  0.000000    0.250000   clock reconvergence pessimism
                                 -2.000000   -1.750000   output external delay
                                             -1.750000   data required time
---------------------------------------------------------------------------------------------
                                             -1.750000   data required time
                                             -2.682233   data arrival time
---------------------------------------------------------------------------------------------
                                              4.432232   slack (MET)


Startpoint: opcode[0] (input port clocked by __VIRTUAL_CLK__)
Endpoint: result[3] (output port clocked by __VIRTUAL_CLK__)
Path Group: __VIRTUAL_CLK__
Path Type: min

Fanout         Cap        Slew       Delay        Time   Description
---------------------------------------------------------------------------------------------
                      0.000000    0.000000    0.000000   clock __VIRTUAL_CLK__ (rise edge)
                                  0.000000    0.000000   clock network delay (ideal)
                                  2.000000    2.000000 ^ input external delay
     1    0.003488    0.022715    0.012727    2.012727 ^ opcode[0] (in)
                                                         opcode[0] (net)
                      0.022715    0.000000    2.012727 ^ input17/A (sky130_fd_sc_hd__buf_1)
     2    0.012884    0.157417    0.152442    2.165169 ^ input17/X (sky130_fd_sc_hd__buf_1)
                                                         net17 (net)
                      0.157419    0.000473    2.165642 ^ _178_/C (sky130_fd_sc_hd__nor3_4)
     8    0.025264    0.060581    0.083091    2.248733 v _178_/Y (sky130_fd_sc_hd__nor3_4)
                                                         _075_ (net)
                      0.060585    0.000522    2.249255 v _217_/A1 (sky130_fd_sc_hd__a211o_1)
     2    0.006181    0.060265    0.275413    2.524668 v _217_/X (sky130_fd_sc_hd__a211o_1)
                                                         net24 (net)
                      0.060265    0.000153    2.524821 v output24/A (sky130_fd_sc_hd__buf_2)
     1    0.034600    0.090289    0.187265    2.712086 v output24/X (sky130_fd_sc_hd__buf_2)
                                                         result[3] (net)
                      0.090299    0.000912    2.712998 v result[3] (out)
                                              2.712998   data arrival time

                      0.000000    0.000000    0.000000   clock __VIRTUAL_CLK__ (rise edge)
                                  0.000000    0.000000   clock network delay (ideal)
                                  0.250000    0.250000   clock uncertainty
                                  0.000000    0.250000   clock reconvergence pessimism
                                 -2.000000   -1.750000   output external delay
                                             -1.750000   data required time
---------------------------------------------------------------------------------------------
                                             -1.750000   data required time
                                             -2.712998   data arrival time
---------------------------------------------------------------------------------------------
                                              4.462998   slack (MET)


Startpoint: B[0] (input port clocked by __VIRTUAL_CLK__)
Endpoint: result[1] (output port clocked by __VIRTUAL_CLK__)
Path Group: __VIRTUAL_CLK__
Path Type: min

Fanout         Cap        Slew       Delay        Time   Description
---------------------------------------------------------------------------------------------
                      0.000000    0.000000    0.000000   clock __VIRTUAL_CLK__ (rise edge)
                                  0.000000    0.000000   clock network delay (ideal)
                                  2.000000    2.000000 v input external delay
     1    0.003223    0.009615    0.005158    2.005158 v B[0] (in)
                                                         B[0] (net)
                      0.009616    0.000000    2.005158 v input9/A (sky130_fd_sc_hd__clkbuf_1)
     4    0.011786    0.074408    0.112588    2.117746 v input9/X (sky130_fd_sc_hd__clkbuf_1)
                                                         net9 (net)
                      0.074409    0.000409    2.118154 v _161_/B (sky130_fd_sc_hd__nand2_1)
     3    0.014022    0.134879    0.143262    2.261416 ^ _161_/Y (sky130_fd_sc_hd__nand2_1)
                                                         _059_ (net)
                      0.134885    0.000736    2.262152 ^ _185_/A (sky130_fd_sc_hd__xor2_1)
     1    0.002851    0.036479    0.082715    2.344867 v _185_/X (sky130_fd_sc_hd__xor2_1)
                                                         _082_ (net)
                      0.036479    0.000063    2.344930 v _186_/B1 (sky130_fd_sc_hd__o32a_1)
     2    0.005850    0.057713    0.181481    2.526411 v _186_/X (sky130_fd_sc_hd__o32a_1)
                                                         net22 (net)
                      0.057713    0.000141    2.526552 v output22/A (sky130_fd_sc_hd__buf_2)
     1    0.035389    0.092015    0.187510    2.714062 v output22/X (sky130_fd_sc_hd__buf_2)
                                                         result[1] (net)
                      0.092026    0.000990    2.715052 v result[1] (out)
                                              2.715052   data arrival time

                      0.000000    0.000000    0.000000   clock __VIRTUAL_CLK__ (rise edge)
                                  0.000000    0.000000   clock network delay (ideal)
                                  0.250000    0.250000   clock uncertainty
                                  0.000000    0.250000   clock reconvergence pessimism
                                 -2.000000   -1.750000   output external delay
                                             -1.750000   data required time
---------------------------------------------------------------------------------------------
                                             -1.750000   data required time
                                             -2.715052   data arrival time
---------------------------------------------------------------------------------------------
                                              4.465052   slack (MET)


Startpoint: opcode[0] (input port clocked by __VIRTUAL_CLK__)
Endpoint: result[6] (output port clocked by __VIRTUAL_CLK__)
Path Group: __VIRTUAL_CLK__
Path Type: min

Fanout         Cap        Slew       Delay        Time   Description
---------------------------------------------------------------------------------------------
                      0.000000    0.000000    0.000000   clock __VIRTUAL_CLK__ (rise edge)
                                  0.000000    0.000000   clock network delay (ideal)
                                  2.000000    2.000000 ^ input external delay
     1    0.003488    0.022715    0.012727    2.012727 ^ opcode[0] (in)
                                                         opcode[0] (net)
                      0.022715    0.000000    2.012727 ^ input17/A (sky130_fd_sc_hd__buf_1)
     2    0.012884    0.157417    0.152442    2.165169 ^ input17/X (sky130_fd_sc_hd__buf_1)
                                                         net17 (net)
                      0.157419    0.000473    2.165642 ^ _178_/C (sky130_fd_sc_hd__nor3_4)
     8    0.025264    0.060581    0.083091    2.248733 v _178_/Y (sky130_fd_sc_hd__nor3_4)
                                                         _075_ (net)
                      0.060594    0.000780    2.249513 v _136_/A1_N (sky130_fd_sc_hd__o2bb2a_1)
     2    0.006158    0.074794    0.263015    2.512528 ^ _136_/X (sky130_fd_sc_hd__o2bb2a_1)
                                                         net27 (net)
                      0.074794    0.000163    2.512691 ^ output27/A (sky130_fd_sc_hd__buf_2)
     1    0.034503    0.171464    0.209687    2.722379 ^ output27/X (sky130_fd_sc_hd__buf_2)
                                                         result[6] (net)
                      0.171466    0.000882    2.723261 ^ result[6] (out)
                                              2.723261   data arrival time

                      0.000000    0.000000    0.000000   clock __VIRTUAL_CLK__ (rise edge)
                                  0.000000    0.000000   clock network delay (ideal)
                                  0.250000    0.250000   clock uncertainty
                                  0.000000    0.250000   clock reconvergence pessimism
                                 -2.000000   -1.750000   output external delay
                                             -1.750000   data required time
---------------------------------------------------------------------------------------------
                                             -1.750000   data required time
                                             -2.723261   data arrival time
---------------------------------------------------------------------------------------------
                                              4.473261   slack (MET)


Startpoint: opcode[0] (input port clocked by __VIRTUAL_CLK__)
Endpoint: result[7] (output port clocked by __VIRTUAL_CLK__)
Path Group: __VIRTUAL_CLK__
Path Type: min

Fanout         Cap        Slew       Delay        Time   Description
---------------------------------------------------------------------------------------------
                      0.000000    0.000000    0.000000   clock __VIRTUAL_CLK__ (rise edge)
                                  0.000000    0.000000   clock network delay (ideal)
                                  2.000000    2.000000 ^ input external delay
     1    0.003488    0.022715    0.012727    2.012727 ^ opcode[0] (in)
                                                         opcode[0] (net)
                      0.022715    0.000000    2.012727 ^ input17/A (sky130_fd_sc_hd__buf_1)
     2    0.012884    0.157417    0.152442    2.165169 ^ input17/X (sky130_fd_sc_hd__buf_1)
                                                         net17 (net)
                      0.157419    0.000473    2.165642 ^ _178_/C (sky130_fd_sc_hd__nor3_4)
     8    0.025264    0.060581    0.083091    2.248733 v _178_/Y (sky130_fd_sc_hd__nor3_4)
                                                         _075_ (net)
                      0.060594    0.000774    2.249508 v _150_/A1_N (sky130_fd_sc_hd__o2bb2a_1)
     2    0.007672    0.088521    0.274023    2.523531 ^ _150_/X (sky130_fd_sc_hd__o2bb2a_1)
                                                         net28 (net)
                      0.088521    0.000177    2.523708 ^ output28/A (sky130_fd_sc_hd__buf_2)
     1    0.034249    0.170365    0.213863    2.737571 ^ output28/X (sky130_fd_sc_hd__buf_2)
                                                         result[7] (net)
                      0.170368    0.000935    2.738506 ^ result[7] (out)
                                              2.738506   data arrival time

                      0.000000    0.000000    0.000000   clock __VIRTUAL_CLK__ (rise edge)
                                  0.000000    0.000000   clock network delay (ideal)
                                  0.250000    0.250000   clock uncertainty
                                  0.000000    0.250000   clock reconvergence pessimism
                                 -2.000000   -1.750000   output external delay
                                             -1.750000   data required time
---------------------------------------------------------------------------------------------
                                             -1.750000   data required time
                                             -2.738506   data arrival time
---------------------------------------------------------------------------------------------
                                              4.488506   slack (MET)


Startpoint: opcode[0] (input port clocked by __VIRTUAL_CLK__)
Endpoint: zero (output port clocked by __VIRTUAL_CLK__)
Path Group: __VIRTUAL_CLK__
Path Type: min

Fanout         Cap        Slew       Delay        Time   Description
---------------------------------------------------------------------------------------------
                      0.000000    0.000000    0.000000   clock __VIRTUAL_CLK__ (rise edge)
                                  0.000000    0.000000   clock network delay (ideal)
                                  2.000000    2.000000 ^ input external delay
     1    0.003488    0.022715    0.012727    2.012727 ^ opcode[0] (in)
                                                         opcode[0] (net)
                      0.022715    0.000000    2.012727 ^ input17/A (sky130_fd_sc_hd__buf_1)
     2    0.012884    0.157417    0.152442    2.165169 ^ input17/X (sky130_fd_sc_hd__buf_1)
                                                         net17 (net)
                      0.157419    0.000473    2.165642 ^ _178_/C (sky130_fd_sc_hd__nor3_4)
     8    0.025264    0.060581    0.083091    2.248733 v _178_/Y (sky130_fd_sc_hd__nor3_4)
                                                         _075_ (net)
                      0.060594    0.000780    2.249513 v _136_/A1_N (sky130_fd_sc_hd__o2bb2a_1)
     2    0.006158    0.074794    0.263015    2.512528 ^ _136_/X (sky130_fd_sc_hd__o2bb2a_1)
                                                         net27 (net)
                      0.074794    0.000142    2.512670 ^ _153_/B (sky130_fd_sc_hd__nor4_1)
     1    0.003270    0.026084    0.056210    2.568880 v _153_/Y (sky130_fd_sc_hd__nor4_1)
                                                         net29 (net)
                      0.026084    0.000108    2.568988 v output29/A (sky130_fd_sc_hd__buf_2)
     1    0.034551    0.090369    0.172282    2.741270 v output29/X (sky130_fd_sc_hd__buf_2)
                                                         zero (net)
                      0.090378    0.000903    2.742174 v zero (out)
                                              2.742174   data arrival time

                      0.000000    0.000000    0.000000   clock __VIRTUAL_CLK__ (rise edge)
                                  0.000000    0.000000   clock network delay (ideal)
                                  0.250000    0.250000   clock uncertainty
                                  0.000000    0.250000   clock reconvergence pessimism
                                 -2.000000   -1.750000   output external delay
                                             -1.750000   data required time
---------------------------------------------------------------------------------------------
                                             -1.750000   data required time
                                             -2.742174   data arrival time
---------------------------------------------------------------------------------------------
                                              4.492174   slack (MET)



%OL_END_REPORT
%OL_CREATE_REPORT max.rpt

===========================================================================
report_checks -path_delay max (Setup)
============================================================================
======================= nom_tt_025C_1v80 Corner ===================================

Startpoint: A[0] (input port clocked by __VIRTUAL_CLK__)
Endpoint: zero (output port clocked by __VIRTUAL_CLK__)
Path Group: __VIRTUAL_CLK__
Path Type: max

Fanout         Cap        Slew       Delay        Time   Description
---------------------------------------------------------------------------------------------
                      0.000000    0.000000    0.000000   clock __VIRTUAL_CLK__ (rise edge)
                                  0.000000    0.000000   clock network delay (ideal)
                                  2.000000    2.000000 v input external delay
     1    0.002916    0.008901    0.004636    2.004636 v A[0] (in)
                                                         A[0] (net)
                      0.008901    0.000000    2.004636 v input1/A (sky130_fd_sc_hd__dlymetal6s2s_1)
     6    0.016439    0.094152    0.172893    2.177529 v input1/X (sky130_fd_sc_hd__dlymetal6s2s_1)
                                                         net1 (net)
                      0.094152    0.000335    2.177864 v _173_/A_N (sky130_fd_sc_hd__nand2b_1)
     3    0.009880    0.088706    0.199263    2.377127 v _173_/Y (sky130_fd_sc_hd__nand2b_1)
                                                         _070_ (net)
                      0.088706    0.000301    2.377428 v _193_/A2 (sky130_fd_sc_hd__a21o_1)
     4    0.012568    0.072775    0.231487    2.608915 v _193_/X (sky130_fd_sc_hd__a21o_1)
                                                         _089_ (net)
                      0.072776    0.000431    2.609346 v _226_/A2 (sky130_fd_sc_hd__a311o_1)
     3    0.010429    0.089477    0.360805    2.970151 v _226_/X (sky130_fd_sc_hd__a311o_1)
                                                         _120_ (net)
                      0.089478    0.000451    2.970602 v _125_/A2 (sky130_fd_sc_hd__a311o_1)
     2    0.006258    0.070620    0.343771    3.314373 v _125_/X (sky130_fd_sc_hd__a311o_1)
                                                         _027_ (net)
                      0.070620    0.000189    3.314563 v _127_/B (sky130_fd_sc_hd__and2_1)
     3    0.008130    0.057284    0.186675    3.501238 v _127_/X (sky130_fd_sc_hd__and2_1)
                                                         _029_ (net)
                      0.057284    0.000147    3.501385 v _144_/A (sky130_fd_sc_hd__or3_1)
     1    0.002485    0.062326    0.361488    3.862874 v _144_/X (sky130_fd_sc_hd__or3_1)
                                                         _045_ (net)
                      0.062326    0.000079    3.862952 v _145_/C (sky130_fd_sc_hd__and3_1)
     1    0.002297    0.034352    0.177591    4.040543 v _145_/X (sky130_fd_sc_hd__and3_1)
                                                         _046_ (net)
                      0.034352    0.000052    4.040595 v _150_/B1 (sky130_fd_sc_hd__o2bb2a_1)
     2    0.007165    0.073872    0.308517    4.349112 v _150_/X (sky130_fd_sc_hd__o2bb2a_1)
                                                         net28 (net)
                      0.073872    0.000169    4.349281 v _153_/C (sky130_fd_sc_hd__nor4_1)
     1    0.003430    0.237701    0.243328    4.592609 ^ _153_/Y (sky130_fd_sc_hd__nor4_1)
                                                         net29 (net)
                      0.237701    0.000116    4.592725 ^ output29/A (sky130_fd_sc_hd__buf_2)
     1    0.034551    0.172102    0.258564    4.851289 ^ output29/X (sky130_fd_sc_hd__buf_2)
                                                         zero (net)
                      0.172104    0.000904    4.852193 ^ zero (out)
                                              4.852193   data arrival time

                      0.000000   10.000000   10.000000   clock __VIRTUAL_CLK__ (rise edge)
                                  0.000000   10.000000   clock network delay (ideal)
                                 -0.250000    9.750000   clock uncertainty
                                  0.000000    9.750000   clock reconvergence pessimism
                                 -2.000000    7.750000   output external delay
                                              7.750000   data required time
---------------------------------------------------------------------------------------------
                                              7.750000   data required time
                                             -4.852193   data arrival time
---------------------------------------------------------------------------------------------
                                              2.897806   slack (MET)


Startpoint: A[0] (input port clocked by __VIRTUAL_CLK__)
Endpoint: result[7] (output port clocked by __VIRTUAL_CLK__)
Path Group: __VIRTUAL_CLK__
Path Type: max

Fanout         Cap        Slew       Delay        Time   Description
---------------------------------------------------------------------------------------------
                      0.000000    0.000000    0.000000   clock __VIRTUAL_CLK__ (rise edge)
                                  0.000000    0.000000   clock network delay (ideal)
                                  2.000000    2.000000 v input external delay
     1    0.002916    0.008901    0.004636    2.004636 v A[0] (in)
                                                         A[0] (net)
                      0.008901    0.000000    2.004636 v input1/A (sky130_fd_sc_hd__dlymetal6s2s_1)
     6    0.016439    0.094152    0.172893    2.177529 v input1/X (sky130_fd_sc_hd__dlymetal6s2s_1)
                                                         net1 (net)
                      0.094152    0.000335    2.177864 v _173_/A_N (sky130_fd_sc_hd__nand2b_1)
     3    0.009880    0.088706    0.199263    2.377127 v _173_/Y (sky130_fd_sc_hd__nand2b_1)
                                                         _070_ (net)
                      0.088706    0.000301    2.377428 v _193_/A2 (sky130_fd_sc_hd__a21o_1)
     4    0.012568    0.072775    0.231487    2.608915 v _193_/X (sky130_fd_sc_hd__a21o_1)
                                                         _089_ (net)
                      0.072776    0.000431    2.609346 v _226_/A2 (sky130_fd_sc_hd__a311o_1)
     3    0.010429    0.089477    0.360805    2.970151 v _226_/X (sky130_fd_sc_hd__a311o_1)
                                                         _120_ (net)
                      0.089478    0.000451    2.970602 v _125_/A2 (sky130_fd_sc_hd__a311o_1)
     2    0.006258    0.070620    0.343771    3.314373 v _125_/X (sky130_fd_sc_hd__a311o_1)
                                                         _027_ (net)
                      0.070620    0.000189    3.314563 v _127_/B (sky130_fd_sc_hd__and2_1)
     3    0.008130    0.057284    0.186675    3.501238 v _127_/X (sky130_fd_sc_hd__and2_1)
                                                         _029_ (net)
                      0.057284    0.000147    3.501385 v _144_/A (sky130_fd_sc_hd__or3_1)
     1    0.002485    0.062326    0.361488    3.862874 v _144_/X (sky130_fd_sc_hd__or3_1)
                                                         _045_ (net)
                      0.062326    0.000079    3.862952 v _145_/C (sky130_fd_sc_hd__and3_1)
     1    0.002297    0.034352    0.177591    4.040543 v _145_/X (sky130_fd_sc_hd__and3_1)
                                                         _046_ (net)
                      0.034352    0.000052    4.040595 v _150_/B1 (sky130_fd_sc_hd__o2bb2a_1)
     2    0.007165    0.073872    0.308517    4.349112 v _150_/X (sky130_fd_sc_hd__o2bb2a_1)
                                                         net28 (net)
                      0.073872    0.000165    4.349277 v output28/A (sky130_fd_sc_hd__buf_2)
     1    0.034249    0.089561    0.192779    4.542055 v output28/X (sky130_fd_sc_hd__buf_2)
                                                         result[7] (net)
                      0.089571    0.000934    4.542990 v result[7] (out)
                                              4.542990   data arrival time

                      0.000000   10.000000   10.000000   clock __VIRTUAL_CLK__ (rise edge)
                                  0.000000   10.000000   clock network delay (ideal)
                                 -0.250000    9.750000   clock uncertainty
                                  0.000000    9.750000   clock reconvergence pessimism
                                 -2.000000    7.750000   output external delay
                                              7.750000   data required time
---------------------------------------------------------------------------------------------
                                              7.750000   data required time
                                             -4.542990   data arrival time
---------------------------------------------------------------------------------------------
                                              3.207010   slack (MET)


Startpoint: A[0] (input port clocked by __VIRTUAL_CLK__)
Endpoint: result[6] (output port clocked by __VIRTUAL_CLK__)
Path Group: __VIRTUAL_CLK__
Path Type: max

Fanout         Cap        Slew       Delay        Time   Description
---------------------------------------------------------------------------------------------
                      0.000000    0.000000    0.000000   clock __VIRTUAL_CLK__ (rise edge)
                                  0.000000    0.000000   clock network delay (ideal)
                                  2.000000    2.000000 v input external delay
     1    0.002916    0.008901    0.004636    2.004636 v A[0] (in)
                                                         A[0] (net)
                      0.008901    0.000000    2.004636 v input1/A (sky130_fd_sc_hd__dlymetal6s2s_1)
     6    0.016439    0.094152    0.172893    2.177529 v input1/X (sky130_fd_sc_hd__dlymetal6s2s_1)
                                                         net1 (net)
                      0.094152    0.000335    2.177864 v _173_/A_N (sky130_fd_sc_hd__nand2b_1)
     3    0.009880    0.088706    0.199263    2.377127 v _173_/Y (sky130_fd_sc_hd__nand2b_1)
                                                         _070_ (net)
                      0.088706    0.000301    2.377428 v _193_/A2 (sky130_fd_sc_hd__a21o_1)
     4    0.012568    0.072775    0.231487    2.608915 v _193_/X (sky130_fd_sc_hd__a21o_1)
                                                         _089_ (net)
                      0.072776    0.000431    2.609346 v _226_/A2 (sky130_fd_sc_hd__a311o_1)
     3    0.010429    0.089477    0.360805    2.970151 v _226_/X (sky130_fd_sc_hd__a311o_1)
                                                         _120_ (net)
                      0.089478    0.000451    2.970602 v _125_/A2 (sky130_fd_sc_hd__a311o_1)
     2    0.006258    0.070620    0.343771    3.314373 v _125_/X (sky130_fd_sc_hd__a311o_1)
                                                         _027_ (net)
                      0.070620    0.000189    3.314563 v _127_/B (sky130_fd_sc_hd__and2_1)
     3    0.008130    0.057284    0.186675    3.501238 v _127_/X (sky130_fd_sc_hd__and2_1)
                                                         _029_ (net)
                      0.057284    0.000118    3.501356 v _132_/A3 (sky130_fd_sc_hd__o31ai_1)
     1    0.002044    0.167898    0.173240    3.674596 ^ _132_/Y (sky130_fd_sc_hd__o31ai_1)
                                                         _034_ (net)
                      0.167898    0.000041    3.674637 ^ _136_/B1 (sky130_fd_sc_hd__o2bb2a_1)
     2    0.006158    0.076553    0.193918    3.868555 ^ _136_/X (sky130_fd_sc_hd__o2bb2a_1)
                                                         net27 (net)
                      0.076553    0.000163    3.868719 ^ output27/A (sky130_fd_sc_hd__buf_2)
     1    0.034503    0.171474    0.210335    4.079054 ^ output27/X (sky130_fd_sc_hd__buf_2)
                                                         result[6] (net)
                      0.171476    0.000882    4.079937 ^ result[6] (out)
                                              4.079937   data arrival time

                      0.000000   10.000000   10.000000   clock __VIRTUAL_CLK__ (rise edge)
                                  0.000000   10.000000   clock network delay (ideal)
                                 -0.250000    9.750000   clock uncertainty
                                  0.000000    9.750000   clock reconvergence pessimism
                                 -2.000000    7.750000   output external delay
                                              7.750000   data required time
---------------------------------------------------------------------------------------------
                                              7.750000   data required time
                                             -4.079937   data arrival time
---------------------------------------------------------------------------------------------
                                              3.670063   slack (MET)


Startpoint: A[0] (input port clocked by __VIRTUAL_CLK__)
Endpoint: carry (output port clocked by __VIRTUAL_CLK__)
Path Group: __VIRTUAL_CLK__
Path Type: max

Fanout         Cap        Slew       Delay        Time   Description
---------------------------------------------------------------------------------------------
                      0.000000    0.000000    0.000000   clock __VIRTUAL_CLK__ (rise edge)
                                  0.000000    0.000000   clock network delay (ideal)
                                  2.000000    2.000000 v input external delay
     1    0.002916    0.008901    0.004636    2.004636 v A[0] (in)
                                                         A[0] (net)
                      0.008901    0.000000    2.004636 v input1/A (sky130_fd_sc_hd__dlymetal6s2s_1)
     6    0.016439    0.094152    0.172893    2.177529 v input1/X (sky130_fd_sc_hd__dlymetal6s2s_1)
                                                         net1 (net)
                      0.094152    0.000335    2.177864 v _173_/A_N (sky130_fd_sc_hd__nand2b_1)
     3    0.009880    0.088706    0.199263    2.377127 v _173_/Y (sky130_fd_sc_hd__nand2b_1)
                                                         _070_ (net)
                      0.088706    0.000301    2.377428 v _193_/A2 (sky130_fd_sc_hd__a21o_1)
     4    0.012568    0.072775    0.231487    2.608915 v _193_/X (sky130_fd_sc_hd__a21o_1)
                                                         _089_ (net)
                      0.072776    0.000431    2.609346 v _226_/A2 (sky130_fd_sc_hd__a311o_1)
     3    0.010429    0.089477    0.360805    2.970151 v _226_/X (sky130_fd_sc_hd__a311o_1)
                                                         _120_ (net)
                      0.089478    0.000451    2.970602 v _125_/A2 (sky130_fd_sc_hd__a311o_1)
     2    0.006258    0.070620    0.343771    3.314373 v _125_/X (sky130_fd_sc_hd__a311o_1)
                                                         _027_ (net)
                      0.070620    0.000189    3.314563 v _127_/B (sky130_fd_sc_hd__and2_1)
     3    0.008130    0.057284    0.186675    3.501238 v _127_/X (sky130_fd_sc_hd__and2_1)
                                                         _029_ (net)
                      0.057284    0.000146    3.501384 v _143_/A1 (sky130_fd_sc_hd__o21ai_1)
     2    0.006693    0.163435    0.179677    3.681061 ^ _143_/Y (sky130_fd_sc_hd__o21ai_1)
                                                         _044_ (net)
                      0.163435    0.000233    3.681294 ^ _156_/A2 (sky130_fd_sc_hd__a32o_1)
     1    0.002196    0.049749    0.176779    3.858074 ^ _156_/X (sky130_fd_sc_hd__a32o_1)
                                                         net20 (net)
                      0.049749    0.000044    3.858118 ^ output20/A (sky130_fd_sc_hd__buf_2)
     1    0.033882    0.168376    0.198356    4.056475 ^ output20/X (sky130_fd_sc_hd__buf_2)
                                                         carry (net)
                      0.168378    0.000870    4.057344 ^ carry (out)
                                              4.057344   data arrival time

                      0.000000   10.000000   10.000000   clock __VIRTUAL_CLK__ (rise edge)
                                  0.000000   10.000000   clock network delay (ideal)
                                 -0.250000    9.750000   clock uncertainty
                                  0.000000    9.750000   clock reconvergence pessimism
                                 -2.000000    7.750000   output external delay
                                              7.750000   data required time
---------------------------------------------------------------------------------------------
                                              7.750000   data required time
                                             -4.057344   data arrival time
---------------------------------------------------------------------------------------------
                                              3.692656   slack (MET)


Startpoint: A[1] (input port clocked by __VIRTUAL_CLK__)
Endpoint: result[5] (output port clocked by __VIRTUAL_CLK__)
Path Group: __VIRTUAL_CLK__
Path Type: max

Fanout         Cap        Slew       Delay        Time   Description
---------------------------------------------------------------------------------------------
                      0.000000    0.000000    0.000000   clock __VIRTUAL_CLK__ (rise edge)
                                  0.000000    0.000000   clock network delay (ideal)
                                  2.000000    2.000000 v input external delay
     1    0.003259    0.009699    0.005219    2.005219 v A[1] (in)
                                                         A[1] (net)
                      0.009700    0.000000    2.005219 v input2/A (sky130_fd_sc_hd__clkbuf_2)
     7    0.027027    0.106787    0.153399    2.158617 v input2/X (sky130_fd_sc_hd__clkbuf_2)
                                                         net2 (net)
                      0.106787    0.000446    2.159064 v _172_/A (sky130_fd_sc_hd__xnor2_2)
     6    0.019218    0.280134    0.295941    2.455005 ^ _172_/Y (sky130_fd_sc_hd__xnor2_2)
                                                         _069_ (net)
                      0.280136    0.000497    2.455502 ^ _193_/A1 (sky130_fd_sc_hd__a21o_1)
     4    0.013332    0.123277    0.218778    2.674279 ^ _193_/X (sky130_fd_sc_hd__a21o_1)
                                                         _089_ (net)
                      0.123277    0.000459    2.674738 ^ _226_/A2 (sky130_fd_sc_hd__a311o_1)
     3    0.011132    0.133558    0.238961    2.913700 ^ _226_/X (sky130_fd_sc_hd__a311o_1)
                                                         _120_ (net)
                      0.133558    0.000475    2.914175 ^ _227_/B (sky130_fd_sc_hd__nand2_1)
     3    0.007879    0.073970    0.100012    3.014187 v _227_/Y (sky130_fd_sc_hd__nand2_1)
                                                         _000_ (net)
                      0.073970    0.000140    3.014326 v _246_/B1 (sky130_fd_sc_hd__o211a_1)
     1    0.002654    0.037658    0.131412    3.145739 v _246_/X (sky130_fd_sc_hd__o211a_1)
                                                         _018_ (net)
                      0.037658    0.000063    3.145801 v _249_/B (sky130_fd_sc_hd__or4_1)
     1    0.003299    0.086921    0.498941    3.644743 v _249_/X (sky130_fd_sc_hd__or4_1)
                                                         _021_ (net)
                      0.086921    0.000109    3.644851 v _250_/C1 (sky130_fd_sc_hd__o211ai_1)
     2    0.006450    0.207337    0.123007    3.767859 ^ _250_/Y (sky130_fd_sc_hd__o211ai_1)
                                                         net26 (net)
                      0.207337    0.000150    3.768008 ^ output26/A (sky130_fd_sc_hd__buf_2)
     1    0.034628    0.172426    0.250589    4.018598 ^ output26/X (sky130_fd_sc_hd__buf_2)
                                                         result[5] (net)
                      0.172428    0.000930    4.019527 ^ result[5] (out)
                                              4.019527   data arrival time

                      0.000000   10.000000   10.000000   clock __VIRTUAL_CLK__ (rise edge)
                                  0.000000   10.000000   clock network delay (ideal)
                                 -0.250000    9.750000   clock uncertainty
                                  0.000000    9.750000   clock reconvergence pessimism
                                 -2.000000    7.750000   output external delay
                                              7.750000   data required time
---------------------------------------------------------------------------------------------
                                              7.750000   data required time
                                             -4.019527   data arrival time
---------------------------------------------------------------------------------------------
                                              3.730473   slack (MET)


Startpoint: A[0] (input port clocked by __VIRTUAL_CLK__)
Endpoint: result[4] (output port clocked by __VIRTUAL_CLK__)
Path Group: __VIRTUAL_CLK__
Path Type: max

Fanout         Cap        Slew       Delay        Time   Description
---------------------------------------------------------------------------------------------
                      0.000000    0.000000    0.000000   clock __VIRTUAL_CLK__ (rise edge)
                                  0.000000    0.000000   clock network delay (ideal)
                                  2.000000    2.000000 v input external delay
     1    0.002916    0.008901    0.004636    2.004636 v A[0] (in)
                                                         A[0] (net)
                      0.008901    0.000000    2.004636 v input1/A (sky130_fd_sc_hd__dlymetal6s2s_1)
     6    0.016439    0.094152    0.172893    2.177529 v input1/X (sky130_fd_sc_hd__dlymetal6s2s_1)
                                                         net1 (net)
                      0.094152    0.000335    2.177864 v _173_/A_N (sky130_fd_sc_hd__nand2b_1)
     3    0.009880    0.088706    0.199263    2.377127 v _173_/Y (sky130_fd_sc_hd__nand2b_1)
                                                         _070_ (net)
                      0.088706    0.000301    2.377428 v _193_/A2 (sky130_fd_sc_hd__a21o_1)
     4    0.012568    0.072775    0.231487    2.608915 v _193_/X (sky130_fd_sc_hd__a21o_1)
                                                         _089_ (net)
                      0.072776    0.000431    2.609346 v _226_/A2 (sky130_fd_sc_hd__a311o_1)
     3    0.010429    0.089477    0.360805    2.970151 v _226_/X (sky130_fd_sc_hd__a311o_1)
                                                         _120_ (net)
                      0.089478    0.000406    2.970557 v _228_/A2 (sky130_fd_sc_hd__o21a_1)
     1    0.002605    0.033881    0.178521    3.149078 v _228_/X (sky130_fd_sc_hd__o21a_1)
                                                         _001_ (net)
                      0.033881    0.000081    3.149159 v _229_/B (sky130_fd_sc_hd__and2_1)
     1    0.003383    0.037626    0.148600    3.297760 v _229_/X (sky130_fd_sc_hd__and2_1)
                                                         _002_ (net)
                      0.037626    0.000086    3.297846 v _234_/A1 (sky130_fd_sc_hd__o31a_1)
     2    0.005573    0.059478    0.301251    3.599097 v _234_/X (sky130_fd_sc_hd__o31a_1)
                                                         net25 (net)
                      0.059478    0.000199    3.599296 v output25/A (sky130_fd_sc_hd__buf_2)
     1    0.034671    0.090456    0.187012    3.786308 v output25/X (sky130_fd_sc_hd__buf_2)
                                                         result[4] (net)
                      0.090466    0.000946    3.787254 v result[4] (out)
                                              3.787254   data arrival time

                      0.000000   10.000000   10.000000   clock __VIRTUAL_CLK__ (rise edge)
                                  0.000000   10.000000   clock network delay (ideal)
                                 -0.250000    9.750000   clock uncertainty
                                  0.000000    9.750000   clock reconvergence pessimism
                                 -2.000000    7.750000   output external delay
                                              7.750000   data required time
---------------------------------------------------------------------------------------------
                                              7.750000   data required time
                                             -3.787254   data arrival time
---------------------------------------------------------------------------------------------
                                              3.962746   slack (MET)


Startpoint: opcode[2] (input port clocked by __VIRTUAL_CLK__)
Endpoint: result[1] (output port clocked by __VIRTUAL_CLK__)
Path Group: __VIRTUAL_CLK__
Path Type: max

Fanout         Cap        Slew       Delay        Time   Description
---------------------------------------------------------------------------------------------
                      0.000000    0.000000    0.000000   clock __VIRTUAL_CLK__ (rise edge)
                                  0.000000    0.000000   clock network delay (ideal)
                                  2.000000    2.000000 ^ input external delay
     1    0.003687    0.023579    0.013436    2.013436 ^ opcode[2] (in)
                                                         opcode[2] (net)
                      0.023587    0.000000    2.013436 ^ input19/A (sky130_fd_sc_hd__buf_1)
     3    0.015742    0.189918    0.175125    2.188562 ^ input19/X (sky130_fd_sc_hd__buf_1)
                                                         net19 (net)
                      0.189920    0.000472    2.189034 ^ fanout30/A (sky130_fd_sc_hd__buf_2)
    10    0.038405    0.189664    0.258479    2.447513 ^ fanout30/X (sky130_fd_sc_hd__buf_2)
                                                         net30 (net)
                      0.189664    0.000778    2.448291 ^ _166_/A (sky130_fd_sc_hd__or3b_4)
     8    0.024505    0.092840    0.209522    2.657812 ^ _166_/X (sky130_fd_sc_hd__or3b_4)
                                                         _064_ (net)
                      0.092843    0.000655    2.658468 ^ _181_/B2 (sky130_fd_sc_hd__o22a_1)
     1    0.003094    0.045171    0.125902    2.784370 ^ _181_/X (sky130_fd_sc_hd__o22a_1)
                                                         _078_ (net)
                      0.045171    0.000078    2.784448 ^ _182_/B1_N (sky130_fd_sc_hd__a21bo_1)
     1    0.002387    0.032344    0.185864    2.970312 v _182_/X (sky130_fd_sc_hd__a21bo_1)
                                                         _079_ (net)
                      0.032344    0.000050    2.970361 v _184_/C1 (sky130_fd_sc_hd__a311o_1)
     1    0.002522    0.051181    0.257770    3.228131 v _184_/X (sky130_fd_sc_hd__a311o_1)
                                                         _081_ (net)
                      0.051181    0.000052    3.228183 v _186_/A3 (sky130_fd_sc_hd__o32a_1)
     2    0.005850    0.065770    0.300106    3.528290 v _186_/X (sky130_fd_sc_hd__o32a_1)
                                                         net22 (net)
                      0.065770    0.000141    3.528430 v output22/A (sky130_fd_sc_hd__buf_2)
     1    0.035389    0.092025    0.191176    3.719607 v output22/X (sky130_fd_sc_hd__buf_2)
                                                         result[1] (net)
                      0.092036    0.000990    3.720597 v result[1] (out)
                                              3.720597   data arrival time

                      0.000000   10.000000   10.000000   clock __VIRTUAL_CLK__ (rise edge)
                                  0.000000   10.000000   clock network delay (ideal)
                                 -0.250000    9.750000   clock uncertainty
                                  0.000000    9.750000   clock reconvergence pessimism
                                 -2.000000    7.750000   output external delay
                                              7.750000   data required time
---------------------------------------------------------------------------------------------
                                              7.750000   data required time
                                             -3.720597   data arrival time
---------------------------------------------------------------------------------------------
                                              4.029404   slack (MET)


Startpoint: opcode[0] (input port clocked by __VIRTUAL_CLK__)
Endpoint: result[2] (output port clocked by __VIRTUAL_CLK__)
Path Group: __VIRTUAL_CLK__
Path Type: max

Fanout         Cap        Slew       Delay        Time   Description
---------------------------------------------------------------------------------------------
                      0.000000    0.000000    0.000000   clock __VIRTUAL_CLK__ (rise edge)
                                  0.000000    0.000000   clock network delay (ideal)
                                  2.000000    2.000000 ^ input external delay
     1    0.003488    0.022715    0.012727    2.012727 ^ opcode[0] (in)
                                                         opcode[0] (net)
                      0.022715    0.000000    2.012727 ^ input17/A (sky130_fd_sc_hd__buf_1)
     2    0.012884    0.157417    0.152442    2.165169 ^ input17/X (sky130_fd_sc_hd__buf_1)
                                                         net17 (net)
                      0.157418    0.000383    2.165552 ^ fanout32/A (sky130_fd_sc_hd__buf_2)
    10    0.031658    0.158550    0.227242    2.392794 ^ fanout32/X (sky130_fd_sc_hd__buf_2)
                                                         net32 (net)
                      0.158553    0.000938    2.393732 ^ _177_/A_N (sky130_fd_sc_hd__and3b_1)
     7    0.019044    0.105019    0.262009    2.655740 v _177_/X (sky130_fd_sc_hd__and3b_1)
                                                         _074_ (net)
                      0.105021    0.000570    2.656311 v _196_/B1 (sky130_fd_sc_hd__a22o_1)
     1    0.003622    0.044277    0.200933    2.857244 v _196_/X (sky130_fd_sc_hd__a22o_1)
                                                         _092_ (net)
                      0.044277    0.000126    2.857370 v _199_/B1 (sky130_fd_sc_hd__a211o_1)
     1    0.003075    0.048736    0.261843    3.119213 v _199_/X (sky130_fd_sc_hd__a211o_1)
                                                         _095_ (net)
                      0.048736    0.000073    3.119286 v _200_/B1 (sky130_fd_sc_hd__a31o_1)
     1    0.003364    0.039623    0.183554    3.302839 v _200_/X (sky130_fd_sc_hd__a31o_1)
                                                         _096_ (net)
                      0.039623    0.000085    3.302924 v _201_/B2 (sky130_fd_sc_hd__o22a_1)
     2    0.005654    0.057639    0.168384    3.471308 v _201_/X (sky130_fd_sc_hd__o22a_1)
                                                         net23 (net)
                      0.057639    0.000088    3.471396 v output23/A (sky130_fd_sc_hd__buf_2)
     1    0.034806    0.090753    0.186405    3.657801 v output23/X (sky130_fd_sc_hd__buf_2)
                                                         result[2] (net)
                      0.090764    0.000976    3.658777 v result[2] (out)
                                              3.658777   data arrival time

                      0.000000   10.000000   10.000000   clock __VIRTUAL_CLK__ (rise edge)
                                  0.000000   10.000000   clock network delay (ideal)
                                 -0.250000    9.750000   clock uncertainty
                                  0.000000    9.750000   clock reconvergence pessimism
                                 -2.000000    7.750000   output external delay
                                              7.750000   data required time
---------------------------------------------------------------------------------------------
                                              7.750000   data required time
                                             -3.658777   data arrival time
---------------------------------------------------------------------------------------------
                                              4.091223   slack (MET)


Startpoint: opcode[0] (input port clocked by __VIRTUAL_CLK__)
Endpoint: result[3] (output port clocked by __VIRTUAL_CLK__)
Path Group: __VIRTUAL_CLK__
Path Type: max

Fanout         Cap        Slew       Delay        Time   Description
---------------------------------------------------------------------------------------------
                      0.000000    0.000000    0.000000   clock __VIRTUAL_CLK__ (rise edge)
                                  0.000000    0.000000   clock network delay (ideal)
                                  2.000000    2.000000 ^ input external delay
     1    0.003488    0.022715    0.012727    2.012727 ^ opcode[0] (in)
                                                         opcode[0] (net)
                      0.022715    0.000000    2.012727 ^ input17/A (sky130_fd_sc_hd__buf_1)
     2    0.012884    0.157417    0.152442    2.165169 ^ input17/X (sky130_fd_sc_hd__buf_1)
                                                         net17 (net)
                      0.157418    0.000383    2.165552 ^ fanout32/A (sky130_fd_sc_hd__buf_2)
    10    0.031658    0.158550    0.227242    2.392794 ^ fanout32/X (sky130_fd_sc_hd__buf_2)
                                                         net32 (net)
                      0.158553    0.000893    2.393687 ^ _163_/C_N (sky130_fd_sc_hd__or3b_2)
     3    0.012324    0.109190    0.509615    2.903303 v _163_/X (sky130_fd_sc_hd__or3b_2)
                                                         _061_ (net)
                      0.109190    0.000331    2.903633 v _215_/B1 (sky130_fd_sc_hd__a31o_1)
     1    0.003290    0.039419    0.206449    3.110082 v _215_/X (sky130_fd_sc_hd__a31o_1)
                                                         _110_ (net)
                      0.039419    0.000111    3.110193 v _216_/C (sky130_fd_sc_hd__nor3_1)
     1    0.004266    0.181927    0.154160    3.264353 ^ _216_/Y (sky130_fd_sc_hd__nor3_1)
                                                         _111_ (net)
                      0.181927    0.000154    3.264507 ^ _217_/C1 (sky130_fd_sc_hd__a211o_1)
     2    0.006525    0.070770    0.143751    3.408258 ^ _217_/X (sky130_fd_sc_hd__a211o_1)
                                                         net24 (net)
                      0.070770    0.000162    3.408421 ^ output24/A (sky130_fd_sc_hd__buf_2)
     1    0.034600    0.171898    0.208507    3.616928 ^ output24/X (sky130_fd_sc_hd__buf_2)
                                                         result[3] (net)
                      0.171900    0.000913    3.617840 ^ result[3] (out)
                                              3.617840   data arrival time

                      0.000000   10.000000   10.000000   clock __VIRTUAL_CLK__ (rise edge)
                                  0.000000   10.000000   clock network delay (ideal)
                                 -0.250000    9.750000   clock uncertainty
                                  0.000000    9.750000   clock reconvergence pessimism
                                 -2.000000    7.750000   output external delay
                                              7.750000   data required time
---------------------------------------------------------------------------------------------
                                              7.750000   data required time
                                             -3.617840   data arrival time
---------------------------------------------------------------------------------------------
                                              4.132160   slack (MET)


Startpoint: opcode[1] (input port clocked by __VIRTUAL_CLK__)
Endpoint: result[0] (output port clocked by __VIRTUAL_CLK__)
Path Group: __VIRTUAL_CLK__
Path Type: max

Fanout         Cap        Slew       Delay        Time   Description
---------------------------------------------------------------------------------------------
                      0.000000    0.000000    0.000000   clock __VIRTUAL_CLK__ (rise edge)
                                  0.000000    0.000000   clock network delay (ideal)
                                  2.000000    2.000000 ^ input external delay
     1    0.003454    0.022564    0.012618    2.012618 ^ opcode[1] (in)
                                                         opcode[1] (net)
                      0.022572    0.000000    2.012618 ^ input18/A (sky130_fd_sc_hd__buf_1)
     2    0.013136    0.160278    0.154381    2.166999 ^ input18/X (sky130_fd_sc_hd__buf_1)
                                                         net18 (net)
                      0.160279    0.000384    2.167383 ^ fanout31/A (sky130_fd_sc_hd__clkbuf_2)
    10    0.028532    0.159417    0.224346    2.391729 ^ fanout31/X (sky130_fd_sc_hd__clkbuf_2)
                                                         net31 (net)
                      0.159417    0.000510    2.392240 ^ _166_/C_N (sky130_fd_sc_hd__or3b_4)
     8    0.022739    0.096231    0.445020    2.837259 v _166_/X (sky130_fd_sc_hd__or3b_4)
                                                         _064_ (net)
                      0.096231    0.000742    2.838001 v _168_/A2 (sky130_fd_sc_hd__o22ai_1)
     1    0.003544    0.138254    0.169361    3.007362 ^ _168_/Y (sky130_fd_sc_hd__o22ai_1)
                                                         _066_ (net)
                      0.138254    0.000087    3.007450 ^ _170_/B1 (sky130_fd_sc_hd__a211o_1)
     2    0.005191    0.058807    0.132726    3.140176 ^ _170_/X (sky130_fd_sc_hd__a211o_1)
                                                         net21 (net)
                      0.058807    0.000125    3.140301 ^ output21/A (sky130_fd_sc_hd__buf_2)
     1    0.035244    0.174812    0.206314    3.346615 ^ output21/X (sky130_fd_sc_hd__buf_2)
                                                         result[0] (net)
                      0.174813    0.000802    3.347416 ^ result[0] (out)
                                              3.347416   data arrival time

                      0.000000   10.000000   10.000000   clock __VIRTUAL_CLK__ (rise edge)
                                  0.000000   10.000000   clock network delay (ideal)
                                 -0.250000    9.750000   clock uncertainty
                                  0.000000    9.750000   clock reconvergence pessimism
                                 -2.000000    7.750000   output external delay
                                              7.750000   data required time
---------------------------------------------------------------------------------------------
                                              7.750000   data required time
                                             -3.347416   data arrival time
---------------------------------------------------------------------------------------------
                                              4.402584   slack (MET)



%OL_END_REPORT
%OL_CREATE_REPORT checks.rpt

===========================================================================
report_checks -unconstrained
===========================================================================
======================= nom_tt_025C_1v80 Corner ===================================

Startpoint: A[0] (input port clocked by __VIRTUAL_CLK__)
Endpoint: zero (output port clocked by __VIRTUAL_CLK__)
Path Group: __VIRTUAL_CLK__
Path Type: max

Fanout         Cap        Slew       Delay        Time   Description
---------------------------------------------------------------------------------------------
                      0.000000    0.000000    0.000000   clock __VIRTUAL_CLK__ (rise edge)
                                  0.000000    0.000000   clock network delay (ideal)
                                  2.000000    2.000000 v input external delay
     1    0.002916    0.008901    0.004636    2.004636 v A[0] (in)
                                                         A[0] (net)
                      0.008901    0.000000    2.004636 v input1/A (sky130_fd_sc_hd__dlymetal6s2s_1)
     6    0.016439    0.094152    0.172893    2.177529 v input1/X (sky130_fd_sc_hd__dlymetal6s2s_1)
                                                         net1 (net)
                      0.094152    0.000335    2.177864 v _173_/A_N (sky130_fd_sc_hd__nand2b_1)
     3    0.009880    0.088706    0.199263    2.377127 v _173_/Y (sky130_fd_sc_hd__nand2b_1)
                                                         _070_ (net)
                      0.088706    0.000301    2.377428 v _193_/A2 (sky130_fd_sc_hd__a21o_1)
     4    0.012568    0.072775    0.231487    2.608915 v _193_/X (sky130_fd_sc_hd__a21o_1)
                                                         _089_ (net)
                      0.072776    0.000431    2.609346 v _226_/A2 (sky130_fd_sc_hd__a311o_1)
     3    0.010429    0.089477    0.360805    2.970151 v _226_/X (sky130_fd_sc_hd__a311o_1)
                                                         _120_ (net)
                      0.089478    0.000451    2.970602 v _125_/A2 (sky130_fd_sc_hd__a311o_1)
     2    0.006258    0.070620    0.343771    3.314373 v _125_/X (sky130_fd_sc_hd__a311o_1)
                                                         _027_ (net)
                      0.070620    0.000189    3.314563 v _127_/B (sky130_fd_sc_hd__and2_1)
     3    0.008130    0.057284    0.186675    3.501238 v _127_/X (sky130_fd_sc_hd__and2_1)
                                                         _029_ (net)
                      0.057284    0.000147    3.501385 v _144_/A (sky130_fd_sc_hd__or3_1)
     1    0.002485    0.062326    0.361488    3.862874 v _144_/X (sky130_fd_sc_hd__or3_1)
                                                         _045_ (net)
                      0.062326    0.000079    3.862952 v _145_/C (sky130_fd_sc_hd__and3_1)
     1    0.002297    0.034352    0.177591    4.040543 v _145_/X (sky130_fd_sc_hd__and3_1)
                                                         _046_ (net)
                      0.034352    0.000052    4.040595 v _150_/B1 (sky130_fd_sc_hd__o2bb2a_1)
     2    0.007165    0.073872    0.308517    4.349112 v _150_/X (sky130_fd_sc_hd__o2bb2a_1)
                                                         net28 (net)
                      0.073872    0.000169    4.349281 v _153_/C (sky130_fd_sc_hd__nor4_1)
     1    0.003430    0.237701    0.243328    4.592609 ^ _153_/Y (sky130_fd_sc_hd__nor4_1)
                                                         net29 (net)
                      0.237701    0.000116    4.592725 ^ output29/A (sky130_fd_sc_hd__buf_2)
     1    0.034551    0.172102    0.258564    4.851289 ^ output29/X (sky130_fd_sc_hd__buf_2)
                                                         zero (net)
                      0.172104    0.000904    4.852193 ^ zero (out)
                                              4.852193   data arrival time

                      0.000000   10.000000   10.000000   clock __VIRTUAL_CLK__ (rise edge)
                                  0.000000   10.000000   clock network delay (ideal)
                                 -0.250000    9.750000   clock uncertainty
                                  0.000000    9.750000   clock reconvergence pessimism
                                 -2.000000    7.750000   output external delay
                                              7.750000   data required time
---------------------------------------------------------------------------------------------
                                              7.750000   data required time
                                             -4.852193   data arrival time
---------------------------------------------------------------------------------------------
                                              2.897806   slack (MET)




===========================================================================
report_checks --slack_max -0.01
============================================================================
======================= nom_tt_025C_1v80 Corner ===================================

No paths found.


===========================================================================
 report_check_types -max_slew -max_cap -max_fanout -violators
============================================================================
======================= nom_tt_025C_1v80 Corner ===================================



===========================================================================
report_parasitic_annotation -report_unannotated
============================================================================
Found 0 unannotated drivers.
Found 0 partially unannotated drivers.

===========================================================================
max slew violation count 0
Writing metric design__max_slew_violation__count__corner:nom_tt_025C_1v80: 0
max fanout violation count 0
Writing metric design__max_fanout_violation__count__corner:nom_tt_025C_1v80: 0
max cap violation count 0
Writing metric design__max_cap_violation__count__corner:nom_tt_025C_1v80: 0
============================================================================

===========================================================================
check_setup -verbose -unconstrained_endpoints -multiple_clock -no_clock -no_input_delay -loops -generated_clocks
===========================================================================
%OL_END_REPORT
%OL_CREATE_REPORT power.rpt

===========================================================================
 report_power
============================================================================
======================= nom_tt_025C_1v80 Corner ===================================

Group                    Internal    Switching      Leakage        Total
                            Power        Power        Power        Power (Watts)
------------------------------------------------------------------------
Sequential           0.000000e+00 0.000000e+00 0.000000e+00 0.000000e+00   0.0%
Combinational        2.820749e-05 4.146483e-05 5.942047e-10 6.967291e-05 100.0%
Clock                0.000000e+00 0.000000e+00 1.101613e-10 1.101613e-10   0.0%
Macro                0.000000e+00 0.000000e+00 0.000000e+00 0.000000e+00   0.0%
Pad                  0.000000e+00 0.000000e+00 0.000000e+00 0.000000e+00   0.0%
------------------------------------------------------------------------
Total                2.820749e-05 4.146483e-05 7.043654e-10 6.967302e-05 100.0%
                            40.5%        59.5%         0.0%
Writing metric power__internal__total: 2.820749068632722e-5
Writing metric power__switching__total: 4.146482751821168e-5
Writing metric power__leakage__total: 7.043653993399346e-10
Writing metric power__total: 6.967302033444867e-5

%OL_END_REPORT
%OL_CREATE_REPORT skew.min.rpt

===========================================================================
Clock Skew (Hold)
============================================================================
Writing metric clock__skew__worst_hold__corner:nom_tt_025C_1v80: 0.0
======================= nom_tt_025C_1v80 Corner ===================================

Clock __VIRTUAL_CLK__
No launch/capture paths found.

%OL_END_REPORT
%OL_CREATE_REPORT skew.max.rpt

===========================================================================
Clock Skew (Setup)
============================================================================
Writing metric clock__skew__worst_setup__corner:nom_tt_025C_1v80: 0.0
======================= nom_tt_025C_1v80 Corner ===================================

Clock __VIRTUAL_CLK__
No launch/capture paths found.

%OL_END_REPORT
%OL_CREATE_REPORT ws.min.rpt

===========================================================================
Worst Slack (Hold)
============================================================================
Writing metric timing__hold__ws__corner:nom_tt_025C_1v80: 4.3034927950409445
nom_tt_025C_1v80: 4.3034927950409445
%OL_END_REPORT
%OL_CREATE_REPORT ws.max.rpt

===========================================================================
Worst Slack (Setup)
============================================================================
Writing metric timing__setup__ws__corner:nom_tt_025C_1v80: 2.897806521205982
nom_tt_025C_1v80: 2.897806521205982
%OL_END_REPORT
%OL_CREATE_REPORT tns.min.rpt

===========================================================================
Total Negative Slack (Hold)
============================================================================
Writing metric timing__hold__tns__corner:nom_tt_025C_1v80: 0.0
nom_tt_025C_1v80: 0.0
%OL_END_REPORT
%OL_CREATE_REPORT tns.max.rpt

===========================================================================
Total Negative Slack (Setup)
============================================================================
Writing metric timing__setup__tns__corner:nom_tt_025C_1v80: 0.0
nom_tt_025C_1v80: 0.0
%OL_END_REPORT
%OL_CREATE_REPORT wns.min.rpt

===========================================================================
Worst Negative Slack (Hold)
============================================================================
Writing metric timing__hold__wns__corner:nom_tt_025C_1v80: 0
nom_tt_025C_1v80: 0
%OL_END_REPORT
%OL_CREATE_REPORT wns.max.rpt

===========================================================================
Worst Negative Slack (Setup)
============================================================================
Writing metric timing__setup__wns__corner:nom_tt_025C_1v80: 0.0
nom_tt_025C_1v80: 0.0
%OL_END_REPORT
%OL_CREATE_REPORT violator_list.rpt

===========================================================================
Violator List
============================================================================
Writing metric timing__hold_vio__count__corner:nom_tt_025C_1v80: 0
Writing metric timing__hold_r2r__ws__corner:nom_tt_025C_1v80: 1e30
Writing metric timing__hold_r2r_vio__count__corner:nom_tt_025C_1v80: 0
Writing metric timing__setup_vio__count__corner:nom_tt_025C_1v80: 0
Writing metric timing__setup_r2r__ws__corner:nom_tt_025C_1v80: 1e30
Writing metric timing__setup_r2r_vio__count__corner:nom_tt_025C_1v80: 0
%OL_END_REPORT
%OL_CREATE_REPORT unpropagated.rpt
__VIRTUAL_CLK__
%OL_END_REPORT
%OL_CREATE_REPORT clock.rpt
Clock: __VIRTUAL_CLK__
Sources: 
Generated: no
Virtual: yes
Propagated: no
Period: 10.000000

===========================================================================
report_clock_properties
============================================================================
Clock                   Period          Waveform
----------------------------------------------------
__VIRTUAL_CLK__      10.000000    0.000000  5.000000

===========================================================================
report_clock_latency
============================================================================
Clock __VIRTUAL_CLK__


===========================================================================
report_clock_min_period
============================================================================
__VIRTUAL_CLK__ period_min = 0.00 fmax = inf
%OL_END_REPORT
