
===========================================================================
report_checks -unconstrained
===========================================================================
======================= max_tt_025C_1v80 Corner ===================================

Startpoint: A[0] (input port clocked by __VIRTUAL_CLK__)
Endpoint: zero (output port clocked by __VIRTUAL_CLK__)
Path Group: __VIRTUAL_CLK__
Path Type: max

Fanout         Cap        Slew       Delay        Time   Description
---------------------------------------------------------------------------------------------
                      0.000000    0.000000    0.000000   clock __VIRTUAL_CLK__ (rise edge)
                                  0.000000    0.000000   clock network delay (ideal)
                                  2.000000    2.000000 v input external delay
     1    0.002435    0.007772    0.003854    2.003854 v A[0] (in)
                                                         A[0] (net)
                      0.007774    0.000000    2.003854 v input1/A (sky130_fd_sc_hd__dlymetal6s2s_1)
     6    0.018420    0.102861    0.179350    2.183204 v input1/X (sky130_fd_sc_hd__dlymetal6s2s_1)
                                                         net1 (net)
                      0.102867    0.000913    2.184117 v _173_/A_N (sky130_fd_sc_hd__nand2b_1)
     3    0.012092    0.104717    0.214526    2.398643 v _173_/Y (sky130_fd_sc_hd__nand2b_1)
                                                         _070_ (net)
                      0.104768    0.001038    2.399681 v _193_/A2 (sky130_fd_sc_hd__a21o_1)
     4    0.012858    0.074063    0.238631    2.638312 v _193_/X (sky130_fd_sc_hd__a21o_1)
                                                         _089_ (net)
                      0.074071    0.000827    2.639139 v _226_/A2 (sky130_fd_sc_hd__a311o_1)
     3    0.013331    0.102811    0.374672    3.013811 v _226_/X (sky130_fd_sc_hd__a311o_1)
                                                         _120_ (net)
                      0.102827    0.001286    3.015098 v _125_/A2 (sky130_fd_sc_hd__a311o_1)
     2    0.009554    0.085945    0.368487    3.383585 v _125_/X (sky130_fd_sc_hd__a311o_1)
                                                         _027_ (net)
                      0.085946    0.000483    3.384067 v _127_/B (sky130_fd_sc_hd__and2_1)
     3    0.010499    0.066524    0.202919    3.586987 v _127_/X (sky130_fd_sc_hd__and2_1)
                                                         _029_ (net)
                      0.066527    0.000548    3.587535 v _144_/A (sky130_fd_sc_hd__or3_1)
     1    0.002035    0.059632    0.359752    3.947287 v _144_/X (sky130_fd_sc_hd__or3_1)
                                                         _045_ (net)
                      0.059632    0.000135    3.947422 v _145_/C (sky130_fd_sc_hd__and3_1)
     1    0.001578    0.031319    0.171577    4.118999 v _145_/X (sky130_fd_sc_hd__and3_1)
                                                         _046_ (net)
                      0.031319    0.000073    4.119071 v _150_/B1 (sky130_fd_sc_hd__o2bb2a_1)
     2    0.008850    0.080751    0.318095    4.437166 v _150_/X (sky130_fd_sc_hd__o2bb2a_1)
                                                         net28 (net)
                      0.080754    0.000580    4.437747 v _153_/C (sky130_fd_sc_hd__nor4_1)
     1    0.002805    0.216558    0.228155    4.665901 ^ _153_/Y (sky130_fd_sc_hd__nor4_1)
                                                         net29 (net)
                      0.216558    0.000177    4.666078 ^ output29/A (sky130_fd_sc_hd__buf_2)
     1    0.034522    0.172065    0.252249    4.918327 ^ output29/X (sky130_fd_sc_hd__buf_2)
                                                         zero (net)
                      0.172078    0.001631    4.919958 ^ zero (out)
                                              4.919958   data arrival time

                      0.000000   10.000000   10.000000   clock __VIRTUAL_CLK__ (rise edge)
                                  0.000000   10.000000   clock network delay (ideal)
                                 -0.250000    9.750000   clock uncertainty
                                  0.000000    9.750000   clock reconvergence pessimism
                                 -2.000000    7.750000   output external delay
                                              7.750000   data required time
---------------------------------------------------------------------------------------------
                                              7.750000   data required time
                                             -4.919958   data arrival time
---------------------------------------------------------------------------------------------
                                              2.830042   slack (MET)




===========================================================================
report_checks --slack_max -0.01
============================================================================
======================= max_tt_025C_1v80 Corner ===================================

No paths found.


===========================================================================
 report_check_types -max_slew -max_cap -max_fanout -violators
============================================================================
======================= max_tt_025C_1v80 Corner ===================================



===========================================================================
report_parasitic_annotation -report_unannotated
============================================================================
Found 0 unannotated drivers.
Found 0 partially unannotated drivers.

===========================================================================
max slew violation count 0
max fanout violation count 0
max cap violation count 0
============================================================================

===========================================================================
check_setup -verbose -unconstrained_endpoints -multiple_clock -no_clock -no_input_delay -loops -generated_clocks
===========================================================================
