Reading timing models for corner min_ss_100C_1v60…
Reading cell library for the 'min_ss_100C_1v60' corner at '/home/piyush/.volare/volare/sky130/versions/0fe599b2afb6708d281543108caf8310912f54af/sky130A/libs.ref/sky130_fd_sc_hd/lib/sky130_fd_sc_hd__ss_100C_1v60.lib'…
Reading top-level netlist at '/home/piyush/asic_projects/alu_8bit/openlane/runs/RUN_2026-08-20_15-45-02/51-openroad-fillinsertion/alu_8bit.nl.v'…
Linking design 'alu_8bit' from netlist…
Warning: /home/piyush/asic_projects/alu_8bit/openlane/runs/RUN_2026-08-20_15-45-02/51-openroad-fillinsertion/alu_8bit.nl.v line 721, module sky130_fd_sc_hd__tapvpwrvgnd_1 not found. Creating black box for TAP_TAPCELL_ROW_0_34.
Warning: /home/piyush/asic_projects/alu_8bit/openlane/runs/RUN_2026-08-20_15-45-02/51-openroad-fillinsertion/alu_8bit.nl.v line 813, module sky130_ef_sc_hd__decap_12 not found. Creating black box for FILLER_0_3.
Warning: /home/piyush/asic_projects/alu_8bit/openlane/runs/RUN_2026-08-20_15-45-02/51-openroad-fillinsertion/alu_8bit.nl.v line 815, module sky130_fd_sc_hd__fill_1 not found. Creating black box for FILLER_0_27.
Warning: /home/piyush/asic_projects/alu_8bit/openlane/runs/RUN_2026-08-20_15-45-02/51-openroad-fillinsertion/alu_8bit.nl.v line 816, module sky130_fd_sc_hd__fill_2 not found. Creating black box for FILLER_0_29.
Reading design constraints file at '/nix/store/ss2cw3sxbrwwx9jl0rrppbw4kgcmgi2n-python3-3.11.9-env/lib/python3.11/site-packages/openlane/scripts/base.sdc'…
Warning: base.sdc line 15, port '__VIRTUAL_CLK__' not found.
[INFO] Using clock __VIRTUAL_CLK__…
[INFO] Setting output delay to: 2
[INFO] Setting input delay to: 2
Warning: base.sdc line 32, port '__VIRTUAL_CLK__' not found.
[INFO] Setting load to: 0.033442
[INFO] Setting clock uncertainty to: 0.25
[INFO] Setting clock transition to: 0.1499999999999999944488848768742172978818416595458984375
Warning: base.sdc line 69, transition time can not be specified for virtual clocks.
[INFO] Setting timing derate to: 5%
Warning: base.sdc line 79, virtual clock __VIRTUAL_CLK__ can not be propagated.
Reading top-level design parasitics for the 'min_ss_100C_1v60' corner at '/home/piyush/asic_projects/alu_8bit/openlane/runs/RUN_2026-08-20_15-45-02/53-openroad-rcx/min/alu_8bit.min.spef'…
%OL_CREATE_REPORT min.rpt

===========================================================================
report_checks -path_delay min (Hold)
============================================================================
======================= min_ss_100C_1v60 Corner ===================================

Startpoint: A[1] (input port clocked by __VIRTUAL_CLK__)
Endpoint: result[0] (output port clocked by __VIRTUAL_CLK__)
Path Group: __VIRTUAL_CLK__
Path Type: min

Fanout         Cap        Slew       Delay        Time   Description
---------------------------------------------------------------------------------------------
                      0.000000    0.000000    0.000000   clock __VIRTUAL_CLK__ (rise edge)
                                  0.000000    0.000000   clock network delay (ideal)
                                  2.000000    2.000000 ^ input external delay
     1    0.002854    0.032615    0.016057    2.016057 ^ A[1] (in)
                                                         A[1] (net)
                      0.032615    0.000000    2.016057 ^ input2/A (sky130_fd_sc_hd__clkbuf_2)
     7    0.029992    0.260067    0.312297    2.328354 ^ input2/X (sky130_fd_sc_hd__clkbuf_2)
                                                         net2 (net)
                      0.260067    0.000368    2.328722 ^ _170_/A1 (sky130_fd_sc_hd__a211o_1)
     2    0.006126    0.100938    0.335989    2.664711 ^ _170_/X (sky130_fd_sc_hd__a211o_1)
                                                         net21 (net)
                      0.100938    0.000110    2.664821 ^ output21/A (sky130_fd_sc_hd__buf_2)
     1    0.034760    0.275753    0.360843    3.025664 ^ output21/X (sky130_fd_sc_hd__buf_2)
                                                         result[0] (net)
                      0.275753    0.000216    3.025880 ^ result[0] (out)
                                              3.025880   data arrival time

                      0.000000    0.000000    0.000000   clock __VIRTUAL_CLK__ (rise edge)
                                  0.000000    0.000000   clock network delay (ideal)
                                  0.250000    0.250000   clock uncertainty
                                  0.000000    0.250000   clock reconvergence pessimism
                                 -2.000000   -1.750000   output external delay
                                             -1.750000   data required time
---------------------------------------------------------------------------------------------
                                             -1.750000   data required time
                                             -3.025880   data arrival time
---------------------------------------------------------------------------------------------
                                              4.775880   slack (MET)


Startpoint: A[7] (input port clocked by __VIRTUAL_CLK__)
Endpoint: carry (output port clocked by __VIRTUAL_CLK__)
Path Group: __VIRTUAL_CLK__
Path Type: min

Fanout         Cap        Slew       Delay        Time   Description
---------------------------------------------------------------------------------------------
                      0.000000    0.000000    0.000000   clock __VIRTUAL_CLK__ (rise edge)
                                  0.000000    0.000000   clock network delay (ideal)
                                  2.000000    2.000000 v input external delay
     1    0.002774    0.018362    0.009131    2.009131 v A[7] (in)
                                                         A[7] (net)
                      0.018362    0.000000    2.009131 v input8/A (sky130_fd_sc_hd__clkbuf_1)
     5    0.013779    0.164434    0.228722    2.237853 v input8/X (sky130_fd_sc_hd__clkbuf_1)
                                                         net8 (net)
                      0.164434    0.000139    2.237993 v _154_/B (sky130_fd_sc_hd__nand2b_1)
     1    0.002969    0.075878    0.151302    2.389294 ^ _154_/Y (sky130_fd_sc_hd__nand2b_1)
                                                         _053_ (net)
                      0.075878    0.000028    2.389322 ^ _156_/A3 (sky130_fd_sc_hd__a32o_1)
     1    0.002117    0.084121    0.329371    2.718693 ^ _156_/X (sky130_fd_sc_hd__a32o_1)
                                                         net20 (net)
                      0.084121    0.000019    2.718711 ^ output20/A (sky130_fd_sc_hd__buf_2)
     1    0.033942    0.269640    0.348649    3.067360 ^ output20/X (sky130_fd_sc_hd__buf_2)
                                                         carry (net)
                      0.269640    0.000166    3.067526 ^ carry (out)
                                              3.067526   data arrival time

                      0.000000    0.000000    0.000000   clock __VIRTUAL_CLK__ (rise edge)
                                  0.000000    0.000000   clock network delay (ideal)
                                  0.250000    0.250000   clock uncertainty
                                  0.000000    0.250000   clock reconvergence pessimism
                                 -2.000000   -1.750000   output external delay
                                             -1.750000   data required time
---------------------------------------------------------------------------------------------
                                             -1.750000   data required time
                                             -3.067526   data arrival time
---------------------------------------------------------------------------------------------
                                              4.817526   slack (MET)


Startpoint: A[3] (input port clocked by __VIRTUAL_CLK__)
Endpoint: result[4] (output port clocked by __VIRTUAL_CLK__)
Path Group: __VIRTUAL_CLK__
Path Type: min

Fanout         Cap        Slew       Delay        Time   Description
---------------------------------------------------------------------------------------------
                      0.000000    0.000000    0.000000   clock __VIRTUAL_CLK__ (rise edge)
                                  0.000000    0.000000   clock network delay (ideal)
                                  2.000000    2.000000 ^ input external delay
     1    0.002790    0.032187    0.015724    2.015724 ^ A[3] (in)
                                                         A[3] (net)
                      0.032187    0.000000    2.015724 ^ input4/A (sky130_fd_sc_hd__buf_2)
     8    0.030212    0.241921    0.304922    2.320646 ^ input4/X (sky130_fd_sc_hd__buf_2)
                                                         net4 (net)
                      0.241921    0.000392    2.321038 ^ _233_/A1 (sky130_fd_sc_hd__a211o_1)
     1    0.003070    0.065050    0.296016    2.617054 ^ _233_/X (sky130_fd_sc_hd__a211o_1)
                                                         _006_ (net)
                      0.065050    0.000029    2.617083 ^ _234_/A3 (sky130_fd_sc_hd__o31a_1)
     2    0.005553    0.116245    0.247456    2.864539 ^ _234_/X (sky130_fd_sc_hd__o31a_1)
                                                         net25 (net)
                      0.116245    0.000077    2.864616 ^ output25/A (sky130_fd_sc_hd__buf_2)
     1    0.034202    0.271668    0.364980    3.229596 ^ output25/X (sky130_fd_sc_hd__buf_2)
                                                         result[4] (net)
                      0.271668    0.000333    3.229929 ^ result[4] (out)
                                              3.229929   data arrival time

                      0.000000    0.000000    0.000000   clock __VIRTUAL_CLK__ (rise edge)
                                  0.000000    0.000000   clock network delay (ideal)
                                  0.250000    0.250000   clock uncertainty
                                  0.000000    0.250000   clock reconvergence pessimism
                                 -2.000000   -1.750000   output external delay
                                             -1.750000   data required time
---------------------------------------------------------------------------------------------
                                             -1.750000   data required time
                                             -3.229929   data arrival time
---------------------------------------------------------------------------------------------
                                              4.979929   slack (MET)


Startpoint: B[1] (input port clocked by __VIRTUAL_CLK__)
Endpoint: result[1] (output port clocked by __VIRTUAL_CLK__)
Path Group: __VIRTUAL_CLK__
Path Type: min

Fanout         Cap        Slew       Delay        Time   Description
---------------------------------------------------------------------------------------------
                      0.000000    0.000000    0.000000   clock __VIRTUAL_CLK__ (rise edge)
                                  0.000000    0.000000   clock network delay (ideal)
                                  2.000000    2.000000 ^ input external delay
     1    0.002257    0.028672    0.012907    2.012907 ^ B[1] (in)
                                                         B[1] (net)
                      0.028672    0.000000    2.012907 ^ input10/A (sky130_fd_sc_hd__dlymetal6s2s_1)
     4    0.017579    0.293235    0.304019    2.316926 ^ input10/X (sky130_fd_sc_hd__dlymetal6s2s_1)
                                                         net10 (net)
                      0.293235    0.000205    2.317132 ^ _180_/A2 (sky130_fd_sc_hd__o21a_1)
     1    0.002840    0.070741    0.280872    2.598003 ^ _180_/X (sky130_fd_sc_hd__o21a_1)
                                                         _077_ (net)
                      0.070741    0.000026    2.598029 ^ _186_/A1 (sky130_fd_sc_hd__o32a_1)
     2    0.005845    0.123123    0.333486    2.931515 ^ _186_/X (sky130_fd_sc_hd__o32a_1)
                                                         net22 (net)
                      0.123123    0.000074    2.931589 ^ output22/A (sky130_fd_sc_hd__buf_2)
     1    0.034163    0.271359    0.368106    3.299695 ^ output22/X (sky130_fd_sc_hd__buf_2)
                                                         result[1] (net)
                      0.271359    0.000183    3.299878 ^ result[1] (out)
                                              3.299878   data arrival time

                      0.000000    0.000000    0.000000   clock __VIRTUAL_CLK__ (rise edge)
                                  0.000000    0.000000   clock network delay (ideal)
                                  0.250000    0.250000   clock uncertainty
                                  0.000000    0.250000   clock reconvergence pessimism
                                 -2.000000   -1.750000   output external delay
                                             -1.750000   data required time
---------------------------------------------------------------------------------------------
                                             -1.750000   data required time
                                             -3.299878   data arrival time
---------------------------------------------------------------------------------------------
                                              5.049878   slack (MET)


Startpoint: B[6] (input port clocked by __VIRTUAL_CLK__)
Endpoint: result[6] (output port clocked by __VIRTUAL_CLK__)
Path Group: __VIRTUAL_CLK__
Path Type: min

Fanout         Cap        Slew       Delay        Time   Description
---------------------------------------------------------------------------------------------
                      0.000000    0.000000    0.000000   clock __VIRTUAL_CLK__ (rise edge)
                                  0.000000    0.000000   clock network delay (ideal)
                                  2.000000    2.000000 ^ input external delay
     1    0.003000    0.033577    0.016831    2.016831 ^ B[6] (in)
                                                         B[6] (net)
                      0.033577    0.000000    2.016831 ^ input15/A (sky130_fd_sc_hd__clkbuf_1)
     3    0.006404    0.140083    0.181325    2.198155 ^ input15/X (sky130_fd_sc_hd__clkbuf_1)
                                                         net15 (net)
                      0.140083    0.000047    2.198202 ^ _251_/B (sky130_fd_sc_hd__or2_1)
     2    0.007973    0.135231    0.244335    2.442537 ^ _251_/X (sky130_fd_sc_hd__or2_1)
                                                         _022_ (net)
                      0.135231    0.000066    2.442604 ^ _130_/A2 (sky130_fd_sc_hd__a21o_1)
     1    0.002701    0.056680    0.234148    2.676752 ^ _130_/X (sky130_fd_sc_hd__a21o_1)
                                                         _032_ (net)
                      0.056680    0.000030    2.676782 ^ _136_/B2 (sky130_fd_sc_hd__o2bb2a_1)
     2    0.005718    0.116051    0.277604    2.954386 ^ _136_/X (sky130_fd_sc_hd__o2bb2a_1)
                                                         net27 (net)
                      0.116051    0.000072    2.954458 ^ output27/A (sky130_fd_sc_hd__buf_2)
     1    0.034456    0.273565    0.366205    3.320663 ^ output27/X (sky130_fd_sc_hd__buf_2)
                                                         result[6] (net)
                      0.273565    0.000381    3.321044 ^ result[6] (out)
                                              3.321044   data arrival time

                      0.000000    0.000000    0.000000   clock __VIRTUAL_CLK__ (rise edge)
                                  0.000000    0.000000   clock network delay (ideal)
                                  0.250000    0.250000   clock uncertainty
                                  0.000000    0.250000   clock reconvergence pessimism
                                 -2.000000   -1.750000   output external delay
                                             -1.750000   data required time
---------------------------------------------------------------------------------------------
                                             -1.750000   data required time
                                             -3.321044   data arrival time
---------------------------------------------------------------------------------------------
                                              5.071044   slack (MET)


Startpoint: B[2] (input port clocked by __VIRTUAL_CLK__)
Endpoint: result[2] (output port clocked by __VIRTUAL_CLK__)
Path Group: __VIRTUAL_CLK__
Path Type: min

Fanout         Cap        Slew       Delay        Time   Description
---------------------------------------------------------------------------------------------
                      0.000000    0.000000    0.000000   clock __VIRTUAL_CLK__ (rise edge)
                                  0.000000    0.000000   clock network delay (ideal)
                                  2.000000    2.000000 v input external delay
     1    0.003031    0.019346    0.009950    2.009950 v B[2] (in)
                                                         B[2] (net)
                      0.019346    0.000000    2.009950 v input11/A (sky130_fd_sc_hd__buf_1)
     4    0.008763    0.111772    0.188623    2.198572 v input11/X (sky130_fd_sc_hd__buf_1)
                                                         net11 (net)
                      0.111772    0.000072    2.198645 v _188_/B (sky130_fd_sc_hd__nand2_1)
     3    0.011032    0.175542    0.202032    2.400677 ^ _188_/Y (sky130_fd_sc_hd__nand2_1)
                                                         _084_ (net)
                      0.175542    0.000141    2.400818 ^ _198_/A2 (sky130_fd_sc_hd__o21ai_1)
     1    0.004512    0.095275    0.172050    2.572868 v _198_/Y (sky130_fd_sc_hd__o21ai_1)
                                                         _094_ (net)
                      0.095275    0.000058    2.572926 v _201_/B1 (sky130_fd_sc_hd__o22a_1)
     2    0.007407    0.127943    0.405219    2.978145 v _201_/X (sky130_fd_sc_hd__o22a_1)
                                                         net23 (net)
                      0.127943    0.000040    2.978186 v output23/A (sky130_fd_sc_hd__buf_2)
     1    0.034136    0.165281    0.372157    3.350343 v output23/X (sky130_fd_sc_hd__buf_2)
                                                         result[2] (net)
                      0.165281    0.000243    3.350585 v result[2] (out)
                                              3.350585   data arrival time

                      0.000000    0.000000    0.000000   clock __VIRTUAL_CLK__ (rise edge)
                                  0.000000    0.000000   clock network delay (ideal)
                                  0.250000    0.250000   clock uncertainty
                                  0.000000    0.250000   clock reconvergence pessimism
                                 -2.000000   -1.750000   output external delay
                                             -1.750000   data required time
---------------------------------------------------------------------------------------------
                                             -1.750000   data required time
                                             -3.350585   data arrival time
---------------------------------------------------------------------------------------------
                                              5.100585   slack (MET)


Startpoint: opcode[1] (input port clocked by __VIRTUAL_CLK__)
Endpoint: result[3] (output port clocked by __VIRTUAL_CLK__)
Path Group: __VIRTUAL_CLK__
Path Type: min

Fanout         Cap        Slew       Delay        Time   Description
---------------------------------------------------------------------------------------------
                      0.000000    0.000000    0.000000   clock __VIRTUAL_CLK__ (rise edge)
                                  0.000000    0.000000   clock network delay (ideal)
                                  2.000000    2.000000 ^ input external delay
     1    0.003744    0.038581    0.020754    2.020754 ^ opcode[1] (in)
                                                         opcode[1] (net)
                      0.038581    0.000000    2.020754 ^ input18/A (sky130_fd_sc_hd__buf_1)
     2    0.012562    0.247456    0.263369    2.284122 ^ input18/X (sky130_fd_sc_hd__buf_1)
                                                         net18 (net)
                      0.247456    0.000120    2.284242 ^ _178_/B (sky130_fd_sc_hd__nor3_4)
     8    0.028959    0.101458    0.186002    2.470244 v _178_/Y (sky130_fd_sc_hd__nor3_4)
                                                         _075_ (net)
                      0.101458    0.000416    2.470660 v _217_/A1 (sky130_fd_sc_hd__a211o_1)
     2    0.006279    0.113542    0.535087    3.005747 v _217_/X (sky130_fd_sc_hd__a211o_1)
                                                         net24 (net)
                      0.113542    0.000038    3.005785 v output24/A (sky130_fd_sc_hd__buf_2)
     1    0.034544    0.166933    0.366393    3.372178 v output24/X (sky130_fd_sc_hd__buf_2)
                                                         result[3] (net)
                      0.166933    0.000427    3.372605 v result[3] (out)
                                              3.372605   data arrival time

                      0.000000    0.000000    0.000000   clock __VIRTUAL_CLK__ (rise edge)
                                  0.000000    0.000000   clock network delay (ideal)
                                  0.250000    0.250000   clock uncertainty
                                  0.000000    0.250000   clock reconvergence pessimism
                                 -2.000000   -1.750000   output external delay
                                             -1.750000   data required time
---------------------------------------------------------------------------------------------
                                             -1.750000   data required time
                                             -3.372605   data arrival time
---------------------------------------------------------------------------------------------
                                              5.122605   slack (MET)


Startpoint: B[6] (input port clocked by __VIRTUAL_CLK__)
Endpoint: zero (output port clocked by __VIRTUAL_CLK__)
Path Group: __VIRTUAL_CLK__
Path Type: min

Fanout         Cap        Slew       Delay        Time   Description
---------------------------------------------------------------------------------------------
                      0.000000    0.000000    0.000000   clock __VIRTUAL_CLK__ (rise edge)
                                  0.000000    0.000000   clock network delay (ideal)
                                  2.000000    2.000000 ^ input external delay
     1    0.003000    0.033577    0.016831    2.016831 ^ B[6] (in)
                                                         B[6] (net)
                      0.033577    0.000000    2.016831 ^ input15/A (sky130_fd_sc_hd__clkbuf_1)
     3    0.006404    0.140083    0.181325    2.198155 ^ input15/X (sky130_fd_sc_hd__clkbuf_1)
                                                         net15 (net)
                      0.140083    0.000047    2.198202 ^ _251_/B (sky130_fd_sc_hd__or2_1)
     2    0.007973    0.135231    0.244335    2.442537 ^ _251_/X (sky130_fd_sc_hd__or2_1)
                                                         _022_ (net)
                      0.135231    0.000066    2.442604 ^ _130_/A2 (sky130_fd_sc_hd__a21o_1)
     1    0.002701    0.056680    0.234148    2.676752 ^ _130_/X (sky130_fd_sc_hd__a21o_1)
                                                         _032_ (net)
                      0.056680    0.000030    2.676782 ^ _136_/B2 (sky130_fd_sc_hd__o2bb2a_1)
     2    0.005718    0.116051    0.277604    2.954386 ^ _136_/X (sky130_fd_sc_hd__o2bb2a_1)
                                                         net27 (net)
                      0.116051    0.000055    2.954442 ^ _153_/B (sky130_fd_sc_hd__nor4_1)
     1    0.002442    0.041543    0.102561    3.057003 v _153_/Y (sky130_fd_sc_hd__nor4_1)
                                                         net29 (net)
                      0.041543    0.000024    3.057027 v output29/A (sky130_fd_sc_hd__buf_2)
     1    0.034383    0.166417    0.332103    3.389130 v output29/X (sky130_fd_sc_hd__buf_2)
                                                         zero (net)
                      0.166417    0.000369    3.389499 v zero (out)
                                              3.389499   data arrival time

                      0.000000    0.000000    0.000000   clock __VIRTUAL_CLK__ (rise edge)
                                  0.000000    0.000000   clock network delay (ideal)
                                  0.250000    0.250000   clock uncertainty
                                  0.000000    0.250000   clock reconvergence pessimism
                                 -2.000000   -1.750000   output external delay
                                             -1.750000   data required time
---------------------------------------------------------------------------------------------
                                             -1.750000   data required time
                                             -3.389499   data arrival time
---------------------------------------------------------------------------------------------
                                              5.139499   slack (MET)


Startpoint: opcode[1] (input port clocked by __VIRTUAL_CLK__)
Endpoint: result[7] (output port clocked by __VIRTUAL_CLK__)
Path Group: __VIRTUAL_CLK__
Path Type: min

Fanout         Cap        Slew       Delay        Time   Description
---------------------------------------------------------------------------------------------
                      0.000000    0.000000    0.000000   clock __VIRTUAL_CLK__ (rise edge)
                                  0.000000    0.000000   clock network delay (ideal)
                                  2.000000    2.000000 ^ input external delay
     1    0.003744    0.038581    0.020754    2.020754 ^ opcode[1] (in)
                                                         opcode[1] (net)
                      0.038581    0.000000    2.020754 ^ input18/A (sky130_fd_sc_hd__buf_1)
     2    0.012562    0.247456    0.263369    2.284122 ^ input18/X (sky130_fd_sc_hd__buf_1)
                                                         net18 (net)
                      0.247456    0.000120    2.284242 ^ _178_/B (sky130_fd_sc_hd__nor3_4)
     8    0.028959    0.101458    0.186002    2.470244 v _178_/Y (sky130_fd_sc_hd__nor3_4)
                                                         _075_ (net)
                      0.101458    0.000453    2.470697 v _150_/A1_N (sky130_fd_sc_hd__o2bb2a_1)
     2    0.008461    0.153917    0.539165    3.009861 ^ _150_/X (sky130_fd_sc_hd__o2bb2a_1)
                                                         net28 (net)
                      0.153917    0.000041    3.009902 ^ output28/A (sky130_fd_sc_hd__buf_2)
     1    0.034143    0.271269    0.382428    3.392330 ^ output28/X (sky130_fd_sc_hd__buf_2)
                                                         result[7] (net)
                      0.271269    0.000201    3.392531 ^ result[7] (out)
                                              3.392531   data arrival time

                      0.000000    0.000000    0.000000   clock __VIRTUAL_CLK__ (rise edge)
                                  0.000000    0.000000   clock network delay (ideal)
                                  0.250000    0.250000   clock uncertainty
                                  0.000000    0.250000   clock reconvergence pessimism
                                 -2.000000   -1.750000   output external delay
                                             -1.750000   data required time
---------------------------------------------------------------------------------------------
                                             -1.750000   data required time
                                             -3.392531   data arrival time
---------------------------------------------------------------------------------------------
                                              5.142531   slack (MET)


Startpoint: B[4] (input port clocked by __VIRTUAL_CLK__)
Endpoint: result[5] (output port clocked by __VIRTUAL_CLK__)
Path Group: __VIRTUAL_CLK__
Path Type: min

Fanout         Cap        Slew       Delay        Time   Description
---------------------------------------------------------------------------------------------
                      0.000000    0.000000    0.000000   clock __VIRTUAL_CLK__ (rise edge)
                                  0.000000    0.000000   clock network delay (ideal)
                                  2.000000    2.000000 v input external delay
     1    0.002566    0.017576    0.008479    2.008479 v B[4] (in)
                                                         B[4] (net)
                      0.017576    0.000000    2.008479 v input13/A (sky130_fd_sc_hd__buf_1)
     4    0.011199    0.137094    0.207970    2.216449 v input13/X (sky130_fd_sc_hd__buf_1)
                                                         net13 (net)
                      0.137094    0.000130    2.216579 v _219_/B (sky130_fd_sc_hd__nand2_2)
     5    0.021624    0.189852    0.230503    2.447082 ^ _219_/Y (sky130_fd_sc_hd__nand2_2)
                                                         _113_ (net)
                      0.189852    0.000354    2.447436 ^ _241_/A1 (sky130_fd_sc_hd__a31o_1)
     1    0.002640    0.072225    0.308253    2.755690 ^ _241_/X (sky130_fd_sc_hd__a31o_1)
                                                         _013_ (net)
                      0.072225    0.000010    2.755700 ^ _250_/A2 (sky130_fd_sc_hd__o211ai_1)
     2    0.006497    0.198667    0.234645    2.990345 v _250_/Y (sky130_fd_sc_hd__o211ai_1)
                                                         net26 (net)
                      0.198667    0.000098    2.990444 v output26/A (sky130_fd_sc_hd__buf_2)
     1    0.034152    0.165469    0.406248    3.396692 v output26/X (sky130_fd_sc_hd__buf_2)
                                                         result[5] (net)
                      0.165469    0.000336    3.397028 v result[5] (out)
                                              3.397028   data arrival time

                      0.000000    0.000000    0.000000   clock __VIRTUAL_CLK__ (rise edge)
                                  0.000000    0.000000   clock network delay (ideal)
                                  0.250000    0.250000   clock uncertainty
                                  0.000000    0.250000   clock reconvergence pessimism
                                 -2.000000   -1.750000   output external delay
                                             -1.750000   data required time
---------------------------------------------------------------------------------------------
                                             -1.750000   data required time
                                             -3.397028   data arrival time
---------------------------------------------------------------------------------------------
                                              5.147028   slack (MET)



%OL_END_REPORT
%OL_CREATE_REPORT max.rpt

===========================================================================
report_checks -path_delay max (Setup)
============================================================================
======================= min_ss_100C_1v60 Corner ===================================

Startpoint: A[0] (input port clocked by __VIRTUAL_CLK__)
Endpoint: zero (output port clocked by __VIRTUAL_CLK__)
Path Group: __VIRTUAL_CLK__
Path Type: max

Fanout         Cap        Slew       Delay        Time   Description
---------------------------------------------------------------------------------------------
                      0.000000    0.000000    0.000000   clock __VIRTUAL_CLK__ (rise edge)
                                  0.000000    0.000000   clock network delay (ideal)
                                  2.000000    2.000000 v input external delay
     1    0.002246    0.016365    0.007471    2.007471 v A[0] (in)
                                                         A[0] (net)
                      0.016365    0.000000    2.007471 v input1/A (sky130_fd_sc_hd__dlymetal6s2s_1)
     6    0.017221    0.186923    0.361454    2.368925 v input1/X (sky130_fd_sc_hd__dlymetal6s2s_1)
                                                         net1 (net)
                      0.186923    0.000208    2.369133 v _173_/A_N (sky130_fd_sc_hd__nand2b_1)
     3    0.010900    0.206736    0.448953    2.818087 v _173_/Y (sky130_fd_sc_hd__nand2b_1)
                                                         _070_ (net)
                      0.206736    0.000246    2.818333 v _193_/A2 (sky130_fd_sc_hd__a21o_1)
     4    0.012086    0.133692    0.447222    3.265555 v _193_/X (sky130_fd_sc_hd__a21o_1)
                                                         _089_ (net)
                      0.133692    0.000190    3.265745 v _226_/A2 (sky130_fd_sc_hd__a311o_1)
     3    0.012157    0.176962    0.709270    3.975015 v _226_/X (sky130_fd_sc_hd__a311o_1)
                                                         _120_ (net)
                      0.176962    0.000367    3.975382 v _125_/A2 (sky130_fd_sc_hd__a311o_1)
     2    0.008527    0.146180    0.689500    4.664883 v _125_/X (sky130_fd_sc_hd__a311o_1)
                                                         _027_ (net)
                      0.146180    0.000156    4.665039 v _127_/B (sky130_fd_sc_hd__and2_1)
     3    0.009697    0.123090    0.409355    5.074394 v _127_/X (sky130_fd_sc_hd__and2_1)
                                                         _029_ (net)
                      0.123090    0.000111    5.074504 v _144_/A (sky130_fd_sc_hd__or3_1)
     1    0.001874    0.127121    0.837114    5.911619 v _144_/X (sky130_fd_sc_hd__or3_1)
                                                         _045_ (net)
                      0.127121    0.000016    5.911635 v _145_/C (sky130_fd_sc_hd__and3_1)
     1    0.001508    0.061059    0.370542    6.282177 v _145_/X (sky130_fd_sc_hd__and3_1)
                                                         _046_ (net)
                      0.061059    0.000006    6.282183 v _150_/B1 (sky130_fd_sc_hd__o2bb2a_1)
     2    0.008042    0.152320    0.685533    6.967715 v _150_/X (sky130_fd_sc_hd__o2bb2a_1)
                                                         net28 (net)
                      0.152320    0.000118    6.967833 v _153_/C (sky130_fd_sc_hd__nor4_1)
     1    0.002570    0.371797    0.410578    7.378411 ^ _153_/Y (sky130_fd_sc_hd__nor4_1)
                                                         net29 (net)
                      0.371797    0.000026    7.378437 ^ output29/A (sky130_fd_sc_hd__buf_2)
     1    0.034383    0.273911    0.473802    7.852239 ^ output29/X (sky130_fd_sc_hd__buf_2)
                                                         zero (net)
                      0.273911    0.000369    7.852608 ^ zero (out)
                                              7.852608   data arrival time

                      0.000000   10.000000   10.000000   clock __VIRTUAL_CLK__ (rise edge)
                                  0.000000   10.000000   clock network delay (ideal)
                                 -0.250000    9.750000   clock uncertainty
                                  0.000000    9.750000   clock reconvergence pessimism
                                 -2.000000    7.750000   output external delay
                                              7.750000   data required time
---------------------------------------------------------------------------------------------
                                              7.750000   data required time
                                             -7.852608   data arrival time
---------------------------------------------------------------------------------------------
                                             -0.102608   slack (VIOLATED)


Startpoint: A[0] (input port clocked by __VIRTUAL_CLK__)
Endpoint: result[7] (output port clocked by __VIRTUAL_CLK__)
Path Group: __VIRTUAL_CLK__
Path Type: max

Fanout         Cap        Slew       Delay        Time   Description
---------------------------------------------------------------------------------------------
                      0.000000    0.000000    0.000000   clock __VIRTUAL_CLK__ (rise edge)
                                  0.000000    0.000000   clock network delay (ideal)
                                  2.000000    2.000000 v input external delay
     1    0.002246    0.016365    0.007471    2.007471 v A[0] (in)
                                                         A[0] (net)
                      0.016365    0.000000    2.007471 v input1/A (sky130_fd_sc_hd__dlymetal6s2s_1)
     6    0.017221    0.186923    0.361454    2.368925 v input1/X (sky130_fd_sc_hd__dlymetal6s2s_1)
                                                         net1 (net)
                      0.186923    0.000208    2.369133 v _173_/A_N (sky130_fd_sc_hd__nand2b_1)
     3    0.010900    0.206736    0.448953    2.818087 v _173_/Y (sky130_fd_sc_hd__nand2b_1)
                                                         _070_ (net)
                      0.206736    0.000246    2.818333 v _193_/A2 (sky130_fd_sc_hd__a21o_1)
     4    0.012086    0.133692    0.447222    3.265555 v _193_/X (sky130_fd_sc_hd__a21o_1)
                                                         _089_ (net)
                      0.133692    0.000190    3.265745 v _226_/A2 (sky130_fd_sc_hd__a311o_1)
     3    0.012157    0.176962    0.709270    3.975015 v _226_/X (sky130_fd_sc_hd__a311o_1)
                                                         _120_ (net)
                      0.176962    0.000367    3.975382 v _125_/A2 (sky130_fd_sc_hd__a311o_1)
     2    0.008527    0.146180    0.689500    4.664883 v _125_/X (sky130_fd_sc_hd__a311o_1)
                                                         _027_ (net)
                      0.146180    0.000156    4.665039 v _127_/B (sky130_fd_sc_hd__and2_1)
     3    0.009697    0.123090    0.409355    5.074394 v _127_/X (sky130_fd_sc_hd__and2_1)
                                                         _029_ (net)
                      0.123090    0.000111    5.074504 v _144_/A (sky130_fd_sc_hd__or3_1)
     1    0.001874    0.127121    0.837114    5.911619 v _144_/X (sky130_fd_sc_hd__or3_1)
                                                         _045_ (net)
                      0.127121    0.000016    5.911635 v _145_/C (sky130_fd_sc_hd__and3_1)
     1    0.001508    0.061059    0.370542    6.282177 v _145_/X (sky130_fd_sc_hd__and3_1)
                                                         _046_ (net)
                      0.061059    0.000006    6.282183 v _150_/B1 (sky130_fd_sc_hd__o2bb2a_1)
     2    0.008042    0.152320    0.685533    6.967715 v _150_/X (sky130_fd_sc_hd__o2bb2a_1)
                                                         net28 (net)
                      0.152320    0.000039    6.967754 v output28/A (sky130_fd_sc_hd__buf_2)
     1    0.034143    0.165328    0.383963    7.351717 v output28/X (sky130_fd_sc_hd__buf_2)
                                                         result[7] (net)
                      0.165328    0.000201    7.351918 v result[7] (out)
                                              7.351918   data arrival time

                      0.000000   10.000000   10.000000   clock __VIRTUAL_CLK__ (rise edge)
                                  0.000000   10.000000   clock network delay (ideal)
                                 -0.250000    9.750000   clock uncertainty
                                  0.000000    9.750000   clock reconvergence pessimism
                                 -2.000000    7.750000   output external delay
                                              7.750000   data required time
---------------------------------------------------------------------------------------------
                                              7.750000   data required time
                                             -7.351918   data arrival time
---------------------------------------------------------------------------------------------
                                              0.398082   slack (MET)


Startpoint: A[0] (input port clocked by __VIRTUAL_CLK__)
Endpoint: result[6] (output port clocked by __VIRTUAL_CLK__)
Path Group: __VIRTUAL_CLK__
Path Type: max

Fanout         Cap        Slew       Delay        Time   Description
---------------------------------------------------------------------------------------------
                      0.000000    0.000000    0.000000   clock __VIRTUAL_CLK__ (rise edge)
                                  0.000000    0.000000   clock network delay (ideal)
                                  2.000000    2.000000 v input external delay
     1    0.002246    0.016365    0.007471    2.007471 v A[0] (in)
                                                         A[0] (net)
                      0.016365    0.000000    2.007471 v input1/A (sky130_fd_sc_hd__dlymetal6s2s_1)
     6    0.017221    0.186923    0.361454    2.368925 v input1/X (sky130_fd_sc_hd__dlymetal6s2s_1)
                                                         net1 (net)
                      0.186923    0.000208    2.369133 v _173_/A_N (sky130_fd_sc_hd__nand2b_1)
     3    0.010900    0.206736    0.448953    2.818087 v _173_/Y (sky130_fd_sc_hd__nand2b_1)
                                                         _070_ (net)
                      0.206736    0.000246    2.818333 v _193_/A2 (sky130_fd_sc_hd__a21o_1)
     4    0.012086    0.133692    0.447222    3.265555 v _193_/X (sky130_fd_sc_hd__a21o_1)
                                                         _089_ (net)
                      0.133692    0.000190    3.265745 v _226_/A2 (sky130_fd_sc_hd__a311o_1)
     3    0.012157    0.176962    0.709270    3.975015 v _226_/X (sky130_fd_sc_hd__a311o_1)
                                                         _120_ (net)
                      0.176962    0.000367    3.975382 v _125_/A2 (sky130_fd_sc_hd__a311o_1)
     2    0.008527    0.146180    0.689500    4.664883 v _125_/X (sky130_fd_sc_hd__a311o_1)
                                                         _027_ (net)
                      0.146180    0.000156    4.665039 v _127_/B (sky130_fd_sc_hd__and2_1)
     3    0.009697    0.123090    0.409355    5.074394 v _127_/X (sky130_fd_sc_hd__and2_1)
                                                         _029_ (net)
                      0.123090    0.000164    5.074558 v _132_/A3 (sky130_fd_sc_hd__o31ai_1)
     1    0.002094    0.292646    0.322347    5.396905 ^ _132_/Y (sky130_fd_sc_hd__o31ai_1)
                                                         _034_ (net)
                      0.292646    0.000020    5.396925 ^ _136_/B1 (sky130_fd_sc_hd__o2bb2a_1)
     2    0.005718    0.118784    0.386262    5.783187 ^ _136_/X (sky130_fd_sc_hd__o2bb2a_1)
                                                         net27 (net)
                      0.118784    0.000072    5.783259 ^ output27/A (sky130_fd_sc_hd__buf_2)
     1    0.034456    0.273570    0.367487    6.150746 ^ output27/X (sky130_fd_sc_hd__buf_2)
                                                         result[6] (net)
                      0.273570    0.000381    6.151127 ^ result[6] (out)
                                              6.151127   data arrival time

                      0.000000   10.000000   10.000000   clock __VIRTUAL_CLK__ (rise edge)
                                  0.000000   10.000000   clock network delay (ideal)
                                 -0.250000    9.750000   clock uncertainty
                                  0.000000    9.750000   clock reconvergence pessimism
                                 -2.000000    7.750000   output external delay
                                              7.750000   data required time
---------------------------------------------------------------------------------------------
                                              7.750000   data required time
                                             -6.151127   data arrival time
---------------------------------------------------------------------------------------------
                                              1.598873   slack (MET)


Startpoint: A[0] (input port clocked by __VIRTUAL_CLK__)
Endpoint: carry (output port clocked by __VIRTUAL_CLK__)
Path Group: __VIRTUAL_CLK__
Path Type: max

Fanout         Cap        Slew       Delay        Time   Description
---------------------------------------------------------------------------------------------
                      0.000000    0.000000    0.000000   clock __VIRTUAL_CLK__ (rise edge)
                                  0.000000    0.000000   clock network delay (ideal)
                                  2.000000    2.000000 v input external delay
     1    0.002246    0.016365    0.007471    2.007471 v A[0] (in)
                                                         A[0] (net)
                      0.016365    0.000000    2.007471 v input1/A (sky130_fd_sc_hd__dlymetal6s2s_1)
     6    0.017221    0.186923    0.361454    2.368925 v input1/X (sky130_fd_sc_hd__dlymetal6s2s_1)
                                                         net1 (net)
                      0.186923    0.000208    2.369133 v _173_/A_N (sky130_fd_sc_hd__nand2b_1)
     3    0.010900    0.206736    0.448953    2.818087 v _173_/Y (sky130_fd_sc_hd__nand2b_1)
                                                         _070_ (net)
                      0.206736    0.000246    2.818333 v _193_/A2 (sky130_fd_sc_hd__a21o_1)
     4    0.012086    0.133692    0.447222    3.265555 v _193_/X (sky130_fd_sc_hd__a21o_1)
                                                         _089_ (net)
                      0.133692    0.000190    3.265745 v _226_/A2 (sky130_fd_sc_hd__a311o_1)
     3    0.012157    0.176962    0.709270    3.975015 v _226_/X (sky130_fd_sc_hd__a311o_1)
                                                         _120_ (net)
                      0.176962    0.000367    3.975382 v _125_/A2 (sky130_fd_sc_hd__a311o_1)
     2    0.008527    0.146180    0.689500    4.664883 v _125_/X (sky130_fd_sc_hd__a311o_1)
                                                         _027_ (net)
                      0.146180    0.000156    4.665039 v _127_/B (sky130_fd_sc_hd__and2_1)
     3    0.009697    0.123090    0.409355    5.074394 v _127_/X (sky130_fd_sc_hd__and2_1)
                                                         _029_ (net)
                      0.123090    0.000145    5.074539 v _143_/A1 (sky130_fd_sc_hd__o21ai_1)
     2    0.006352    0.271597    0.312166    5.386705 ^ _143_/Y (sky130_fd_sc_hd__o21ai_1)
                                                         _044_ (net)
                      0.271597    0.000083    5.386788 ^ _156_/A2 (sky130_fd_sc_hd__a32o_1)
     1    0.002117    0.093714    0.388728    5.775516 ^ _156_/X (sky130_fd_sc_hd__a32o_1)
                                                         net20 (net)
                      0.093714    0.000019    5.775535 ^ output20/A (sky130_fd_sc_hd__buf_2)
     1    0.033942    0.269657    0.353149    6.128684 ^ output20/X (sky130_fd_sc_hd__buf_2)
                                                         carry (net)
                      0.269657    0.000166    6.128849 ^ carry (out)
                                              6.128849   data arrival time

                      0.000000   10.000000   10.000000   clock __VIRTUAL_CLK__ (rise edge)
                                  0.000000   10.000000   clock network delay (ideal)
                                 -0.250000    9.750000   clock uncertainty
                                  0.000000    9.750000   clock reconvergence pessimism
                                 -2.000000    7.750000   output external delay
                                              7.750000   data required time
---------------------------------------------------------------------------------------------
                                              7.750000   data required time
                                             -6.128849   data arrival time
---------------------------------------------------------------------------------------------
                                              1.621151   slack (MET)


Startpoint: B[1] (input port clocked by __VIRTUAL_CLK__)
Endpoint: result[5] (output port clocked by __VIRTUAL_CLK__)
Path Group: __VIRTUAL_CLK__
Path Type: max

Fanout         Cap        Slew       Delay        Time   Description
---------------------------------------------------------------------------------------------
                      0.000000    0.000000    0.000000   clock __VIRTUAL_CLK__ (rise edge)
                                  0.000000    0.000000   clock network delay (ideal)
                                  2.000000    2.000000 v input external delay
     1    0.002142    0.015974    0.007145    2.007144 v B[1] (in)
                                                         B[1] (net)
                      0.015974    0.000000    2.007144 v input10/A (sky130_fd_sc_hd__dlymetal6s2s_1)
     4    0.016766    0.183152    0.358341    2.365485 v input10/X (sky130_fd_sc_hd__dlymetal6s2s_1)
                                                         net10 (net)
                      0.183152    0.000157    2.365643 v _172_/B (sky130_fd_sc_hd__xnor2_2)
     6    0.017564    0.422600    0.422931    2.788574 ^ _172_/Y (sky130_fd_sc_hd__xnor2_2)
                                                         _069_ (net)
                      0.422600    0.000094    2.788669 ^ _193_/A1 (sky130_fd_sc_hd__a21o_1)
     4    0.012729    0.188749    0.429186    3.217855 ^ _193_/X (sky130_fd_sc_hd__a21o_1)
                                                         _089_ (net)
                      0.188749    0.000200    3.218055 ^ _226_/A2 (sky130_fd_sc_hd__a311o_1)
     3    0.012771    0.242627    0.507850    3.725905 ^ _226_/X (sky130_fd_sc_hd__a311o_1)
                                                         _120_ (net)
                      0.242627    0.000362    3.726267 ^ _227_/B (sky130_fd_sc_hd__nand2_1)
     3    0.007102    0.145595    0.221661    3.947928 v _227_/Y (sky130_fd_sc_hd__nand2_1)
                                                         _000_ (net)
                      0.145595    0.000036    3.947965 v _246_/B1 (sky130_fd_sc_hd__o211a_1)
     1    0.002595    0.069502    0.257371    4.205335 v _246_/X (sky130_fd_sc_hd__o211a_1)
                                                         _018_ (net)
                      0.069502    0.000026    4.205361 v _249_/B (sky130_fd_sc_hd__or4_1)
     1    0.003349    0.190580    1.180930    5.386292 v _249_/X (sky130_fd_sc_hd__or4_1)
                                                         _021_ (net)
                      0.190580    0.000040    5.386331 v _250_/C1 (sky130_fd_sc_hd__o211ai_1)
     2    0.006779    0.370331    0.232796    5.619128 ^ _250_/Y (sky130_fd_sc_hd__o211ai_1)
                                                         net26 (net)
                      0.370331    0.000103    5.619231 ^ output26/A (sky130_fd_sc_hd__buf_2)
     1    0.034152    0.272186    0.472025    6.091256 ^ output26/X (sky130_fd_sc_hd__buf_2)
                                                         result[5] (net)
                      0.272186    0.000336    6.091592 ^ result[5] (out)
                                              6.091592   data arrival time

                      0.000000   10.000000   10.000000   clock __VIRTUAL_CLK__ (rise edge)
                                  0.000000   10.000000   clock network delay (ideal)
                                 -0.250000    9.750000   clock uncertainty
                                  0.000000    9.750000   clock reconvergence pessimism
                                 -2.000000    7.750000   output external delay
                                              7.750000   data required time
---------------------------------------------------------------------------------------------
                                              7.750000   data required time
                                             -6.091592   data arrival time
---------------------------------------------------------------------------------------------
                                              1.658408   slack (MET)


Startpoint: A[0] (input port clocked by __VIRTUAL_CLK__)
Endpoint: result[4] (output port clocked by __VIRTUAL_CLK__)
Path Group: __VIRTUAL_CLK__
Path Type: max

Fanout         Cap        Slew       Delay        Time   Description
---------------------------------------------------------------------------------------------
                      0.000000    0.000000    0.000000   clock __VIRTUAL_CLK__ (rise edge)
                                  0.000000    0.000000   clock network delay (ideal)
                                  2.000000    2.000000 v input external delay
     1    0.002246    0.016365    0.007471    2.007471 v A[0] (in)
                                                         A[0] (net)
                      0.016365    0.000000    2.007471 v input1/A (sky130_fd_sc_hd__dlymetal6s2s_1)
     6    0.017221    0.186923    0.361454    2.368925 v input1/X (sky130_fd_sc_hd__dlymetal6s2s_1)
                                                         net1 (net)
                      0.186923    0.000208    2.369133 v _173_/A_N (sky130_fd_sc_hd__nand2b_1)
     3    0.010900    0.206736    0.448953    2.818087 v _173_/Y (sky130_fd_sc_hd__nand2b_1)
                                                         _070_ (net)
                      0.206736    0.000246    2.818333 v _193_/A2 (sky130_fd_sc_hd__a21o_1)
     4    0.012086    0.133692    0.447222    3.265555 v _193_/X (sky130_fd_sc_hd__a21o_1)
                                                         _089_ (net)
                      0.133692    0.000190    3.265745 v _226_/A2 (sky130_fd_sc_hd__a311o_1)
     3    0.012157    0.176962    0.709270    3.975015 v _226_/X (sky130_fd_sc_hd__a311o_1)
                                                         _120_ (net)
                      0.176962    0.000294    3.975309 v _228_/A2 (sky130_fd_sc_hd__o21a_1)
     1    0.001827    0.056421    0.339298    4.314608 v _228_/X (sky130_fd_sc_hd__o21a_1)
                                                         _001_ (net)
                      0.056421    0.000016    4.314623 v _229_/B (sky130_fd_sc_hd__and2_1)
     1    0.004026    0.078367    0.319185    4.633808 v _229_/X (sky130_fd_sc_hd__and2_1)
                                                         _002_ (net)
                      0.078367    0.000057    4.633865 v _234_/A1 (sky130_fd_sc_hd__o31a_1)
     2    0.005319    0.107324    0.582691    5.216557 v _234_/X (sky130_fd_sc_hd__o31a_1)
                                                         net25 (net)
                      0.107324    0.000073    5.216630 v output25/A (sky130_fd_sc_hd__buf_2)
     1    0.034202    0.165543    0.362365    5.578995 v output25/X (sky130_fd_sc_hd__buf_2)
                                                         result[4] (net)
                      0.165543    0.000333    5.579328 v result[4] (out)
                                              5.579328   data arrival time

                      0.000000   10.000000   10.000000   clock __VIRTUAL_CLK__ (rise edge)
                                  0.000000   10.000000   clock network delay (ideal)
                                 -0.250000    9.750000   clock uncertainty
                                  0.000000    9.750000   clock reconvergence pessimism
                                 -2.000000    7.750000   output external delay
                                              7.750000   data required time
---------------------------------------------------------------------------------------------
                                              7.750000   data required time
                                             -5.579328   data arrival time
---------------------------------------------------------------------------------------------
                                              2.170672   slack (MET)


Startpoint: opcode[0] (input port clocked by __VIRTUAL_CLK__)
Endpoint: result[3] (output port clocked by __VIRTUAL_CLK__)
Path Group: __VIRTUAL_CLK__
Path Type: max

Fanout         Cap        Slew       Delay        Time   Description
---------------------------------------------------------------------------------------------
                      0.000000    0.000000    0.000000   clock __VIRTUAL_CLK__ (rise edge)
                                  0.000000    0.000000   clock network delay (ideal)
                                  2.000000    2.000000 ^ input external delay
     1    0.004008    0.040375    0.022138    2.022138 ^ opcode[0] (in)
                                                         opcode[0] (net)
                      0.040375    0.000000    2.022138 ^ input17/A (sky130_fd_sc_hd__buf_1)
     2    0.013136    0.257965    0.271587    2.293725 ^ input17/X (sky130_fd_sc_hd__buf_1)
                                                         net17 (net)
                      0.257965    0.000167    2.293891 ^ fanout32/A (sky130_fd_sc_hd__buf_2)
    10    0.032305    0.257988    0.418487    2.712379 ^ fanout32/X (sky130_fd_sc_hd__buf_2)
                                                         net32 (net)
                      0.257988    0.000539    2.712918 ^ _163_/C_N (sky130_fd_sc_hd__or3b_2)
     3    0.015557    0.243291    1.224596    3.937514 v _163_/X (sky130_fd_sc_hd__or3b_2)
                                                         _061_ (net)
                      0.243291    0.000151    3.937665 v _215_/B1 (sky130_fd_sc_hd__a31o_1)
     1    0.003175    0.069105    0.403330    4.340995 v _215_/X (sky130_fd_sc_hd__a31o_1)
                                                         _110_ (net)
                      0.069105    0.000035    4.341030 v _216_/C (sky130_fd_sc_hd__nor3_1)
     1    0.004013    0.313028    0.265761    4.606791 ^ _216_/Y (sky130_fd_sc_hd__nor3_1)
                                                         _111_ (net)
                      0.313028    0.000057    4.606848 ^ _217_/C1 (sky130_fd_sc_hd__a211o_1)
     2    0.006554    0.116641    0.290112    4.896960 ^ _217_/X (sky130_fd_sc_hd__a211o_1)
                                                         net24 (net)
                      0.116641    0.000040    4.897000 ^ output24/A (sky130_fd_sc_hd__buf_2)
     1    0.034544    0.274229    0.366916    5.263916 ^ output24/X (sky130_fd_sc_hd__buf_2)
                                                         result[3] (net)
                      0.274229    0.000427    5.264343 ^ result[3] (out)
                                              5.264343   data arrival time

                      0.000000   10.000000   10.000000   clock __VIRTUAL_CLK__ (rise edge)
                                  0.000000   10.000000   clock network delay (ideal)
                                 -0.250000    9.750000   clock uncertainty
                                  0.000000    9.750000   clock reconvergence pessimism
                                 -2.000000    7.750000   output external delay
                                              7.750000   data required time
---------------------------------------------------------------------------------------------
                                              7.750000   data required time
                                             -5.264343   data arrival time
---------------------------------------------------------------------------------------------
                                              2.485657   slack (MET)


Startpoint: opcode[0] (input port clocked by __VIRTUAL_CLK__)
Endpoint: result[2] (output port clocked by __VIRTUAL_CLK__)
Path Group: __VIRTUAL_CLK__
Path Type: max

Fanout         Cap        Slew       Delay        Time   Description
---------------------------------------------------------------------------------------------
                      0.000000    0.000000    0.000000   clock __VIRTUAL_CLK__ (rise edge)
                                  0.000000    0.000000   clock network delay (ideal)
                                  2.000000    2.000000 ^ input external delay
     1    0.004008    0.040375    0.022138    2.022138 ^ opcode[0] (in)
                                                         opcode[0] (net)
                      0.040375    0.000000    2.022138 ^ input17/A (sky130_fd_sc_hd__buf_1)
     2    0.013136    0.257965    0.271587    2.293725 ^ input17/X (sky130_fd_sc_hd__buf_1)
                                                         net17 (net)
                      0.257965    0.000167    2.293891 ^ fanout32/A (sky130_fd_sc_hd__buf_2)
    10    0.032305    0.257988    0.418487    2.712379 ^ fanout32/X (sky130_fd_sc_hd__buf_2)
                                                         net32 (net)
                      0.257988    0.000517    2.712896 ^ _177_/A_N (sky130_fd_sc_hd__and3b_1)
     7    0.020632    0.211707    0.562649    3.275545 v _177_/X (sky130_fd_sc_hd__and3b_1)
                                                         _074_ (net)
                      0.211707    0.000226    3.275771 v _196_/B1 (sky130_fd_sc_hd__a22o_1)
     1    0.003622    0.078602    0.389442    3.665213 v _196_/X (sky130_fd_sc_hd__a22o_1)
                                                         _092_ (net)
                      0.078602    0.000047    3.665260 v _199_/B1 (sky130_fd_sc_hd__a211o_1)
     1    0.002869    0.088574    0.498451    4.163711 v _199_/X (sky130_fd_sc_hd__a211o_1)
                                                         _095_ (net)
                      0.088574    0.000018    4.163729 v _200_/B1 (sky130_fd_sc_hd__a31o_1)
     1    0.002716    0.067432    0.335473    4.499202 v _200_/X (sky130_fd_sc_hd__a31o_1)
                                                         _096_ (net)
                      0.067432    0.000014    4.499216 v _201_/B2 (sky130_fd_sc_hd__o22a_1)
     2    0.007407    0.128143    0.360775    4.859992 v _201_/X (sky130_fd_sc_hd__o22a_1)
                                                         net23 (net)
                      0.128143    0.000040    4.860032 v output23/A (sky130_fd_sc_hd__buf_2)
     1    0.034136    0.165281    0.372253    5.232285 v output23/X (sky130_fd_sc_hd__buf_2)
                                                         result[2] (net)
                      0.165281    0.000242    5.232528 v result[2] (out)
                                              5.232528   data arrival time

                      0.000000   10.000000   10.000000   clock __VIRTUAL_CLK__ (rise edge)
                                  0.000000   10.000000   clock network delay (ideal)
                                 -0.250000    9.750000   clock uncertainty
                                  0.000000    9.750000   clock reconvergence pessimism
                                 -2.000000    7.750000   output external delay
                                              7.750000   data required time
---------------------------------------------------------------------------------------------
                                              7.750000   data required time
                                             -5.232528   data arrival time
---------------------------------------------------------------------------------------------
                                              2.517472   slack (MET)


Startpoint: opcode[2] (input port clocked by __VIRTUAL_CLK__)
Endpoint: result[1] (output port clocked by __VIRTUAL_CLK__)
Path Group: __VIRTUAL_CLK__
Path Type: max

Fanout         Cap        Slew       Delay        Time   Description
---------------------------------------------------------------------------------------------
                      0.000000    0.000000    0.000000   clock __VIRTUAL_CLK__ (rise edge)
                                  0.000000    0.000000   clock network delay (ideal)
                                  2.000000    2.000000 ^ input external delay
     1    0.003285    0.035477    0.018326    2.018326 ^ opcode[2] (in)
                                                         opcode[2] (net)
                      0.035477    0.000000    2.018326 ^ input19/A (sky130_fd_sc_hd__buf_1)
     3    0.014203    0.277291    0.283101    2.301427 ^ input19/X (sky130_fd_sc_hd__buf_1)
                                                         net19 (net)
                      0.277291    0.000084    2.301511 ^ fanout30/A (sky130_fd_sc_hd__buf_2)
    10    0.038160    0.301473    0.457239    2.758750 ^ fanout30/X (sky130_fd_sc_hd__buf_2)
                                                         net30 (net)
                      0.301473    0.000354    2.759104 ^ _166_/A (sky130_fd_sc_hd__or3b_4)
     8    0.026450    0.155731    0.399897    3.159000 ^ _166_/X (sky130_fd_sc_hd__or3b_4)
                                                         _064_ (net)
                      0.155731    0.000544    3.159544 ^ _181_/B2 (sky130_fd_sc_hd__o22a_1)
     1    0.002162    0.066357    0.245402    3.404946 ^ _181_/X (sky130_fd_sc_hd__o22a_1)
                                                         _078_ (net)
                      0.066357    0.000019    3.404965 ^ _182_/B1_N (sky130_fd_sc_hd__a21bo_1)
     1    0.002793    0.061707    0.355513    3.760478 v _182_/X (sky130_fd_sc_hd__a21bo_1)
                                                         _079_ (net)
                      0.061707    0.000028    3.760505 v _184_/C1 (sky130_fd_sc_hd__a311o_1)
     1    0.002517    0.092828    0.496751    4.257257 v _184_/X (sky130_fd_sc_hd__a311o_1)
                                                         _081_ (net)
                      0.092828    0.000013    4.257269 v _186_/A3 (sky130_fd_sc_hd__o32a_1)
     2    0.005561    0.144445    0.572775    4.830044 v _186_/X (sky130_fd_sc_hd__o32a_1)
                                                         net22 (net)
                      0.144445    0.000070    4.830115 v output22/A (sky130_fd_sc_hd__buf_2)
     1    0.034163    0.165393    0.380244    5.210359 v output22/X (sky130_fd_sc_hd__buf_2)
                                                         result[1] (net)
                      0.165393    0.000183    5.210541 v result[1] (out)
                                              5.210541   data arrival time

                      0.000000   10.000000   10.000000   clock __VIRTUAL_CLK__ (rise edge)
                                  0.000000   10.000000   clock network delay (ideal)
                                 -0.250000    9.750000   clock uncertainty
                                  0.000000    9.750000   clock reconvergence pessimism
                                 -2.000000    7.750000   output external delay
                                              7.750000   data required time
---------------------------------------------------------------------------------------------
                                              7.750000   data required time
                                             -5.210541   data arrival time
---------------------------------------------------------------------------------------------
                                              2.539459   slack (MET)


Startpoint: opcode[1] (input port clocked by __VIRTUAL_CLK__)
Endpoint: result[0] (output port clocked by __VIRTUAL_CLK__)
Path Group: __VIRTUAL_CLK__
Path Type: max

Fanout         Cap        Slew       Delay        Time   Description
---------------------------------------------------------------------------------------------
                      0.000000    0.000000    0.000000   clock __VIRTUAL_CLK__ (rise edge)
                                  0.000000    0.000000   clock network delay (ideal)
                                  2.000000    2.000000 ^ input external delay
     1    0.003744    0.038581    0.020754    2.020754 ^ opcode[1] (in)
                                                         opcode[1] (net)
                      0.038581    0.000000    2.020754 ^ input18/A (sky130_fd_sc_hd__buf_1)
     2    0.012562    0.247456    0.263369    2.284122 ^ input18/X (sky130_fd_sc_hd__buf_1)
                                                         net18 (net)
                      0.247456    0.000071    2.284193 ^ fanout31/A (sky130_fd_sc_hd__clkbuf_2)
    10    0.027418    0.239383    0.394267    2.678460 ^ fanout31/X (sky130_fd_sc_hd__clkbuf_2)
                                                         net31 (net)
                      0.239383    0.000235    2.678695 ^ _166_/C_N (sky130_fd_sc_hd__or3b_4)
     8    0.024972    0.180202    0.899174    3.577869 v _166_/X (sky130_fd_sc_hd__or3b_4)
                                                         _064_ (net)
                      0.180202    0.000542    3.578411 v _168_/A2 (sky130_fd_sc_hd__o22ai_1)
     1    0.002928    0.219208    0.288249    3.866660 ^ _168_/Y (sky130_fd_sc_hd__o22ai_1)
                                                         _066_ (net)
                      0.219208    0.000026    3.866686 ^ _170_/B1 (sky130_fd_sc_hd__a211o_1)
     2    0.006126    0.109338    0.262798    4.129484 ^ _170_/X (sky130_fd_sc_hd__a211o_1)
                                                         net21 (net)
                      0.109338    0.000110    4.129594 ^ output21/A (sky130_fd_sc_hd__buf_2)
     1    0.034760    0.275769    0.364784    4.494378 ^ output21/X (sky130_fd_sc_hd__buf_2)
                                                         result[0] (net)
                      0.275769    0.000215    4.494593 ^ result[0] (out)
                                              4.494593   data arrival time

                      0.000000   10.000000   10.000000   clock __VIRTUAL_CLK__ (rise edge)
                                  0.000000   10.000000   clock network delay (ideal)
                                 -0.250000    9.750000   clock uncertainty
                                  0.000000    9.750000   clock reconvergence pessimism
                                 -2.000000    7.750000   output external delay
                                              7.750000   data required time
---------------------------------------------------------------------------------------------
                                              7.750000   data required time
                                             -4.494593   data arrival time
---------------------------------------------------------------------------------------------
                                              3.255407   slack (MET)



%OL_END_REPORT
%OL_CREATE_REPORT checks.rpt

===========================================================================
report_checks -unconstrained
===========================================================================
======================= min_ss_100C_1v60 Corner ===================================

Startpoint: A[0] (input port clocked by __VIRTUAL_CLK__)
Endpoint: zero (output port clocked by __VIRTUAL_CLK__)
Path Group: __VIRTUAL_CLK__
Path Type: max

Fanout         Cap        Slew       Delay        Time   Description
---------------------------------------------------------------------------------------------
                      0.000000    0.000000    0.000000   clock __VIRTUAL_CLK__ (rise edge)
                                  0.000000    0.000000   clock network delay (ideal)
                                  2.000000    2.000000 v input external delay
     1    0.002246    0.016365    0.007471    2.007471 v A[0] (in)
                                                         A[0] (net)
                      0.016365    0.000000    2.007471 v input1/A (sky130_fd_sc_hd__dlymetal6s2s_1)
     6    0.017221    0.186923    0.361454    2.368925 v input1/X (sky130_fd_sc_hd__dlymetal6s2s_1)
                                                         net1 (net)
                      0.186923    0.000208    2.369133 v _173_/A_N (sky130_fd_sc_hd__nand2b_1)
     3    0.010900    0.206736    0.448953    2.818087 v _173_/Y (sky130_fd_sc_hd__nand2b_1)
                                                         _070_ (net)
                      0.206736    0.000246    2.818333 v _193_/A2 (sky130_fd_sc_hd__a21o_1)
     4    0.012086    0.133692    0.447222    3.265555 v _193_/X (sky130_fd_sc_hd__a21o_1)
                                                         _089_ (net)
                      0.133692    0.000190    3.265745 v _226_/A2 (sky130_fd_sc_hd__a311o_1)
     3    0.012157    0.176962    0.709270    3.975015 v _226_/X (sky130_fd_sc_hd__a311o_1)
                                                         _120_ (net)
                      0.176962    0.000367    3.975382 v _125_/A2 (sky130_fd_sc_hd__a311o_1)
     2    0.008527    0.146180    0.689500    4.664883 v _125_/X (sky130_fd_sc_hd__a311o_1)
                                                         _027_ (net)
                      0.146180    0.000156    4.665039 v _127_/B (sky130_fd_sc_hd__and2_1)
     3    0.009697    0.123090    0.409355    5.074394 v _127_/X (sky130_fd_sc_hd__and2_1)
                                                         _029_ (net)
                      0.123090    0.000111    5.074504 v _144_/A (sky130_fd_sc_hd__or3_1)
     1    0.001874    0.127121    0.837114    5.911619 v _144_/X (sky130_fd_sc_hd__or3_1)
                                                         _045_ (net)
                      0.127121    0.000016    5.911635 v _145_/C (sky130_fd_sc_hd__and3_1)
     1    0.001508    0.061059    0.370542    6.282177 v _145_/X (sky130_fd_sc_hd__and3_1)
                                                         _046_ (net)
                      0.061059    0.000006    6.282183 v _150_/B1 (sky130_fd_sc_hd__o2bb2a_1)
     2    0.008042    0.152320    0.685533    6.967715 v _150_/X (sky130_fd_sc_hd__o2bb2a_1)
                                                         net28 (net)
                      0.152320    0.000118    6.967833 v _153_/C (sky130_fd_sc_hd__nor4_1)
     1    0.002570    0.371797    0.410578    7.378411 ^ _153_/Y (sky130_fd_sc_hd__nor4_1)
                                                         net29 (net)
                      0.371797    0.000026    7.378437 ^ output29/A (sky130_fd_sc_hd__buf_2)
     1    0.034383    0.273911    0.473802    7.852239 ^ output29/X (sky130_fd_sc_hd__buf_2)
                                                         zero (net)
                      0.273911    0.000369    7.852608 ^ zero (out)
                                              7.852608   data arrival time

                      0.000000   10.000000   10.000000   clock __VIRTUAL_CLK__ (rise edge)
                                  0.000000   10.000000   clock network delay (ideal)
                                 -0.250000    9.750000   clock uncertainty
                                  0.000000    9.750000   clock reconvergence pessimism
                                 -2.000000    7.750000   output external delay
                                              7.750000   data required time
---------------------------------------------------------------------------------------------
                                              7.750000   data required time
                                             -7.852608   data arrival time
---------------------------------------------------------------------------------------------
                                             -0.102608   slack (VIOLATED)




===========================================================================
report_checks --slack_max -0.01
============================================================================
======================= min_ss_100C_1v60 Corner ===================================

Startpoint: A[0] (input port clocked by __VIRTUAL_CLK__)
Endpoint: zero (output port clocked by __VIRTUAL_CLK__)
Path Group: __VIRTUAL_CLK__
Path Type: max

Fanout         Cap        Slew       Delay        Time   Description
---------------------------------------------------------------------------------------------
                      0.000000    0.000000    0.000000   clock __VIRTUAL_CLK__ (rise edge)
                                  0.000000    0.000000   clock network delay (ideal)
                                  2.000000    2.000000 v input external delay
     1    0.002246    0.016365    0.007471    2.007471 v A[0] (in)
                                                         A[0] (net)
                      0.016365    0.000000    2.007471 v input1/A (sky130_fd_sc_hd__dlymetal6s2s_1)
     6    0.017221    0.186923    0.361454    2.368925 v input1/X (sky130_fd_sc_hd__dlymetal6s2s_1)
                                                         net1 (net)
                      0.186923    0.000208    2.369133 v _173_/A_N (sky130_fd_sc_hd__nand2b_1)
     3    0.010900    0.206736    0.448953    2.818087 v _173_/Y (sky130_fd_sc_hd__nand2b_1)
                                                         _070_ (net)
                      0.206736    0.000246    2.818333 v _193_/A2 (sky130_fd_sc_hd__a21o_1)
     4    0.012086    0.133692    0.447222    3.265555 v _193_/X (sky130_fd_sc_hd__a21o_1)
                                                         _089_ (net)
                      0.133692    0.000190    3.265745 v _226_/A2 (sky130_fd_sc_hd__a311o_1)
     3    0.012157    0.176962    0.709270    3.975015 v _226_/X (sky130_fd_sc_hd__a311o_1)
                                                         _120_ (net)
                      0.176962    0.000367    3.975382 v _125_/A2 (sky130_fd_sc_hd__a311o_1)
     2    0.008527    0.146180    0.689500    4.664883 v _125_/X (sky130_fd_sc_hd__a311o_1)
                                                         _027_ (net)
                      0.146180    0.000156    4.665039 v _127_/B (sky130_fd_sc_hd__and2_1)
     3    0.009697    0.123090    0.409355    5.074394 v _127_/X (sky130_fd_sc_hd__and2_1)
                                                         _029_ (net)
                      0.123090    0.000111    5.074504 v _144_/A (sky130_fd_sc_hd__or3_1)
     1    0.001874    0.127121    0.837114    5.911619 v _144_/X (sky130_fd_sc_hd__or3_1)
                                                         _045_ (net)
                      0.127121    0.000016    5.911635 v _145_/C (sky130_fd_sc_hd__and3_1)
     1    0.001508    0.061059    0.370542    6.282177 v _145_/X (sky130_fd_sc_hd__and3_1)
                                                         _046_ (net)
                      0.061059    0.000006    6.282183 v _150_/B1 (sky130_fd_sc_hd__o2bb2a_1)
     2    0.008042    0.152320    0.685533    6.967715 v _150_/X (sky130_fd_sc_hd__o2bb2a_1)
                                                         net28 (net)
                      0.152320    0.000118    6.967833 v _153_/C (sky130_fd_sc_hd__nor4_1)
     1    0.002570    0.371797    0.410578    7.378411 ^ _153_/Y (sky130_fd_sc_hd__nor4_1)
                                                         net29 (net)
                      0.371797    0.000026    7.378437 ^ output29/A (sky130_fd_sc_hd__buf_2)
     1    0.034383    0.273911    0.473802    7.852239 ^ output29/X (sky130_fd_sc_hd__buf_2)
                                                         zero (net)
                      0.273911    0.000369    7.852608 ^ zero (out)
                                              7.852608   data arrival time

                      0.000000   10.000000   10.000000   clock __VIRTUAL_CLK__ (rise edge)
                                  0.000000   10.000000   clock network delay (ideal)
                                 -0.250000    9.750000   clock uncertainty
                                  0.000000    9.750000   clock reconvergence pessimism
                                 -2.000000    7.750000   output external delay
                                              7.750000   data required time
---------------------------------------------------------------------------------------------
                                              7.750000   data required time
                                             -7.852608   data arrival time
---------------------------------------------------------------------------------------------
                                             -0.102608   slack (VIOLATED)




===========================================================================
 report_check_types -max_slew -max_cap -max_fanout -violators
============================================================================
======================= min_ss_100C_1v60 Corner ===================================



===========================================================================
report_parasitic_annotation -report_unannotated
============================================================================
Found 0 unannotated drivers.
Found 0 partially unannotated drivers.

===========================================================================
max slew violation count 0
%OL_METRIC_I design__max_slew_violation__count__corner:min_ss_100C_1v60 0
max fanout violation count 0
%OL_METRIC_I design__max_fanout_violation__count__corner:min_ss_100C_1v60 0
max cap violation count 0
%OL_METRIC_I design__max_cap_violation__count__corner:min_ss_100C_1v60 0
============================================================================

===========================================================================
check_setup -verbose -unconstrained_endpoints -multiple_clock -no_clock -no_input_delay -loops -generated_clocks
===========================================================================
%OL_END_REPORT
%OL_CREATE_REPORT power.rpt

===========================================================================
 report_power
============================================================================
======================= min_ss_100C_1v60 Corner ===================================

Group                    Internal    Switching      Leakage        Total
                            Power        Power        Power        Power (Watts)
------------------------------------------------------------------------
Sequential           0.000000e+00 0.000000e+00 0.000000e+00 0.000000e+00   0.0%
Combinational        2.309840e-05 3.279433e-05 7.687163e-07 5.666144e-05 100.0%
Clock                0.000000e+00 0.000000e+00 3.245969e-10 3.245969e-10   0.0%
Macro                0.000000e+00 0.000000e+00 0.000000e+00 0.000000e+00   0.0%
Pad                  0.000000e+00 0.000000e+00 0.000000e+00 0.000000e+00   0.0%
------------------------------------------------------------------------
Total                2.309840e-05 3.279433e-05 7.690409e-07 5.666177e-05 100.0%
                            40.8%        57.9%         1.4%
%OL_METRIC_F power__internal__total 2.309839692316018e-5
%OL_METRIC_F power__switching__total 3.27943307638634e-5
%OL_METRIC_F power__leakage__total 7.690408665439463e-7
%OL_METRIC_F power__total 5.666176730301231e-5

%OL_END_REPORT
%OL_CREATE_REPORT skew.min.rpt

===========================================================================
Clock Skew (Hold)
============================================================================
%OL_METRIC_F clock__skew__worst_hold__corner:min_ss_100C_1v60 0.0
======================= min_ss_100C_1v60 Corner ===================================

Clock __VIRTUAL_CLK__
No launch/capture paths found.

%OL_END_REPORT
%OL_CREATE_REPORT skew.max.rpt

===========================================================================
Clock Skew (Setup)
============================================================================
%OL_METRIC_F clock__skew__worst_setup__corner:min_ss_100C_1v60 0.0
======================= min_ss_100C_1v60 Corner ===================================

Clock __VIRTUAL_CLK__
No launch/capture paths found.

%OL_END_REPORT
%OL_CREATE_REPORT ws.min.rpt

===========================================================================
Worst Slack (Hold)
============================================================================
%OL_METRIC_F timing__hold__ws__corner:min_ss_100C_1v60 4.775879826791881
min_ss_100C_1v60: 4.775879826791881
%OL_END_REPORT
%OL_CREATE_REPORT ws.max.rpt

===========================================================================
Worst Slack (Setup)
============================================================================
%OL_METRIC_F timing__setup__ws__corner:min_ss_100C_1v60 -0.10260770301622069
min_ss_100C_1v60: -0.10260770301622069
%OL_END_REPORT
%OL_CREATE_REPORT tns.min.rpt

===========================================================================
Total Negative Slack (Hold)
============================================================================
%OL_METRIC_F timing__hold__tns__corner:min_ss_100C_1v60 0.0
min_ss_100C_1v60: 0.0
%OL_END_REPORT
%OL_CREATE_REPORT tns.max.rpt

===========================================================================
Total Negative Slack (Setup)
============================================================================
%OL_METRIC_F timing__setup__tns__corner:min_ss_100C_1v60 -0.10260770301622069
min_ss_100C_1v60: -0.10260770301622069
%OL_END_REPORT
%OL_CREATE_REPORT wns.min.rpt

===========================================================================
Worst Negative Slack (Hold)
============================================================================
%OL_METRIC_F timing__hold__wns__corner:min_ss_100C_1v60 0
min_ss_100C_1v60: 0
%OL_END_REPORT
%OL_CREATE_REPORT wns.max.rpt

===========================================================================
Worst Negative Slack (Setup)
============================================================================
%OL_METRIC_F timing__setup__wns__corner:min_ss_100C_1v60 -0.10260770301622069
min_ss_100C_1v60: -0.10260770301622069
%OL_END_REPORT
%OL_CREATE_REPORT violator_list.rpt

===========================================================================
Violator List
============================================================================
[setup in-out] A[0] -> zero : -0.102608
%OL_METRIC_I timing__hold_vio__count__corner:min_ss_100C_1v60 0
%OL_METRIC_F timing__hold_r2r__ws__corner:min_ss_100C_1v60 inf
%OL_METRIC_I timing__hold_r2r_vio__count__corner:min_ss_100C_1v60 0
%OL_METRIC_I timing__setup_vio__count__corner:min_ss_100C_1v60 1
%OL_METRIC_F timing__setup_r2r__ws__corner:min_ss_100C_1v60 inf
%OL_METRIC_I timing__setup_r2r_vio__count__corner:min_ss_100C_1v60 0
%OL_END_REPORT
%OL_CREATE_REPORT unpropagated.rpt
__VIRTUAL_CLK__
%OL_END_REPORT
%OL_CREATE_REPORT clock.rpt
Clock: __VIRTUAL_CLK__
Sources: 
Generated: no
Virtual: yes
Propagated: no
Period: 10.000000

===========================================================================
report_clock_properties
============================================================================
Clock                   Period          Waveform
----------------------------------------------------
__VIRTUAL_CLK__      10.000000    0.000000  5.000000

===========================================================================
report_clock_latency
============================================================================
Clock __VIRTUAL_CLK__


===========================================================================
report_clock_min_period
============================================================================
__VIRTUAL_CLK__ period_min = 0.00 fmax = inf
%OL_END_REPORT
Writing SDF files for all corners…
Removing Clock latencies before writing libs…
Writing timing models for all corners…
Writing timing models for the min_ss_100C_1v60 corner to /home/piyush/asic_projects/alu_8bit/openlane/runs/RUN_2026-08-20_15-45-02/54-openroad-stapostpnr/min_ss_100C_1v60/alu_8bit__min_ss_100C_1v60.lib…
