
===========================================================================
report_checks -unconstrained
===========================================================================
======================= nom_ss_100C_1v60 Corner ===================================

Startpoint: A[0] (input port clocked by __VIRTUAL_CLK__)
Endpoint: zero (output port clocked by __VIRTUAL_CLK__)
Path Group: __VIRTUAL_CLK__
Path Type: max

Fanout         Cap        Slew       Delay        Time   Description
---------------------------------------------------------------------------------------------
                      0.000000    0.000000    0.000000   clock __VIRTUAL_CLK__ (rise edge)
                                  0.000000    0.000000   clock network delay (ideal)
                                  2.000000    2.000000 v input external delay
     1    0.002303    0.016577    0.007669    2.007669 v A[0] (in)
                                                         A[0] (net)
                      0.016577    0.000000    2.007669 v input1/A (sky130_fd_sc_hd__dlymetal6s2s_1)
     6    0.017894    0.192552    0.365814    2.373483 v input1/X (sky130_fd_sc_hd__dlymetal6s2s_1)
                                                         net1 (net)
                      0.192552    0.000433    2.373915 v _173_/A_N (sky130_fd_sc_hd__nand2b_1)
     3    0.011570    0.217260    0.459872    2.833787 v _173_/Y (sky130_fd_sc_hd__nand2b_1)
                                                         _070_ (net)
                      0.217260    0.000491    2.834278 v _193_/A2 (sky130_fd_sc_hd__a21o_1)
     4    0.012552    0.137644    0.455096    3.289374 v _193_/X (sky130_fd_sc_hd__a21o_1)
                                                         _089_ (net)
                      0.137644    0.000384    3.289758 v _226_/A2 (sky130_fd_sc_hd__a311o_1)
     3    0.012763    0.181292    0.716319    4.006078 v _226_/X (sky130_fd_sc_hd__a311o_1)
                                                         _120_ (net)
                      0.181292    0.000634    4.006711 v _125_/A2 (sky130_fd_sc_hd__a311o_1)
     2    0.009189    0.152684    0.698385    4.705097 v _125_/X (sky130_fd_sc_hd__a311o_1)
                                                         _027_ (net)
                      0.152684    0.000277    4.705374 v _127_/B (sky130_fd_sc_hd__and2_1)
     3    0.010151    0.126940    0.416107    5.121481 v _127_/X (sky130_fd_sc_hd__and2_1)
                                                         _029_ (net)
                      0.126940    0.000244    5.121726 v _144_/A (sky130_fd_sc_hd__or3_1)
     1    0.001925    0.125717    0.839616    5.961342 v _144_/X (sky130_fd_sc_hd__or3_1)
                                                         _045_ (net)
                      0.125717    0.000053    5.961395 v _145_/C (sky130_fd_sc_hd__and3_1)
     1    0.001522    0.060337    0.370001    6.331397 v _145_/X (sky130_fd_sc_hd__and3_1)
                                                         _046_ (net)
                      0.060337    0.000029    6.331426 v _150_/B1 (sky130_fd_sc_hd__o2bb2a_1)
     2    0.008533    0.156909    0.690576    7.022002 v _150_/X (sky130_fd_sc_hd__o2bb2a_1)
                                                         net28 (net)
                      0.156909    0.000273    7.022275 v _153_/C (sky130_fd_sc_hd__nor4_1)
     1    0.002682    0.378892    0.417723    7.439998 ^ _153_/Y (sky130_fd_sc_hd__nor4_1)
                                                         net29 (net)
                      0.378892    0.000077    7.440075 ^ output29/A (sky130_fd_sc_hd__buf_2)
     1    0.034465    0.274632    0.476713    7.916788 ^ output29/X (sky130_fd_sc_hd__buf_2)
                                                         zero (net)
                      0.274632    0.000763    7.917552 ^ zero (out)
                                              7.917552   data arrival time

                      0.000000   10.000000   10.000000   clock __VIRTUAL_CLK__ (rise edge)
                                  0.000000   10.000000   clock network delay (ideal)
                                 -0.250000    9.750000   clock uncertainty
                                  0.000000    9.750000   clock reconvergence pessimism
                                 -2.000000    7.750000   output external delay
                                              7.750000   data required time
---------------------------------------------------------------------------------------------
                                              7.750000   data required time
                                             -7.917552   data arrival time
---------------------------------------------------------------------------------------------
                                             -0.167551   slack (VIOLATED)




===========================================================================
report_checks --slack_max -0.01
============================================================================
======================= nom_ss_100C_1v60 Corner ===================================

Startpoint: A[0] (input port clocked by __VIRTUAL_CLK__)
Endpoint: zero (output port clocked by __VIRTUAL_CLK__)
Path Group: __VIRTUAL_CLK__
Path Type: max

Fanout         Cap        Slew       Delay        Time   Description
---------------------------------------------------------------------------------------------
                      0.000000    0.000000    0.000000   clock __VIRTUAL_CLK__ (rise edge)
                                  0.000000    0.000000   clock network delay (ideal)
                                  2.000000    2.000000 v input external delay
     1    0.002303    0.016577    0.007669    2.007669 v A[0] (in)
                                                         A[0] (net)
                      0.016577    0.000000    2.007669 v input1/A (sky130_fd_sc_hd__dlymetal6s2s_1)
     6    0.017894    0.192552    0.365814    2.373483 v input1/X (sky130_fd_sc_hd__dlymetal6s2s_1)
                                                         net1 (net)
                      0.192552    0.000433    2.373915 v _173_/A_N (sky130_fd_sc_hd__nand2b_1)
     3    0.011570    0.217260    0.459872    2.833787 v _173_/Y (sky130_fd_sc_hd__nand2b_1)
                                                         _070_ (net)
                      0.217260    0.000491    2.834278 v _193_/A2 (sky130_fd_sc_hd__a21o_1)
     4    0.012552    0.137644    0.455096    3.289374 v _193_/X (sky130_fd_sc_hd__a21o_1)
                                                         _089_ (net)
                      0.137644    0.000384    3.289758 v _226_/A2 (sky130_fd_sc_hd__a311o_1)
     3    0.012763    0.181292    0.716319    4.006078 v _226_/X (sky130_fd_sc_hd__a311o_1)
                                                         _120_ (net)
                      0.181292    0.000634    4.006711 v _125_/A2 (sky130_fd_sc_hd__a311o_1)
     2    0.009189    0.152684    0.698385    4.705097 v _125_/X (sky130_fd_sc_hd__a311o_1)
                                                         _027_ (net)
                      0.152684    0.000277    4.705374 v _127_/B (sky130_fd_sc_hd__and2_1)
     3    0.010151    0.126940    0.416107    5.121481 v _127_/X (sky130_fd_sc_hd__and2_1)
                                                         _029_ (net)
                      0.126940    0.000244    5.121726 v _144_/A (sky130_fd_sc_hd__or3_1)
     1    0.001925    0.125717    0.839616    5.961342 v _144_/X (sky130_fd_sc_hd__or3_1)
                                                         _045_ (net)
                      0.125717    0.000053    5.961395 v _145_/C (sky130_fd_sc_hd__and3_1)
     1    0.001522    0.060337    0.370001    6.331397 v _145_/X (sky130_fd_sc_hd__and3_1)
                                                         _046_ (net)
                      0.060337    0.000029    6.331426 v _150_/B1 (sky130_fd_sc_hd__o2bb2a_1)
     2    0.008533    0.156909    0.690576    7.022002 v _150_/X (sky130_fd_sc_hd__o2bb2a_1)
                                                         net28 (net)
                      0.156909    0.000273    7.022275 v _153_/C (sky130_fd_sc_hd__nor4_1)
     1    0.002682    0.378892    0.417723    7.439998 ^ _153_/Y (sky130_fd_sc_hd__nor4_1)
                                                         net29 (net)
                      0.378892    0.000077    7.440075 ^ output29/A (sky130_fd_sc_hd__buf_2)
     1    0.034465    0.274632    0.476713    7.916788 ^ output29/X (sky130_fd_sc_hd__buf_2)
                                                         zero (net)
                      0.274632    0.000763    7.917552 ^ zero (out)
                                              7.917552   data arrival time

                      0.000000   10.000000   10.000000   clock __VIRTUAL_CLK__ (rise edge)
                                  0.000000   10.000000   clock network delay (ideal)
                                 -0.250000    9.750000   clock uncertainty
                                  0.000000    9.750000   clock reconvergence pessimism
                                 -2.000000    7.750000   output external delay
                                              7.750000   data required time
---------------------------------------------------------------------------------------------
                                              7.750000   data required time
                                             -7.917552   data arrival time
---------------------------------------------------------------------------------------------
                                             -0.167551   slack (VIOLATED)




===========================================================================
 report_check_types -max_slew -max_cap -max_fanout -violators
============================================================================
======================= nom_ss_100C_1v60 Corner ===================================



===========================================================================
report_parasitic_annotation -report_unannotated
============================================================================
Found 0 unannotated drivers.
Found 0 partially unannotated drivers.

===========================================================================
max slew violation count 0
max fanout violation count 0
max cap violation count 0
============================================================================

===========================================================================
check_setup -verbose -unconstrained_endpoints -multiple_clock -no_clock -no_input_delay -loops -generated_clocks
===========================================================================
