
===========================================================================
report_checks -path_delay min (Hold)
============================================================================
======================= max_ff_n40C_1v95 Corner ===================================

Startpoint: A[7] (input port clocked by __VIRTUAL_CLK__)
Endpoint: carry (output port clocked by __VIRTUAL_CLK__)
Path Group: __VIRTUAL_CLK__
Path Type: min

Fanout         Cap        Slew       Delay        Time   Description
---------------------------------------------------------------------------------------------
                      0.000000    0.000000    0.000000   clock __VIRTUAL_CLK__ (rise edge)
                                  0.000000    0.000000   clock network delay (ideal)
                                  2.000000    2.000000 v input external delay
     1    0.002949    0.004928    0.002451    2.002451 v A[7] (in)
                                                         A[7] (net)
                      0.004937    0.000000    2.002451 v input8/A (sky130_fd_sc_hd__clkbuf_1)
     5    0.014923    0.062266    0.082904    2.085355 v input8/X (sky130_fd_sc_hd__clkbuf_1)
                                                         net8 (net)
                      0.062276    0.000767    2.086122 v _154_/B (sky130_fd_sc_hd__nand2b_1)
     1    0.003141    0.036065    0.059575    2.145697 ^ _154_/Y (sky130_fd_sc_hd__nand2b_1)
                                                         _053_ (net)
                      0.036071    0.000220    2.145917 ^ _156_/A3 (sky130_fd_sc_hd__a32o_1)
     1    0.002342    0.027546    0.083862    2.229779 ^ _156_/X (sky130_fd_sc_hd__a32o_1)
                                                         net20 (net)
                      0.027550    0.000165    2.229944 ^ output20/A (sky130_fd_sc_hd__buf_2)
     1    0.034005    0.127004    0.134941    2.364886 ^ output20/X (sky130_fd_sc_hd__buf_2)
                                                         carry (net)
                      0.127034    0.001593    2.366478 ^ carry (out)
                                              2.366478   data arrival time

                      0.000000    0.000000    0.000000   clock __VIRTUAL_CLK__ (rise edge)
                                  0.000000    0.000000   clock network delay (ideal)
                                  0.250000    0.250000   clock uncertainty
                                  0.000000    0.250000   clock reconvergence pessimism
                                 -2.000000   -1.750000   output external delay
                                             -1.750000   data required time
---------------------------------------------------------------------------------------------
                                             -1.750000   data required time
                                             -2.366478   data arrival time
---------------------------------------------------------------------------------------------
                                              4.116478   slack (MET)


Startpoint: A[1] (input port clocked by __VIRTUAL_CLK__)
Endpoint: result[0] (output port clocked by __VIRTUAL_CLK__)
Path Group: __VIRTUAL_CLK__
Path Type: min

Fanout         Cap        Slew       Delay        Time   Description
---------------------------------------------------------------------------------------------
                      0.000000    0.000000    0.000000   clock __VIRTUAL_CLK__ (rise edge)
                                  0.000000    0.000000   clock network delay (ideal)
                                  2.000000    2.000000 ^ input external delay
     1    0.003002    0.014641    0.007812    2.007812 ^ A[1] (in)
                                                         A[1] (net)
                      0.014643    0.000000    2.007812 ^ input2/A (sky130_fd_sc_hd__clkbuf_2)
     7    0.031806    0.135321    0.133969    2.141781 ^ input2/X (sky130_fd_sc_hd__clkbuf_2)
                                                         net2 (net)
                      0.135346    0.001537    2.143318 ^ _170_/A1 (sky130_fd_sc_hd__a211o_1)
     2    0.007092    0.052521    0.104037    2.247355 ^ _170_/X (sky130_fd_sc_hd__a211o_1)
                                                         net21 (net)
                      0.052550    0.000561    2.247916 ^ output21/A (sky130_fd_sc_hd__buf_2)
     1    0.034952    0.130690    0.144735    2.392651 ^ output21/X (sky130_fd_sc_hd__buf_2)
                                                         result[0] (net)
                      0.130721    0.001687    2.394338 ^ result[0] (out)
                                              2.394338   data arrival time

                      0.000000    0.000000    0.000000   clock __VIRTUAL_CLK__ (rise edge)
                                  0.000000    0.000000   clock network delay (ideal)
                                  0.250000    0.250000   clock uncertainty
                                  0.000000    0.250000   clock reconvergence pessimism
                                 -2.000000   -1.750000   output external delay
                                             -1.750000   data required time
---------------------------------------------------------------------------------------------
                                             -1.750000   data required time
                                             -2.394338   data arrival time
---------------------------------------------------------------------------------------------
                                              4.144338   slack (MET)


Startpoint: B[4] (input port clocked by __VIRTUAL_CLK__)
Endpoint: result[5] (output port clocked by __VIRTUAL_CLK__)
Path Group: __VIRTUAL_CLK__
Path Type: min

Fanout         Cap        Slew       Delay        Time   Description
---------------------------------------------------------------------------------------------
                      0.000000    0.000000    0.000000   clock __VIRTUAL_CLK__ (rise edge)
                                  0.000000    0.000000   clock network delay (ideal)
                                  2.000000    2.000000 ^ input external delay
     1    0.002920    0.014349    0.007597    2.007597 ^ B[4] (in)
                                                         B[4] (net)
                      0.014351    0.000000    2.007597 ^ input13/A (sky130_fd_sc_hd__buf_1)
     4    0.012878    0.117087    0.106441    2.114038 ^ input13/X (sky130_fd_sc_hd__buf_1)
                                                         net13 (net)
                      0.117096    0.000871    2.114908 ^ _246_/A2 (sky130_fd_sc_hd__o211a_1)
     1    0.003127    0.029078    0.089042    2.203951 ^ _246_/X (sky130_fd_sc_hd__o211a_1)
                                                         _018_ (net)
                      0.029079    0.000195    2.204146 ^ _249_/B (sky130_fd_sc_hd__or4_1)
     1    0.003762    0.033317    0.069072    2.273218 ^ _249_/X (sky130_fd_sc_hd__or4_1)
                                                         _021_ (net)
                      0.033319    0.000262    2.273480 ^ _250_/C1 (sky130_fd_sc_hd__o211ai_1)
     2    0.007108    0.044768    0.046933    2.320413 v _250_/Y (sky130_fd_sc_hd__o211ai_1)
                                                         net26 (net)
                      0.044777    0.000517    2.320930 v output26/A (sky130_fd_sc_hd__buf_2)
     1    0.034240    0.062735    0.122451    2.443380 v output26/X (sky130_fd_sc_hd__buf_2)
                                                         result[5] (net)
                      0.062784    0.001578    2.444958 v result[5] (out)
                                              2.444958   data arrival time

                      0.000000    0.000000    0.000000   clock __VIRTUAL_CLK__ (rise edge)
                                  0.000000    0.000000   clock network delay (ideal)
                                  0.250000    0.250000   clock uncertainty
                                  0.000000    0.250000   clock reconvergence pessimism
                                 -2.000000   -1.750000   output external delay
                                             -1.750000   data required time
---------------------------------------------------------------------------------------------
                                             -1.750000   data required time
                                             -2.444958   data arrival time
---------------------------------------------------------------------------------------------
                                              4.194958   slack (MET)


Startpoint: B[2] (input port clocked by __VIRTUAL_CLK__)
Endpoint: result[2] (output port clocked by __VIRTUAL_CLK__)
Path Group: __VIRTUAL_CLK__
Path Type: min

Fanout         Cap        Slew       Delay        Time   Description
---------------------------------------------------------------------------------------------
                      0.000000    0.000000    0.000000   clock __VIRTUAL_CLK__ (rise edge)
                                  0.000000    0.000000   clock network delay (ideal)
                                  2.000000    2.000000 v input external delay
     1    0.003241    0.005351    0.002709    2.002709 v B[2] (in)
                                                         B[2] (net)
                      0.005359    0.000000    2.002709 v input11/A (sky130_fd_sc_hd__buf_1)
     4    0.009397    0.041613    0.067495    2.070204 v input11/X (sky130_fd_sc_hd__buf_1)
                                                         net11 (net)
                      0.041620    0.000514    2.070717 v _188_/B (sky130_fd_sc_hd__nand2_1)
     3    0.011775    0.086325    0.088323    2.159040 ^ _188_/Y (sky130_fd_sc_hd__nand2_1)
                                                         _084_ (net)
                      0.086338    0.000862    2.159902 ^ _198_/A2 (sky130_fd_sc_hd__o21ai_1)
     1    0.004921    0.025029    0.046529    2.206432 v _198_/Y (sky130_fd_sc_hd__o21ai_1)
                                                         _094_ (net)
                      0.025032    0.000224    2.206655 v _201_/B1 (sky130_fd_sc_hd__o22a_1)
     2    0.008477    0.042842    0.118925    2.325580 v _201_/X (sky130_fd_sc_hd__o22a_1)
                                                         net23 (net)
                      0.042843    0.000316    2.325897 v output23/A (sky130_fd_sc_hd__buf_2)
     1    0.034254    0.062785    0.121586    2.447483 v output23/X (sky130_fd_sc_hd__buf_2)
                                                         result[2] (net)
                      0.062842    0.001703    2.449186 v result[2] (out)
                                              2.449186   data arrival time

                      0.000000    0.000000    0.000000   clock __VIRTUAL_CLK__ (rise edge)
                                  0.000000    0.000000   clock network delay (ideal)
                                  0.250000    0.250000   clock uncertainty
                                  0.000000    0.250000   clock reconvergence pessimism
                                 -2.000000   -1.750000   output external delay
                                             -1.750000   data required time
---------------------------------------------------------------------------------------------
                                             -1.750000   data required time
                                             -2.449186   data arrival time
---------------------------------------------------------------------------------------------
                                              4.199186   slack (MET)


Startpoint: A[3] (input port clocked by __VIRTUAL_CLK__)
Endpoint: result[4] (output port clocked by __VIRTUAL_CLK__)
Path Group: __VIRTUAL_CLK__
Path Type: min

Fanout         Cap        Slew       Delay        Time   Description
---------------------------------------------------------------------------------------------
                      0.000000    0.000000    0.000000   clock __VIRTUAL_CLK__ (rise edge)
                                  0.000000    0.000000   clock network delay (ideal)
                                  2.000000    2.000000 ^ input external delay
     1    0.003052    0.014819    0.007939    2.007939 ^ A[3] (in)
                                                         A[3] (net)
                      0.014820    0.000000    2.007939 ^ input4/A (sky130_fd_sc_hd__buf_2)
     8    0.032367    0.121165    0.127154    2.135092 ^ input4/X (sky130_fd_sc_hd__buf_2)
                                                         net4 (net)
                      0.121201    0.001749    2.136842 ^ _233_/A1 (sky130_fd_sc_hd__a211o_1)
     1    0.003232    0.029156    0.085421    2.222263 ^ _233_/X (sky130_fd_sc_hd__a211o_1)
                                                         _006_ (net)
                      0.029157    0.000242    2.222504 ^ _234_/A3 (sky130_fd_sc_hd__o31a_1)
     2    0.006395    0.056791    0.086216    2.308721 ^ _234_/X (sky130_fd_sc_hd__o31a_1)
                                                         net25 (net)
                      0.056816    0.000404    2.309125 ^ output25/A (sky130_fd_sc_hd__buf_2)
     1    0.034311    0.128403    0.144249    2.453374 ^ output25/X (sky130_fd_sc_hd__buf_2)
                                                         result[4] (net)
                      0.128431    0.001578    2.454952 ^ result[4] (out)
                                              2.454952   data arrival time

                      0.000000    0.000000    0.000000   clock __VIRTUAL_CLK__ (rise edge)
                                  0.000000    0.000000   clock network delay (ideal)
                                  0.250000    0.250000   clock uncertainty
                                  0.000000    0.250000   clock reconvergence pessimism
                                 -2.000000   -1.750000   output external delay
                                             -1.750000   data required time
---------------------------------------------------------------------------------------------
                                             -1.750000   data required time
                                             -2.454952   data arrival time
---------------------------------------------------------------------------------------------
                                              4.204952   slack (MET)


Startpoint: B[1] (input port clocked by __VIRTUAL_CLK__)
Endpoint: result[1] (output port clocked by __VIRTUAL_CLK__)
Path Group: __VIRTUAL_CLK__
Path Type: min

Fanout         Cap        Slew       Delay        Time   Description
---------------------------------------------------------------------------------------------
                      0.000000    0.000000    0.000000   clock __VIRTUAL_CLK__ (rise edge)
                                  0.000000    0.000000   clock network delay (ideal)
                                  2.000000    2.000000 ^ input external delay
     1    0.002580    0.013131    0.006701    2.006701 ^ B[1] (in)
                                                         B[1] (net)
                      0.013137    0.000000    2.006701 ^ input10/A (sky130_fd_sc_hd__dlymetal6s2s_1)
     4    0.018218    0.152368    0.135585    2.142286 ^ input10/X (sky130_fd_sc_hd__dlymetal6s2s_1)
                                                         net10 (net)
                      0.152380    0.001125    2.143411 ^ _180_/A2 (sky130_fd_sc_hd__o21a_1)
     1    0.002950    0.030829    0.075603    2.219014 ^ _180_/X (sky130_fd_sc_hd__o21a_1)
                                                         _077_ (net)
                      0.030830    0.000207    2.219222 ^ _186_/A1 (sky130_fd_sc_hd__o32a_1)
     2    0.006653    0.058684    0.095590    2.314811 ^ _186_/X (sky130_fd_sc_hd__o32a_1)
                                                         net22 (net)
                      0.058685    0.000399    2.315211 ^ output22/A (sky130_fd_sc_hd__buf_2)
     1    0.034248    0.128179    0.144488    2.459698 ^ output22/X (sky130_fd_sc_hd__buf_2)
                                                         result[1] (net)
                      0.128209    0.001622    2.461320 ^ result[1] (out)
                                              2.461320   data arrival time

                      0.000000    0.000000    0.000000   clock __VIRTUAL_CLK__ (rise edge)
                                  0.000000    0.000000   clock network delay (ideal)
                                  0.250000    0.250000   clock uncertainty
                                  0.000000    0.250000   clock reconvergence pessimism
                                 -2.000000   -1.750000   output external delay
                                             -1.750000   data required time
---------------------------------------------------------------------------------------------
                                             -1.750000   data required time
                                             -2.461320   data arrival time
---------------------------------------------------------------------------------------------
                                              4.211320   slack (MET)


Startpoint: B[2] (input port clocked by __VIRTUAL_CLK__)
Endpoint: result[3] (output port clocked by __VIRTUAL_CLK__)
Path Group: __VIRTUAL_CLK__
Path Type: min

Fanout         Cap        Slew       Delay        Time   Description
---------------------------------------------------------------------------------------------
                      0.000000    0.000000    0.000000   clock __VIRTUAL_CLK__ (rise edge)
                                  0.000000    0.000000   clock network delay (ideal)
                                  2.000000    2.000000 ^ input external delay
     1    0.003429    0.016173    0.008934    2.008934 ^ B[2] (in)
                                                         B[2] (net)
                      0.016175    0.000000    2.008934 ^ input11/A (sky130_fd_sc_hd__buf_1)
     4    0.010203    0.094288    0.091515    2.100449 ^ input11/X (sky130_fd_sc_hd__buf_1)
                                                         net11 (net)
                      0.094292    0.000537    2.100986 ^ _213_/A2 (sky130_fd_sc_hd__o211a_1)
     1    0.003881    0.033141    0.090013    2.191000 ^ _213_/X (sky130_fd_sc_hd__o211a_1)
                                                         _108_ (net)
                      0.033143    0.000267    2.191267 ^ _216_/A (sky130_fd_sc_hd__nor3_1)
     1    0.004061    0.021625    0.031916    2.223182 v _216_/Y (sky130_fd_sc_hd__nor3_1)
                                                         _111_ (net)
                      0.021630    0.000288    2.223470 v _217_/C1 (sky130_fd_sc_hd__a211o_1)
     2    0.007320    0.041946    0.114666    2.338137 v _217_/X (sky130_fd_sc_hd__a211o_1)
                                                         net24 (net)
                      0.041949    0.000372    2.338509 v output24/A (sky130_fd_sc_hd__buf_2)
     1    0.034694    0.063442    0.121766    2.460275 v output24/X (sky130_fd_sc_hd__buf_2)
                                                         result[3] (net)
                      0.063501    0.001729    2.462004 v result[3] (out)
                                              2.462004   data arrival time

                      0.000000    0.000000    0.000000   clock __VIRTUAL_CLK__ (rise edge)
                                  0.000000    0.000000   clock network delay (ideal)
                                  0.250000    0.250000   clock uncertainty
                                  0.000000    0.250000   clock reconvergence pessimism
                                 -2.000000   -1.750000   output external delay
                                             -1.750000   data required time
---------------------------------------------------------------------------------------------
                                             -1.750000   data required time
                                             -2.462004   data arrival time
---------------------------------------------------------------------------------------------
                                              4.212004   slack (MET)


Startpoint: B[6] (input port clocked by __VIRTUAL_CLK__)
Endpoint: result[6] (output port clocked by __VIRTUAL_CLK__)
Path Group: __VIRTUAL_CLK__
Path Type: min

Fanout         Cap        Slew       Delay        Time   Description
---------------------------------------------------------------------------------------------
                      0.000000    0.000000    0.000000   clock __VIRTUAL_CLK__ (rise edge)
                                  0.000000    0.000000   clock network delay (ideal)
                                  2.000000    2.000000 ^ input external delay
     1    0.003258    0.015561    0.008485    2.008485 ^ B[6] (in)
                                                         B[6] (net)
                      0.015563    0.000000    2.008485 ^ input15/A (sky130_fd_sc_hd__clkbuf_1)
     3    0.007029    0.067518    0.072855    2.081340 ^ input15/X (sky130_fd_sc_hd__clkbuf_1)
                                                         net15 (net)
                      0.067521    0.000365    2.081705 ^ _251_/B (sky130_fd_sc_hd__or2_1)
     2    0.008275    0.065136    0.092407    2.174111 ^ _251_/X (sky130_fd_sc_hd__or2_1)
                                                         _022_ (net)
                      0.065138    0.000461    2.174573 ^ _130_/A2 (sky130_fd_sc_hd__a21o_1)
     1    0.003150    0.027360    0.073198    2.247771 ^ _130_/X (sky130_fd_sc_hd__a21o_1)
                                                         _032_ (net)
                      0.027362    0.000215    2.247986 ^ _136_/B2 (sky130_fd_sc_hd__o2bb2a_1)
     2    0.006198    0.054895    0.094986    2.342971 ^ _136_/X (sky130_fd_sc_hd__o2bb2a_1)
                                                         net27 (net)
                      0.054898    0.000473    2.343445 ^ output27/A (sky130_fd_sc_hd__buf_2)
     1    0.034604    0.129446    0.144485    2.487930 ^ output27/X (sky130_fd_sc_hd__buf_2)
                                                         result[6] (net)
                      0.129477    0.001650    2.489579 ^ result[6] (out)
                                              2.489579   data arrival time

                      0.000000    0.000000    0.000000   clock __VIRTUAL_CLK__ (rise edge)
                                  0.000000    0.000000   clock network delay (ideal)
                                  0.250000    0.250000   clock uncertainty
                                  0.000000    0.250000   clock reconvergence pessimism
                                 -2.000000   -1.750000   output external delay
                                             -1.750000   data required time
---------------------------------------------------------------------------------------------
                                             -1.750000   data required time
                                             -2.489579   data arrival time
---------------------------------------------------------------------------------------------
                                              4.239579   slack (MET)


Startpoint: B[6] (input port clocked by __VIRTUAL_CLK__)
Endpoint: zero (output port clocked by __VIRTUAL_CLK__)
Path Group: __VIRTUAL_CLK__
Path Type: min

Fanout         Cap        Slew       Delay        Time   Description
---------------------------------------------------------------------------------------------
                      0.000000    0.000000    0.000000   clock __VIRTUAL_CLK__ (rise edge)
                                  0.000000    0.000000   clock network delay (ideal)
                                  2.000000    2.000000 ^ input external delay
     1    0.003258    0.015561    0.008485    2.008485 ^ B[6] (in)
                                                         B[6] (net)
                      0.015563    0.000000    2.008485 ^ input15/A (sky130_fd_sc_hd__clkbuf_1)
     3    0.007029    0.067518    0.072855    2.081340 ^ input15/X (sky130_fd_sc_hd__clkbuf_1)
                                                         net15 (net)
                      0.067521    0.000365    2.081705 ^ _251_/B (sky130_fd_sc_hd__or2_1)
     2    0.008275    0.065136    0.092407    2.174111 ^ _251_/X (sky130_fd_sc_hd__or2_1)
                                                         _022_ (net)
                      0.065138    0.000461    2.174573 ^ _130_/A2 (sky130_fd_sc_hd__a21o_1)
     1    0.003150    0.027360    0.073198    2.247771 ^ _130_/X (sky130_fd_sc_hd__a21o_1)
                                                         _032_ (net)
                      0.027362    0.000215    2.247986 ^ _136_/B2 (sky130_fd_sc_hd__o2bb2a_1)
     2    0.006198    0.054895    0.094986    2.342971 ^ _136_/X (sky130_fd_sc_hd__o2bb2a_1)
                                                         net27 (net)
                      0.054897    0.000399    2.343371 ^ _153_/B (sky130_fd_sc_hd__nor4_1)
     1    0.002717    0.017978    0.033593    2.376964 v _153_/Y (sky130_fd_sc_hd__nor4_1)
                                                         net29 (net)
                      0.017978    0.000170    2.377134 v output29/A (sky130_fd_sc_hd__buf_2)
     1    0.034522    0.063123    0.112273    2.489407 v output29/X (sky130_fd_sc_hd__buf_2)
                                                         zero (net)
                      0.063175    0.001628    2.491034 v zero (out)
                                              2.491034   data arrival time

                      0.000000    0.000000    0.000000   clock __VIRTUAL_CLK__ (rise edge)
                                  0.000000    0.000000   clock network delay (ideal)
                                  0.250000    0.250000   clock uncertainty
                                  0.000000    0.250000   clock reconvergence pessimism
                                 -2.000000   -1.750000   output external delay
                                             -1.750000   data required time
---------------------------------------------------------------------------------------------
                                             -1.750000   data required time
                                             -2.491034   data arrival time
---------------------------------------------------------------------------------------------
                                              4.241035   slack (MET)


Startpoint: opcode[1] (input port clocked by __VIRTUAL_CLK__)
Endpoint: result[7] (output port clocked by __VIRTUAL_CLK__)
Path Group: __VIRTUAL_CLK__
Path Type: min

Fanout         Cap        Slew       Delay        Time   Description
---------------------------------------------------------------------------------------------
                      0.000000    0.000000    0.000000   clock __VIRTUAL_CLK__ (rise edge)
                                  0.000000    0.000000   clock network delay (ideal)
                                  2.000000    2.000000 ^ input external delay
     1    0.004199    0.018923    0.010965    2.010965 ^ opcode[1] (in)
                                                         opcode[1] (net)
                      0.018925    0.000000    2.010965 ^ input18/A (sky130_fd_sc_hd__buf_1)
     2    0.012952    0.117714    0.108078    2.119043 ^ input18/X (sky130_fd_sc_hd__buf_1)
                                                         net18 (net)
                      0.117725    0.000931    2.119974 ^ _178_/B (sky130_fd_sc_hd__nor3_4)
     8    0.032531    0.055126    0.058989    2.178964 v _178_/Y (sky130_fd_sc_hd__nor3_4)
                                                         _075_ (net)
                      0.055284    0.002192    2.181155 v _150_/A1_N (sky130_fd_sc_hd__o2bb2a_1)
     2    0.009443    0.077506    0.181478    2.362634 ^ _150_/X (sky130_fd_sc_hd__o2bb2a_1)
                                                         net28 (net)
                      0.077506    0.000360    2.362994 ^ output28/A (sky130_fd_sc_hd__buf_2)
     1    0.034260    0.127844    0.148872    2.511866 ^ output28/X (sky130_fd_sc_hd__buf_2)
                                                         result[7] (net)
                      0.127875    0.001652    2.513518 ^ result[7] (out)
                                              2.513518   data arrival time

                      0.000000    0.000000    0.000000   clock __VIRTUAL_CLK__ (rise edge)
                                  0.000000    0.000000   clock network delay (ideal)
                                  0.250000    0.250000   clock uncertainty
                                  0.000000    0.250000   clock reconvergence pessimism
                                 -2.000000   -1.750000   output external delay
                                             -1.750000   data required time
---------------------------------------------------------------------------------------------
                                             -1.750000   data required time
                                             -2.513518   data arrival time
---------------------------------------------------------------------------------------------
                                              4.263518   slack (MET)



