
===========================================================================
report_checks -path_delay min (Hold)
============================================================================
======================= max_ss_100C_1v60 Corner ===================================

Startpoint: A[1] (input port clocked by __VIRTUAL_CLK__)
Endpoint: result[0] (output port clocked by __VIRTUAL_CLK__)
Path Group: __VIRTUAL_CLK__
Path Type: min

Fanout         Cap        Slew       Delay        Time   Description
---------------------------------------------------------------------------------------------
                      0.000000    0.000000    0.000000   clock __VIRTUAL_CLK__ (rise edge)
                                  0.000000    0.000000   clock network delay (ideal)
                                  2.000000    2.000000 ^ input external delay
     1    0.002943    0.033192    0.016593    2.016593 ^ A[1] (in)
                                                         A[1] (net)
                      0.033192    0.000000    2.016593 ^ input2/A (sky130_fd_sc_hd__clkbuf_2)
     7    0.031593    0.273122    0.320966    2.337559 ^ input2/X (sky130_fd_sc_hd__clkbuf_2)
                                                         net2 (net)
                      0.273213    0.001527    2.339086 ^ _170_/A1 (sky130_fd_sc_hd__a211o_1)
     2    0.006787    0.109280    0.347293    2.686380 ^ _170_/X (sky130_fd_sc_hd__a211o_1)
                                                         net21 (net)
                      0.109281    0.000534    2.686913 ^ output21/A (sky130_fd_sc_hd__buf_2)
     1    0.034952    0.277497    0.364743    3.051656 ^ output21/X (sky130_fd_sc_hd__buf_2)
                                                         result[0] (net)
                      0.277503    0.001688    3.053345 ^ result[0] (out)
                                              3.053345   data arrival time

                      0.000000    0.000000    0.000000   clock __VIRTUAL_CLK__ (rise edge)
                                  0.000000    0.000000   clock network delay (ideal)
                                  0.250000    0.250000   clock uncertainty
                                  0.000000    0.250000   clock reconvergence pessimism
                                 -2.000000   -1.750000   output external delay
                                             -1.750000   data required time
---------------------------------------------------------------------------------------------
                                             -1.750000   data required time
                                             -3.053345   data arrival time
---------------------------------------------------------------------------------------------
                                              4.803345   slack (MET)


Startpoint: A[7] (input port clocked by __VIRTUAL_CLK__)
Endpoint: carry (output port clocked by __VIRTUAL_CLK__)
Path Group: __VIRTUAL_CLK__
Path Type: min

Fanout         Cap        Slew       Delay        Time   Description
---------------------------------------------------------------------------------------------
                      0.000000    0.000000    0.000000   clock __VIRTUAL_CLK__ (rise edge)
                                  0.000000    0.000000   clock network delay (ideal)
                                  2.000000    2.000000 v input external delay
     1    0.002875    0.018740    0.009514    2.009514 v A[7] (in)
                                                         A[7] (net)
                      0.018740    0.000000    2.009514 v input8/A (sky130_fd_sc_hd__clkbuf_1)
     5    0.014740    0.175005    0.235996    2.245510 v input8/X (sky130_fd_sc_hd__clkbuf_1)
                                                         net8 (net)
                      0.175006    0.000761    2.246270 v _154_/B (sky130_fd_sc_hd__nand2b_1)
     1    0.003105    0.077736    0.157870    2.404140 ^ _154_/Y (sky130_fd_sc_hd__nand2b_1)
                                                         _053_ (net)
                      0.077739    0.000217    2.404357 ^ _156_/A3 (sky130_fd_sc_hd__a32o_1)
     1    0.002217    0.083161    0.331642    2.735999 ^ _156_/X (sky130_fd_sc_hd__a32o_1)
                                                         net20 (net)
                      0.083161    0.000156    2.736155 ^ output20/A (sky130_fd_sc_hd__buf_2)
     1    0.034005    0.270399    0.347522    3.083676 ^ output20/X (sky130_fd_sc_hd__buf_2)
                                                         carry (net)
                      0.270405    0.001594    3.085270 ^ carry (out)
                                              3.085270   data arrival time

                      0.000000    0.000000    0.000000   clock __VIRTUAL_CLK__ (rise edge)
                                  0.000000    0.000000   clock network delay (ideal)
                                  0.250000    0.250000   clock uncertainty
                                  0.000000    0.250000   clock reconvergence pessimism
                                 -2.000000   -1.750000   output external delay
                                             -1.750000   data required time
---------------------------------------------------------------------------------------------
                                             -1.750000   data required time
                                             -3.085270   data arrival time
---------------------------------------------------------------------------------------------
                                              4.835270   slack (MET)


Startpoint: A[3] (input port clocked by __VIRTUAL_CLK__)
Endpoint: result[4] (output port clocked by __VIRTUAL_CLK__)
Path Group: __VIRTUAL_CLK__
Path Type: min

Fanout         Cap        Slew       Delay        Time   Description
---------------------------------------------------------------------------------------------
                      0.000000    0.000000    0.000000   clock __VIRTUAL_CLK__ (rise edge)
                                  0.000000    0.000000   clock network delay (ideal)
                                  2.000000    2.000000 ^ input external delay
     1    0.002927    0.033087    0.016499    2.016499 ^ A[3] (in)
                                                         A[3] (net)
                      0.033087    0.000000    2.016499 ^ input4/A (sky130_fd_sc_hd__buf_2)
     8    0.031811    0.254041    0.312881    2.329380 ^ input4/X (sky130_fd_sc_hd__buf_2)
                                                         net4 (net)
                      0.254048    0.001719    2.331100 ^ _233_/A1 (sky130_fd_sc_hd__a211o_1)
     1    0.003204    0.066591    0.302006    2.633105 ^ _233_/X (sky130_fd_sc_hd__a211o_1)
                                                         _006_ (net)
                      0.066591    0.000239    2.633344 ^ _234_/A3 (sky130_fd_sc_hd__o31a_1)
     2    0.006086    0.124267    0.254193    2.887537 ^ _234_/X (sky130_fd_sc_hd__o31a_1)
                                                         net25 (net)
                      0.124267    0.000384    2.887921 ^ output25/A (sky130_fd_sc_hd__buf_2)
     1    0.034311    0.272748    0.368446    3.256366 ^ output25/X (sky130_fd_sc_hd__buf_2)
                                                         result[4] (net)
                      0.272753    0.001579    3.257946 ^ result[4] (out)
                                              3.257946   data arrival time

                      0.000000    0.000000    0.000000   clock __VIRTUAL_CLK__ (rise edge)
                                  0.000000    0.000000   clock network delay (ideal)
                                  0.250000    0.250000   clock uncertainty
                                  0.000000    0.250000   clock reconvergence pessimism
                                 -2.000000   -1.750000   output external delay
                                             -1.750000   data required time
---------------------------------------------------------------------------------------------
                                             -1.750000   data required time
                                             -3.257946   data arrival time
---------------------------------------------------------------------------------------------
                                              5.007946   slack (MET)


Startpoint: B[1] (input port clocked by __VIRTUAL_CLK__)
Endpoint: result[1] (output port clocked by __VIRTUAL_CLK__)
Path Group: __VIRTUAL_CLK__
Path Type: min

Fanout         Cap        Slew       Delay        Time   Description
---------------------------------------------------------------------------------------------
                      0.000000    0.000000    0.000000   clock __VIRTUAL_CLK__ (rise edge)
                                  0.000000    0.000000   clock network delay (ideal)
                                  2.000000    2.000000 ^ input external delay
     1    0.002352    0.029295    0.013469    2.013469 ^ B[1] (in)
                                                         B[1] (net)
                      0.029295    0.000000    2.013469 ^ input10/A (sky130_fd_sc_hd__dlymetal6s2s_1)
     4    0.018084    0.300571    0.308889    2.322358 ^ input10/X (sky130_fd_sc_hd__dlymetal6s2s_1)
                                                         net10 (net)
                      0.300578    0.001124    2.323482 ^ _180_/A2 (sky130_fd_sc_hd__o21a_1)
     1    0.002923    0.071911    0.284029    2.607511 ^ _180_/X (sky130_fd_sc_hd__o21a_1)
                                                         _077_ (net)
                      0.071911    0.000205    2.607716 ^ _186_/A1 (sky130_fd_sc_hd__o32a_1)
     2    0.006355    0.130714    0.339967    2.947683 ^ _186_/X (sky130_fd_sc_hd__o32a_1)
                                                         net22 (net)
                      0.130714    0.000380    2.948063 ^ output22/A (sky130_fd_sc_hd__buf_2)
     1    0.034248    0.272297    0.371098    3.319161 ^ output22/X (sky130_fd_sc_hd__buf_2)
                                                         result[1] (net)
                      0.272303    0.001623    3.320784 ^ result[1] (out)
                                              3.320784   data arrival time

                      0.000000    0.000000    0.000000   clock __VIRTUAL_CLK__ (rise edge)
                                  0.000000    0.000000   clock network delay (ideal)
                                  0.250000    0.250000   clock uncertainty
                                  0.000000    0.250000   clock reconvergence pessimism
                                 -2.000000   -1.750000   output external delay
                                             -1.750000   data required time
---------------------------------------------------------------------------------------------
                                             -1.750000   data required time
                                             -3.320784   data arrival time
---------------------------------------------------------------------------------------------
                                              5.070784   slack (MET)


Startpoint: B[6] (input port clocked by __VIRTUAL_CLK__)
Endpoint: result[6] (output port clocked by __VIRTUAL_CLK__)
Path Group: __VIRTUAL_CLK__
Path Type: min

Fanout         Cap        Slew       Delay        Time   Description
---------------------------------------------------------------------------------------------
                      0.000000    0.000000    0.000000   clock __VIRTUAL_CLK__ (rise edge)
                                  0.000000    0.000000   clock network delay (ideal)
                                  2.000000    2.000000 ^ input external delay
     1    0.003127    0.034416    0.017566    2.017565 ^ B[6] (in)
                                                         B[6] (net)
                      0.034417    0.000000    2.017565 ^ input15/A (sky130_fd_sc_hd__clkbuf_1)
     3    0.006645    0.140465    0.184608    2.202174 ^ input15/X (sky130_fd_sc_hd__clkbuf_1)
                                                         net15 (net)
                      0.140465    0.000342    2.202516 ^ _251_/B (sky130_fd_sc_hd__or2_1)
     2    0.008233    0.138886    0.246918    2.449434 ^ _251_/X (sky130_fd_sc_hd__or2_1)
                                                         _022_ (net)
                      0.138886    0.000459    2.449893 ^ _130_/A2 (sky130_fd_sc_hd__a21o_1)
     1    0.002976    0.059874    0.238596    2.688489 ^ _130_/X (sky130_fd_sc_hd__a21o_1)
                                                         _032_ (net)
                      0.059874    0.000201    2.688690 ^ _136_/B2 (sky130_fd_sc_hd__o2bb2a_1)
     2    0.006060    0.120738    0.282692    2.971382 ^ _136_/X (sky130_fd_sc_hd__o2bb2a_1)
                                                         net27 (net)
                      0.120738    0.000459    2.971840 ^ output27/A (sky130_fd_sc_hd__buf_2)
     1    0.034604    0.274926    0.368296    3.340137 ^ output27/X (sky130_fd_sc_hd__buf_2)
                                                         result[6] (net)
                      0.274931    0.001651    3.341787 ^ result[6] (out)
                                              3.341787   data arrival time

                      0.000000    0.000000    0.000000   clock __VIRTUAL_CLK__ (rise edge)
                                  0.000000    0.000000   clock network delay (ideal)
                                  0.250000    0.250000   clock uncertainty
                                  0.000000    0.250000   clock reconvergence pessimism
                                 -2.000000   -1.750000   output external delay
                                             -1.750000   data required time
---------------------------------------------------------------------------------------------
                                             -1.750000   data required time
                                             -3.341787   data arrival time
---------------------------------------------------------------------------------------------
                                              5.091788   slack (MET)


Startpoint: B[2] (input port clocked by __VIRTUAL_CLK__)
Endpoint: result[2] (output port clocked by __VIRTUAL_CLK__)
Path Group: __VIRTUAL_CLK__
Path Type: min

Fanout         Cap        Slew       Delay        Time   Description
---------------------------------------------------------------------------------------------
                      0.000000    0.000000    0.000000   clock __VIRTUAL_CLK__ (rise edge)
                                  0.000000    0.000000   clock network delay (ideal)
                                  2.000000    2.000000 v input external delay
     1    0.003167    0.019868    0.010432    2.010432 v B[2] (in)
                                                         B[2] (net)
                      0.019868    0.000000    2.010432 v input11/A (sky130_fd_sc_hd__buf_1)
     4    0.009157    0.116032    0.191821    2.202253 v input11/X (sky130_fd_sc_hd__buf_1)
                                                         net11 (net)
                      0.116033    0.000502    2.202755 v _188_/B (sky130_fd_sc_hd__nand2_1)
     3    0.011531    0.182401    0.208653    2.411408 ^ _188_/Y (sky130_fd_sc_hd__nand2_1)
                                                         _084_ (net)
                      0.182402    0.000847    2.412255 ^ _198_/A2 (sky130_fd_sc_hd__o21ai_1)
     1    0.004918    0.101335    0.179291    2.591546 v _198_/Y (sky130_fd_sc_hd__o21ai_1)
                                                         _094_ (net)
                      0.101335    0.000224    2.591769 v _201_/B1 (sky130_fd_sc_hd__o22a_1)
     2    0.008278    0.136313    0.416661    3.008431 v _201_/X (sky130_fd_sc_hd__o22a_1)
                                                         net23 (net)
                      0.136313    0.000306    3.008737 v output23/A (sky130_fd_sc_hd__buf_2)
     1    0.034254    0.166180    0.375558    3.384295 v output23/X (sky130_fd_sc_hd__buf_2)
                                                         result[2] (net)
                      0.166196    0.001707    3.386002 v result[2] (out)
                                              3.386002   data arrival time

                      0.000000    0.000000    0.000000   clock __VIRTUAL_CLK__ (rise edge)
                                  0.000000    0.000000   clock network delay (ideal)
                                  0.250000    0.250000   clock uncertainty
                                  0.000000    0.250000   clock reconvergence pessimism
                                 -2.000000   -1.750000   output external delay
                                             -1.750000   data required time
---------------------------------------------------------------------------------------------
                                             -1.750000   data required time
                                             -3.386002   data arrival time
---------------------------------------------------------------------------------------------
                                              5.136002   slack (MET)


Startpoint: opcode[1] (input port clocked by __VIRTUAL_CLK__)
Endpoint: result[3] (output port clocked by __VIRTUAL_CLK__)
Path Group: __VIRTUAL_CLK__
Path Type: min

Fanout         Cap        Slew       Delay        Time   Description
---------------------------------------------------------------------------------------------
                      0.000000    0.000000    0.000000   clock __VIRTUAL_CLK__ (rise edge)
                                  0.000000    0.000000   clock network delay (ideal)
                                  2.000000    2.000000 ^ input external delay
     1    0.004066    0.040772    0.022528    2.022528 ^ opcode[1] (in)
                                                         opcode[1] (net)
                      0.040786    0.000000    2.022528 ^ input18/A (sky130_fd_sc_hd__buf_1)
     2    0.012759    0.251237    0.266437    2.288965 ^ input18/X (sky130_fd_sc_hd__buf_1)
                                                         net18 (net)
                      0.251242    0.000918    2.289883 ^ _178_/B (sky130_fd_sc_hd__nor3_4)
     8    0.032145    0.107750    0.192474    2.482357 v _178_/Y (sky130_fd_sc_hd__nor3_4)
                                                         _075_ (net)
                      0.107790    0.001962    2.484319 v _217_/A1 (sky130_fd_sc_hd__a211o_1)
     2    0.007132    0.120763    0.545846    3.030164 v _217_/X (sky130_fd_sc_hd__a211o_1)
                                                         net24 (net)
                      0.120763    0.000361    3.030526 v output24/A (sky130_fd_sc_hd__buf_2)
     1    0.034694    0.167910    0.369445    3.399970 v output24/X (sky130_fd_sc_hd__buf_2)
                                                         result[3] (net)
                      0.167927    0.001733    3.401703 v result[3] (out)
                                              3.401703   data arrival time

                      0.000000    0.000000    0.000000   clock __VIRTUAL_CLK__ (rise edge)
                                  0.000000    0.000000   clock network delay (ideal)
                                  0.250000    0.250000   clock uncertainty
                                  0.000000    0.250000   clock reconvergence pessimism
                                 -2.000000   -1.750000   output external delay
                                             -1.750000   data required time
---------------------------------------------------------------------------------------------
                                             -1.750000   data required time
                                             -3.401703   data arrival time
---------------------------------------------------------------------------------------------
                                              5.151703   slack (MET)


Startpoint: B[6] (input port clocked by __VIRTUAL_CLK__)
Endpoint: zero (output port clocked by __VIRTUAL_CLK__)
Path Group: __VIRTUAL_CLK__
Path Type: min

Fanout         Cap        Slew       Delay        Time   Description
---------------------------------------------------------------------------------------------
                      0.000000    0.000000    0.000000   clock __VIRTUAL_CLK__ (rise edge)
                                  0.000000    0.000000   clock network delay (ideal)
                                  2.000000    2.000000 ^ input external delay
     1    0.003127    0.034416    0.017566    2.017565 ^ B[6] (in)
                                                         B[6] (net)
                      0.034417    0.000000    2.017565 ^ input15/A (sky130_fd_sc_hd__clkbuf_1)
     3    0.006645    0.140465    0.184608    2.202174 ^ input15/X (sky130_fd_sc_hd__clkbuf_1)
                                                         net15 (net)
                      0.140465    0.000342    2.202516 ^ _251_/B (sky130_fd_sc_hd__or2_1)
     2    0.008233    0.138886    0.246918    2.449434 ^ _251_/X (sky130_fd_sc_hd__or2_1)
                                                         _022_ (net)
                      0.138886    0.000459    2.449893 ^ _130_/A2 (sky130_fd_sc_hd__a21o_1)
     1    0.002976    0.059874    0.238596    2.688489 ^ _130_/X (sky130_fd_sc_hd__a21o_1)
                                                         _032_ (net)
                      0.059874    0.000201    2.688690 ^ _136_/B2 (sky130_fd_sc_hd__o2bb2a_1)
     2    0.006060    0.120738    0.282692    2.971382 ^ _136_/X (sky130_fd_sc_hd__o2bb2a_1)
                                                         net27 (net)
                      0.120738    0.000391    2.971773 ^ _153_/B (sky130_fd_sc_hd__nor4_1)
     1    0.002623    0.042839    0.105999    3.077772 v _153_/Y (sky130_fd_sc_hd__nor4_1)
                                                         net29 (net)
                      0.042839    0.000162    3.077935 v output29/A (sky130_fd_sc_hd__buf_2)
     1    0.034522    0.167313    0.332274    3.410209 v output29/X (sky130_fd_sc_hd__buf_2)
                                                         zero (net)
                      0.167327    0.001631    3.411840 v zero (out)
                                              3.411840   data arrival time

                      0.000000    0.000000    0.000000   clock __VIRTUAL_CLK__ (rise edge)
                                  0.000000    0.000000   clock network delay (ideal)
                                  0.250000    0.250000   clock uncertainty
                                  0.000000    0.250000   clock reconvergence pessimism
                                 -2.000000   -1.750000   output external delay
                                             -1.750000   data required time
---------------------------------------------------------------------------------------------
                                             -1.750000   data required time
                                             -3.411840   data arrival time
---------------------------------------------------------------------------------------------
                                              5.161840   slack (MET)


Startpoint: opcode[1] (input port clocked by __VIRTUAL_CLK__)
Endpoint: result[7] (output port clocked by __VIRTUAL_CLK__)
Path Group: __VIRTUAL_CLK__
Path Type: min

Fanout         Cap        Slew       Delay        Time   Description
---------------------------------------------------------------------------------------------
                      0.000000    0.000000    0.000000   clock __VIRTUAL_CLK__ (rise edge)
                                  0.000000    0.000000   clock network delay (ideal)
                                  2.000000    2.000000 ^ input external delay
     1    0.004066    0.040772    0.022528    2.022528 ^ opcode[1] (in)
                                                         opcode[1] (net)
                      0.040786    0.000000    2.022528 ^ input18/A (sky130_fd_sc_hd__buf_1)
     2    0.012759    0.251237    0.266437    2.288965 ^ input18/X (sky130_fd_sc_hd__buf_1)
                                                         net18 (net)
                      0.251242    0.000918    2.289883 ^ _178_/B (sky130_fd_sc_hd__nor3_4)
     8    0.032145    0.107750    0.192474    2.482357 v _178_/Y (sky130_fd_sc_hd__nor3_4)
                                                         _075_ (net)
                      0.107800    0.002154    2.484511 v _150_/A1_N (sky130_fd_sc_hd__o2bb2a_1)
     2    0.009284    0.165510    0.551382    3.035893 ^ _150_/X (sky130_fd_sc_hd__o2bb2a_1)
                                                         net28 (net)
                      0.165510    0.000349    3.036242 ^ output28/A (sky130_fd_sc_hd__buf_2)
     1    0.034260    0.272460    0.387458    3.423701 ^ output28/X (sky130_fd_sc_hd__buf_2)
                                                         result[7] (net)
                      0.272465    0.001653    3.425354 ^ result[7] (out)
                                              3.425354   data arrival time

                      0.000000    0.000000    0.000000   clock __VIRTUAL_CLK__ (rise edge)
                                  0.000000    0.000000   clock network delay (ideal)
                                  0.250000    0.250000   clock uncertainty
                                  0.000000    0.250000   clock reconvergence pessimism
                                 -2.000000   -1.750000   output external delay
                                             -1.750000   data required time
---------------------------------------------------------------------------------------------
                                             -1.750000   data required time
                                             -3.425354   data arrival time
---------------------------------------------------------------------------------------------
                                              5.175354   slack (MET)


Startpoint: B[4] (input port clocked by __VIRTUAL_CLK__)
Endpoint: result[5] (output port clocked by __VIRTUAL_CLK__)
Path Group: __VIRTUAL_CLK__
Path Type: min

Fanout         Cap        Slew       Delay        Time   Description
---------------------------------------------------------------------------------------------
                      0.000000    0.000000    0.000000   clock __VIRTUAL_CLK__ (rise edge)
                                  0.000000    0.000000   clock network delay (ideal)
                                  2.000000    2.000000 v input external delay
     1    0.002658    0.017918    0.008830    2.008831 v B[4] (in)
                                                         B[4] (net)
                      0.017918    0.000000    2.008831 v input13/A (sky130_fd_sc_hd__buf_1)
     4    0.011649    0.141525    0.211443    2.220273 v input13/X (sky130_fd_sc_hd__buf_1)
                                                         net13 (net)
                      0.141526    0.000749    2.221023 v _219_/B (sky130_fd_sc_hd__nand2_2)
     5    0.023223    0.202555    0.240757    2.461779 ^ _219_/Y (sky130_fd_sc_hd__nand2_2)
                                                         _113_ (net)
                      0.202573    0.001608    2.463387 ^ _241_/A1 (sky130_fd_sc_hd__a31o_1)
     1    0.002671    0.070342    0.313477    2.776864 ^ _241_/X (sky130_fd_sc_hd__a31o_1)
                                                         _013_ (net)
                      0.070342    0.000125    2.776989 ^ _250_/A2 (sky130_fd_sc_hd__o211ai_1)
     2    0.007050    0.209788    0.242446    3.019435 v _250_/Y (sky130_fd_sc_hd__o211ai_1)
                                                         net26 (net)
                      0.209788    0.000508    3.019943 v output26/A (sky130_fd_sc_hd__buf_2)
     1    0.034240    0.166188    0.411035    3.430979 v output26/X (sky130_fd_sc_hd__buf_2)
                                                         result[5] (net)
                      0.166201    0.001581    3.432559 v result[5] (out)
                                              3.432559   data arrival time

                      0.000000    0.000000    0.000000   clock __VIRTUAL_CLK__ (rise edge)
                                  0.000000    0.000000   clock network delay (ideal)
                                  0.250000    0.250000   clock uncertainty
                                  0.000000    0.250000   clock reconvergence pessimism
                                 -2.000000   -1.750000   output external delay
                                             -1.750000   data required time
---------------------------------------------------------------------------------------------
                                             -1.750000   data required time
                                             -3.432559   data arrival time
---------------------------------------------------------------------------------------------
                                              5.182559   slack (MET)



