
===========================================================================
report_checks -unconstrained
===========================================================================
======================= min_tt_025C_1v80 Corner ===================================

Startpoint: A[0] (input port clocked by __VIRTUAL_CLK__)
Endpoint: zero (output port clocked by __VIRTUAL_CLK__)
Path Group: __VIRTUAL_CLK__
Path Type: max

Fanout         Cap        Slew       Delay        Time   Description
---------------------------------------------------------------------------------------------
                      0.000000    0.000000    0.000000   clock __VIRTUAL_CLK__ (rise edge)
                                  0.000000    0.000000   clock network delay (ideal)
                                  2.000000    2.000000 v input external delay
     1    0.002307    0.007496    0.003586    2.003586 v A[0] (in)
                                                         A[0] (net)
                      0.007496    0.000000    2.003586 v input1/A (sky130_fd_sc_hd__dlymetal6s2s_1)
     6    0.017228    0.097508    0.175388    2.178974 v input1/X (sky130_fd_sc_hd__dlymetal6s2s_1)
                                                         net1 (net)
                      0.097508    0.000210    2.179184 v _173_/A_N (sky130_fd_sc_hd__nand2b_1)
     3    0.010900    0.095871    0.206215    2.385399 v _173_/Y (sky130_fd_sc_hd__nand2b_1)
                                                         _070_ (net)
                      0.095871    0.000246    2.385645 v _193_/A2 (sky130_fd_sc_hd__a21o_1)
     4    0.012046    0.070606    0.232539    2.618184 v _193_/X (sky130_fd_sc_hd__a21o_1)
                                                         _089_ (net)
                      0.070606    0.000188    2.618372 v _226_/A2 (sky130_fd_sc_hd__a311o_1)
     3    0.012085    0.096838    0.367877    2.986249 v _226_/X (sky130_fd_sc_hd__a311o_1)
                                                         _120_ (net)
                      0.096838    0.000365    2.986614 v _125_/A2 (sky130_fd_sc_hd__a311o_1)
     2    0.008562    0.081517    0.361523    3.348137 v _125_/X (sky130_fd_sc_hd__a311o_1)
                                                         _027_ (net)
                      0.081517    0.000158    3.348295 v _127_/B (sky130_fd_sc_hd__and2_1)
     3    0.009691    0.063111    0.198151    3.546446 v _127_/X (sky130_fd_sc_hd__and2_1)
                                                         _029_ (net)
                      0.063111    0.000111    3.546557 v _144_/A (sky130_fd_sc_hd__or3_1)
     1    0.001921    0.058953    0.357413    3.903970 v _144_/X (sky130_fd_sc_hd__or3_1)
                                                         _045_ (net)
                      0.058953    0.000017    3.903987 v _145_/C (sky130_fd_sc_hd__and3_1)
     1    0.001560    0.031804    0.171172    4.075159 v _145_/X (sky130_fd_sc_hd__and3_1)
                                                         _046_ (net)
                      0.031804    0.000006    4.075165 v _150_/B1 (sky130_fd_sc_hd__o2bb2a_1)
     2    0.008027    0.077929    0.313169    4.388334 v _150_/X (sky130_fd_sc_hd__o2bb2a_1)
                                                         net28 (net)
                      0.077929    0.000117    4.388451 v _153_/C (sky130_fd_sc_hd__nor4_1)
     1    0.002624    0.214789    0.222101    4.610552 ^ _153_/Y (sky130_fd_sc_hd__nor4_1)
                                                         net29 (net)
                      0.214789    0.000026    4.610578 ^ output29/A (sky130_fd_sc_hd__buf_2)
     1    0.034383    0.171191    0.252189    4.862767 ^ output29/X (sky130_fd_sc_hd__buf_2)
                                                         zero (net)
                      0.171191    0.000369    4.863135 ^ zero (out)
                                              4.863135   data arrival time

                      0.000000   10.000000   10.000000   clock __VIRTUAL_CLK__ (rise edge)
                                  0.000000   10.000000   clock network delay (ideal)
                                 -0.250000    9.750000   clock uncertainty
                                  0.000000    9.750000   clock reconvergence pessimism
                                 -2.000000    7.750000   output external delay
                                              7.750000   data required time
---------------------------------------------------------------------------------------------
                                              7.750000   data required time
                                             -4.863135   data arrival time
---------------------------------------------------------------------------------------------
                                              2.886865   slack (MET)




===========================================================================
report_checks --slack_max -0.01
============================================================================
======================= min_tt_025C_1v80 Corner ===================================

No paths found.


===========================================================================
 report_check_types -max_slew -max_cap -max_fanout -violators
============================================================================
======================= min_tt_025C_1v80 Corner ===================================



===========================================================================
report_parasitic_annotation -report_unannotated
============================================================================
Found 0 unannotated drivers.
Found 0 partially unannotated drivers.

===========================================================================
max slew violation count 0
max fanout violation count 0
max cap violation count 0
============================================================================

===========================================================================
check_setup -verbose -unconstrained_endpoints -multiple_clock -no_clock -no_input_delay -loops -generated_clocks
===========================================================================
