Reading OpenROAD database at '/work/openlane/runs/RUN_2026-08-20_16-12-00/27-openroad-globalplacement/alu_8bit.odb'…
Reading library file at '/root/.volare/volare/sky130/versions/0fe599b2afb6708d281543108caf8310912f54af/sky130A/libs.ref/sky130_fd_sc_hd/lib/sky130_fd_sc_hd__tt_025C_1v80.lib'…
Reading design constraints file at '/nix/store/ss2cw3sxbrwwx9jl0rrppbw4kgcmgi2n-python3-3.11.9-env/lib/python3.11/site-packages/openlane/scripts/base.sdc'…
[WARNING STA-0366] port '__VIRTUAL_CLK__' not found.
[INFO] Using clock __VIRTUAL_CLK__…
[INFO] Setting output delay to: 2
[INFO] Setting input delay to: 2
[WARNING STA-0366] port '__VIRTUAL_CLK__' not found.
[INFO] Setting load to: 0.033442
[INFO] Setting clock uncertainty to: 0.25
[INFO] Setting clock transition to: 0.1499999999999999944488848768742172978818416595458984375
[WARNING STA-0419] transition time can not be specified for virtual clocks.
[INFO] Setting timing derate to: 5%
[WARNING STA-0450] virtual clock __VIRTUAL_CLK__ can not be propagated.
[INFO] Setting RC values…
[WARNING GRT-0097] No global routing found for nets.
%OL_CREATE_REPORT min.rpt

===========================================================================
report_checks -path_delay min (Hold)
============================================================================
======================= nom_tt_025C_1v80 Corner ===================================

Startpoint: A[0] (input port clocked by __VIRTUAL_CLK__)
Endpoint: result[0] (output port clocked by __VIRTUAL_CLK__)
Path Group: __VIRTUAL_CLK__
Path Type: min

Fanout         Cap        Slew       Delay        Time   Description
---------------------------------------------------------------------------------------------
                      0.000000    0.000000    0.000000   clock __VIRTUAL_CLK__ (rise edge)
                                  0.000000    0.000000   clock network delay (ideal)
                                  2.000000    2.000000 v input external delay
     6    0.020996    0.048157    0.033753    2.033753 v A[0] (in)
                                                         A[0] (net)
                      0.048158    0.000000    2.033753 v _168_/B2 (sky130_fd_sc_hd__o22ai_2)
     1    0.002648    0.106130    0.076847    2.110600 ^ _168_/Y (sky130_fd_sc_hd__o22ai_2)
                                                         _066_ (net)
                      0.106130    0.000002    2.110602 ^ _170_/B1 (sky130_fd_sc_hd__a211o_2)
     2    0.037546    0.178801    0.225004    2.335606 ^ _170_/X (sky130_fd_sc_hd__a211o_2)
                                                         result[0] (net)
                      0.178850    0.000381    2.335987 ^ result[0] (out)
                                              2.335987   data arrival time

                      0.000000    0.000000    0.000000   clock __VIRTUAL_CLK__ (rise edge)
                                  0.000000    0.000000   clock network delay (ideal)
                                  0.250000    0.250000   clock uncertainty
                                  0.000000    0.250000   clock reconvergence pessimism
                                 -2.000000   -1.750000   output external delay
                                             -1.750000   data required time
---------------------------------------------------------------------------------------------
                                             -1.750000   data required time
                                             -2.335987   data arrival time
---------------------------------------------------------------------------------------------
                                              4.085987   slack (MET)


Startpoint: A[7] (input port clocked by __VIRTUAL_CLK__)
Endpoint: carry (output port clocked by __VIRTUAL_CLK__)
Path Group: __VIRTUAL_CLK__
Path Type: min

Fanout         Cap        Slew       Delay        Time   Description
---------------------------------------------------------------------------------------------
                      0.000000    0.000000    0.000000   clock __VIRTUAL_CLK__ (rise edge)
                                  0.000000    0.000000   clock network delay (ideal)
                                  2.000000    2.000000 v input external delay
     5    0.016123    0.037651    0.025981    2.025981 v A[7] (in)
                                                         A[7] (net)
                      0.037651    0.000000    2.025981 v _154_/B (sky130_fd_sc_hd__nand2b_2)
     1    0.002443    0.032739    0.052051    2.078031 ^ _154_/Y (sky130_fd_sc_hd__nand2b_2)
                                                         _053_ (net)
                      0.032739    0.000000    2.078032 ^ _156_/A3 (sky130_fd_sc_hd__a32o_2)
     1    0.034507    0.206357    0.292664    2.370696 ^ _156_/X (sky130_fd_sc_hd__a32o_2)
                                                         carry (net)
                      0.206357    0.000159    2.370856 ^ carry (out)
                                              2.370856   data arrival time

                      0.000000    0.000000    0.000000   clock __VIRTUAL_CLK__ (rise edge)
                                  0.000000    0.000000   clock network delay (ideal)
                                  0.250000    0.250000   clock uncertainty
                                  0.000000    0.250000   clock reconvergence pessimism
                                 -2.000000   -1.750000   output external delay
                                             -1.750000   data required time
---------------------------------------------------------------------------------------------
                                             -1.750000   data required time
                                             -2.370856   data arrival time
---------------------------------------------------------------------------------------------
                                              4.120856   slack (MET)


Startpoint: B[2] (input port clocked by __VIRTUAL_CLK__)
Endpoint: result[2] (output port clocked by __VIRTUAL_CLK__)
Path Group: __VIRTUAL_CLK__
Path Type: min

Fanout         Cap        Slew       Delay        Time   Description
---------------------------------------------------------------------------------------------
                      0.000000    0.000000    0.000000   clock __VIRTUAL_CLK__ (rise edge)
                                  0.000000    0.000000   clock network delay (ideal)
                                  2.000000    2.000000 v input external delay
     4    0.010547    0.025693    0.017079    2.017079 v B[2] (in)
                                                         B[2] (net)
                      0.025693    0.000000    2.017079 v _188_/B (sky130_fd_sc_hd__nand2_2)
     3    0.011682    0.069625    0.079672    2.096751 ^ _188_/Y (sky130_fd_sc_hd__nand2_2)
                                                         _084_ (net)
                      0.069625    0.000038    2.096789 ^ _198_/A2 (sky130_fd_sc_hd__o21ai_2)
     1    0.003215    0.025701    0.050622    2.147411 v _198_/Y (sky130_fd_sc_hd__o21ai_2)
                                                         _094_ (net)
                      0.025701    0.000011    2.147422 v _201_/B1 (sky130_fd_sc_hd__o22a_2)
     2    0.037075    0.109532    0.286860    2.434282 v _201_/X (sky130_fd_sc_hd__o22a_2)
                                                         result[2] (net)
                      0.109532    0.000150    2.434433 v result[2] (out)
                                              2.434433   data arrival time

                      0.000000    0.000000    0.000000   clock __VIRTUAL_CLK__ (rise edge)
                                  0.000000    0.000000   clock network delay (ideal)
                                  0.250000    0.250000   clock uncertainty
                                  0.000000    0.250000   clock reconvergence pessimism
                                 -2.000000   -1.750000   output external delay
                                             -1.750000   data required time
---------------------------------------------------------------------------------------------
                                             -1.750000   data required time
                                             -2.434433   data arrival time
---------------------------------------------------------------------------------------------
                                              4.184433   slack (MET)


Startpoint: B[1] (input port clocked by __VIRTUAL_CLK__)
Endpoint: result[1] (output port clocked by __VIRTUAL_CLK__)
Path Group: __VIRTUAL_CLK__
Path Type: min

Fanout         Cap        Slew       Delay        Time   Description
---------------------------------------------------------------------------------------------
                      0.000000    0.000000    0.000000   clock __VIRTUAL_CLK__ (rise edge)
                                  0.000000    0.000000   clock network delay (ideal)
                                  2.000000    2.000000 ^ input external delay
     4    0.018864    0.090580    0.061972    2.061972 ^ B[1] (in)
                                                         B[1] (net)
                      0.090580    0.000000    2.061972 ^ _180_/A2 (sky130_fd_sc_hd__o21a_2)
     1    0.002810    0.030690    0.116771    2.178743 ^ _180_/X (sky130_fd_sc_hd__o21a_2)
                                                         _077_ (net)
                      0.030690    0.000005    2.178747 ^ _186_/A1 (sky130_fd_sc_hd__o32a_2)
     2    0.037220    0.194411    0.263912    2.442659 ^ _186_/X (sky130_fd_sc_hd__o32a_2)
                                                         result[1] (net)
                      0.194411    0.000250    2.442909 ^ result[1] (out)
                                              2.442909   data arrival time

                      0.000000    0.000000    0.000000   clock __VIRTUAL_CLK__ (rise edge)
                                  0.000000    0.000000   clock network delay (ideal)
                                  0.250000    0.250000   clock uncertainty
                                  0.000000    0.250000   clock reconvergence pessimism
                                 -2.000000   -1.750000   output external delay
                                             -1.750000   data required time
---------------------------------------------------------------------------------------------
                                             -1.750000   data required time
                                             -2.442909   data arrival time
---------------------------------------------------------------------------------------------
                                              4.192909   slack (MET)


Startpoint: A[4] (input port clocked by __VIRTUAL_CLK__)
Endpoint: result[4] (output port clocked by __VIRTUAL_CLK__)
Path Group: __VIRTUAL_CLK__
Path Type: min

Fanout         Cap        Slew       Delay        Time   Description
---------------------------------------------------------------------------------------------
                      0.000000    0.000000    0.000000   clock __VIRTUAL_CLK__ (rise edge)
                                  0.000000    0.000000   clock network delay (ideal)
                                  2.000000    2.000000 v input external delay
     7    0.022564    0.051522    0.036217    2.036217 v A[4] (in)
                                                         A[4] (net)
                      0.051522    0.000000    2.036217 v _230_/A (sky130_fd_sc_hd__nor2_2)
     1    0.002670    0.060875    0.093516    2.129733 ^ _230_/Y (sky130_fd_sc_hd__nor2_2)
                                                         _003_ (net)
                      0.060875    0.000003    2.129735 ^ _231_/C1 (sky130_fd_sc_hd__a221o_2)
     1    0.002707    0.030372    0.099140    2.228876 ^ _231_/X (sky130_fd_sc_hd__a221o_2)
                                                         _004_ (net)
                      0.030372    0.000003    2.228879 ^ _234_/A2 (sky130_fd_sc_hd__o31a_2)
     2    0.037260    0.204200    0.254891    2.483769 ^ _234_/X (sky130_fd_sc_hd__o31a_2)
                                                         result[4] (net)
                      0.204200    0.000505    2.484274 ^ result[4] (out)
                                              2.484274   data arrival time

                      0.000000    0.000000    0.000000   clock __VIRTUAL_CLK__ (rise edge)
                                  0.000000    0.000000   clock network delay (ideal)
                                  0.250000    0.250000   clock uncertainty
                                  0.000000    0.250000   clock reconvergence pessimism
                                 -2.000000   -1.750000   output external delay
                                             -1.750000   data required time
---------------------------------------------------------------------------------------------
                                             -1.750000   data required time
                                             -2.484274   data arrival time
---------------------------------------------------------------------------------------------
                                              4.234274   slack (MET)


Startpoint: B[4] (input port clocked by __VIRTUAL_CLK__)
Endpoint: result[5] (output port clocked by __VIRTUAL_CLK__)
Path Group: __VIRTUAL_CLK__
Path Type: min

Fanout         Cap        Slew       Delay        Time   Description
---------------------------------------------------------------------------------------------
                      0.000000    0.000000    0.000000   clock __VIRTUAL_CLK__ (rise edge)
                                  0.000000    0.000000   clock network delay (ideal)
                                  2.000000    2.000000 v input external delay
     4    0.010268    0.025070    0.016605    2.016605 v B[4] (in)
                                                         B[4] (net)
                      0.025070    0.000000    2.016605 v _219_/B (sky130_fd_sc_hd__nand2_2)
     5    0.021407    0.117278    0.112838    2.129443 ^ _219_/Y (sky130_fd_sc_hd__nand2_2)
                                                         _113_ (net)
                      0.117279    0.000153    2.129596 ^ _241_/A1 (sky130_fd_sc_hd__a31o_2)
     1    0.004776    0.042774    0.164843    2.294439 ^ _241_/X (sky130_fd_sc_hd__a31o_2)
                                                         _013_ (net)
                      0.042774    0.000003    2.294442 ^ _250_/A2 (sky130_fd_sc_hd__o211ai_2)
     2    0.039426    0.239550    0.215525    2.509967 v _250_/Y (sky130_fd_sc_hd__o211ai_2)
                                                         result[5] (net)
                      0.239550    0.000331    2.510298 v result[5] (out)
                                              2.510298   data arrival time

                      0.000000    0.000000    0.000000   clock __VIRTUAL_CLK__ (rise edge)
                                  0.000000    0.000000   clock network delay (ideal)
                                  0.250000    0.250000   clock uncertainty
                                  0.000000    0.250000   clock reconvergence pessimism
                                 -2.000000   -1.750000   output external delay
                                             -1.750000   data required time
---------------------------------------------------------------------------------------------
                                             -1.750000   data required time
                                             -2.510298   data arrival time
---------------------------------------------------------------------------------------------
                                              4.260298   slack (MET)


Startpoint: B[6] (input port clocked by __VIRTUAL_CLK__)
Endpoint: result[6] (output port clocked by __VIRTUAL_CLK__)
Path Group: __VIRTUAL_CLK__
Path Type: min

Fanout         Cap        Slew       Delay        Time   Description
---------------------------------------------------------------------------------------------
                      0.000000    0.000000    0.000000   clock __VIRTUAL_CLK__ (rise edge)
                                  0.000000    0.000000   clock network delay (ideal)
                                  2.000000    2.000000 ^ input external delay
     3    0.009057    0.047209    0.030943    2.030943 ^ B[6] (in)
                                                         B[6] (net)
                      0.047210    0.000000    2.030943 ^ _251_/B (sky130_fd_sc_hd__or2_2)
     2    0.007849    0.053488    0.114214    2.145158 ^ _251_/X (sky130_fd_sc_hd__or2_2)
                                                         _022_ (net)
                      0.053488    0.000023    2.145180 ^ _130_/A2 (sky130_fd_sc_hd__a21o_2)
     1    0.002382    0.024885    0.110801    2.255982 ^ _130_/X (sky130_fd_sc_hd__a21o_2)
                                                         _032_ (net)
                      0.024885    0.000005    2.255987 ^ _136_/B2 (sky130_fd_sc_hd__o2bb2a_2)
     2    0.039692    0.212020    0.279109    2.535096 ^ _136_/X (sky130_fd_sc_hd__o2bb2a_2)
                                                         result[6] (net)
                      0.212020    0.000354    2.535450 ^ result[6] (out)
                                              2.535450   data arrival time

                      0.000000    0.000000    0.000000   clock __VIRTUAL_CLK__ (rise edge)
                                  0.000000    0.000000   clock network delay (ideal)
                                  0.250000    0.250000   clock uncertainty
                                  0.000000    0.250000   clock reconvergence pessimism
                                 -2.000000   -1.750000   output external delay
                                             -1.750000   data required time
---------------------------------------------------------------------------------------------
                                             -1.750000   data required time
                                             -2.535450   data arrival time
---------------------------------------------------------------------------------------------
                                              4.285450   slack (MET)


Startpoint: B[7] (input port clocked by __VIRTUAL_CLK__)
Endpoint: result[7] (output port clocked by __VIRTUAL_CLK__)
Path Group: __VIRTUAL_CLK__
Path Type: min

Fanout         Cap        Slew       Delay        Time   Description
---------------------------------------------------------------------------------------------
                      0.000000    0.000000    0.000000   clock __VIRTUAL_CLK__ (rise edge)
                                  0.000000    0.000000   clock network delay (ideal)
                                  2.000000    2.000000 ^ input external delay
     3    0.008493    0.044699    0.029108    2.029108 ^ B[7] (in)
                                                         B[7] (net)
                      0.044699    0.000000    2.029108 ^ _138_/B (sky130_fd_sc_hd__nand2_2)
     3    0.010265    0.050345    0.064455    2.093563 v _138_/Y (sky130_fd_sc_hd__nand2_2)
                                                         _039_ (net)
                      0.050345    0.000014    2.093577 v _146_/B (sky130_fd_sc_hd__nor2_2)
     1    0.001905    0.052302    0.064182    2.157759 ^ _146_/Y (sky130_fd_sc_hd__nor2_2)
                                                         _047_ (net)
                      0.052302    0.000000    2.157760 ^ _149_/B (sky130_fd_sc_hd__or4_2)
     1    0.002993    0.029447    0.106867    2.264626 ^ _149_/X (sky130_fd_sc_hd__or4_2)
                                                         _050_ (net)
                      0.029447    0.000015    2.264641 ^ _150_/B2 (sky130_fd_sc_hd__o2bb2a_2)
     2    0.040719    0.217059    0.284355    2.548996 ^ _150_/X (sky130_fd_sc_hd__o2bb2a_2)
                                                         result[7] (net)
                      0.217059    0.000145    2.549141 ^ result[7] (out)
                                              2.549141   data arrival time

                      0.000000    0.000000    0.000000   clock __VIRTUAL_CLK__ (rise edge)
                                  0.000000    0.000000   clock network delay (ideal)
                                  0.250000    0.250000   clock uncertainty
                                  0.000000    0.250000   clock reconvergence pessimism
                                 -2.000000   -1.750000   output external delay
                                             -1.750000   data required time
---------------------------------------------------------------------------------------------
                                             -1.750000   data required time
                                             -2.549141   data arrival time
---------------------------------------------------------------------------------------------
                                              4.299141   slack (MET)


Startpoint: A[2] (input port clocked by __VIRTUAL_CLK__)
Endpoint: result[3] (output port clocked by __VIRTUAL_CLK__)
Path Group: __VIRTUAL_CLK__
Path Type: min

Fanout         Cap        Slew       Delay        Time   Description
---------------------------------------------------------------------------------------------
                      0.000000    0.000000    0.000000   clock __VIRTUAL_CLK__ (rise edge)
                                  0.000000    0.000000   clock network delay (ideal)
                                  2.000000    2.000000 ^ input external delay
     7    0.022495    0.106785    0.073354    2.073354 ^ A[2] (in)
                                                         A[2] (net)
                      0.106786    0.000000    2.073354 ^ _210_/A1_N (sky130_fd_sc_hd__o2bb2a_2)
     1    0.004612    0.037220    0.224522    2.297876 v _210_/X (sky130_fd_sc_hd__o2bb2a_2)
                                                         _105_ (net)
                      0.037220    0.000007    2.297883 v _212_/B (sky130_fd_sc_hd__nand3_2)
     1    0.002854    0.032431    0.058137    2.356020 ^ _212_/Y (sky130_fd_sc_hd__nand3_2)
                                                         _107_ (net)
                      0.032431    0.000005    2.356025 ^ _217_/B1 (sky130_fd_sc_hd__a211o_2)
     2    0.037972    0.180890    0.199743    2.555768 ^ _217_/X (sky130_fd_sc_hd__a211o_2)
                                                         result[3] (net)
                      0.180890    0.000360    2.556128 ^ result[3] (out)
                                              2.556128   data arrival time

                      0.000000    0.000000    0.000000   clock __VIRTUAL_CLK__ (rise edge)
                                  0.000000    0.000000   clock network delay (ideal)
                                  0.250000    0.250000   clock uncertainty
                                  0.000000    0.250000   clock reconvergence pessimism
                                 -2.000000   -1.750000   output external delay
                                             -1.750000   data required time
---------------------------------------------------------------------------------------------
                                             -1.750000   data required time
                                             -2.556128   data arrival time
---------------------------------------------------------------------------------------------
                                              4.306128   slack (MET)


Startpoint: A[0] (input port clocked by __VIRTUAL_CLK__)
Endpoint: zero (output port clocked by __VIRTUAL_CLK__)
Path Group: __VIRTUAL_CLK__
Path Type: min

Fanout         Cap        Slew       Delay        Time   Description
---------------------------------------------------------------------------------------------
                      0.000000    0.000000    0.000000   clock __VIRTUAL_CLK__ (rise edge)
                                  0.000000    0.000000   clock network delay (ideal)
                                  2.000000    2.000000 v input external delay
     6    0.020996    0.048157    0.033753    2.033753 v A[0] (in)
                                                         A[0] (net)
                      0.048158    0.000000    2.033753 v _168_/B2 (sky130_fd_sc_hd__o22ai_2)
     1    0.002648    0.106130    0.076847    2.110600 ^ _168_/Y (sky130_fd_sc_hd__o22ai_2)
                                                         _066_ (net)
                      0.106130    0.000002    2.110602 ^ _170_/B1 (sky130_fd_sc_hd__a211o_2)
     2    0.037546    0.178801    0.225004    2.335606 ^ _170_/X (sky130_fd_sc_hd__a211o_2)
                                                         result[0] (net)
                      0.178801    0.000126    2.335732 ^ _151_/A (sky130_fd_sc_hd__or4_2)
     1    0.003454    0.033326    0.152779    2.488512 ^ _151_/X (sky130_fd_sc_hd__or4_2)
                                                         _051_ (net)
                      0.033326    0.000031    2.488543 ^ _152_/B (sky130_fd_sc_hd__or2_2)
     1    0.005235    0.039643    0.098981    2.587524 ^ _152_/X (sky130_fd_sc_hd__or2_2)
                                                         _052_ (net)
                      0.039643    0.000013    2.587537 ^ _153_/D (sky130_fd_sc_hd__nor4_2)
     1    0.034647    0.083193    0.083837    2.671374 v _153_/Y (sky130_fd_sc_hd__nor4_2)
                                                         zero (net)
                      0.083194    0.000258    2.671632 v zero (out)
                                              2.671632   data arrival time

                      0.000000    0.000000    0.000000   clock __VIRTUAL_CLK__ (rise edge)
                                  0.000000    0.000000   clock network delay (ideal)
                                  0.250000    0.250000   clock uncertainty
                                  0.000000    0.250000   clock reconvergence pessimism
                                 -2.000000   -1.750000   output external delay
                                             -1.750000   data required time
---------------------------------------------------------------------------------------------
                                             -1.750000   data required time
                                             -2.671632   data arrival time
---------------------------------------------------------------------------------------------
                                              4.421632   slack (MET)



%OL_END_REPORT
%OL_CREATE_REPORT max.rpt

===========================================================================
report_checks -path_delay max (Setup)
============================================================================
======================= nom_tt_025C_1v80 Corner ===================================

Startpoint: B[1] (input port clocked by __VIRTUAL_CLK__)
Endpoint: zero (output port clocked by __VIRTUAL_CLK__)
Path Group: __VIRTUAL_CLK__
Path Type: max

Fanout         Cap        Slew       Delay        Time   Description
---------------------------------------------------------------------------------------------
                      0.000000    0.000000    0.000000   clock __VIRTUAL_CLK__ (rise edge)
                                  0.000000    0.000000   clock network delay (ideal)
                                  2.000000    2.000000 ^ input external delay
     4    0.018864    0.090580    0.061952    2.061952 ^ B[1] (in)
                                                         B[1] (net)
                      0.090580    0.000000    2.061952 ^ _192_/A_N (sky130_fd_sc_hd__and2b_2)
     1    0.002463    0.035266    0.214016    2.275968 v _192_/X (sky130_fd_sc_hd__and2b_2)
                                                         _088_ (net)
                      0.035266    0.000003    2.275971 v _193_/B1 (sky130_fd_sc_hd__a21o_2)
     4    0.012015    0.055964    0.208932    2.484903 v _193_/X (sky130_fd_sc_hd__a21o_2)
                                                         _089_ (net)
                      0.055964    0.000089    2.484992 v _226_/A2 (sky130_fd_sc_hd__a311o_2)
     3    0.011697    0.078229    0.397124    2.882116 v _226_/X (sky130_fd_sc_hd__a311o_2)
                                                         _120_ (net)
                      0.078229    0.000164    2.882280 v _125_/A2 (sky130_fd_sc_hd__a311o_2)
     2    0.007719    0.066653    0.388734    3.271013 v _125_/X (sky130_fd_sc_hd__a311o_2)
                                                         _027_ (net)
                      0.066653    0.000057    3.271071 v _127_/B (sky130_fd_sc_hd__and2_2)
     3    0.011008    0.056683    0.220073    3.491143 v _127_/X (sky130_fd_sc_hd__and2_2)
                                                         _029_ (net)
                      0.056683    0.000019    3.491163 v _144_/A (sky130_fd_sc_hd__or3_2)
     1    0.001603    0.070302    0.457391    3.948554 v _144_/X (sky130_fd_sc_hd__or3_2)
                                                         _045_ (net)
                      0.070302    0.000001    3.948555 v _145_/C (sky130_fd_sc_hd__and3_2)
     1    0.001736    0.034521    0.207040    4.155595 v _145_/X (sky130_fd_sc_hd__and3_2)
                                                         _046_ (net)
                      0.034521    0.000000    4.155596 v _150_/B1 (sky130_fd_sc_hd__o2bb2a_2)
     2    0.040043    0.123628    0.351982    4.507578 v _150_/X (sky130_fd_sc_hd__o2bb2a_2)
                                                         result[7] (net)
                      0.123628    0.000038    4.507616 v _153_/C (sky130_fd_sc_hd__nor4_2)
     1    0.034647    0.850612    0.721276    5.228892 ^ _153_/Y (sky130_fd_sc_hd__nor4_2)
                                                         zero (net)
                      0.850612    0.000258    5.229150 ^ zero (out)
                                              5.229150   data arrival time

                      0.000000   10.000000   10.000000   clock __VIRTUAL_CLK__ (rise edge)
                                  0.000000   10.000000   clock network delay (ideal)
                                 -0.250000    9.750000   clock uncertainty
                                  0.000000    9.750000   clock reconvergence pessimism
                                 -2.000000    7.750000   output external delay
                                              7.750000   data required time
---------------------------------------------------------------------------------------------
                                              7.750000   data required time
                                             -5.229150   data arrival time
---------------------------------------------------------------------------------------------
                                              2.520850   slack (MET)


Startpoint: B[1] (input port clocked by __VIRTUAL_CLK__)
Endpoint: result[7] (output port clocked by __VIRTUAL_CLK__)
Path Group: __VIRTUAL_CLK__
Path Type: max

Fanout         Cap        Slew       Delay        Time   Description
---------------------------------------------------------------------------------------------
                      0.000000    0.000000    0.000000   clock __VIRTUAL_CLK__ (rise edge)
                                  0.000000    0.000000   clock network delay (ideal)
                                  2.000000    2.000000 ^ input external delay
     4    0.018864    0.090580    0.061952    2.061952 ^ B[1] (in)
                                                         B[1] (net)
                      0.090580    0.000000    2.061952 ^ _192_/A_N (sky130_fd_sc_hd__and2b_2)
     1    0.002463    0.035266    0.214016    2.275968 v _192_/X (sky130_fd_sc_hd__and2b_2)
                                                         _088_ (net)
                      0.035266    0.000003    2.275971 v _193_/B1 (sky130_fd_sc_hd__a21o_2)
     4    0.012015    0.055964    0.208932    2.484903 v _193_/X (sky130_fd_sc_hd__a21o_2)
                                                         _089_ (net)
                      0.055964    0.000089    2.484992 v _226_/A2 (sky130_fd_sc_hd__a311o_2)
     3    0.011697    0.078229    0.397124    2.882116 v _226_/X (sky130_fd_sc_hd__a311o_2)
                                                         _120_ (net)
                      0.078229    0.000164    2.882280 v _125_/A2 (sky130_fd_sc_hd__a311o_2)
     2    0.007719    0.066653    0.388734    3.271013 v _125_/X (sky130_fd_sc_hd__a311o_2)
                                                         _027_ (net)
                      0.066653    0.000057    3.271071 v _127_/B (sky130_fd_sc_hd__and2_2)
     3    0.011008    0.056683    0.220073    3.491143 v _127_/X (sky130_fd_sc_hd__and2_2)
                                                         _029_ (net)
                      0.056683    0.000019    3.491163 v _144_/A (sky130_fd_sc_hd__or3_2)
     1    0.001603    0.070302    0.457391    3.948554 v _144_/X (sky130_fd_sc_hd__or3_2)
                                                         _045_ (net)
                      0.070302    0.000001    3.948555 v _145_/C (sky130_fd_sc_hd__and3_2)
     1    0.001736    0.034521    0.207040    4.155595 v _145_/X (sky130_fd_sc_hd__and3_2)
                                                         _046_ (net)
                      0.034521    0.000000    4.155596 v _150_/B1 (sky130_fd_sc_hd__o2bb2a_2)
     2    0.040043    0.123628    0.351982    4.507578 v _150_/X (sky130_fd_sc_hd__o2bb2a_2)
                                                         result[7] (net)
                      0.123628    0.000145    4.507723 v result[7] (out)
                                              4.507723   data arrival time

                      0.000000   10.000000   10.000000   clock __VIRTUAL_CLK__ (rise edge)
                                  0.000000   10.000000   clock network delay (ideal)
                                 -0.250000    9.750000   clock uncertainty
                                  0.000000    9.750000   clock reconvergence pessimism
                                 -2.000000    7.750000   output external delay
                                              7.750000   data required time
---------------------------------------------------------------------------------------------
                                              7.750000   data required time
                                             -4.507723   data arrival time
---------------------------------------------------------------------------------------------
                                              3.242277   slack (MET)


Startpoint: B[1] (input port clocked by __VIRTUAL_CLK__)
Endpoint: result[6] (output port clocked by __VIRTUAL_CLK__)
Path Group: __VIRTUAL_CLK__
Path Type: max

Fanout         Cap        Slew       Delay        Time   Description
---------------------------------------------------------------------------------------------
                      0.000000    0.000000    0.000000   clock __VIRTUAL_CLK__ (rise edge)
                                  0.000000    0.000000   clock network delay (ideal)
                                  2.000000    2.000000 ^ input external delay
     4    0.018864    0.090580    0.061952    2.061952 ^ B[1] (in)
                                                         B[1] (net)
                      0.090580    0.000000    2.061952 ^ _192_/A_N (sky130_fd_sc_hd__and2b_2)
     1    0.002463    0.035266    0.214016    2.275968 v _192_/X (sky130_fd_sc_hd__and2b_2)
                                                         _088_ (net)
                      0.035266    0.000003    2.275971 v _193_/B1 (sky130_fd_sc_hd__a21o_2)
     4    0.012015    0.055964    0.208932    2.484903 v _193_/X (sky130_fd_sc_hd__a21o_2)
                                                         _089_ (net)
                      0.055964    0.000089    2.484992 v _226_/A2 (sky130_fd_sc_hd__a311o_2)
     3    0.011697    0.078229    0.397124    2.882116 v _226_/X (sky130_fd_sc_hd__a311o_2)
                                                         _120_ (net)
                      0.078229    0.000164    2.882280 v _125_/A2 (sky130_fd_sc_hd__a311o_2)
     2    0.007719    0.066653    0.388734    3.271013 v _125_/X (sky130_fd_sc_hd__a311o_2)
                                                         _027_ (net)
                      0.066653    0.000057    3.271071 v _127_/B (sky130_fd_sc_hd__and2_2)
     3    0.011008    0.056683    0.220073    3.491143 v _127_/X (sky130_fd_sc_hd__and2_2)
                                                         _029_ (net)
                      0.056683    0.000005    3.491149 v _132_/A3 (sky130_fd_sc_hd__o31ai_2)
     1    0.002022    0.153242    0.157228    3.648377 ^ _132_/Y (sky130_fd_sc_hd__o31ai_2)
                                                         _034_ (net)
                      0.153242    0.000003    3.648380 ^ _136_/B1 (sky130_fd_sc_hd__o2bb2a_2)
     2    0.039692    0.213528    0.334827    3.983207 ^ _136_/X (sky130_fd_sc_hd__o2bb2a_2)
                                                         result[6] (net)
                      0.213528    0.000354    3.983561 ^ result[6] (out)
                                              3.983561   data arrival time

                      0.000000   10.000000   10.000000   clock __VIRTUAL_CLK__ (rise edge)
                                  0.000000   10.000000   clock network delay (ideal)
                                 -0.250000    9.750000   clock uncertainty
                                  0.000000    9.750000   clock reconvergence pessimism
                                 -2.000000    7.750000   output external delay
                                              7.750000   data required time
---------------------------------------------------------------------------------------------
                                              7.750000   data required time
                                             -3.983561   data arrival time
---------------------------------------------------------------------------------------------
                                              3.766439   slack (MET)


Startpoint: B[1] (input port clocked by __VIRTUAL_CLK__)
Endpoint: carry (output port clocked by __VIRTUAL_CLK__)
Path Group: __VIRTUAL_CLK__
Path Type: max

Fanout         Cap        Slew       Delay        Time   Description
---------------------------------------------------------------------------------------------
                      0.000000    0.000000    0.000000   clock __VIRTUAL_CLK__ (rise edge)
                                  0.000000    0.000000   clock network delay (ideal)
                                  2.000000    2.000000 ^ input external delay
     4    0.018864    0.090580    0.061952    2.061952 ^ B[1] (in)
                                                         B[1] (net)
                      0.090580    0.000000    2.061952 ^ _192_/A_N (sky130_fd_sc_hd__and2b_2)
     1    0.002463    0.035266    0.214016    2.275968 v _192_/X (sky130_fd_sc_hd__and2b_2)
                                                         _088_ (net)
                      0.035266    0.000003    2.275971 v _193_/B1 (sky130_fd_sc_hd__a21o_2)
     4    0.012015    0.055964    0.208932    2.484903 v _193_/X (sky130_fd_sc_hd__a21o_2)
                                                         _089_ (net)
                      0.055964    0.000089    2.484992 v _226_/A2 (sky130_fd_sc_hd__a311o_2)
     3    0.011697    0.078229    0.397124    2.882116 v _226_/X (sky130_fd_sc_hd__a311o_2)
                                                         _120_ (net)
                      0.078229    0.000164    2.882280 v _125_/A2 (sky130_fd_sc_hd__a311o_2)
     2    0.007719    0.066653    0.388734    3.271013 v _125_/X (sky130_fd_sc_hd__a311o_2)
                                                         _027_ (net)
                      0.066653    0.000057    3.271071 v _127_/B (sky130_fd_sc_hd__and2_2)
     3    0.011008    0.056683    0.220073    3.491143 v _127_/X (sky130_fd_sc_hd__and2_2)
                                                         _029_ (net)
                      0.056683    0.000020    3.491163 v _143_/A1 (sky130_fd_sc_hd__o21ai_2)
     2    0.004807    0.105241    0.139024    3.630188 ^ _143_/Y (sky130_fd_sc_hd__o21ai_2)
                                                         _044_ (net)
                      0.105241    0.000018    3.630205 ^ _156_/A2 (sky130_fd_sc_hd__a32o_2)
     1    0.034507    0.210172    0.310157    3.940362 ^ _156_/X (sky130_fd_sc_hd__a32o_2)
                                                         carry (net)
                      0.210172    0.000159    3.940521 ^ carry (out)
                                              3.940521   data arrival time

                      0.000000   10.000000   10.000000   clock __VIRTUAL_CLK__ (rise edge)
                                  0.000000   10.000000   clock network delay (ideal)
                                 -0.250000    9.750000   clock uncertainty
                                  0.000000    9.750000   clock reconvergence pessimism
                                 -2.000000    7.750000   output external delay
                                              7.750000   data required time
---------------------------------------------------------------------------------------------
                                              7.750000   data required time
                                             -3.940521   data arrival time
---------------------------------------------------------------------------------------------
                                              3.809479   slack (MET)


Startpoint: A[1] (input port clocked by __VIRTUAL_CLK__)
Endpoint: result[5] (output port clocked by __VIRTUAL_CLK__)
Path Group: __VIRTUAL_CLK__
Path Type: max

Fanout         Cap        Slew       Delay        Time   Description
---------------------------------------------------------------------------------------------
                      0.000000    0.000000    0.000000   clock __VIRTUAL_CLK__ (rise edge)
                                  0.000000    0.000000   clock network delay (ideal)
                                  2.000000    2.000000 v input external delay
     7    0.026466    0.059951    0.042351    2.042351 v A[1] (in)
                                                         A[1] (net)
                      0.059951    0.000000    2.042351 v _172_/A (sky130_fd_sc_hd__xnor2_2)
     6    0.024813    0.354288    0.324398    2.366749 ^ _172_/Y (sky130_fd_sc_hd__xnor2_2)
                                                         _069_ (net)
                      0.354288    0.000033    2.366782 ^ _193_/A1 (sky130_fd_sc_hd__a21o_2)
     4    0.012991    0.077127    0.220923    2.587706 ^ _193_/X (sky130_fd_sc_hd__a21o_2)
                                                         _089_ (net)
                      0.077127    0.000097    2.587802 ^ _226_/A2 (sky130_fd_sc_hd__a311o_2)
     3    0.012626    0.084666    0.209021    2.796823 ^ _226_/X (sky130_fd_sc_hd__a311o_2)
                                                         _120_ (net)
                      0.084666    0.000171    2.796994 ^ _227_/B (sky130_fd_sc_hd__nand2_2)
     3    0.008360    0.060417    0.069747    2.866741 v _227_/Y (sky130_fd_sc_hd__nand2_2)
                                                         _000_ (net)
                      0.060417    0.000011    2.866752 v _246_/B1 (sky130_fd_sc_hd__o211a_2)
     1    0.001942    0.038348    0.130687    2.997438 v _246_/X (sky130_fd_sc_hd__o211a_2)
                                                         _018_ (net)
                      0.038348    0.000003    2.997442 v _249_/B (sky130_fd_sc_hd__or4_2)
     1    0.004928    0.110392    0.650118    3.647559 v _249_/X (sky130_fd_sc_hd__or4_2)
                                                         _021_ (net)
                      0.110392    0.000017    3.647576 v _250_/C1 (sky130_fd_sc_hd__o211ai_2)
     2    0.039875    0.484992    0.217027    3.864603 ^ _250_/Y (sky130_fd_sc_hd__o211ai_2)
                                                         result[5] (net)
                      0.484992    0.000332    3.864935 ^ result[5] (out)
                                              3.864935   data arrival time

                      0.000000   10.000000   10.000000   clock __VIRTUAL_CLK__ (rise edge)
                                  0.000000   10.000000   clock network delay (ideal)
                                 -0.250000    9.750000   clock uncertainty
                                  0.000000    9.750000   clock reconvergence pessimism
                                 -2.000000    7.750000   output external delay
                                              7.750000   data required time
---------------------------------------------------------------------------------------------
                                              7.750000   data required time
                                             -3.864935   data arrival time
---------------------------------------------------------------------------------------------
                                              3.885065   slack (MET)


Startpoint: B[1] (input port clocked by __VIRTUAL_CLK__)
Endpoint: result[4] (output port clocked by __VIRTUAL_CLK__)
Path Group: __VIRTUAL_CLK__
Path Type: max

Fanout         Cap        Slew       Delay        Time   Description
---------------------------------------------------------------------------------------------
                      0.000000    0.000000    0.000000   clock __VIRTUAL_CLK__ (rise edge)
                                  0.000000    0.000000   clock network delay (ideal)
                                  2.000000    2.000000 ^ input external delay
     4    0.018864    0.090580    0.061952    2.061952 ^ B[1] (in)
                                                         B[1] (net)
                      0.090580    0.000000    2.061952 ^ _192_/A_N (sky130_fd_sc_hd__and2b_2)
     1    0.002463    0.035266    0.214016    2.275968 v _192_/X (sky130_fd_sc_hd__and2b_2)
                                                         _088_ (net)
                      0.035266    0.000003    2.275971 v _193_/B1 (sky130_fd_sc_hd__a21o_2)
     4    0.012015    0.055964    0.208932    2.484903 v _193_/X (sky130_fd_sc_hd__a21o_2)
                                                         _089_ (net)
                      0.055964    0.000089    2.484992 v _226_/A2 (sky130_fd_sc_hd__a311o_2)
     3    0.011697    0.078229    0.397124    2.882116 v _226_/X (sky130_fd_sc_hd__a311o_2)
                                                         _120_ (net)
                      0.078229    0.000145    2.882261 v _228_/A2 (sky130_fd_sc_hd__o21a_2)
     1    0.001460    0.029887    0.192315    3.074576 v _228_/X (sky130_fd_sc_hd__o21a_2)
                                                         _001_ (net)
                      0.029887    0.000000    3.074576 v _229_/B (sky130_fd_sc_hd__and2_2)
     1    0.003120    0.037185    0.177005    3.251582 v _229_/X (sky130_fd_sc_hd__and2_2)
                                                         _002_ (net)
                      0.037185    0.000010    3.251592 v _234_/A1 (sky130_fd_sc_hd__o31a_2)
     2    0.037105    0.124031    0.434834    3.686425 v _234_/X (sky130_fd_sc_hd__o31a_2)
                                                         result[4] (net)
                      0.124031    0.000504    3.686929 v result[4] (out)
                                              3.686929   data arrival time

                      0.000000   10.000000   10.000000   clock __VIRTUAL_CLK__ (rise edge)
                                  0.000000   10.000000   clock network delay (ideal)
                                 -0.250000    9.750000   clock uncertainty
                                  0.000000    9.750000   clock reconvergence pessimism
                                 -2.000000    7.750000   output external delay
                                              7.750000   data required time
---------------------------------------------------------------------------------------------
                                              7.750000   data required time
                                             -3.686929   data arrival time
---------------------------------------------------------------------------------------------
                                              4.063071   slack (MET)


Startpoint: opcode[2] (input port clocked by __VIRTUAL_CLK__)
Endpoint: result[1] (output port clocked by __VIRTUAL_CLK__)
Path Group: __VIRTUAL_CLK__
Path Type: max

Fanout         Cap        Slew       Delay        Time   Description
---------------------------------------------------------------------------------------------
                      0.000000    0.000000    0.000000   clock __VIRTUAL_CLK__ (rise edge)
                                  0.000000    0.000000   clock network delay (ideal)
                                  2.000000    2.000000 ^ input external delay
    12    0.038129    0.175981    0.122142    2.122142 ^ opcode[2] (in)
                                                         opcode[2] (net)
                      0.175982    0.000000    2.122142 ^ _166_/A (sky130_fd_sc_hd__or3b_2)
     8    0.032985    0.191209    0.264424    2.386567 ^ _166_/X (sky130_fd_sc_hd__or3b_2)
                                                         _064_ (net)
                      0.191209    0.000114    2.386681 ^ _181_/B2 (sky130_fd_sc_hd__o22a_2)
     1    0.001508    0.026862    0.148595    2.535276 ^ _181_/X (sky130_fd_sc_hd__o22a_2)
                                                         _078_ (net)
                      0.026862    0.000001    2.535277 ^ _182_/B1_N (sky130_fd_sc_hd__a21bo_2)
     1    0.002314    0.033686    0.200784    2.736062 v _182_/X (sky130_fd_sc_hd__a21bo_2)
                                                         _079_ (net)
                      0.033686    0.000004    2.736065 v _184_/C1 (sky130_fd_sc_hd__a311o_2)
     1    0.002390    0.051595    0.293297    3.029362 v _184_/X (sky130_fd_sc_hd__a311o_2)
                                                         _081_ (net)
                      0.051595    0.000003    3.029365 v _186_/A3 (sky130_fd_sc_hd__o32a_2)
     2    0.037037    0.127718    0.426316    3.455681 v _186_/X (sky130_fd_sc_hd__o32a_2)
                                                         result[1] (net)
                      0.127718    0.000250    3.455931 v result[1] (out)
                                              3.455931   data arrival time

                      0.000000   10.000000   10.000000   clock __VIRTUAL_CLK__ (rise edge)
                                  0.000000   10.000000   clock network delay (ideal)
                                 -0.250000    9.750000   clock uncertainty
                                  0.000000    9.750000   clock reconvergence pessimism
                                 -2.000000    7.750000   output external delay
                                              7.750000   data required time
---------------------------------------------------------------------------------------------
                                              7.750000   data required time
                                             -3.455931   data arrival time
---------------------------------------------------------------------------------------------
                                              4.294069   slack (MET)


Startpoint: opcode[0] (input port clocked by __VIRTUAL_CLK__)
Endpoint: result[2] (output port clocked by __VIRTUAL_CLK__)
Path Group: __VIRTUAL_CLK__
Path Type: max

Fanout         Cap        Slew       Delay        Time   Description
---------------------------------------------------------------------------------------------
                      0.000000    0.000000    0.000000   clock __VIRTUAL_CLK__ (rise edge)
                                  0.000000    0.000000   clock network delay (ideal)
                                  2.000000    2.000000 ^ input external delay
    11    0.032509    0.151419    0.104599    2.104599 ^ opcode[0] (in)
                                                         opcode[0] (net)
                      0.151420    0.000000    2.104599 ^ _177_/A_N (sky130_fd_sc_hd__and3b_2)
     7    0.018082    0.071525    0.267129    2.371728 v _177_/X (sky130_fd_sc_hd__and3b_2)
                                                         _074_ (net)
                      0.071525    0.000037    2.371765 v _196_/B1 (sky130_fd_sc_hd__a22o_2)
     1    0.003113    0.039475    0.211539    2.583304 v _196_/X (sky130_fd_sc_hd__a22o_2)
                                                         _092_ (net)
                      0.039475    0.000012    2.583316 v _199_/B1 (sky130_fd_sc_hd__a211o_2)
     1    0.002621    0.046620    0.293324    2.876640 v _199_/X (sky130_fd_sc_hd__a211o_2)
                                                         _095_ (net)
                      0.046620    0.000005    2.876645 v _200_/B1 (sky130_fd_sc_hd__a31o_2)
     1    0.002329    0.035994    0.204593    3.081238 v _200_/X (sky130_fd_sc_hd__a31o_2)
                                                         _096_ (net)
                      0.035994    0.000002    3.081240 v _201_/B2 (sky130_fd_sc_hd__o22a_2)
     2    0.037075    0.120246    0.272497    3.353737 v _201_/X (sky130_fd_sc_hd__o22a_2)
                                                         result[2] (net)
                      0.120246    0.000150    3.353887 v result[2] (out)
                                              3.353887   data arrival time

                      0.000000   10.000000   10.000000   clock __VIRTUAL_CLK__ (rise edge)
                                  0.000000   10.000000   clock network delay (ideal)
                                 -0.250000    9.750000   clock uncertainty
                                  0.000000    9.750000   clock reconvergence pessimism
                                 -2.000000    7.750000   output external delay
                                              7.750000   data required time
---------------------------------------------------------------------------------------------
                                              7.750000   data required time
                                             -3.353887   data arrival time
---------------------------------------------------------------------------------------------
                                              4.396113   slack (MET)


Startpoint: A[1] (input port clocked by __VIRTUAL_CLK__)
Endpoint: result[3] (output port clocked by __VIRTUAL_CLK__)
Path Group: __VIRTUAL_CLK__
Path Type: max

Fanout         Cap        Slew       Delay        Time   Description
---------------------------------------------------------------------------------------------
                      0.000000    0.000000    0.000000   clock __VIRTUAL_CLK__ (rise edge)
                                  0.000000    0.000000   clock network delay (ideal)
                                  2.000000    2.000000 v input external delay
     7    0.026466    0.059951    0.042351    2.042351 v A[1] (in)
                                                         A[1] (net)
                      0.059951    0.000000    2.042351 v _172_/A (sky130_fd_sc_hd__xnor2_2)
     6    0.024813    0.354288    0.324398    2.366749 ^ _172_/Y (sky130_fd_sc_hd__xnor2_2)
                                                         _069_ (net)
                      0.354288    0.000034    2.366783 ^ _190_/A2 (sky130_fd_sc_hd__o21ai_2)
     2    0.012034    0.088918    0.123948    2.490731 v _190_/Y (sky130_fd_sc_hd__o21ai_2)
                                                         _086_ (net)
                      0.088918    0.000057    2.490787 v _207_/A2 (sky130_fd_sc_hd__a21bo_2)
     2    0.013850    0.060360    0.259047    2.749835 v _207_/X (sky130_fd_sc_hd__a21bo_2)
                                                         _102_ (net)
                      0.060360    0.000069    2.749904 v _208_/B (sky130_fd_sc_hd__xnor2_2)
     1    0.002561    0.061625    0.125248    2.875152 v _208_/Y (sky130_fd_sc_hd__xnor2_2)
                                                         _103_ (net)
                      0.061625    0.000004    2.875157 v _217_/A2 (sky130_fd_sc_hd__a211o_2)
     2    0.037797    0.126064    0.438014    3.313170 v _217_/X (sky130_fd_sc_hd__a211o_2)
                                                         result[3] (net)
                      0.126064    0.000360    3.313530 v result[3] (out)
                                              3.313530   data arrival time

                      0.000000   10.000000   10.000000   clock __VIRTUAL_CLK__ (rise edge)
                                  0.000000   10.000000   clock network delay (ideal)
                                 -0.250000    9.750000   clock uncertainty
                                  0.000000    9.750000   clock reconvergence pessimism
                                 -2.000000    7.750000   output external delay
                                              7.750000   data required time
---------------------------------------------------------------------------------------------
                                              7.750000   data required time
                                             -3.313530   data arrival time
---------------------------------------------------------------------------------------------
                                              4.436470   slack (MET)


Startpoint: opcode[1] (input port clocked by __VIRTUAL_CLK__)
Endpoint: result[0] (output port clocked by __VIRTUAL_CLK__)
Path Group: __VIRTUAL_CLK__
Path Type: max

Fanout         Cap        Slew       Delay        Time   Description
---------------------------------------------------------------------------------------------
                      0.000000    0.000000    0.000000   clock __VIRTUAL_CLK__ (rise edge)
                                  0.000000    0.000000   clock network delay (ideal)
                                  2.000000    2.000000 ^ input external delay
    11    0.032015    0.149215    0.103039    2.103039 ^ opcode[1] (in)
                                                         opcode[1] (net)
                      0.149215    0.000000    2.103039 ^ _166_/C_N (sky130_fd_sc_hd__or3b_2)
     8    0.030051    0.158451    0.574012    2.677051 v _166_/X (sky130_fd_sc_hd__or3b_2)
                                                         _064_ (net)
                      0.158451    0.000078    2.677129 v _168_/A2 (sky130_fd_sc_hd__o22ai_2)
     1    0.002648    0.112765    0.169021    2.846151 ^ _168_/Y (sky130_fd_sc_hd__o22ai_2)
                                                         _066_ (net)
                      0.112765    0.000002    2.846152 ^ _170_/B1 (sky130_fd_sc_hd__a211o_2)
     2    0.037546    0.181418    0.227380    3.073532 ^ _170_/X (sky130_fd_sc_hd__a211o_2)
                                                         result[0] (net)
                      0.181418    0.000381    3.073913 ^ result[0] (out)
                                              3.073913   data arrival time

                      0.000000   10.000000   10.000000   clock __VIRTUAL_CLK__ (rise edge)
                                  0.000000   10.000000   clock network delay (ideal)
                                 -0.250000    9.750000   clock uncertainty
                                  0.000000    9.750000   clock reconvergence pessimism
                                 -2.000000    7.750000   output external delay
                                              7.750000   data required time
---------------------------------------------------------------------------------------------
                                              7.750000   data required time
                                             -3.073913   data arrival time
---------------------------------------------------------------------------------------------
                                              4.676087   slack (MET)



%OL_END_REPORT
%OL_CREATE_REPORT checks.rpt

===========================================================================
report_checks -unconstrained
===========================================================================
======================= nom_tt_025C_1v80 Corner ===================================

Startpoint: B[1] (input port clocked by __VIRTUAL_CLK__)
Endpoint: zero (output port clocked by __VIRTUAL_CLK__)
Path Group: __VIRTUAL_CLK__
Path Type: max

Fanout         Cap        Slew       Delay        Time   Description
---------------------------------------------------------------------------------------------
                      0.000000    0.000000    0.000000   clock __VIRTUAL_CLK__ (rise edge)
                                  0.000000    0.000000   clock network delay (ideal)
                                  2.000000    2.000000 ^ input external delay
     4    0.018864    0.090580    0.061952    2.061952 ^ B[1] (in)
                                                         B[1] (net)
                      0.090580    0.000000    2.061952 ^ _192_/A_N (sky130_fd_sc_hd__and2b_2)
     1    0.002463    0.035266    0.214016    2.275968 v _192_/X (sky130_fd_sc_hd__and2b_2)
                                                         _088_ (net)
                      0.035266    0.000003    2.275971 v _193_/B1 (sky130_fd_sc_hd__a21o_2)
     4    0.012015    0.055964    0.208932    2.484903 v _193_/X (sky130_fd_sc_hd__a21o_2)
                                                         _089_ (net)
                      0.055964    0.000089    2.484992 v _226_/A2 (sky130_fd_sc_hd__a311o_2)
     3    0.011697    0.078229    0.397124    2.882116 v _226_/X (sky130_fd_sc_hd__a311o_2)
                                                         _120_ (net)
                      0.078229    0.000164    2.882280 v _125_/A2 (sky130_fd_sc_hd__a311o_2)
     2    0.007719    0.066653    0.388734    3.271013 v _125_/X (sky130_fd_sc_hd__a311o_2)
                                                         _027_ (net)
                      0.066653    0.000057    3.271071 v _127_/B (sky130_fd_sc_hd__and2_2)
     3    0.011008    0.056683    0.220073    3.491143 v _127_/X (sky130_fd_sc_hd__and2_2)
                                                         _029_ (net)
                      0.056683    0.000019    3.491163 v _144_/A (sky130_fd_sc_hd__or3_2)
     1    0.001603    0.070302    0.457391    3.948554 v _144_/X (sky130_fd_sc_hd__or3_2)
                                                         _045_ (net)
                      0.070302    0.000001    3.948555 v _145_/C (sky130_fd_sc_hd__and3_2)
     1    0.001736    0.034521    0.207040    4.155595 v _145_/X (sky130_fd_sc_hd__and3_2)
                                                         _046_ (net)
                      0.034521    0.000000    4.155596 v _150_/B1 (sky130_fd_sc_hd__o2bb2a_2)
     2    0.040043    0.123628    0.351982    4.507578 v _150_/X (sky130_fd_sc_hd__o2bb2a_2)
                                                         result[7] (net)
                      0.123628    0.000038    4.507616 v _153_/C (sky130_fd_sc_hd__nor4_2)
     1    0.034647    0.850612    0.721276    5.228892 ^ _153_/Y (sky130_fd_sc_hd__nor4_2)
                                                         zero (net)
                      0.850612    0.000258    5.229150 ^ zero (out)
                                              5.229150   data arrival time

                      0.000000   10.000000   10.000000   clock __VIRTUAL_CLK__ (rise edge)
                                  0.000000   10.000000   clock network delay (ideal)
                                 -0.250000    9.750000   clock uncertainty
                                  0.000000    9.750000   clock reconvergence pessimism
                                 -2.000000    7.750000   output external delay
                                              7.750000   data required time
---------------------------------------------------------------------------------------------
                                              7.750000   data required time
                                             -5.229150   data arrival time
---------------------------------------------------------------------------------------------
                                              2.520850   slack (MET)




===========================================================================
report_checks --slack_max -0.01
============================================================================
======================= nom_tt_025C_1v80 Corner ===================================

No paths found.


===========================================================================
 report_check_types -max_slew -max_cap -max_fanout -violators
============================================================================
======================= nom_tt_025C_1v80 Corner ===================================

max slew

Pin                                        Limit        Slew       Slack
------------------------------------------------------------------------
zero                                    0.750000    0.850612   -0.100612 (VIOLATED)
_153_/Y                                 0.750000    0.850612   -0.100612 (VIOLATED)

max fanout

Pin                                   Limit Fanout  Slack
---------------------------------------------------------
opcode[2]                                10     12     -2 (VIOLATED)
opcode[0]                                10     11        (VIOLATED)
opcode[1]                                10     11        (VIOLATED)



===========================================================================
report_parasitic_annotation -report_unannotated
============================================================================
Found 0 unannotated drivers.
Found 0 partially unannotated drivers.

===========================================================================
max slew violation count 2
Writing metric design__max_slew_violation__count__corner:nom_tt_025C_1v80: 2
max fanout violation count 3
Writing metric design__max_fanout_violation__count__corner:nom_tt_025C_1v80: 3
max cap violation count 0
Writing metric design__max_cap_violation__count__corner:nom_tt_025C_1v80: 0
============================================================================

===========================================================================
check_setup -verbose -unconstrained_endpoints -multiple_clock -no_clock -no_input_delay -loops -generated_clocks
===========================================================================
%OL_END_REPORT
%OL_CREATE_REPORT power.rpt

===========================================================================
 report_power
============================================================================
======================= nom_tt_025C_1v80 Corner ===================================

Group                    Internal    Switching      Leakage        Total
                            Power        Power        Power        Power (Watts)
------------------------------------------------------------------------
Sequential           0.000000e+00 0.000000e+00 0.000000e+00 0.000000e+00   0.0%
Combinational        3.021319e-05 3.513940e-05 4.714077e-10 6.535306e-05 100.0%
Clock                0.000000e+00 0.000000e+00 1.101613e-10 1.101613e-10   0.0%
Macro                0.000000e+00 0.000000e+00 0.000000e+00 0.000000e+00   0.0%
Pad                  0.000000e+00 0.000000e+00 0.000000e+00 0.000000e+00   0.0%
------------------------------------------------------------------------
Total                3.021319e-05 3.513940e-05 5.815683e-10 6.535317e-05 100.0%
                            46.2%        53.8%         0.0%
Writing metric power__internal__total: 3.0213186619221233e-5
Writing metric power__switching__total: 3.5139401006745175e-5
Writing metric power__leakage__total: 5.815683490340007e-10
Writing metric power__total: 6.535316788358614e-5

%OL_END_REPORT
%OL_CREATE_REPORT skew.min.rpt

===========================================================================
Clock Skew (Hold)
============================================================================
Writing metric clock__skew__worst_hold__corner:nom_tt_025C_1v80: 0.0
======================= nom_tt_025C_1v80 Corner ===================================

Clock __VIRTUAL_CLK__
No launch/capture paths found.

%OL_END_REPORT
%OL_CREATE_REPORT skew.max.rpt

===========================================================================
Clock Skew (Setup)
============================================================================
Writing metric clock__skew__worst_setup__corner:nom_tt_025C_1v80: 0.0
======================= nom_tt_025C_1v80 Corner ===================================

Clock __VIRTUAL_CLK__
No launch/capture paths found.

%OL_END_REPORT
%OL_CREATE_REPORT ws.min.rpt

===========================================================================
Worst Slack (Hold)
============================================================================
Writing metric timing__hold__ws__corner:nom_tt_025C_1v80: 4.085986775689091
nom_tt_025C_1v80: 4.085986775689091
%OL_END_REPORT
%OL_CREATE_REPORT ws.max.rpt

===========================================================================
Worst Slack (Setup)
============================================================================
Writing metric timing__setup__ws__corner:nom_tt_025C_1v80: 2.52084982245868
nom_tt_025C_1v80: 2.52084982245868
%OL_END_REPORT
%OL_CREATE_REPORT tns.min.rpt

===========================================================================
Total Negative Slack (Hold)
============================================================================
Writing metric timing__hold__tns__corner:nom_tt_025C_1v80: 0.0
nom_tt_025C_1v80: 0.0
%OL_END_REPORT
%OL_CREATE_REPORT tns.max.rpt

===========================================================================
Total Negative Slack (Setup)
============================================================================
Writing metric timing__setup__tns__corner:nom_tt_025C_1v80: 0.0
nom_tt_025C_1v80: 0.0
%OL_END_REPORT
%OL_CREATE_REPORT wns.min.rpt

===========================================================================
Worst Negative Slack (Hold)
============================================================================
Writing metric timing__hold__wns__corner:nom_tt_025C_1v80: 0
nom_tt_025C_1v80: 0
%OL_END_REPORT
%OL_CREATE_REPORT wns.max.rpt

===========================================================================
Worst Negative Slack (Setup)
============================================================================
Writing metric timing__setup__wns__corner:nom_tt_025C_1v80: 0.0
nom_tt_025C_1v80: 0.0
%OL_END_REPORT
%OL_CREATE_REPORT violator_list.rpt

===========================================================================
Violator List
============================================================================
Writing metric timing__hold_vio__count__corner:nom_tt_025C_1v80: 0
Writing metric timing__hold_r2r__ws__corner:nom_tt_025C_1v80: 1e30
Writing metric timing__hold_r2r_vio__count__corner:nom_tt_025C_1v80: 0
Writing metric timing__setup_vio__count__corner:nom_tt_025C_1v80: 0
Writing metric timing__setup_r2r__ws__corner:nom_tt_025C_1v80: 1e30
Writing metric timing__setup_r2r_vio__count__corner:nom_tt_025C_1v80: 0
%OL_END_REPORT
%OL_CREATE_REPORT unpropagated.rpt
__VIRTUAL_CLK__
%OL_END_REPORT
%OL_CREATE_REPORT clock.rpt
Clock: __VIRTUAL_CLK__
Sources: 
Generated: no
Virtual: yes
Propagated: no
Period: 10.000000

===========================================================================
report_clock_properties
============================================================================
Clock                   Period          Waveform
----------------------------------------------------
__VIRTUAL_CLK__      10.000000    0.000000  5.000000

===========================================================================
report_clock_latency
============================================================================
Clock __VIRTUAL_CLK__


===========================================================================
report_clock_min_period
============================================================================
__VIRTUAL_CLK__ period_min = 0.00 fmax = inf
%OL_END_REPORT
