
===========================================================================
report_checks -path_delay min (Hold)
============================================================================
======================= nom_tt_025C_1v80 Corner ===================================

Startpoint: A[0] (input port clocked by __VIRTUAL_CLK__)
Endpoint: result[0] (output port clocked by __VIRTUAL_CLK__)
Path Group: __VIRTUAL_CLK__
Path Type: min

Fanout         Cap        Slew       Delay        Time   Description
---------------------------------------------------------------------------------------------
                      0.000000    0.000000    0.000000   clock __VIRTUAL_CLK__ (rise edge)
                                  0.000000    0.000000   clock network delay (ideal)
                                  2.000000    2.000000 v input external delay
     6    0.020996    0.048157    0.033753    2.033753 v A[0] (in)
                                                         A[0] (net)
                      0.048158    0.000000    2.033753 v _168_/B2 (sky130_fd_sc_hd__o22ai_2)
     1    0.002648    0.106130    0.076847    2.110600 ^ _168_/Y (sky130_fd_sc_hd__o22ai_2)
                                                         _066_ (net)
                      0.106130    0.000002    2.110602 ^ _170_/B1 (sky130_fd_sc_hd__a211o_2)
     2    0.037546    0.178801    0.225004    2.335606 ^ _170_/X (sky130_fd_sc_hd__a211o_2)
                                                         result[0] (net)
                      0.178850    0.000381    2.335987 ^ result[0] (out)
                                              2.335987   data arrival time

                      0.000000    0.000000    0.000000   clock __VIRTUAL_CLK__ (rise edge)
                                  0.000000    0.000000   clock network delay (ideal)
                                  0.250000    0.250000   clock uncertainty
                                  0.000000    0.250000   clock reconvergence pessimism
                                 -2.000000   -1.750000   output external delay
                                             -1.750000   data required time
---------------------------------------------------------------------------------------------
                                             -1.750000   data required time
                                             -2.335987   data arrival time
---------------------------------------------------------------------------------------------
                                              4.085987   slack (MET)


Startpoint: A[7] (input port clocked by __VIRTUAL_CLK__)
Endpoint: carry (output port clocked by __VIRTUAL_CLK__)
Path Group: __VIRTUAL_CLK__
Path Type: min

Fanout         Cap        Slew       Delay        Time   Description
---------------------------------------------------------------------------------------------
                      0.000000    0.000000    0.000000   clock __VIRTUAL_CLK__ (rise edge)
                                  0.000000    0.000000   clock network delay (ideal)
                                  2.000000    2.000000 v input external delay
     5    0.016123    0.037651    0.025981    2.025981 v A[7] (in)
                                                         A[7] (net)
                      0.037651    0.000000    2.025981 v _154_/B (sky130_fd_sc_hd__nand2b_2)
     1    0.002443    0.032739    0.052051    2.078031 ^ _154_/Y (sky130_fd_sc_hd__nand2b_2)
                                                         _053_ (net)
                      0.032739    0.000000    2.078032 ^ _156_/A3 (sky130_fd_sc_hd__a32o_2)
     1    0.034507    0.206357    0.292664    2.370696 ^ _156_/X (sky130_fd_sc_hd__a32o_2)
                                                         carry (net)
                      0.206357    0.000159    2.370856 ^ carry (out)
                                              2.370856   data arrival time

                      0.000000    0.000000    0.000000   clock __VIRTUAL_CLK__ (rise edge)
                                  0.000000    0.000000   clock network delay (ideal)
                                  0.250000    0.250000   clock uncertainty
                                  0.000000    0.250000   clock reconvergence pessimism
                                 -2.000000   -1.750000   output external delay
                                             -1.750000   data required time
---------------------------------------------------------------------------------------------
                                             -1.750000   data required time
                                             -2.370856   data arrival time
---------------------------------------------------------------------------------------------
                                              4.120856   slack (MET)


Startpoint: B[2] (input port clocked by __VIRTUAL_CLK__)
Endpoint: result[2] (output port clocked by __VIRTUAL_CLK__)
Path Group: __VIRTUAL_CLK__
Path Type: min

Fanout         Cap        Slew       Delay        Time   Description
---------------------------------------------------------------------------------------------
                      0.000000    0.000000    0.000000   clock __VIRTUAL_CLK__ (rise edge)
                                  0.000000    0.000000   clock network delay (ideal)
                                  2.000000    2.000000 v input external delay
     4    0.010547    0.025693    0.017079    2.017079 v B[2] (in)
                                                         B[2] (net)
                      0.025693    0.000000    2.017079 v _188_/B (sky130_fd_sc_hd__nand2_2)
     3    0.011682    0.069625    0.079672    2.096751 ^ _188_/Y (sky130_fd_sc_hd__nand2_2)
                                                         _084_ (net)
                      0.069625    0.000038    2.096789 ^ _198_/A2 (sky130_fd_sc_hd__o21ai_2)
     1    0.003215    0.025701    0.050622    2.147411 v _198_/Y (sky130_fd_sc_hd__o21ai_2)
                                                         _094_ (net)
                      0.025701    0.000011    2.147422 v _201_/B1 (sky130_fd_sc_hd__o22a_2)
     2    0.037075    0.109532    0.286860    2.434282 v _201_/X (sky130_fd_sc_hd__o22a_2)
                                                         result[2] (net)
                      0.109532    0.000150    2.434433 v result[2] (out)
                                              2.434433   data arrival time

                      0.000000    0.000000    0.000000   clock __VIRTUAL_CLK__ (rise edge)
                                  0.000000    0.000000   clock network delay (ideal)
                                  0.250000    0.250000   clock uncertainty
                                  0.000000    0.250000   clock reconvergence pessimism
                                 -2.000000   -1.750000   output external delay
                                             -1.750000   data required time
---------------------------------------------------------------------------------------------
                                             -1.750000   data required time
                                             -2.434433   data arrival time
---------------------------------------------------------------------------------------------
                                              4.184433   slack (MET)


Startpoint: B[1] (input port clocked by __VIRTUAL_CLK__)
Endpoint: result[1] (output port clocked by __VIRTUAL_CLK__)
Path Group: __VIRTUAL_CLK__
Path Type: min

Fanout         Cap        Slew       Delay        Time   Description
---------------------------------------------------------------------------------------------
                      0.000000    0.000000    0.000000   clock __VIRTUAL_CLK__ (rise edge)
                                  0.000000    0.000000   clock network delay (ideal)
                                  2.000000    2.000000 ^ input external delay
     4    0.018864    0.090580    0.061972    2.061972 ^ B[1] (in)
                                                         B[1] (net)
                      0.090580    0.000000    2.061972 ^ _180_/A2 (sky130_fd_sc_hd__o21a_2)
     1    0.002810    0.030690    0.116771    2.178743 ^ _180_/X (sky130_fd_sc_hd__o21a_2)
                                                         _077_ (net)
                      0.030690    0.000005    2.178747 ^ _186_/A1 (sky130_fd_sc_hd__o32a_2)
     2    0.037220    0.194411    0.263912    2.442659 ^ _186_/X (sky130_fd_sc_hd__o32a_2)
                                                         result[1] (net)
                      0.194411    0.000250    2.442909 ^ result[1] (out)
                                              2.442909   data arrival time

                      0.000000    0.000000    0.000000   clock __VIRTUAL_CLK__ (rise edge)
                                  0.000000    0.000000   clock network delay (ideal)
                                  0.250000    0.250000   clock uncertainty
                                  0.000000    0.250000   clock reconvergence pessimism
                                 -2.000000   -1.750000   output external delay
                                             -1.750000   data required time
---------------------------------------------------------------------------------------------
                                             -1.750000   data required time
                                             -2.442909   data arrival time
---------------------------------------------------------------------------------------------
                                              4.192909   slack (MET)


Startpoint: A[4] (input port clocked by __VIRTUAL_CLK__)
Endpoint: result[4] (output port clocked by __VIRTUAL_CLK__)
Path Group: __VIRTUAL_CLK__
Path Type: min

Fanout         Cap        Slew       Delay        Time   Description
---------------------------------------------------------------------------------------------
                      0.000000    0.000000    0.000000   clock __VIRTUAL_CLK__ (rise edge)
                                  0.000000    0.000000   clock network delay (ideal)
                                  2.000000    2.000000 v input external delay
     7    0.022564    0.051522    0.036217    2.036217 v A[4] (in)
                                                         A[4] (net)
                      0.051522    0.000000    2.036217 v _230_/A (sky130_fd_sc_hd__nor2_2)
     1    0.002670    0.060875    0.093516    2.129733 ^ _230_/Y (sky130_fd_sc_hd__nor2_2)
                                                         _003_ (net)
                      0.060875    0.000003    2.129735 ^ _231_/C1 (sky130_fd_sc_hd__a221o_2)
     1    0.002707    0.030372    0.099140    2.228876 ^ _231_/X (sky130_fd_sc_hd__a221o_2)
                                                         _004_ (net)
                      0.030372    0.000003    2.228879 ^ _234_/A2 (sky130_fd_sc_hd__o31a_2)
     2    0.037260    0.204200    0.254891    2.483769 ^ _234_/X (sky130_fd_sc_hd__o31a_2)
                                                         result[4] (net)
                      0.204200    0.000505    2.484274 ^ result[4] (out)
                                              2.484274   data arrival time

                      0.000000    0.000000    0.000000   clock __VIRTUAL_CLK__ (rise edge)
                                  0.000000    0.000000   clock network delay (ideal)
                                  0.250000    0.250000   clock uncertainty
                                  0.000000    0.250000   clock reconvergence pessimism
                                 -2.000000   -1.750000   output external delay
                                             -1.750000   data required time
---------------------------------------------------------------------------------------------
                                             -1.750000   data required time
                                             -2.484274   data arrival time
---------------------------------------------------------------------------------------------
                                              4.234274   slack (MET)


Startpoint: B[4] (input port clocked by __VIRTUAL_CLK__)
Endpoint: result[5] (output port clocked by __VIRTUAL_CLK__)
Path Group: __VIRTUAL_CLK__
Path Type: min

Fanout         Cap        Slew       Delay        Time   Description
---------------------------------------------------------------------------------------------
                      0.000000    0.000000    0.000000   clock __VIRTUAL_CLK__ (rise edge)
                                  0.000000    0.000000   clock network delay (ideal)
                                  2.000000    2.000000 v input external delay
     4    0.010268    0.025070    0.016605    2.016605 v B[4] (in)
                                                         B[4] (net)
                      0.025070    0.000000    2.016605 v _219_/B (sky130_fd_sc_hd__nand2_2)
     5    0.021407    0.117278    0.112838    2.129443 ^ _219_/Y (sky130_fd_sc_hd__nand2_2)
                                                         _113_ (net)
                      0.117279    0.000153    2.129596 ^ _241_/A1 (sky130_fd_sc_hd__a31o_2)
     1    0.004776    0.042774    0.164843    2.294439 ^ _241_/X (sky130_fd_sc_hd__a31o_2)
                                                         _013_ (net)
                      0.042774    0.000003    2.294442 ^ _250_/A2 (sky130_fd_sc_hd__o211ai_2)
     2    0.039426    0.239550    0.215525    2.509967 v _250_/Y (sky130_fd_sc_hd__o211ai_2)
                                                         result[5] (net)
                      0.239550    0.000331    2.510298 v result[5] (out)
                                              2.510298   data arrival time

                      0.000000    0.000000    0.000000   clock __VIRTUAL_CLK__ (rise edge)
                                  0.000000    0.000000   clock network delay (ideal)
                                  0.250000    0.250000   clock uncertainty
                                  0.000000    0.250000   clock reconvergence pessimism
                                 -2.000000   -1.750000   output external delay
                                             -1.750000   data required time
---------------------------------------------------------------------------------------------
                                             -1.750000   data required time
                                             -2.510298   data arrival time
---------------------------------------------------------------------------------------------
                                              4.260298   slack (MET)


Startpoint: B[6] (input port clocked by __VIRTUAL_CLK__)
Endpoint: result[6] (output port clocked by __VIRTUAL_CLK__)
Path Group: __VIRTUAL_CLK__
Path Type: min

Fanout         Cap        Slew       Delay        Time   Description
---------------------------------------------------------------------------------------------
                      0.000000    0.000000    0.000000   clock __VIRTUAL_CLK__ (rise edge)
                                  0.000000    0.000000   clock network delay (ideal)
                                  2.000000    2.000000 ^ input external delay
     3    0.009057    0.047209    0.030943    2.030943 ^ B[6] (in)
                                                         B[6] (net)
                      0.047210    0.000000    2.030943 ^ _251_/B (sky130_fd_sc_hd__or2_2)
     2    0.007849    0.053488    0.114214    2.145158 ^ _251_/X (sky130_fd_sc_hd__or2_2)
                                                         _022_ (net)
                      0.053488    0.000023    2.145180 ^ _130_/A2 (sky130_fd_sc_hd__a21o_2)
     1    0.002382    0.024885    0.110801    2.255982 ^ _130_/X (sky130_fd_sc_hd__a21o_2)
                                                         _032_ (net)
                      0.024885    0.000005    2.255987 ^ _136_/B2 (sky130_fd_sc_hd__o2bb2a_2)
     2    0.039692    0.212020    0.279109    2.535096 ^ _136_/X (sky130_fd_sc_hd__o2bb2a_2)
                                                         result[6] (net)
                      0.212020    0.000354    2.535450 ^ result[6] (out)
                                              2.535450   data arrival time

                      0.000000    0.000000    0.000000   clock __VIRTUAL_CLK__ (rise edge)
                                  0.000000    0.000000   clock network delay (ideal)
                                  0.250000    0.250000   clock uncertainty
                                  0.000000    0.250000   clock reconvergence pessimism
                                 -2.000000   -1.750000   output external delay
                                             -1.750000   data required time
---------------------------------------------------------------------------------------------
                                             -1.750000   data required time
                                             -2.535450   data arrival time
---------------------------------------------------------------------------------------------
                                              4.285450   slack (MET)


Startpoint: B[7] (input port clocked by __VIRTUAL_CLK__)
Endpoint: result[7] (output port clocked by __VIRTUAL_CLK__)
Path Group: __VIRTUAL_CLK__
Path Type: min

Fanout         Cap        Slew       Delay        Time   Description
---------------------------------------------------------------------------------------------
                      0.000000    0.000000    0.000000   clock __VIRTUAL_CLK__ (rise edge)
                                  0.000000    0.000000   clock network delay (ideal)
                                  2.000000    2.000000 ^ input external delay
     3    0.008493    0.044699    0.029108    2.029108 ^ B[7] (in)
                                                         B[7] (net)
                      0.044699    0.000000    2.029108 ^ _138_/B (sky130_fd_sc_hd__nand2_2)
     3    0.010265    0.050345    0.064455    2.093563 v _138_/Y (sky130_fd_sc_hd__nand2_2)
                                                         _039_ (net)
                      0.050345    0.000014    2.093577 v _146_/B (sky130_fd_sc_hd__nor2_2)
     1    0.001905    0.052302    0.064182    2.157759 ^ _146_/Y (sky130_fd_sc_hd__nor2_2)
                                                         _047_ (net)
                      0.052302    0.000000    2.157760 ^ _149_/B (sky130_fd_sc_hd__or4_2)
     1    0.002993    0.029447    0.106867    2.264626 ^ _149_/X (sky130_fd_sc_hd__or4_2)
                                                         _050_ (net)
                      0.029447    0.000015    2.264641 ^ _150_/B2 (sky130_fd_sc_hd__o2bb2a_2)
     2    0.040719    0.217059    0.284355    2.548996 ^ _150_/X (sky130_fd_sc_hd__o2bb2a_2)
                                                         result[7] (net)
                      0.217059    0.000145    2.549141 ^ result[7] (out)
                                              2.549141   data arrival time

                      0.000000    0.000000    0.000000   clock __VIRTUAL_CLK__ (rise edge)
                                  0.000000    0.000000   clock network delay (ideal)
                                  0.250000    0.250000   clock uncertainty
                                  0.000000    0.250000   clock reconvergence pessimism
                                 -2.000000   -1.750000   output external delay
                                             -1.750000   data required time
---------------------------------------------------------------------------------------------
                                             -1.750000   data required time
                                             -2.549141   data arrival time
---------------------------------------------------------------------------------------------
                                              4.299141   slack (MET)


Startpoint: A[2] (input port clocked by __VIRTUAL_CLK__)
Endpoint: result[3] (output port clocked by __VIRTUAL_CLK__)
Path Group: __VIRTUAL_CLK__
Path Type: min

Fanout         Cap        Slew       Delay        Time   Description
---------------------------------------------------------------------------------------------
                      0.000000    0.000000    0.000000   clock __VIRTUAL_CLK__ (rise edge)
                                  0.000000    0.000000   clock network delay (ideal)
                                  2.000000    2.000000 ^ input external delay
     7    0.022495    0.106785    0.073354    2.073354 ^ A[2] (in)
                                                         A[2] (net)
                      0.106786    0.000000    2.073354 ^ _210_/A1_N (sky130_fd_sc_hd__o2bb2a_2)
     1    0.004612    0.037220    0.224522    2.297876 v _210_/X (sky130_fd_sc_hd__o2bb2a_2)
                                                         _105_ (net)
                      0.037220    0.000007    2.297883 v _212_/B (sky130_fd_sc_hd__nand3_2)
     1    0.002854    0.032431    0.058137    2.356020 ^ _212_/Y (sky130_fd_sc_hd__nand3_2)
                                                         _107_ (net)
                      0.032431    0.000005    2.356025 ^ _217_/B1 (sky130_fd_sc_hd__a211o_2)
     2    0.037972    0.180890    0.199743    2.555768 ^ _217_/X (sky130_fd_sc_hd__a211o_2)
                                                         result[3] (net)
                      0.180890    0.000360    2.556128 ^ result[3] (out)
                                              2.556128   data arrival time

                      0.000000    0.000000    0.000000   clock __VIRTUAL_CLK__ (rise edge)
                                  0.000000    0.000000   clock network delay (ideal)
                                  0.250000    0.250000   clock uncertainty
                                  0.000000    0.250000   clock reconvergence pessimism
                                 -2.000000   -1.750000   output external delay
                                             -1.750000   data required time
---------------------------------------------------------------------------------------------
                                             -1.750000   data required time
                                             -2.556128   data arrival time
---------------------------------------------------------------------------------------------
                                              4.306128   slack (MET)


Startpoint: A[0] (input port clocked by __VIRTUAL_CLK__)
Endpoint: zero (output port clocked by __VIRTUAL_CLK__)
Path Group: __VIRTUAL_CLK__
Path Type: min

Fanout         Cap        Slew       Delay        Time   Description
---------------------------------------------------------------------------------------------
                      0.000000    0.000000    0.000000   clock __VIRTUAL_CLK__ (rise edge)
                                  0.000000    0.000000   clock network delay (ideal)
                                  2.000000    2.000000 v input external delay
     6    0.020996    0.048157    0.033753    2.033753 v A[0] (in)
                                                         A[0] (net)
                      0.048158    0.000000    2.033753 v _168_/B2 (sky130_fd_sc_hd__o22ai_2)
     1    0.002648    0.106130    0.076847    2.110600 ^ _168_/Y (sky130_fd_sc_hd__o22ai_2)
                                                         _066_ (net)
                      0.106130    0.000002    2.110602 ^ _170_/B1 (sky130_fd_sc_hd__a211o_2)
     2    0.037546    0.178801    0.225004    2.335606 ^ _170_/X (sky130_fd_sc_hd__a211o_2)
                                                         result[0] (net)
                      0.178801    0.000126    2.335732 ^ _151_/A (sky130_fd_sc_hd__or4_2)
     1    0.003454    0.033326    0.152779    2.488512 ^ _151_/X (sky130_fd_sc_hd__or4_2)
                                                         _051_ (net)
                      0.033326    0.000031    2.488543 ^ _152_/B (sky130_fd_sc_hd__or2_2)
     1    0.005235    0.039643    0.098981    2.587524 ^ _152_/X (sky130_fd_sc_hd__or2_2)
                                                         _052_ (net)
                      0.039643    0.000013    2.587537 ^ _153_/D (sky130_fd_sc_hd__nor4_2)
     1    0.034647    0.083193    0.083837    2.671374 v _153_/Y (sky130_fd_sc_hd__nor4_2)
                                                         zero (net)
                      0.083194    0.000258    2.671632 v zero (out)
                                              2.671632   data arrival time

                      0.000000    0.000000    0.000000   clock __VIRTUAL_CLK__ (rise edge)
                                  0.000000    0.000000   clock network delay (ideal)
                                  0.250000    0.250000   clock uncertainty
                                  0.000000    0.250000   clock reconvergence pessimism
                                 -2.000000   -1.750000   output external delay
                                             -1.750000   data required time
---------------------------------------------------------------------------------------------
                                             -1.750000   data required time
                                             -2.671632   data arrival time
---------------------------------------------------------------------------------------------
                                              4.421632   slack (MET)



