
===========================================================================
 report_power
============================================================================
======================= nom_tt_025C_1v80 Corner ===================================

Group                    Internal    Switching      Leakage        Total
                            Power        Power        Power        Power (Watts)
------------------------------------------------------------------------
Sequential           0.000000e+00 0.000000e+00 0.000000e+00 0.000000e+00   0.0%
Combinational        3.021319e-05 3.513940e-05 4.714077e-10 6.535306e-05 100.0%
Clock                0.000000e+00 0.000000e+00 1.101613e-10 1.101613e-10   0.0%
Macro                0.000000e+00 0.000000e+00 0.000000e+00 0.000000e+00   0.0%
Pad                  0.000000e+00 0.000000e+00 0.000000e+00 0.000000e+00   0.0%
------------------------------------------------------------------------
Total                3.021319e-05 3.513940e-05 5.815683e-10 6.535317e-05 100.0%
                            46.2%        53.8%         0.0%
Writing metric power__internal__total: 3.0213186619221233e-5
Writing metric power__switching__total: 3.5139401006745175e-5
Writing metric power__leakage__total: 5.815683490340007e-10
Writing metric power__total: 6.535316788358614e-5

