Reading OpenROAD database at '/home/piyush/asic_projects/alu_8bit/openlane/runs/RUN_2026-08-20_15-45-02/47-odb-reportdisconnectedpins/alu_8bit.odb'…
Reading library file at '/home/piyush/.volare/volare/sky130/versions/0fe599b2afb6708d281543108caf8310912f54af/sky130A/libs.ref/sky130_fd_sc_hd/lib/sky130_fd_sc_hd__tt_025C_1v80.lib'…
Reading design constraints file at '/nix/store/ss2cw3sxbrwwx9jl0rrppbw4kgcmgi2n-python3-3.11.9-env/lib/python3.11/site-packages/openlane/scripts/base.sdc'…
[WARNING STA-0366] port '__VIRTUAL_CLK__' not found.
[INFO] Using clock __VIRTUAL_CLK__…
[INFO] Setting output delay to: 2
[INFO] Setting input delay to: 2
[WARNING STA-0366] port '__VIRTUAL_CLK__' not found.
[INFO] Setting load to: 0.033442
[INFO] Setting clock uncertainty to: 0.25
[INFO] Setting clock transition to: 0.1499999999999999944488848768742172978818416595458984375
[WARNING STA-0419] transition time can not be specified for virtual clocks.
[INFO] Setting timing derate to: 5%
[WARNING STA-0450] virtual clock __VIRTUAL_CLK__ can not be propagated.
sky130_ef_sc_hd__decap_12 sky130_fd_sc_hd__decap_8 sky130_fd_sc_hd__decap_6 sky130_fd_sc_hd__decap_4 sky130_fd_sc_hd__decap_3 sky130_fd_sc_hd__fill*
[INFO DPL-0001] Placed 152 filler instances.
Setting global connections for newly added cells…
[INFO] Setting global connections...
Updating metrics…
Cell type report:                       Count       Area
  Fill cell                               186    1067.27
  Tap cell                                 28      35.03
  Timing Repair Buffer                     32     168.91
  Inverter                                  3      11.26
  Multi-Input combinational cell          128     972.18
  Total                                   377    2254.66
Writing OpenROAD database to '/home/piyush/asic_projects/alu_8bit/openlane/runs/RUN_2026-08-20_15-45-02/51-openroad-fillinsertion/alu_8bit.odb'…
Writing netlist to '/home/piyush/asic_projects/alu_8bit/openlane/runs/RUN_2026-08-20_15-45-02/51-openroad-fillinsertion/alu_8bit.nl.v'…
Writing powered netlist to '/home/piyush/asic_projects/alu_8bit/openlane/runs/RUN_2026-08-20_15-45-02/51-openroad-fillinsertion/alu_8bit.pnl.v'…
Writing layout to '/home/piyush/asic_projects/alu_8bit/openlane/runs/RUN_2026-08-20_15-45-02/51-openroad-fillinsertion/alu_8bit.def'…
Writing timing constraints to '/home/piyush/asic_projects/alu_8bit/openlane/runs/RUN_2026-08-20_15-45-02/51-openroad-fillinsertion/alu_8bit.sdc'…
