
===========================================================================
 report_power
============================================================================
======================= nom_ff_n40C_1v95 Corner ===================================

Group                    Internal    Switching      Leakage        Total
                            Power        Power        Power        Power (Watts)
------------------------------------------------------------------------
Sequential           0.000000e+00 0.000000e+00 0.000000e+00 0.000000e+00   0.0%
Combinational        3.073674e-05 5.063013e-05 9.784106e-10 8.136785e-05 100.0%
Clock                0.000000e+00 0.000000e+00 3.916580e-10 3.916580e-10   0.0%
Macro                0.000000e+00 0.000000e+00 0.000000e+00 0.000000e+00   0.0%
Pad                  0.000000e+00 0.000000e+00 0.000000e+00 0.000000e+00   0.0%
------------------------------------------------------------------------
Total                3.073674e-05 5.063013e-05 1.370069e-09 8.136824e-05 100.0%
                            37.8%        62.2%         0.0%

