
===========================================================================
report_checks -unconstrained
===========================================================================
======================= nom_tt_025C_1v80 Corner ===================================

Startpoint: B[1] (input port clocked by __VIRTUAL_CLK__)
Endpoint: zero (output port clocked by __VIRTUAL_CLK__)
Path Group: __VIRTUAL_CLK__
Path Type: max

Fanout         Cap        Slew       Delay        Time   Description
---------------------------------------------------------------------------------------------
                      0.000000    0.000000    0.000000   clock __VIRTUAL_CLK__ (rise edge)
                                  0.000000    0.000000   clock network delay (ideal)
                                  2.000000    2.000000 ^ input external delay
     4    0.017241    0.085107    0.056873    2.056873 ^ B[1] (in)
                                                         B[1] (net)
                      0.085107    0.000000    2.056873 ^ _192_/A_N (sky130_fd_sc_hd__and2b_2)
     1    0.002195    0.034438    0.211107    2.267980 v _192_/X (sky130_fd_sc_hd__and2b_2)
                                                         _088_ (net)
                      0.034438    0.000000    2.267980 v _193_/B1 (sky130_fd_sc_hd__a21o_2)
     4    0.009992    0.052796    0.201989    2.469969 v _193_/X (sky130_fd_sc_hd__a21o_2)
                                                         _089_ (net)
                      0.052796    0.000000    2.469969 v _226_/A2 (sky130_fd_sc_hd__a311o_2)
     3    0.008662    0.071961    0.382562    2.852530 v _226_/X (sky130_fd_sc_hd__a311o_2)
                                                         _120_ (net)
                      0.071961    0.000000    2.852530 v _125_/A2 (sky130_fd_sc_hd__a311o_2)
     2    0.005539    0.062671    0.376592    3.229122 v _125_/X (sky130_fd_sc_hd__a311o_2)
                                                         _027_ (net)
                      0.062671    0.000000    3.229122 v _127_/B (sky130_fd_sc_hd__and2_2)
     3    0.010013    0.054436    0.215082    3.444204 v _127_/X (sky130_fd_sc_hd__and2_2)
                                                         _029_ (net)
                      0.054436    0.000000    3.444204 v _144_/A (sky130_fd_sc_hd__or3_2)
     1    0.001455    0.069564    0.455451    3.899655 v _144_/X (sky130_fd_sc_hd__or3_2)
                                                         _045_ (net)
                      0.069564    0.000000    3.899655 v _145_/C (sky130_fd_sc_hd__and3_2)
     1    0.001648    0.034232    0.206270    4.105926 v _145_/X (sky130_fd_sc_hd__and3_2)
                                                         _046_ (net)
                      0.034232    0.000000    4.105926 v _150_/B1 (sky130_fd_sc_hd__o2bb2a_2)
     2    0.037404    0.122288    0.347078    4.453003 v _150_/X (sky130_fd_sc_hd__o2bb2a_2)
                                                         result[7] (net)
                      0.122288    0.000000    4.453003 v _153_/C (sky130_fd_sc_hd__nor4_2)
     1    0.033442    0.825655    0.702095    5.155098 ^ _153_/Y (sky130_fd_sc_hd__nor4_2)
                                                         zero (net)
                      0.825655    0.000000    5.155098 ^ zero (out)
                                              5.155098   data arrival time

                      0.000000   10.000000   10.000000   clock __VIRTUAL_CLK__ (rise edge)
                                  0.000000   10.000000   clock network delay (ideal)
                                 -0.250000    9.750000   clock uncertainty
                                  0.000000    9.750000   clock reconvergence pessimism
                                 -2.000000    7.750000   output external delay
                                              7.750000   data required time
---------------------------------------------------------------------------------------------
                                              7.750000   data required time
                                             -5.155098   data arrival time
---------------------------------------------------------------------------------------------
                                              2.594902   slack (MET)




===========================================================================
report_checks --slack_max -0.01
============================================================================
======================= nom_tt_025C_1v80 Corner ===================================

No paths found.


===========================================================================
 report_check_types -max_slew -max_cap -max_fanout -violators
============================================================================
======================= nom_tt_025C_1v80 Corner ===================================

max slew

Pin                                        Limit        Slew       Slack
------------------------------------------------------------------------
zero                                    0.750000    0.825655   -0.075655 (VIOLATED)
_153_/Y                                 0.750000    0.825655   -0.075655 (VIOLATED)

max fanout

Pin                                   Limit Fanout  Slack
---------------------------------------------------------
opcode[2]                                10     12     -2 (VIOLATED)
opcode[0]                                10     11        (VIOLATED)
opcode[1]                                10     11        (VIOLATED)



===========================================================================
report_parasitic_annotation -report_unannotated
============================================================================
Found 150 unannotated drivers.
 A[0]
 A[1]
 A[2]
 A[3]
 A[4]
 A[5]
 A[6]
 A[7]
 B[0]
 B[1]
 B[2]
 B[3]
 B[4]
 B[5]
 B[6]
 B[7]
 opcode[0]
 opcode[1]
 opcode[2]
 _121_/Y
 _122_/Y
 _123_/Y
 _124_/Y
 _125_/X
 _126_/Y
 _127_/X
 _128_/X
 _129_/X
 _130_/X
 _131_/X
 _132_/Y
 _133_/X
 _134_/Y
 _135_/X
 _136_/X
 _137_/X
 _138_/Y
 _139_/Y
 _140_/Y
 _141_/X
 _142_/X
 _143_/Y
 _144_/X
 _145_/X
 _146_/Y
 _147_/X
 _148_/X
 _149_/X
 _150_/X
 _151_/X
 _152_/X
 _153_/Y
 _154_/Y
 _155_/X
 _156_/X
 _157_/Y
 _158_/Y
 _159_/Y
 _160_/Y
 _161_/Y
 _162_/Y
 _163_/X
 _164_/Y
 _165_/X
 _166_/X
 _167_/Y
 _168_/Y
 _169_/X
 _170_/X
 _171_/Y
 _172_/Y
 _173_/Y
 _174_/Y
 _175_/X
 _176_/X
 _177_/X
 _178_/Y
 _179_/X
 _180_/X
 _181_/X
 _182_/X
 _183_/X
 _184_/X
 _185_/X
 _186_/X
 _187_/X
 _188_/Y
 _189_/Y
 _190_/Y
 _191_/Y
 _192_/X
 _193_/X
 _194_/Y
 _195_/X
 _196_/X
 _197_/X
 _198_/Y
 _199_/X
 _200_/X
 _201_/X
 _202_/X
 _203_/Y
 _204_/Y
 _205_/Y
 _206_/Y
 _207_/X
 _208_/Y
 _209_/X
 _210_/X
 _211_/X
 _212_/Y
 _213_/X
 _214_/X
 _215_/X
 _216_/Y
 _217_/X
 _218_/X
 _219_/Y
 _220_/Y
 _221_/Y
 _222_/X
 _223_/Y
 _224_/X
 _225_/X
 _226_/X
 _227_/Y
 _228_/X
 _229_/X
 _230_/Y
 _231_/X
 _232_/Y
 _233_/X
 _234_/X
 _235_/Y
 _236_/Y
 _237_/X
 _238_/X
 _239_/Y
 _240_/Y
 _241_/X
 _242_/X
 _243_/X
 _244_/X
 _245_/X
 _246_/X
 _247_/Y
 _248_/X
 _249_/X
 _250_/Y
 _251_/X
Found 0 partially unannotated drivers.

===========================================================================
max slew violation count 2
max fanout violation count 3
max cap violation count 0
============================================================================

===========================================================================
check_setup -verbose -unconstrained_endpoints -multiple_clock -no_clock -no_input_delay -loops -generated_clocks
===========================================================================
