
===========================================================================
report_checks -path_delay min (Hold)
============================================================================
======================= nom_tt_025C_1v80 Corner ===================================

Startpoint: A[0] (input port clocked by __VIRTUAL_CLK__)
Endpoint: result[0] (output port clocked by __VIRTUAL_CLK__)
Path Group: __VIRTUAL_CLK__
Path Type: min

Fanout         Cap        Slew       Delay        Time   Description
---------------------------------------------------------------------------------------------
                      0.000000    0.000000    0.000000   clock __VIRTUAL_CLK__ (rise edge)
                                  0.000000    0.000000   clock network delay (ideal)
                                  2.000000    2.000000 v input external delay
     6    0.017820    0.041668    0.028654    2.028654 v A[0] (in)
                                                         A[0] (net)
                      0.041668    0.000000    2.028654 v _168_/B2 (sky130_fd_sc_hd__o22ai_2)
     1    0.002524    0.104893    0.073678    2.102332 ^ _168_/Y (sky130_fd_sc_hd__o22ai_2)
                                                         _066_ (net)
                      0.104893    0.000000    2.102332 ^ _170_/B1 (sky130_fd_sc_hd__a211o_2)
     2    0.034948    0.169600    0.216447    2.318779 ^ _170_/X (sky130_fd_sc_hd__a211o_2)
                                                         result[0] (net)
                      0.169600    0.000000    2.318779 ^ result[0] (out)
                                              2.318779   data arrival time

                      0.000000    0.000000    0.000000   clock __VIRTUAL_CLK__ (rise edge)
                                  0.000000    0.000000   clock network delay (ideal)
                                  0.250000    0.250000   clock uncertainty
                                  0.000000    0.250000   clock reconvergence pessimism
                                 -2.000000   -1.750000   output external delay
                                             -1.750000   data required time
---------------------------------------------------------------------------------------------
                                             -1.750000   data required time
                                             -2.318779   data arrival time
---------------------------------------------------------------------------------------------
                                              4.068779   slack (MET)


Startpoint: A[7] (input port clocked by __VIRTUAL_CLK__)
Endpoint: carry (output port clocked by __VIRTUAL_CLK__)
Path Group: __VIRTUAL_CLK__
Path Type: min

Fanout         Cap        Slew       Delay        Time   Description
---------------------------------------------------------------------------------------------
                      0.000000    0.000000    0.000000   clock __VIRTUAL_CLK__ (rise edge)
                                  0.000000    0.000000   clock network delay (ideal)
                                  2.000000    2.000000 v input external delay
     5    0.013902    0.033312    0.022444    2.022444 v A[7] (in)
                                                         A[7] (net)
                      0.033312    0.000000    2.022444 v _154_/B (sky130_fd_sc_hd__nand2b_2)
     1    0.002418    0.032619    0.050045    2.072490 ^ _154_/Y (sky130_fd_sc_hd__nand2b_2)
                                                         _053_ (net)
                      0.032619    0.000000    2.072490 ^ _156_/A3 (sky130_fd_sc_hd__a32o_2)
     1    0.033442    0.203894    0.288490    2.360980 ^ _156_/X (sky130_fd_sc_hd__a32o_2)
                                                         carry (net)
                      0.203894    0.000000    2.360980 ^ carry (out)
                                              2.360980   data arrival time

                      0.000000    0.000000    0.000000   clock __VIRTUAL_CLK__ (rise edge)
                                  0.000000    0.000000   clock network delay (ideal)
                                  0.250000    0.250000   clock uncertainty
                                  0.000000    0.250000   clock reconvergence pessimism
                                 -2.000000   -1.750000   output external delay
                                             -1.750000   data required time
---------------------------------------------------------------------------------------------
                                             -1.750000   data required time
                                             -2.360980   data arrival time
---------------------------------------------------------------------------------------------
                                              4.110980   slack (MET)


Startpoint: B[2] (input port clocked by __VIRTUAL_CLK__)
Endpoint: result[2] (output port clocked by __VIRTUAL_CLK__)
Path Group: __VIRTUAL_CLK__
Path Type: min

Fanout         Cap        Slew       Delay        Time   Description
---------------------------------------------------------------------------------------------
                      0.000000    0.000000    0.000000   clock __VIRTUAL_CLK__ (rise edge)
                                  0.000000    0.000000   clock network delay (ideal)
                                  2.000000    2.000000 v input external delay
     4    0.009068    0.022866    0.014653    2.014653 v B[2] (in)
                                                         B[2] (net)
                      0.022866    0.000000    2.014653 v _188_/B (sky130_fd_sc_hd__nand2_2)
     3    0.010724    0.067105    0.075059    2.089712 ^ _188_/Y (sky130_fd_sc_hd__nand2_2)
                                                         _084_ (net)
                      0.067105    0.000000    2.089712 ^ _198_/A2 (sky130_fd_sc_hd__o21ai_2)
     1    0.002302    0.022937    0.047000    2.136713 v _198_/Y (sky130_fd_sc_hd__o21ai_2)
                                                         _094_ (net)
                      0.022937    0.000000    2.136713 v _201_/B1 (sky130_fd_sc_hd__o22a_2)
     2    0.034851    0.108084    0.280813    2.417525 v _201_/X (sky130_fd_sc_hd__o22a_2)
                                                         result[2] (net)
                      0.108084    0.000000    2.417525 v result[2] (out)
                                              2.417525   data arrival time

                      0.000000    0.000000    0.000000   clock __VIRTUAL_CLK__ (rise edge)
                                  0.000000    0.000000   clock network delay (ideal)
                                  0.250000    0.250000   clock uncertainty
                                  0.000000    0.250000   clock reconvergence pessimism
                                 -2.000000   -1.750000   output external delay
                                             -1.750000   data required time
---------------------------------------------------------------------------------------------
                                             -1.750000   data required time
                                             -2.417525   data arrival time
---------------------------------------------------------------------------------------------
                                              4.167525   slack (MET)


Startpoint: B[1] (input port clocked by __VIRTUAL_CLK__)
Endpoint: result[1] (output port clocked by __VIRTUAL_CLK__)
Path Group: __VIRTUAL_CLK__
Path Type: min

Fanout         Cap        Slew       Delay        Time   Description
---------------------------------------------------------------------------------------------
                      0.000000    0.000000    0.000000   clock __VIRTUAL_CLK__ (rise edge)
                                  0.000000    0.000000   clock network delay (ideal)
                                  2.000000    2.000000 ^ input external delay
     4    0.017241    0.085107    0.056873    2.056873 ^ B[1] (in)
                                                         B[1] (net)
                      0.085107    0.000000    2.056873 ^ _180_/A2 (sky130_fd_sc_hd__o21a_2)
     1    0.002476    0.029065    0.113575    2.170448 ^ _180_/X (sky130_fd_sc_hd__o21a_2)
                                                         _077_ (net)
                      0.029065    0.000000    2.170448 ^ _186_/A1 (sky130_fd_sc_hd__o32a_2)
     2    0.035250    0.187636    0.256659    2.427107 ^ _186_/X (sky130_fd_sc_hd__o32a_2)
                                                         result[1] (net)
                      0.187636    0.000000    2.427107 ^ result[1] (out)
                                              2.427107   data arrival time

                      0.000000    0.000000    0.000000   clock __VIRTUAL_CLK__ (rise edge)
                                  0.000000    0.000000   clock network delay (ideal)
                                  0.250000    0.250000   clock uncertainty
                                  0.000000    0.250000   clock reconvergence pessimism
                                 -2.000000   -1.750000   output external delay
                                             -1.750000   data required time
---------------------------------------------------------------------------------------------
                                             -1.750000   data required time
                                             -2.427107   data arrival time
---------------------------------------------------------------------------------------------
                                              4.177107   slack (MET)


Startpoint: A[3] (input port clocked by __VIRTUAL_CLK__)
Endpoint: result[4] (output port clocked by __VIRTUAL_CLK__)
Path Group: __VIRTUAL_CLK__
Path Type: min

Fanout         Cap        Slew       Delay        Time   Description
---------------------------------------------------------------------------------------------
                      0.000000    0.000000    0.000000   clock __VIRTUAL_CLK__ (rise edge)
                                  0.000000    0.000000   clock network delay (ideal)
                                  2.000000    2.000000 ^ input external delay
     8    0.028267    0.134515    0.091277    2.091277 ^ A[3] (in)
                                                         A[3] (net)
                      0.134515    0.000000    2.091277 ^ _233_/A1 (sky130_fd_sc_hd__a211o_2)
     1    0.002502    0.026264    0.138964    2.230241 ^ _233_/X (sky130_fd_sc_hd__a211o_2)
                                                         _006_ (net)
                      0.026264    0.000000    2.230241 ^ _234_/A3 (sky130_fd_sc_hd__o31a_2)
     2    0.035012    0.195844    0.228663    2.458904 ^ _234_/X (sky130_fd_sc_hd__o31a_2)
                                                         result[4] (net)
                      0.195844    0.000000    2.458904 ^ result[4] (out)
                                              2.458904   data arrival time

                      0.000000    0.000000    0.000000   clock __VIRTUAL_CLK__ (rise edge)
                                  0.000000    0.000000   clock network delay (ideal)
                                  0.250000    0.250000   clock uncertainty
                                  0.000000    0.250000   clock reconvergence pessimism
                                 -2.000000   -1.750000   output external delay
                                             -1.750000   data required time
---------------------------------------------------------------------------------------------
                                             -1.750000   data required time
                                             -2.458904   data arrival time
---------------------------------------------------------------------------------------------
                                              4.208904   slack (MET)


Startpoint: B[4] (input port clocked by __VIRTUAL_CLK__)
Endpoint: result[5] (output port clocked by __VIRTUAL_CLK__)
Path Group: __VIRTUAL_CLK__
Path Type: min

Fanout         Cap        Slew       Delay        Time   Description
---------------------------------------------------------------------------------------------
                      0.000000    0.000000    0.000000   clock __VIRTUAL_CLK__ (rise edge)
                                  0.000000    0.000000   clock network delay (ideal)
                                  2.000000    2.000000 v input external delay
     4    0.009068    0.022866    0.014653    2.014653 v B[4] (in)
                                                         B[4] (net)
                      0.022866    0.000000    2.014653 v _219_/B (sky130_fd_sc_hd__nand2_2)
     5    0.018721    0.106672    0.102697    2.117349 ^ _219_/Y (sky130_fd_sc_hd__nand2_2)
                                                         _113_ (net)
                      0.106672    0.000000    2.117349 ^ _241_/A1 (sky130_fd_sc_hd__a31o_2)
     1    0.004687    0.042039    0.161014    2.278363 ^ _241_/X (sky130_fd_sc_hd__a31o_2)
                                                         _013_ (net)
                      0.042039    0.000000    2.278363 ^ _250_/A2 (sky130_fd_sc_hd__o211ai_2)
     2    0.037576    0.232565    0.207994    2.486357 v _250_/Y (sky130_fd_sc_hd__o211ai_2)
                                                         result[5] (net)
                      0.232565    0.000000    2.486357 v result[5] (out)
                                              2.486357   data arrival time

                      0.000000    0.000000    0.000000   clock __VIRTUAL_CLK__ (rise edge)
                                  0.000000    0.000000   clock network delay (ideal)
                                  0.250000    0.250000   clock uncertainty
                                  0.000000    0.250000   clock reconvergence pessimism
                                 -2.000000   -1.750000   output external delay
                                             -1.750000   data required time
---------------------------------------------------------------------------------------------
                                             -1.750000   data required time
                                             -2.486357   data arrival time
---------------------------------------------------------------------------------------------
                                              4.236357   slack (MET)


Startpoint: B[6] (input port clocked by __VIRTUAL_CLK__)
Endpoint: result[6] (output port clocked by __VIRTUAL_CLK__)
Path Group: __VIRTUAL_CLK__
Path Type: min

Fanout         Cap        Slew       Delay        Time   Description
---------------------------------------------------------------------------------------------
                      0.000000    0.000000    0.000000   clock __VIRTUAL_CLK__ (rise edge)
                                  0.000000    0.000000   clock network delay (ideal)
                                  2.000000    2.000000 ^ input external delay
     3    0.007731    0.042546    0.026632    2.026632 ^ B[6] (in)
                                                         B[6] (net)
                      0.042546    0.000000    2.026632 ^ _251_/B (sky130_fd_sc_hd__or2_2)
     2    0.006980    0.049368    0.109136    2.135768 ^ _251_/X (sky130_fd_sc_hd__or2_2)
                                                         _022_ (net)
                      0.049368    0.000000    2.135768 ^ _130_/A2 (sky130_fd_sc_hd__a21o_2)
     1    0.002005    0.023202    0.107711    2.243479 ^ _130_/X (sky130_fd_sc_hd__a21o_2)
                                                         _032_ (net)
                      0.023202    0.000000    2.243479 ^ _136_/B2 (sky130_fd_sc_hd__o2bb2a_2)
     2    0.038050    0.207351    0.272985    2.516464 ^ _136_/X (sky130_fd_sc_hd__o2bb2a_2)
                                                         result[6] (net)
                      0.207351    0.000000    2.516464 ^ result[6] (out)
                                              2.516464   data arrival time

                      0.000000    0.000000    0.000000   clock __VIRTUAL_CLK__ (rise edge)
                                  0.000000    0.000000   clock network delay (ideal)
                                  0.250000    0.250000   clock uncertainty
                                  0.000000    0.250000   clock reconvergence pessimism
                                 -2.000000   -1.750000   output external delay
                                             -1.750000   data required time
---------------------------------------------------------------------------------------------
                                             -1.750000   data required time
                                             -2.516464   data arrival time
---------------------------------------------------------------------------------------------
                                              4.266464   slack (MET)


Startpoint: B[7] (input port clocked by __VIRTUAL_CLK__)
Endpoint: result[7] (output port clocked by __VIRTUAL_CLK__)
Path Group: __VIRTUAL_CLK__
Path Type: min

Fanout         Cap        Slew       Delay        Time   Description
---------------------------------------------------------------------------------------------
                      0.000000    0.000000    0.000000   clock __VIRTUAL_CLK__ (rise edge)
                                  0.000000    0.000000   clock network delay (ideal)
                                  2.000000    2.000000 ^ input external delay
     3    0.007555    0.041759    0.026064    2.026064 ^ B[7] (in)
                                                         B[7] (net)
                      0.041759    0.000000    2.026064 ^ _138_/B (sky130_fd_sc_hd__nand2_2)
     3    0.009641    0.048016    0.061804    2.087868 v _138_/Y (sky130_fd_sc_hd__nand2_2)
                                                         _039_ (net)
                      0.048016    0.000000    2.087868 v _146_/B (sky130_fd_sc_hd__nor2_2)
     1    0.001808    0.051320    0.062561    2.150429 ^ _146_/Y (sky130_fd_sc_hd__nor2_2)
                                                         _047_ (net)
                      0.051320    0.000000    2.150429 ^ _149_/B (sky130_fd_sc_hd__or4_2)
     1    0.002005    0.025997    0.102011    2.252440 ^ _149_/X (sky130_fd_sc_hd__or4_2)
                                                         _050_ (net)
                      0.025997    0.000000    2.252440 ^ _150_/B2 (sky130_fd_sc_hd__o2bb2a_2)
     2    0.038080    0.207477    0.274002    2.526441 ^ _150_/X (sky130_fd_sc_hd__o2bb2a_2)
                                                         result[7] (net)
                      0.207477    0.000000    2.526441 ^ result[7] (out)
                                              2.526441   data arrival time

                      0.000000    0.000000    0.000000   clock __VIRTUAL_CLK__ (rise edge)
                                  0.000000    0.000000   clock network delay (ideal)
                                  0.250000    0.250000   clock uncertainty
                                  0.000000    0.250000   clock reconvergence pessimism
                                 -2.000000   -1.750000   output external delay
                                             -1.750000   data required time
---------------------------------------------------------------------------------------------
                                             -1.750000   data required time
                                             -2.526441   data arrival time
---------------------------------------------------------------------------------------------
                                              4.276442   slack (MET)


Startpoint: A[2] (input port clocked by __VIRTUAL_CLK__)
Endpoint: result[3] (output port clocked by __VIRTUAL_CLK__)
Path Group: __VIRTUAL_CLK__
Path Type: min

Fanout         Cap        Slew       Delay        Time   Description
---------------------------------------------------------------------------------------------
                      0.000000    0.000000    0.000000   clock __VIRTUAL_CLK__ (rise edge)
                                  0.000000    0.000000   clock network delay (ideal)
                                  2.000000    2.000000 ^ input external delay
     7    0.019021    0.093083    0.062427    2.062427 ^ A[2] (in)
                                                         A[2] (net)
                      0.093083    0.000000    2.062427 ^ _210_/A1_N (sky130_fd_sc_hd__o2bb2a_2)
     1    0.004337    0.036502    0.219930    2.282357 v _210_/X (sky130_fd_sc_hd__o2bb2a_2)
                                                         _105_ (net)
                      0.036502    0.000000    2.282357 v _212_/B (sky130_fd_sc_hd__nand3_2)
     1    0.002524    0.030927    0.056589    2.338946 ^ _212_/Y (sky130_fd_sc_hd__nand3_2)
                                                         _107_ (net)
                      0.030927    0.000000    2.338946 ^ _217_/B1 (sky130_fd_sc_hd__a211o_2)
     2    0.034878    0.169435    0.189482    2.528427 ^ _217_/X (sky130_fd_sc_hd__a211o_2)
                                                         result[3] (net)
                      0.169435    0.000000    2.528427 ^ result[3] (out)
                                              2.528427   data arrival time

                      0.000000    0.000000    0.000000   clock __VIRTUAL_CLK__ (rise edge)
                                  0.000000    0.000000   clock network delay (ideal)
                                  0.250000    0.250000   clock uncertainty
                                  0.000000    0.250000   clock reconvergence pessimism
                                 -2.000000   -1.750000   output external delay
                                             -1.750000   data required time
---------------------------------------------------------------------------------------------
                                             -1.750000   data required time
                                             -2.528427   data arrival time
---------------------------------------------------------------------------------------------
                                              4.278428   slack (MET)


Startpoint: A[0] (input port clocked by __VIRTUAL_CLK__)
Endpoint: zero (output port clocked by __VIRTUAL_CLK__)
Path Group: __VIRTUAL_CLK__
Path Type: min

Fanout         Cap        Slew       Delay        Time   Description
---------------------------------------------------------------------------------------------
                      0.000000    0.000000    0.000000   clock __VIRTUAL_CLK__ (rise edge)
                                  0.000000    0.000000   clock network delay (ideal)
                                  2.000000    2.000000 v input external delay
     6    0.017820    0.041668    0.028654    2.028654 v A[0] (in)
                                                         A[0] (net)
                      0.041668    0.000000    2.028654 v _168_/B2 (sky130_fd_sc_hd__o22ai_2)
     1    0.002524    0.104893    0.073678    2.102332 ^ _168_/Y (sky130_fd_sc_hd__o22ai_2)
                                                         _066_ (net)
                      0.104893    0.000000    2.102332 ^ _170_/B1 (sky130_fd_sc_hd__a211o_2)
     2    0.034948    0.169600    0.216447    2.318779 ^ _170_/X (sky130_fd_sc_hd__a211o_2)
                                                         result[0] (net)
                      0.169600    0.000000    2.318779 ^ _151_/A (sky130_fd_sc_hd__or4_2)
     1    0.001496    0.025688    0.140906    2.459685 ^ _151_/X (sky130_fd_sc_hd__or4_2)
                                                         _051_ (net)
                      0.025688    0.000000    2.459685 ^ _152_/B (sky130_fd_sc_hd__or2_2)
     1    0.004668    0.038386    0.093907    2.553592 ^ _152_/X (sky130_fd_sc_hd__or2_2)
                                                         _052_ (net)
                      0.038386    0.000000    2.553592 ^ _153_/D (sky130_fd_sc_hd__nor4_2)
     1    0.033442    0.081664    0.081603    2.635194 v _153_/Y (sky130_fd_sc_hd__nor4_2)
                                                         zero (net)
                      0.081664    0.000000    2.635194 v zero (out)
                                              2.635194   data arrival time

                      0.000000    0.000000    0.000000   clock __VIRTUAL_CLK__ (rise edge)
                                  0.000000    0.000000   clock network delay (ideal)
                                  0.250000    0.250000   clock uncertainty
                                  0.000000    0.250000   clock reconvergence pessimism
                                 -2.000000   -1.750000   output external delay
                                             -1.750000   data required time
---------------------------------------------------------------------------------------------
                                             -1.750000   data required time
                                             -2.635194   data arrival time
---------------------------------------------------------------------------------------------
                                              4.385195   slack (MET)



