
===========================================================================
report_checks -path_delay min (Hold)
============================================================================
======================= nom_ss_100C_1v60 Corner ===================================

Startpoint: A[1] (input port clocked by __VIRTUAL_CLK__)
Endpoint: result[0] (output port clocked by __VIRTUAL_CLK__)
Path Group: __VIRTUAL_CLK__
Path Type: min

Fanout         Cap        Slew       Delay        Time   Description
---------------------------------------------------------------------------------------------
                      0.000000    0.000000    0.000000   clock __VIRTUAL_CLK__ (rise edge)
                                  0.000000    0.000000   clock network delay (ideal)
                                  2.000000    2.000000 ^ input external delay
     1    0.002899    0.032905    0.016314    2.016314 ^ A[1] (in)
                                                         A[1] (net)
                      0.032905    0.000000    2.016314 ^ input2/A (sky130_fd_sc_hd__clkbuf_2)
     7    0.030819    0.266829    0.316903    2.333216 ^ input2/X (sky130_fd_sc_hd__clkbuf_2)
                                                         net2 (net)
                      0.266829    0.000748    2.333964 ^ _170_/A1 (sky130_fd_sc_hd__a211o_1)
     2    0.006506    0.105714    0.342232    2.676197 ^ _170_/X (sky130_fd_sc_hd__a211o_1)
                                                         net21 (net)
                      0.105714    0.000237    2.676434 ^ output21/A (sky130_fd_sc_hd__buf_2)
     1    0.034853    0.276553    0.363247    3.039681 ^ output21/X (sky130_fd_sc_hd__buf_2)
                                                         result[0] (net)
                      0.276553    0.000682    3.040363 ^ result[0] (out)
                                              3.040363   data arrival time

                      0.000000    0.000000    0.000000   clock __VIRTUAL_CLK__ (rise edge)
                                  0.000000    0.000000   clock network delay (ideal)
                                  0.250000    0.250000   clock uncertainty
                                  0.000000    0.250000   clock reconvergence pessimism
                                 -2.000000   -1.750000   output external delay
                                             -1.750000   data required time
---------------------------------------------------------------------------------------------
                                             -1.750000   data required time
                                             -3.040363   data arrival time
---------------------------------------------------------------------------------------------
                                              4.790363   slack (MET)


Startpoint: A[7] (input port clocked by __VIRTUAL_CLK__)
Endpoint: carry (output port clocked by __VIRTUAL_CLK__)
Path Group: __VIRTUAL_CLK__
Path Type: min

Fanout         Cap        Slew       Delay        Time   Description
---------------------------------------------------------------------------------------------
                      0.000000    0.000000    0.000000   clock __VIRTUAL_CLK__ (rise edge)
                                  0.000000    0.000000   clock network delay (ideal)
                                  2.000000    2.000000 v input external delay
     1    0.002823    0.018547    0.009306    2.009306 v A[7] (in)
                                                         A[7] (net)
                      0.018547    0.000000    2.009306 v input8/A (sky130_fd_sc_hd__clkbuf_1)
     5    0.014254    0.169625    0.232416    2.241722 v input8/X (sky130_fd_sc_hd__clkbuf_1)
                                                         net8 (net)
                      0.169625    0.000327    2.242049 v _154_/B (sky130_fd_sc_hd__nand2b_1)
     1    0.003022    0.076596    0.154373    2.396422 ^ _154_/Y (sky130_fd_sc_hd__nand2b_1)
                                                         _053_ (net)
                      0.076596    0.000089    2.396511 ^ _156_/A3 (sky130_fd_sc_hd__a32o_1)
     1    0.002157    0.082384    0.330257    2.726768 ^ _156_/X (sky130_fd_sc_hd__a32o_1)
                                                         net20 (net)
                      0.082384    0.000062    2.726829 ^ output20/A (sky130_fd_sc_hd__buf_2)
     1    0.033972    0.269959    0.347675    3.074505 ^ output20/X (sky130_fd_sc_hd__buf_2)
                                                         carry (net)
                      0.269959    0.000615    3.075119 ^ carry (out)
                                              3.075119   data arrival time

                      0.000000    0.000000    0.000000   clock __VIRTUAL_CLK__ (rise edge)
                                  0.000000    0.000000   clock network delay (ideal)
                                  0.250000    0.250000   clock uncertainty
                                  0.000000    0.250000   clock reconvergence pessimism
                                 -2.000000   -1.750000   output external delay
                                             -1.750000   data required time
---------------------------------------------------------------------------------------------
                                             -1.750000   data required time
                                             -3.075119   data arrival time
---------------------------------------------------------------------------------------------
                                              4.825119   slack (MET)


Startpoint: A[3] (input port clocked by __VIRTUAL_CLK__)
Endpoint: result[4] (output port clocked by __VIRTUAL_CLK__)
Path Group: __VIRTUAL_CLK__
Path Type: min

Fanout         Cap        Slew       Delay        Time   Description
---------------------------------------------------------------------------------------------
                      0.000000    0.000000    0.000000   clock __VIRTUAL_CLK__ (rise edge)
                                  0.000000    0.000000   clock network delay (ideal)
                                  2.000000    2.000000 ^ input external delay
     1    0.002860    0.032653    0.016116    2.016116 ^ A[3] (in)
                                                         A[3] (net)
                      0.032653    0.000000    2.016116 ^ input4/A (sky130_fd_sc_hd__buf_2)
     8    0.030925    0.247292    0.308638    2.324754 ^ input4/X (sky130_fd_sc_hd__buf_2)
                                                         net4 (net)
                      0.247292    0.000810    2.325564 ^ _233_/A1 (sky130_fd_sc_hd__a211o_1)
     1    0.003148    0.065927    0.298904    2.624467 ^ _233_/X (sky130_fd_sc_hd__a211o_1)
                                                         _006_ (net)
                      0.065927    0.000094    2.624561 ^ _234_/A3 (sky130_fd_sc_hd__o31a_1)
     2    0.005820    0.120256    0.250907    2.875468 ^ _234_/X (sky130_fd_sc_hd__o31a_1)
                                                         net25 (net)
                      0.120256    0.000170    2.875638 ^ output25/A (sky130_fd_sc_hd__buf_2)
     1    0.034260    0.272191    0.366898    3.242536 ^ output25/X (sky130_fd_sc_hd__buf_2)
                                                         result[4] (net)
                      0.272191    0.000719    3.243255 ^ result[4] (out)
                                              3.243255   data arrival time

                      0.000000    0.000000    0.000000   clock __VIRTUAL_CLK__ (rise edge)
                                  0.000000    0.000000   clock network delay (ideal)
                                  0.250000    0.250000   clock uncertainty
                                  0.000000    0.250000   clock reconvergence pessimism
                                 -2.000000   -1.750000   output external delay
                                             -1.750000   data required time
---------------------------------------------------------------------------------------------
                                             -1.750000   data required time
                                             -3.243255   data arrival time
---------------------------------------------------------------------------------------------
                                              4.993255   slack (MET)


Startpoint: B[1] (input port clocked by __VIRTUAL_CLK__)
Endpoint: result[1] (output port clocked by __VIRTUAL_CLK__)
Path Group: __VIRTUAL_CLK__
Path Type: min

Fanout         Cap        Slew       Delay        Time   Description
---------------------------------------------------------------------------------------------
                      0.000000    0.000000    0.000000   clock __VIRTUAL_CLK__ (rise edge)
                                  0.000000    0.000000   clock network delay (ideal)
                                  2.000000    2.000000 ^ input external delay
     1    0.002302    0.028967    0.013163    2.013163 ^ B[1] (in)
                                                         B[1] (net)
                      0.028967    0.000000    2.013163 ^ input10/A (sky130_fd_sc_hd__dlymetal6s2s_1)
     4    0.017875    0.297506    0.307000    2.320163 ^ input10/X (sky130_fd_sc_hd__dlymetal6s2s_1)
                                                         net10 (net)
                      0.297507    0.000472    2.320635 ^ _180_/A2 (sky130_fd_sc_hd__o21a_1)
     1    0.002890    0.071446    0.282748    2.603383 ^ _180_/X (sky130_fd_sc_hd__o21a_1)
                                                         _077_ (net)
                      0.071446    0.000083    2.603466 ^ _186_/A1 (sky130_fd_sc_hd__o32a_1)
     2    0.006105    0.126988    0.336871    2.940337 ^ _186_/X (sky130_fd_sc_hd__o32a_1)
                                                         net22 (net)
                      0.126988    0.000174    2.940511 ^ output22/A (sky130_fd_sc_hd__buf_2)
     1    0.034204    0.271770    0.369814    3.310325 ^ output22/X (sky130_fd_sc_hd__buf_2)
                                                         result[1] (net)
                      0.271770    0.000637    3.310962 ^ result[1] (out)
                                              3.310962   data arrival time

                      0.000000    0.000000    0.000000   clock __VIRTUAL_CLK__ (rise edge)
                                  0.000000    0.000000   clock network delay (ideal)
                                  0.250000    0.250000   clock uncertainty
                                  0.000000    0.250000   clock reconvergence pessimism
                                 -2.000000   -1.750000   output external delay
                                             -1.750000   data required time
---------------------------------------------------------------------------------------------
                                             -1.750000   data required time
                                             -3.310962   data arrival time
---------------------------------------------------------------------------------------------
                                              5.060962   slack (MET)


Startpoint: B[6] (input port clocked by __VIRTUAL_CLK__)
Endpoint: result[6] (output port clocked by __VIRTUAL_CLK__)
Path Group: __VIRTUAL_CLK__
Path Type: min

Fanout         Cap        Slew       Delay        Time   Description
---------------------------------------------------------------------------------------------
                      0.000000    0.000000    0.000000   clock __VIRTUAL_CLK__ (rise edge)
                                  0.000000    0.000000   clock network delay (ideal)
                                  2.000000    2.000000 ^ input external delay
     1    0.003064    0.033998    0.017188    2.017189 ^ B[6] (in)
                                                         B[6] (net)
                      0.033999    0.000000    2.017189 ^ input15/A (sky130_fd_sc_hd__clkbuf_1)
     3    0.006534    0.138445    0.183115    2.200304 ^ input15/X (sky130_fd_sc_hd__clkbuf_1)
                                                         net15 (net)
                      0.138445    0.000135    2.200439 ^ _251_/B (sky130_fd_sc_hd__or2_1)
     2    0.008083    0.136768    0.244651    2.445090 ^ _251_/X (sky130_fd_sc_hd__or2_1)
                                                         _022_ (net)
                      0.136768    0.000183    2.445273 ^ _130_/A2 (sky130_fd_sc_hd__a21o_1)
     1    0.002834    0.058219    0.236217    2.681491 ^ _130_/X (sky130_fd_sc_hd__a21o_1)
                                                         _032_ (net)
                      0.058219    0.000086    2.681576 ^ _136_/B2 (sky130_fd_sc_hd__o2bb2a_1)
     2    0.005910    0.118677    0.280398    2.961974 ^ _136_/X (sky130_fd_sc_hd__o2bb2a_1)
                                                         net27 (net)
                      0.118677    0.000183    2.962157 ^ output27/A (sky130_fd_sc_hd__buf_2)
     1    0.034546    0.274320    0.367633    3.329790 ^ output27/X (sky130_fd_sc_hd__buf_2)
                                                         result[6] (net)
                      0.274320    0.000778    3.330567 ^ result[6] (out)
                                              3.330567   data arrival time

                      0.000000    0.000000    0.000000   clock __VIRTUAL_CLK__ (rise edge)
                                  0.000000    0.000000   clock network delay (ideal)
                                  0.250000    0.250000   clock uncertainty
                                  0.000000    0.250000   clock reconvergence pessimism
                                 -2.000000   -1.750000   output external delay
                                             -1.750000   data required time
---------------------------------------------------------------------------------------------
                                             -1.750000   data required time
                                             -3.330567   data arrival time
---------------------------------------------------------------------------------------------
                                              5.080567   slack (MET)


Startpoint: B[2] (input port clocked by __VIRTUAL_CLK__)
Endpoint: result[2] (output port clocked by __VIRTUAL_CLK__)
Path Group: __VIRTUAL_CLK__
Path Type: min

Fanout         Cap        Slew       Delay        Time   Description
---------------------------------------------------------------------------------------------
                      0.000000    0.000000    0.000000   clock __VIRTUAL_CLK__ (rise edge)
                                  0.000000    0.000000   clock network delay (ideal)
                                  2.000000    2.000000 v input external delay
     1    0.003102    0.019617    0.010190    2.010190 v B[2] (in)
                                                         B[2] (net)
                      0.019617    0.000000    2.010190 v input11/A (sky130_fd_sc_hd__buf_1)
     4    0.008940    0.113673    0.190123    2.200313 v input11/X (sky130_fd_sc_hd__buf_1)
                                                         net11 (net)
                      0.113673    0.000197    2.200511 v _188_/B (sky130_fd_sc_hd__nand2_1)
     3    0.011313    0.179350    0.205624    2.406134 ^ _188_/Y (sky130_fd_sc_hd__nand2_1)
                                                         _084_ (net)
                      0.179350    0.000340    2.406474 ^ _198_/A2 (sky130_fd_sc_hd__o21ai_1)
     1    0.004777    0.099197    0.176525    2.582999 v _198_/Y (sky130_fd_sc_hd__o21ai_1)
                                                         _094_ (net)
                      0.099197    0.000138    2.583137 v _201_/B1 (sky130_fd_sc_hd__o22a_1)
     2    0.007971    0.133309    0.412662    2.995799 v _201_/X (sky130_fd_sc_hd__o22a_1)
                                                         net23 (net)
                      0.133309    0.000129    2.995928 v output23/A (sky130_fd_sc_hd__buf_2)
     1    0.034204    0.165698    0.374641    3.370569 v output23/X (sky130_fd_sc_hd__buf_2)
                                                         result[2] (net)
                      0.165698    0.000707    3.371276 v result[2] (out)
                                              3.371276   data arrival time

                      0.000000    0.000000    0.000000   clock __VIRTUAL_CLK__ (rise edge)
                                  0.000000    0.000000   clock network delay (ideal)
                                  0.250000    0.250000   clock uncertainty
                                  0.000000    0.250000   clock reconvergence pessimism
                                 -2.000000   -1.750000   output external delay
                                             -1.750000   data required time
---------------------------------------------------------------------------------------------
                                             -1.750000   data required time
                                             -3.371276   data arrival time
---------------------------------------------------------------------------------------------
                                              5.121276   slack (MET)


Startpoint: opcode[1] (input port clocked by __VIRTUAL_CLK__)
Endpoint: result[3] (output port clocked by __VIRTUAL_CLK__)
Path Group: __VIRTUAL_CLK__
Path Type: min

Fanout         Cap        Slew       Delay        Time   Description
---------------------------------------------------------------------------------------------
                      0.000000    0.000000    0.000000   clock __VIRTUAL_CLK__ (rise edge)
                                  0.000000    0.000000   clock network delay (ideal)
                                  2.000000    2.000000 ^ input external delay
     1    0.003880    0.039504    0.021497    2.021497 ^ opcode[1] (in)
                                                         opcode[1] (net)
                      0.039504    0.000000    2.021497 ^ input18/A (sky130_fd_sc_hd__buf_1)
     2    0.012640    0.248942    0.264657    2.286154 ^ input18/X (sky130_fd_sc_hd__buf_1)
                                                         net18 (net)
                      0.248943    0.000358    2.286512 ^ _178_/B (sky130_fd_sc_hd__nor3_4)
     8    0.030424    0.104178    0.189051    2.475563 v _178_/Y (sky130_fd_sc_hd__nor3_4)
                                                         _075_ (net)
                      0.104183    0.000864    2.476427 v _217_/A1 (sky130_fd_sc_hd__a211o_1)
     2    0.006687    0.116943    0.540138    3.016565 v _217_/X (sky130_fd_sc_hd__a211o_1)
                                                         net24 (net)
                      0.116943    0.000130    3.016695 v output24/A (sky130_fd_sc_hd__buf_2)
     1    0.034631    0.167400    0.368030    3.384725 v output24/X (sky130_fd_sc_hd__buf_2)
                                                         result[3] (net)
                      0.167402    0.000833    3.385558 v result[3] (out)
                                              3.385558   data arrival time

                      0.000000    0.000000    0.000000   clock __VIRTUAL_CLK__ (rise edge)
                                  0.000000    0.000000   clock network delay (ideal)
                                  0.250000    0.250000   clock uncertainty
                                  0.000000    0.250000   clock reconvergence pessimism
                                 -2.000000   -1.750000   output external delay
                                             -1.750000   data required time
---------------------------------------------------------------------------------------------
                                             -1.750000   data required time
                                             -3.385558   data arrival time
---------------------------------------------------------------------------------------------
                                              5.135558   slack (MET)


Startpoint: B[6] (input port clocked by __VIRTUAL_CLK__)
Endpoint: zero (output port clocked by __VIRTUAL_CLK__)
Path Group: __VIRTUAL_CLK__
Path Type: min

Fanout         Cap        Slew       Delay        Time   Description
---------------------------------------------------------------------------------------------
                      0.000000    0.000000    0.000000   clock __VIRTUAL_CLK__ (rise edge)
                                  0.000000    0.000000   clock network delay (ideal)
                                  2.000000    2.000000 ^ input external delay
     1    0.003064    0.033998    0.017188    2.017189 ^ B[6] (in)
                                                         B[6] (net)
                      0.033999    0.000000    2.017189 ^ input15/A (sky130_fd_sc_hd__clkbuf_1)
     3    0.006534    0.138445    0.183115    2.200304 ^ input15/X (sky130_fd_sc_hd__clkbuf_1)
                                                         net15 (net)
                      0.138445    0.000135    2.200439 ^ _251_/B (sky130_fd_sc_hd__or2_1)
     2    0.008083    0.136768    0.244651    2.445090 ^ _251_/X (sky130_fd_sc_hd__or2_1)
                                                         _022_ (net)
                      0.136768    0.000183    2.445273 ^ _130_/A2 (sky130_fd_sc_hd__a21o_1)
     1    0.002834    0.058219    0.236217    2.681491 ^ _130_/X (sky130_fd_sc_hd__a21o_1)
                                                         _032_ (net)
                      0.058219    0.000086    2.681576 ^ _136_/B2 (sky130_fd_sc_hd__o2bb2a_1)
     2    0.005910    0.118677    0.280398    2.961974 ^ _136_/X (sky130_fd_sc_hd__o2bb2a_1)
                                                         net27 (net)
                      0.118677    0.000153    2.962127 ^ _153_/B (sky130_fd_sc_hd__nor4_1)
     1    0.002554    0.042343    0.104563    3.066689 v _153_/Y (sky130_fd_sc_hd__nor4_1)
                                                         net29 (net)
                      0.042343    0.000073    3.066762 v output29/A (sky130_fd_sc_hd__buf_2)
     1    0.034465    0.166852    0.332460    3.399222 v output29/X (sky130_fd_sc_hd__buf_2)
                                                         zero (net)
                      0.166853    0.000762    3.399984 v zero (out)
                                              3.399984   data arrival time

                      0.000000    0.000000    0.000000   clock __VIRTUAL_CLK__ (rise edge)
                                  0.000000    0.000000   clock network delay (ideal)
                                  0.250000    0.250000   clock uncertainty
                                  0.000000    0.250000   clock reconvergence pessimism
                                 -2.000000   -1.750000   output external delay
                                             -1.750000   data required time
---------------------------------------------------------------------------------------------
                                             -1.750000   data required time
                                             -3.399984   data arrival time
---------------------------------------------------------------------------------------------
                                              5.149984   slack (MET)


Startpoint: opcode[1] (input port clocked by __VIRTUAL_CLK__)
Endpoint: result[7] (output port clocked by __VIRTUAL_CLK__)
Path Group: __VIRTUAL_CLK__
Path Type: min

Fanout         Cap        Slew       Delay        Time   Description
---------------------------------------------------------------------------------------------
                      0.000000    0.000000    0.000000   clock __VIRTUAL_CLK__ (rise edge)
                                  0.000000    0.000000   clock network delay (ideal)
                                  2.000000    2.000000 ^ input external delay
     1    0.003880    0.039504    0.021497    2.021497 ^ opcode[1] (in)
                                                         opcode[1] (net)
                      0.039504    0.000000    2.021497 ^ input18/A (sky130_fd_sc_hd__buf_1)
     2    0.012640    0.248942    0.264657    2.286154 ^ input18/X (sky130_fd_sc_hd__buf_1)
                                                         net18 (net)
                      0.248943    0.000358    2.286512 ^ _178_/B (sky130_fd_sc_hd__nor3_4)
     8    0.030424    0.104178    0.189051    2.475563 v _178_/Y (sky130_fd_sc_hd__nor3_4)
                                                         _075_ (net)
                      0.104184    0.000927    2.476490 v _150_/A1_N (sky130_fd_sc_hd__o2bb2a_1)
     2    0.008952    0.160806    0.545983    3.022473 ^ _150_/X (sky130_fd_sc_hd__o2bb2a_1)
                                                         net28 (net)
                      0.160806    0.000145    3.022618 ^ output28/A (sky130_fd_sc_hd__buf_2)
     1    0.034195    0.271773    0.385611    3.408229 ^ output28/X (sky130_fd_sc_hd__buf_2)
                                                         result[7] (net)
                      0.271773    0.000660    3.408889 ^ result[7] (out)
                                              3.408889   data arrival time

                      0.000000    0.000000    0.000000   clock __VIRTUAL_CLK__ (rise edge)
                                  0.000000    0.000000   clock network delay (ideal)
                                  0.250000    0.250000   clock uncertainty
                                  0.000000    0.250000   clock reconvergence pessimism
                                 -2.000000   -1.750000   output external delay
                                             -1.750000   data required time
---------------------------------------------------------------------------------------------
                                             -1.750000   data required time
                                             -3.408889   data arrival time
---------------------------------------------------------------------------------------------
                                              5.158889   slack (MET)


Startpoint: B[4] (input port clocked by __VIRTUAL_CLK__)
Endpoint: result[5] (output port clocked by __VIRTUAL_CLK__)
Path Group: __VIRTUAL_CLK__
Path Type: min

Fanout         Cap        Slew       Delay        Time   Description
---------------------------------------------------------------------------------------------
                      0.000000    0.000000    0.000000   clock __VIRTUAL_CLK__ (rise edge)
                                  0.000000    0.000000   clock network delay (ideal)
                                  2.000000    2.000000 v input external delay
     1    0.002612    0.017745    0.008642    2.008642 v B[4] (in)
                                                         B[4] (net)
                      0.017745    0.000000    2.008642 v input13/A (sky130_fd_sc_hd__buf_1)
     4    0.011407    0.139129    0.209646    2.218288 v input13/X (sky130_fd_sc_hd__buf_1)
                                                         net13 (net)
                      0.139129    0.000313    2.218601 v _219_/B (sky130_fd_sc_hd__nand2_2)
     5    0.022525    0.196931    0.236233    2.454833 ^ _219_/Y (sky130_fd_sc_hd__nand2_2)
                                                         _113_ (net)
                      0.196997    0.000721    2.455554 ^ _241_/A1 (sky130_fd_sc_hd__a31o_1)
     1    0.002661    0.070098    0.311240    2.766794 ^ _241_/X (sky130_fd_sc_hd__a31o_1)
                                                         _013_ (net)
                      0.070098    0.000052    2.766846 ^ _250_/A2 (sky130_fd_sc_hd__o211ai_1)
     2    0.006800    0.204762    0.238494    3.005339 v _250_/Y (sky130_fd_sc_hd__o211ai_1)
                                                         net26 (net)
                      0.204762    0.000217    3.005557 v output26/A (sky130_fd_sc_hd__buf_2)
     1    0.034199    0.165777    0.409069    3.414626 v output26/X (sky130_fd_sc_hd__buf_2)
                                                         result[5] (net)
                      0.165778    0.000722    3.415348 v result[5] (out)
                                              3.415348   data arrival time

                      0.000000    0.000000    0.000000   clock __VIRTUAL_CLK__ (rise edge)
                                  0.000000    0.000000   clock network delay (ideal)
                                  0.250000    0.250000   clock uncertainty
                                  0.000000    0.250000   clock reconvergence pessimism
                                 -2.000000   -1.750000   output external delay
                                             -1.750000   data required time
---------------------------------------------------------------------------------------------
                                             -1.750000   data required time
                                             -3.415348   data arrival time
---------------------------------------------------------------------------------------------
                                              5.165349   slack (MET)



