
===========================================================================
report_checks -path_delay min (Hold)
============================================================================
======================= nom_ff_n40C_1v95 Corner ===================================

Startpoint: A[0] (input port clocked by __VIRTUAL_CLK__)
Endpoint: result[0] (output port clocked by __VIRTUAL_CLK__)
Path Group: __VIRTUAL_CLK__
Path Type: min

Fanout         Cap        Slew       Delay        Time   Description
---------------------------------------------------------------------------------------------
                      0.000000    0.000000    0.000000   clock __VIRTUAL_CLK__ (rise edge)
                                  0.000000    0.000000   clock network delay (ideal)
                                  2.000000    2.000000 v input external delay
     6    0.018028    0.029108    0.018801    2.018801 v A[0] (in)
                                                         A[0] (net)
                      0.029108    0.000000    2.018801 v _168_/B2 (sky130_fd_sc_hd__o22ai_2)
     1    0.002556    0.048384    0.048622    2.067423 ^ _168_/Y (sky130_fd_sc_hd__o22ai_2)
                                                         _066_ (net)
                      0.048384    0.000000    2.067423 ^ _170_/B1 (sky130_fd_sc_hd__a211o_2)
     2    0.035045    0.129013    0.138441    2.205863 ^ _170_/X (sky130_fd_sc_hd__a211o_2)
                                                         result[0] (net)
                      0.129013    0.000000    2.205863 ^ result[0] (out)
                                              2.205863   data arrival time

                      0.000000    0.000000    0.000000   clock __VIRTUAL_CLK__ (rise edge)
                                  0.000000    0.000000   clock network delay (ideal)
                                  0.250000    0.250000   clock uncertainty
                                  0.000000    0.250000   clock reconvergence pessimism
                                 -2.000000   -1.750000   output external delay
                                             -1.750000   data required time
---------------------------------------------------------------------------------------------
                                             -1.750000   data required time
                                             -2.205863   data arrival time
---------------------------------------------------------------------------------------------
                                              3.955863   slack (MET)


Startpoint: A[7] (input port clocked by __VIRTUAL_CLK__)
Endpoint: carry (output port clocked by __VIRTUAL_CLK__)
Path Group: __VIRTUAL_CLK__
Path Type: min

Fanout         Cap        Slew       Delay        Time   Description
---------------------------------------------------------------------------------------------
                      0.000000    0.000000    0.000000   clock __VIRTUAL_CLK__ (rise edge)
                                  0.000000    0.000000   clock network delay (ideal)
                                  2.000000    2.000000 v input external delay
     5    0.014062    0.023079    0.014400    2.014400 v A[7] (in)
                                                         A[7] (net)
                      0.023079    0.000000    2.014400 v _154_/B (sky130_fd_sc_hd__nand2b_2)
     1    0.002416    0.022940    0.034422    2.048822 ^ _154_/Y (sky130_fd_sc_hd__nand2b_2)
                                                         _053_ (net)
                      0.022940    0.000000    2.048822 ^ _156_/A3 (sky130_fd_sc_hd__a32o_2)
     1    0.033442    0.156634    0.183687    2.232509 ^ _156_/X (sky130_fd_sc_hd__a32o_2)
                                                         carry (net)
                      0.156634    0.000000    2.232509 ^ carry (out)
                                              2.232509   data arrival time

                      0.000000    0.000000    0.000000   clock __VIRTUAL_CLK__ (rise edge)
                                  0.000000    0.000000   clock network delay (ideal)
                                  0.250000    0.250000   clock uncertainty
                                  0.000000    0.250000   clock reconvergence pessimism
                                 -2.000000   -1.750000   output external delay
                                             -1.750000   data required time
---------------------------------------------------------------------------------------------
                                             -1.750000   data required time
                                             -2.232509   data arrival time
---------------------------------------------------------------------------------------------
                                              3.982509   slack (MET)


Startpoint: B[2] (input port clocked by __VIRTUAL_CLK__)
Endpoint: result[2] (output port clocked by __VIRTUAL_CLK__)
Path Group: __VIRTUAL_CLK__
Path Type: min

Fanout         Cap        Slew       Delay        Time   Description
---------------------------------------------------------------------------------------------
                      0.000000    0.000000    0.000000   clock __VIRTUAL_CLK__ (rise edge)
                                  0.000000    0.000000   clock network delay (ideal)
                                  2.000000    2.000000 v input external delay
     4    0.009245    0.015215    0.008993    2.008993 v B[2] (in)
                                                         B[2] (net)
                      0.015215    0.000000    2.008993 v _188_/B (sky130_fd_sc_hd__nand2_2)
     3    0.010785    0.050457    0.054368    2.063360 ^ _188_/Y (sky130_fd_sc_hd__nand2_2)
                                                         _084_ (net)
                      0.050457    0.000000    2.063360 ^ _198_/A2 (sky130_fd_sc_hd__o21ai_2)
     1    0.002337    0.012847    0.026938    2.090298 v _198_/Y (sky130_fd_sc_hd__o21ai_2)
                                                         _094_ (net)
                      0.012847    0.000000    2.090298 v _201_/B1 (sky130_fd_sc_hd__o22a_2)
     2    0.034907    0.074824    0.167461    2.257759 v _201_/X (sky130_fd_sc_hd__o22a_2)
                                                         result[2] (net)
                      0.074824    0.000000    2.257759 v result[2] (out)
                                              2.257759   data arrival time

                      0.000000    0.000000    0.000000   clock __VIRTUAL_CLK__ (rise edge)
                                  0.000000    0.000000   clock network delay (ideal)
                                  0.250000    0.250000   clock uncertainty
                                  0.000000    0.250000   clock reconvergence pessimism
                                 -2.000000   -1.750000   output external delay
                                             -1.750000   data required time
---------------------------------------------------------------------------------------------
                                             -1.750000   data required time
                                             -2.257759   data arrival time
---------------------------------------------------------------------------------------------
                                              4.007759   slack (MET)


Startpoint: B[1] (input port clocked by __VIRTUAL_CLK__)
Endpoint: result[1] (output port clocked by __VIRTUAL_CLK__)
Path Group: __VIRTUAL_CLK__
Path Type: min

Fanout         Cap        Slew       Delay        Time   Description
---------------------------------------------------------------------------------------------
                      0.000000    0.000000    0.000000   clock __VIRTUAL_CLK__ (rise edge)
                                  0.000000    0.000000   clock network delay (ideal)
                                  2.000000    2.000000 ^ input external delay
     4    0.017305    0.064112    0.042464    2.042464 ^ B[1] (in)
                                                         B[1] (net)
                      0.064112    0.000000    2.042464 ^ _180_/A2 (sky130_fd_sc_hd__o21a_2)
     1    0.002495    0.020155    0.069464    2.111929 ^ _180_/X (sky130_fd_sc_hd__o21a_2)
                                                         _077_ (net)
                      0.020155    0.000000    2.111929 ^ _186_/A1 (sky130_fd_sc_hd__o32a_2)
     2    0.035344    0.139096    0.156152    2.268081 ^ _186_/X (sky130_fd_sc_hd__o32a_2)
                                                         result[1] (net)
                      0.139096    0.000000    2.268081 ^ result[1] (out)
                                              2.268081   data arrival time

                      0.000000    0.000000    0.000000   clock __VIRTUAL_CLK__ (rise edge)
                                  0.000000    0.000000   clock network delay (ideal)
                                  0.250000    0.250000   clock uncertainty
                                  0.000000    0.250000   clock reconvergence pessimism
                                 -2.000000   -1.750000   output external delay
                                             -1.750000   data required time
---------------------------------------------------------------------------------------------
                                             -1.750000   data required time
                                             -2.268081   data arrival time
---------------------------------------------------------------------------------------------
                                              4.018081   slack (MET)


Startpoint: B[4] (input port clocked by __VIRTUAL_CLK__)
Endpoint: result[5] (output port clocked by __VIRTUAL_CLK__)
Path Group: __VIRTUAL_CLK__
Path Type: min

Fanout         Cap        Slew       Delay        Time   Description
---------------------------------------------------------------------------------------------
                      0.000000    0.000000    0.000000   clock __VIRTUAL_CLK__ (rise edge)
                                  0.000000    0.000000   clock network delay (ideal)
                                  2.000000    2.000000 ^ input external delay
     4    0.010245    0.040291    0.025623    2.025623 ^ B[4] (in)
                                                         B[4] (net)
                      0.040291    0.000000    2.025623 ^ _246_/A2 (sky130_fd_sc_hd__o211a_2)
     1    0.001902    0.022981    0.088721    2.114345 ^ _246_/X (sky130_fd_sc_hd__o211a_2)
                                                         _018_ (net)
                      0.022981    0.000000    2.114345 ^ _249_/B (sky130_fd_sc_hd__or4_2)
     1    0.004513    0.026654    0.071423    2.185767 ^ _249_/X (sky130_fd_sc_hd__or4_2)
                                                         _021_ (net)
                      0.026654    0.000000    2.185767 ^ _250_/C1 (sky130_fd_sc_hd__o211ai_2)
     2    0.037583    0.124063    0.101247    2.287014 v _250_/Y (sky130_fd_sc_hd__o211ai_2)
                                                         result[5] (net)
                      0.124063    0.000000    2.287014 v result[5] (out)
                                              2.287014   data arrival time

                      0.000000    0.000000    0.000000   clock __VIRTUAL_CLK__ (rise edge)
                                  0.000000    0.000000   clock network delay (ideal)
                                  0.250000    0.250000   clock uncertainty
                                  0.000000    0.250000   clock reconvergence pessimism
                                 -2.000000   -1.750000   output external delay
                                             -1.750000   data required time
---------------------------------------------------------------------------------------------
                                             -1.750000   data required time
                                             -2.287014   data arrival time
---------------------------------------------------------------------------------------------
                                              4.037014   slack (MET)


Startpoint: A[4] (input port clocked by __VIRTUAL_CLK__)
Endpoint: result[4] (output port clocked by __VIRTUAL_CLK__)
Path Group: __VIRTUAL_CLK__
Path Type: min

Fanout         Cap        Slew       Delay        Time   Description
---------------------------------------------------------------------------------------------
                      0.000000    0.000000    0.000000   clock __VIRTUAL_CLK__ (rise edge)
                                  0.000000    0.000000   clock network delay (ideal)
                                  2.000000    2.000000 v input external delay
     7    0.019091    0.030700    0.019978    2.019978 v A[4] (in)
                                                         A[4] (net)
                      0.030700    0.000000    2.019978 v _230_/A (sky130_fd_sc_hd__nor2_2)
     1    0.002487    0.042241    0.060293    2.080271 ^ _230_/Y (sky130_fd_sc_hd__nor2_2)
                                                         _003_ (net)
                      0.042241    0.000000    2.080271 ^ _231_/C1 (sky130_fd_sc_hd__a221o_2)
     1    0.002520    0.018923    0.057522    2.137793 ^ _231_/X (sky130_fd_sc_hd__a221o_2)
                                                         _004_ (net)
                      0.018923    0.000000    2.137793 ^ _234_/A2 (sky130_fd_sc_hd__o31a_2)
     2    0.035111    0.146350    0.167405    2.305198 ^ _234_/X (sky130_fd_sc_hd__o31a_2)
                                                         result[4] (net)
                      0.146350    0.000000    2.305198 ^ result[4] (out)
                                              2.305198   data arrival time

                      0.000000    0.000000    0.000000   clock __VIRTUAL_CLK__ (rise edge)
                                  0.000000    0.000000   clock network delay (ideal)
                                  0.250000    0.250000   clock uncertainty
                                  0.000000    0.250000   clock reconvergence pessimism
                                 -2.000000   -1.750000   output external delay
                                             -1.750000   data required time
---------------------------------------------------------------------------------------------
                                             -1.750000   data required time
                                             -2.305198   data arrival time
---------------------------------------------------------------------------------------------
                                              4.055198   slack (MET)


Startpoint: B[2] (input port clocked by __VIRTUAL_CLK__)
Endpoint: result[3] (output port clocked by __VIRTUAL_CLK__)
Path Group: __VIRTUAL_CLK__
Path Type: min

Fanout         Cap        Slew       Delay        Time   Description
---------------------------------------------------------------------------------------------
                      0.000000    0.000000    0.000000   clock __VIRTUAL_CLK__ (rise edge)
                                  0.000000    0.000000   clock network delay (ideal)
                                  2.000000    2.000000 ^ input external delay
     4    0.010245    0.040291    0.025623    2.025623 ^ B[2] (in)
                                                         B[2] (net)
                      0.040291    0.000000    2.025623 ^ _213_/A2 (sky130_fd_sc_hd__o211a_2)
     1    0.004618    0.034121    0.099716    2.125340 ^ _213_/X (sky130_fd_sc_hd__o211a_2)
                                                         _108_ (net)
                      0.034121    0.000000    2.125340 ^ _216_/A (sky130_fd_sc_hd__nor3_2)
     1    0.002195    0.012205    0.021774    2.147113 v _216_/Y (sky130_fd_sc_hd__nor3_2)
                                                         _111_ (net)
                      0.012205    0.000000    2.147113 v _217_/C1 (sky130_fd_sc_hd__a211o_2)
     2    0.034750    0.078458    0.175365    2.322479 v _217_/X (sky130_fd_sc_hd__a211o_2)
                                                         result[3] (net)
                      0.078458    0.000000    2.322479 v result[3] (out)
                                              2.322479   data arrival time

                      0.000000    0.000000    0.000000   clock __VIRTUAL_CLK__ (rise edge)
                                  0.000000    0.000000   clock network delay (ideal)
                                  0.250000    0.250000   clock uncertainty
                                  0.000000    0.250000   clock reconvergence pessimism
                                 -2.000000   -1.750000   output external delay
                                             -1.750000   data required time
---------------------------------------------------------------------------------------------
                                             -1.750000   data required time
                                             -2.322479   data arrival time
---------------------------------------------------------------------------------------------
                                              4.072478   slack (MET)


Startpoint: A[7] (input port clocked by __VIRTUAL_CLK__)
Endpoint: result[6] (output port clocked by __VIRTUAL_CLK__)
Path Group: __VIRTUAL_CLK__
Path Type: min

Fanout         Cap        Slew       Delay        Time   Description
---------------------------------------------------------------------------------------------
                      0.000000    0.000000    0.000000   clock __VIRTUAL_CLK__ (rise edge)
                                  0.000000    0.000000   clock network delay (ideal)
                                  2.000000    2.000000 ^ input external delay
     5    0.015236    0.057218    0.037658    2.037658 ^ A[7] (in)
                                                         A[7] (net)
                      0.057218    0.000000    2.037658 ^ _129_/A1 (sky130_fd_sc_hd__a22o_2)
     1    0.002616    0.021894    0.077816    2.115474 ^ _129_/X (sky130_fd_sc_hd__a22o_2)
                                                         _031_ (net)
                      0.021894    0.000000    2.115474 ^ _130_/B1 (sky130_fd_sc_hd__a21o_2)
     1    0.002071    0.016028    0.043921    2.159395 ^ _130_/X (sky130_fd_sc_hd__a21o_2)
                                                         _032_ (net)
                      0.016028    0.000000    2.159395 ^ _136_/B2 (sky130_fd_sc_hd__o2bb2a_2)
     2    0.038069    0.154584    0.181228    2.340623 ^ _136_/X (sky130_fd_sc_hd__o2bb2a_2)
                                                         result[6] (net)
                      0.154584    0.000000    2.340623 ^ result[6] (out)
                                              2.340623   data arrival time

                      0.000000    0.000000    0.000000   clock __VIRTUAL_CLK__ (rise edge)
                                  0.000000    0.000000   clock network delay (ideal)
                                  0.250000    0.250000   clock uncertainty
                                  0.000000    0.250000   clock reconvergence pessimism
                                 -2.000000   -1.750000   output external delay
                                             -1.750000   data required time
---------------------------------------------------------------------------------------------
                                             -1.750000   data required time
                                             -2.340623   data arrival time
---------------------------------------------------------------------------------------------
                                              4.090623   slack (MET)


Startpoint: B[6] (input port clocked by __VIRTUAL_CLK__)
Endpoint: result[7] (output port clocked by __VIRTUAL_CLK__)
Path Group: __VIRTUAL_CLK__
Path Type: min

Fanout         Cap        Slew       Delay        Time   Description
---------------------------------------------------------------------------------------------
                      0.000000    0.000000    0.000000   clock __VIRTUAL_CLK__ (rise edge)
                                  0.000000    0.000000   clock network delay (ideal)
                                  2.000000    2.000000 v input external delay
     3    0.007207    0.011887    0.006705    2.006705 v B[6] (in)
                                                         B[6] (net)
                      0.011887    0.000000    2.006705 v _121_/B (sky130_fd_sc_hd__nand2_2)
     3    0.011869    0.054339    0.055967    2.062672 ^ _121_/Y (sky130_fd_sc_hd__nand2_2)
                                                         _023_ (net)
                      0.054339    0.000000    2.062672 ^ _140_/B1 (sky130_fd_sc_hd__o31ai_2)
     2    0.009981    0.031102    0.035540    2.098212 v _140_/Y (sky130_fd_sc_hd__o31ai_2)
                                                         _041_ (net)
                      0.031102    0.000000    2.098212 v _141_/B (sky130_fd_sc_hd__xor2_2)
     1    0.001879    0.043120    0.067898    2.166109 ^ _141_/X (sky130_fd_sc_hd__xor2_2)
                                                         _042_ (net)
                      0.043120    0.000000    2.166109 ^ _150_/A2_N (sky130_fd_sc_hd__o2bb2a_2)
     2    0.037404    0.071853    0.177546    2.343656 v _150_/X (sky130_fd_sc_hd__o2bb2a_2)
                                                         result[7] (net)
                      0.071853    0.000000    2.343656 v result[7] (out)
                                              2.343656   data arrival time

                      0.000000    0.000000    0.000000   clock __VIRTUAL_CLK__ (rise edge)
                                  0.000000    0.000000   clock network delay (ideal)
                                  0.250000    0.250000   clock uncertainty
                                  0.000000    0.250000   clock reconvergence pessimism
                                 -2.000000   -1.750000   output external delay
                                             -1.750000   data required time
---------------------------------------------------------------------------------------------
                                             -1.750000   data required time
                                             -2.343656   data arrival time
---------------------------------------------------------------------------------------------
                                              4.093656   slack (MET)


Startpoint: A[0] (input port clocked by __VIRTUAL_CLK__)
Endpoint: zero (output port clocked by __VIRTUAL_CLK__)
Path Group: __VIRTUAL_CLK__
Path Type: min

Fanout         Cap        Slew       Delay        Time   Description
---------------------------------------------------------------------------------------------
                      0.000000    0.000000    0.000000   clock __VIRTUAL_CLK__ (rise edge)
                                  0.000000    0.000000   clock network delay (ideal)
                                  2.000000    2.000000 v input external delay
     6    0.018028    0.029108    0.018801    2.018801 v A[0] (in)
                                                         A[0] (net)
                      0.029108    0.000000    2.018801 v _168_/B2 (sky130_fd_sc_hd__o22ai_2)
     1    0.002556    0.048384    0.048622    2.067423 ^ _168_/Y (sky130_fd_sc_hd__o22ai_2)
                                                         _066_ (net)
                      0.048384    0.000000    2.067423 ^ _170_/B1 (sky130_fd_sc_hd__a211o_2)
     2    0.035045    0.129013    0.138441    2.205863 ^ _170_/X (sky130_fd_sc_hd__a211o_2)
                                                         result[0] (net)
                      0.129013    0.000000    2.205863 ^ _151_/A (sky130_fd_sc_hd__or4_2)
     1    0.001587    0.019658    0.090531    2.296395 ^ _151_/X (sky130_fd_sc_hd__or4_2)
                                                         _051_ (net)
                      0.019658    0.000000    2.296395 ^ _152_/B (sky130_fd_sc_hd__or2_2)
     1    0.004697    0.027946    0.063350    2.359745 ^ _152_/X (sky130_fd_sc_hd__or2_2)
                                                         _052_ (net)
                      0.027946    0.000000    2.359745 ^ _153_/D (sky130_fd_sc_hd__nor4_2)
     1    0.033442    0.057791    0.055380    2.415125 v _153_/Y (sky130_fd_sc_hd__nor4_2)
                                                         zero (net)
                      0.057791    0.000000    2.415125 v zero (out)
                                              2.415125   data arrival time

                      0.000000    0.000000    0.000000   clock __VIRTUAL_CLK__ (rise edge)
                                  0.000000    0.000000   clock network delay (ideal)
                                  0.250000    0.250000   clock uncertainty
                                  0.000000    0.250000   clock reconvergence pessimism
                                 -2.000000   -1.750000   output external delay
                                             -1.750000   data required time
---------------------------------------------------------------------------------------------
                                             -1.750000   data required time
                                             -2.415125   data arrival time
---------------------------------------------------------------------------------------------
                                              4.165125   slack (MET)



