
===========================================================================
report_checks -path_delay max (Setup)
============================================================================
======================= nom_tt_025C_1v80 Corner ===================================

Startpoint: B[1] (input port clocked by __VIRTUAL_CLK__)
Endpoint: zero (output port clocked by __VIRTUAL_CLK__)
Path Group: __VIRTUAL_CLK__
Path Type: max

Fanout         Cap        Slew       Delay        Time   Description
---------------------------------------------------------------------------------------------
                      0.000000    0.000000    0.000000   clock __VIRTUAL_CLK__ (rise edge)
                                  0.000000    0.000000   clock network delay (ideal)
                                  2.000000    2.000000 ^ input external delay
     4    0.018864    0.090580    0.061952    2.061952 ^ B[1] (in)
                                                         B[1] (net)
                      0.090580    0.000000    2.061952 ^ _192_/A_N (sky130_fd_sc_hd__and2b_2)
     1    0.002463    0.035266    0.214016    2.275968 v _192_/X (sky130_fd_sc_hd__and2b_2)
                                                         _088_ (net)
                      0.035266    0.000003    2.275971 v _193_/B1 (sky130_fd_sc_hd__a21o_2)
     4    0.012015    0.055964    0.208932    2.484903 v _193_/X (sky130_fd_sc_hd__a21o_2)
                                                         _089_ (net)
                      0.055964    0.000089    2.484992 v _226_/A2 (sky130_fd_sc_hd__a311o_2)
     3    0.011697    0.078229    0.397124    2.882116 v _226_/X (sky130_fd_sc_hd__a311o_2)
                                                         _120_ (net)
                      0.078229    0.000164    2.882280 v _125_/A2 (sky130_fd_sc_hd__a311o_2)
     2    0.007719    0.066653    0.388734    3.271013 v _125_/X (sky130_fd_sc_hd__a311o_2)
                                                         _027_ (net)
                      0.066653    0.000057    3.271071 v _127_/B (sky130_fd_sc_hd__and2_2)
     3    0.011008    0.056683    0.220073    3.491143 v _127_/X (sky130_fd_sc_hd__and2_2)
                                                         _029_ (net)
                      0.056683    0.000019    3.491163 v _144_/A (sky130_fd_sc_hd__or3_2)
     1    0.001603    0.070302    0.457391    3.948554 v _144_/X (sky130_fd_sc_hd__or3_2)
                                                         _045_ (net)
                      0.070302    0.000001    3.948555 v _145_/C (sky130_fd_sc_hd__and3_2)
     1    0.001736    0.034521    0.207040    4.155595 v _145_/X (sky130_fd_sc_hd__and3_2)
                                                         _046_ (net)
                      0.034521    0.000000    4.155596 v _150_/B1 (sky130_fd_sc_hd__o2bb2a_2)
     2    0.040043    0.123628    0.351982    4.507578 v _150_/X (sky130_fd_sc_hd__o2bb2a_2)
                                                         result[7] (net)
                      0.123628    0.000038    4.507616 v _153_/C (sky130_fd_sc_hd__nor4_2)
     1    0.034647    0.850612    0.721276    5.228892 ^ _153_/Y (sky130_fd_sc_hd__nor4_2)
                                                         zero (net)
                      0.850612    0.000258    5.229150 ^ zero (out)
                                              5.229150   data arrival time

                      0.000000   10.000000   10.000000   clock __VIRTUAL_CLK__ (rise edge)
                                  0.000000   10.000000   clock network delay (ideal)
                                 -0.250000    9.750000   clock uncertainty
                                  0.000000    9.750000   clock reconvergence pessimism
                                 -2.000000    7.750000   output external delay
                                              7.750000   data required time
---------------------------------------------------------------------------------------------
                                              7.750000   data required time
                                             -5.229150   data arrival time
---------------------------------------------------------------------------------------------
                                              2.520850   slack (MET)


Startpoint: B[1] (input port clocked by __VIRTUAL_CLK__)
Endpoint: result[7] (output port clocked by __VIRTUAL_CLK__)
Path Group: __VIRTUAL_CLK__
Path Type: max

Fanout         Cap        Slew       Delay        Time   Description
---------------------------------------------------------------------------------------------
                      0.000000    0.000000    0.000000   clock __VIRTUAL_CLK__ (rise edge)
                                  0.000000    0.000000   clock network delay (ideal)
                                  2.000000    2.000000 ^ input external delay
     4    0.018864    0.090580    0.061952    2.061952 ^ B[1] (in)
                                                         B[1] (net)
                      0.090580    0.000000    2.061952 ^ _192_/A_N (sky130_fd_sc_hd__and2b_2)
     1    0.002463    0.035266    0.214016    2.275968 v _192_/X (sky130_fd_sc_hd__and2b_2)
                                                         _088_ (net)
                      0.035266    0.000003    2.275971 v _193_/B1 (sky130_fd_sc_hd__a21o_2)
     4    0.012015    0.055964    0.208932    2.484903 v _193_/X (sky130_fd_sc_hd__a21o_2)
                                                         _089_ (net)
                      0.055964    0.000089    2.484992 v _226_/A2 (sky130_fd_sc_hd__a311o_2)
     3    0.011697    0.078229    0.397124    2.882116 v _226_/X (sky130_fd_sc_hd__a311o_2)
                                                         _120_ (net)
                      0.078229    0.000164    2.882280 v _125_/A2 (sky130_fd_sc_hd__a311o_2)
     2    0.007719    0.066653    0.388734    3.271013 v _125_/X (sky130_fd_sc_hd__a311o_2)
                                                         _027_ (net)
                      0.066653    0.000057    3.271071 v _127_/B (sky130_fd_sc_hd__and2_2)
     3    0.011008    0.056683    0.220073    3.491143 v _127_/X (sky130_fd_sc_hd__and2_2)
                                                         _029_ (net)
                      0.056683    0.000019    3.491163 v _144_/A (sky130_fd_sc_hd__or3_2)
     1    0.001603    0.070302    0.457391    3.948554 v _144_/X (sky130_fd_sc_hd__or3_2)
                                                         _045_ (net)
                      0.070302    0.000001    3.948555 v _145_/C (sky130_fd_sc_hd__and3_2)
     1    0.001736    0.034521    0.207040    4.155595 v _145_/X (sky130_fd_sc_hd__and3_2)
                                                         _046_ (net)
                      0.034521    0.000000    4.155596 v _150_/B1 (sky130_fd_sc_hd__o2bb2a_2)
     2    0.040043    0.123628    0.351982    4.507578 v _150_/X (sky130_fd_sc_hd__o2bb2a_2)
                                                         result[7] (net)
                      0.123628    0.000145    4.507723 v result[7] (out)
                                              4.507723   data arrival time

                      0.000000   10.000000   10.000000   clock __VIRTUAL_CLK__ (rise edge)
                                  0.000000   10.000000   clock network delay (ideal)
                                 -0.250000    9.750000   clock uncertainty
                                  0.000000    9.750000   clock reconvergence pessimism
                                 -2.000000    7.750000   output external delay
                                              7.750000   data required time
---------------------------------------------------------------------------------------------
                                              7.750000   data required time
                                             -4.507723   data arrival time
---------------------------------------------------------------------------------------------
                                              3.242277   slack (MET)


Startpoint: B[1] (input port clocked by __VIRTUAL_CLK__)
Endpoint: result[6] (output port clocked by __VIRTUAL_CLK__)
Path Group: __VIRTUAL_CLK__
Path Type: max

Fanout         Cap        Slew       Delay        Time   Description
---------------------------------------------------------------------------------------------
                      0.000000    0.000000    0.000000   clock __VIRTUAL_CLK__ (rise edge)
                                  0.000000    0.000000   clock network delay (ideal)
                                  2.000000    2.000000 ^ input external delay
     4    0.018864    0.090580    0.061952    2.061952 ^ B[1] (in)
                                                         B[1] (net)
                      0.090580    0.000000    2.061952 ^ _192_/A_N (sky130_fd_sc_hd__and2b_2)
     1    0.002463    0.035266    0.214016    2.275968 v _192_/X (sky130_fd_sc_hd__and2b_2)
                                                         _088_ (net)
                      0.035266    0.000003    2.275971 v _193_/B1 (sky130_fd_sc_hd__a21o_2)
     4    0.012015    0.055964    0.208932    2.484903 v _193_/X (sky130_fd_sc_hd__a21o_2)
                                                         _089_ (net)
                      0.055964    0.000089    2.484992 v _226_/A2 (sky130_fd_sc_hd__a311o_2)
     3    0.011697    0.078229    0.397124    2.882116 v _226_/X (sky130_fd_sc_hd__a311o_2)
                                                         _120_ (net)
                      0.078229    0.000164    2.882280 v _125_/A2 (sky130_fd_sc_hd__a311o_2)
     2    0.007719    0.066653    0.388734    3.271013 v _125_/X (sky130_fd_sc_hd__a311o_2)
                                                         _027_ (net)
                      0.066653    0.000057    3.271071 v _127_/B (sky130_fd_sc_hd__and2_2)
     3    0.011008    0.056683    0.220073    3.491143 v _127_/X (sky130_fd_sc_hd__and2_2)
                                                         _029_ (net)
                      0.056683    0.000005    3.491149 v _132_/A3 (sky130_fd_sc_hd__o31ai_2)
     1    0.002022    0.153242    0.157228    3.648377 ^ _132_/Y (sky130_fd_sc_hd__o31ai_2)
                                                         _034_ (net)
                      0.153242    0.000003    3.648380 ^ _136_/B1 (sky130_fd_sc_hd__o2bb2a_2)
     2    0.039692    0.213528    0.334827    3.983207 ^ _136_/X (sky130_fd_sc_hd__o2bb2a_2)
                                                         result[6] (net)
                      0.213528    0.000354    3.983561 ^ result[6] (out)
                                              3.983561   data arrival time

                      0.000000   10.000000   10.000000   clock __VIRTUAL_CLK__ (rise edge)
                                  0.000000   10.000000   clock network delay (ideal)
                                 -0.250000    9.750000   clock uncertainty
                                  0.000000    9.750000   clock reconvergence pessimism
                                 -2.000000    7.750000   output external delay
                                              7.750000   data required time
---------------------------------------------------------------------------------------------
                                              7.750000   data required time
                                             -3.983561   data arrival time
---------------------------------------------------------------------------------------------
                                              3.766439   slack (MET)


Startpoint: B[1] (input port clocked by __VIRTUAL_CLK__)
Endpoint: carry (output port clocked by __VIRTUAL_CLK__)
Path Group: __VIRTUAL_CLK__
Path Type: max

Fanout         Cap        Slew       Delay        Time   Description
---------------------------------------------------------------------------------------------
                      0.000000    0.000000    0.000000   clock __VIRTUAL_CLK__ (rise edge)
                                  0.000000    0.000000   clock network delay (ideal)
                                  2.000000    2.000000 ^ input external delay
     4    0.018864    0.090580    0.061952    2.061952 ^ B[1] (in)
                                                         B[1] (net)
                      0.090580    0.000000    2.061952 ^ _192_/A_N (sky130_fd_sc_hd__and2b_2)
     1    0.002463    0.035266    0.214016    2.275968 v _192_/X (sky130_fd_sc_hd__and2b_2)
                                                         _088_ (net)
                      0.035266    0.000003    2.275971 v _193_/B1 (sky130_fd_sc_hd__a21o_2)
     4    0.012015    0.055964    0.208932    2.484903 v _193_/X (sky130_fd_sc_hd__a21o_2)
                                                         _089_ (net)
                      0.055964    0.000089    2.484992 v _226_/A2 (sky130_fd_sc_hd__a311o_2)
     3    0.011697    0.078229    0.397124    2.882116 v _226_/X (sky130_fd_sc_hd__a311o_2)
                                                         _120_ (net)
                      0.078229    0.000164    2.882280 v _125_/A2 (sky130_fd_sc_hd__a311o_2)
     2    0.007719    0.066653    0.388734    3.271013 v _125_/X (sky130_fd_sc_hd__a311o_2)
                                                         _027_ (net)
                      0.066653    0.000057    3.271071 v _127_/B (sky130_fd_sc_hd__and2_2)
     3    0.011008    0.056683    0.220073    3.491143 v _127_/X (sky130_fd_sc_hd__and2_2)
                                                         _029_ (net)
                      0.056683    0.000020    3.491163 v _143_/A1 (sky130_fd_sc_hd__o21ai_2)
     2    0.004807    0.105241    0.139024    3.630188 ^ _143_/Y (sky130_fd_sc_hd__o21ai_2)
                                                         _044_ (net)
                      0.105241    0.000018    3.630205 ^ _156_/A2 (sky130_fd_sc_hd__a32o_2)
     1    0.034507    0.210172    0.310157    3.940362 ^ _156_/X (sky130_fd_sc_hd__a32o_2)
                                                         carry (net)
                      0.210172    0.000159    3.940521 ^ carry (out)
                                              3.940521   data arrival time

                      0.000000   10.000000   10.000000   clock __VIRTUAL_CLK__ (rise edge)
                                  0.000000   10.000000   clock network delay (ideal)
                                 -0.250000    9.750000   clock uncertainty
                                  0.000000    9.750000   clock reconvergence pessimism
                                 -2.000000    7.750000   output external delay
                                              7.750000   data required time
---------------------------------------------------------------------------------------------
                                              7.750000   data required time
                                             -3.940521   data arrival time
---------------------------------------------------------------------------------------------
                                              3.809479   slack (MET)


Startpoint: A[1] (input port clocked by __VIRTUAL_CLK__)
Endpoint: result[5] (output port clocked by __VIRTUAL_CLK__)
Path Group: __VIRTUAL_CLK__
Path Type: max

Fanout         Cap        Slew       Delay        Time   Description
---------------------------------------------------------------------------------------------
                      0.000000    0.000000    0.000000   clock __VIRTUAL_CLK__ (rise edge)
                                  0.000000    0.000000   clock network delay (ideal)
                                  2.000000    2.000000 v input external delay
     7    0.026466    0.059951    0.042351    2.042351 v A[1] (in)
                                                         A[1] (net)
                      0.059951    0.000000    2.042351 v _172_/A (sky130_fd_sc_hd__xnor2_2)
     6    0.024813    0.354288    0.324398    2.366749 ^ _172_/Y (sky130_fd_sc_hd__xnor2_2)
                                                         _069_ (net)
                      0.354288    0.000033    2.366782 ^ _193_/A1 (sky130_fd_sc_hd__a21o_2)
     4    0.012991    0.077127    0.220923    2.587706 ^ _193_/X (sky130_fd_sc_hd__a21o_2)
                                                         _089_ (net)
                      0.077127    0.000097    2.587802 ^ _226_/A2 (sky130_fd_sc_hd__a311o_2)
     3    0.012626    0.084666    0.209021    2.796823 ^ _226_/X (sky130_fd_sc_hd__a311o_2)
                                                         _120_ (net)
                      0.084666    0.000171    2.796994 ^ _227_/B (sky130_fd_sc_hd__nand2_2)
     3    0.008360    0.060417    0.069747    2.866741 v _227_/Y (sky130_fd_sc_hd__nand2_2)
                                                         _000_ (net)
                      0.060417    0.000011    2.866752 v _246_/B1 (sky130_fd_sc_hd__o211a_2)
     1    0.001942    0.038348    0.130687    2.997438 v _246_/X (sky130_fd_sc_hd__o211a_2)
                                                         _018_ (net)
                      0.038348    0.000003    2.997442 v _249_/B (sky130_fd_sc_hd__or4_2)
     1    0.004928    0.110392    0.650118    3.647559 v _249_/X (sky130_fd_sc_hd__or4_2)
                                                         _021_ (net)
                      0.110392    0.000017    3.647576 v _250_/C1 (sky130_fd_sc_hd__o211ai_2)
     2    0.039875    0.484992    0.217027    3.864603 ^ _250_/Y (sky130_fd_sc_hd__o211ai_2)
                                                         result[5] (net)
                      0.484992    0.000332    3.864935 ^ result[5] (out)
                                              3.864935   data arrival time

                      0.000000   10.000000   10.000000   clock __VIRTUAL_CLK__ (rise edge)
                                  0.000000   10.000000   clock network delay (ideal)
                                 -0.250000    9.750000   clock uncertainty
                                  0.000000    9.750000   clock reconvergence pessimism
                                 -2.000000    7.750000   output external delay
                                              7.750000   data required time
---------------------------------------------------------------------------------------------
                                              7.750000   data required time
                                             -3.864935   data arrival time
---------------------------------------------------------------------------------------------
                                              3.885065   slack (MET)


Startpoint: B[1] (input port clocked by __VIRTUAL_CLK__)
Endpoint: result[4] (output port clocked by __VIRTUAL_CLK__)
Path Group: __VIRTUAL_CLK__
Path Type: max

Fanout         Cap        Slew       Delay        Time   Description
---------------------------------------------------------------------------------------------
                      0.000000    0.000000    0.000000   clock __VIRTUAL_CLK__ (rise edge)
                                  0.000000    0.000000   clock network delay (ideal)
                                  2.000000    2.000000 ^ input external delay
     4    0.018864    0.090580    0.061952    2.061952 ^ B[1] (in)
                                                         B[1] (net)
                      0.090580    0.000000    2.061952 ^ _192_/A_N (sky130_fd_sc_hd__and2b_2)
     1    0.002463    0.035266    0.214016    2.275968 v _192_/X (sky130_fd_sc_hd__and2b_2)
                                                         _088_ (net)
                      0.035266    0.000003    2.275971 v _193_/B1 (sky130_fd_sc_hd__a21o_2)
     4    0.012015    0.055964    0.208932    2.484903 v _193_/X (sky130_fd_sc_hd__a21o_2)
                                                         _089_ (net)
                      0.055964    0.000089    2.484992 v _226_/A2 (sky130_fd_sc_hd__a311o_2)
     3    0.011697    0.078229    0.397124    2.882116 v _226_/X (sky130_fd_sc_hd__a311o_2)
                                                         _120_ (net)
                      0.078229    0.000145    2.882261 v _228_/A2 (sky130_fd_sc_hd__o21a_2)
     1    0.001460    0.029887    0.192315    3.074576 v _228_/X (sky130_fd_sc_hd__o21a_2)
                                                         _001_ (net)
                      0.029887    0.000000    3.074576 v _229_/B (sky130_fd_sc_hd__and2_2)
     1    0.003120    0.037185    0.177005    3.251582 v _229_/X (sky130_fd_sc_hd__and2_2)
                                                         _002_ (net)
                      0.037185    0.000010    3.251592 v _234_/A1 (sky130_fd_sc_hd__o31a_2)
     2    0.037105    0.124031    0.434834    3.686425 v _234_/X (sky130_fd_sc_hd__o31a_2)
                                                         result[4] (net)
                      0.124031    0.000504    3.686929 v result[4] (out)
                                              3.686929   data arrival time

                      0.000000   10.000000   10.000000   clock __VIRTUAL_CLK__ (rise edge)
                                  0.000000   10.000000   clock network delay (ideal)
                                 -0.250000    9.750000   clock uncertainty
                                  0.000000    9.750000   clock reconvergence pessimism
                                 -2.000000    7.750000   output external delay
                                              7.750000   data required time
---------------------------------------------------------------------------------------------
                                              7.750000   data required time
                                             -3.686929   data arrival time
---------------------------------------------------------------------------------------------
                                              4.063071   slack (MET)


Startpoint: opcode[2] (input port clocked by __VIRTUAL_CLK__)
Endpoint: result[1] (output port clocked by __VIRTUAL_CLK__)
Path Group: __VIRTUAL_CLK__
Path Type: max

Fanout         Cap        Slew       Delay        Time   Description
---------------------------------------------------------------------------------------------
                      0.000000    0.000000    0.000000   clock __VIRTUAL_CLK__ (rise edge)
                                  0.000000    0.000000   clock network delay (ideal)
                                  2.000000    2.000000 ^ input external delay
    12    0.038129    0.175981    0.122142    2.122142 ^ opcode[2] (in)
                                                         opcode[2] (net)
                      0.175982    0.000000    2.122142 ^ _166_/A (sky130_fd_sc_hd__or3b_2)
     8    0.032985    0.191209    0.264424    2.386567 ^ _166_/X (sky130_fd_sc_hd__or3b_2)
                                                         _064_ (net)
                      0.191209    0.000114    2.386681 ^ _181_/B2 (sky130_fd_sc_hd__o22a_2)
     1    0.001508    0.026862    0.148595    2.535276 ^ _181_/X (sky130_fd_sc_hd__o22a_2)
                                                         _078_ (net)
                      0.026862    0.000001    2.535277 ^ _182_/B1_N (sky130_fd_sc_hd__a21bo_2)
     1    0.002314    0.033686    0.200784    2.736062 v _182_/X (sky130_fd_sc_hd__a21bo_2)
                                                         _079_ (net)
                      0.033686    0.000004    2.736065 v _184_/C1 (sky130_fd_sc_hd__a311o_2)
     1    0.002390    0.051595    0.293297    3.029362 v _184_/X (sky130_fd_sc_hd__a311o_2)
                                                         _081_ (net)
                      0.051595    0.000003    3.029365 v _186_/A3 (sky130_fd_sc_hd__o32a_2)
     2    0.037037    0.127718    0.426316    3.455681 v _186_/X (sky130_fd_sc_hd__o32a_2)
                                                         result[1] (net)
                      0.127718    0.000250    3.455931 v result[1] (out)
                                              3.455931   data arrival time

                      0.000000   10.000000   10.000000   clock __VIRTUAL_CLK__ (rise edge)
                                  0.000000   10.000000   clock network delay (ideal)
                                 -0.250000    9.750000   clock uncertainty
                                  0.000000    9.750000   clock reconvergence pessimism
                                 -2.000000    7.750000   output external delay
                                              7.750000   data required time
---------------------------------------------------------------------------------------------
                                              7.750000   data required time
                                             -3.455931   data arrival time
---------------------------------------------------------------------------------------------
                                              4.294069   slack (MET)


Startpoint: opcode[0] (input port clocked by __VIRTUAL_CLK__)
Endpoint: result[2] (output port clocked by __VIRTUAL_CLK__)
Path Group: __VIRTUAL_CLK__
Path Type: max

Fanout         Cap        Slew       Delay        Time   Description
---------------------------------------------------------------------------------------------
                      0.000000    0.000000    0.000000   clock __VIRTUAL_CLK__ (rise edge)
                                  0.000000    0.000000   clock network delay (ideal)
                                  2.000000    2.000000 ^ input external delay
    11    0.032509    0.151419    0.104599    2.104599 ^ opcode[0] (in)
                                                         opcode[0] (net)
                      0.151420    0.000000    2.104599 ^ _177_/A_N (sky130_fd_sc_hd__and3b_2)
     7    0.018082    0.071525    0.267129    2.371728 v _177_/X (sky130_fd_sc_hd__and3b_2)
                                                         _074_ (net)
                      0.071525    0.000037    2.371765 v _196_/B1 (sky130_fd_sc_hd__a22o_2)
     1    0.003113    0.039475    0.211539    2.583304 v _196_/X (sky130_fd_sc_hd__a22o_2)
                                                         _092_ (net)
                      0.039475    0.000012    2.583316 v _199_/B1 (sky130_fd_sc_hd__a211o_2)
     1    0.002621    0.046620    0.293324    2.876640 v _199_/X (sky130_fd_sc_hd__a211o_2)
                                                         _095_ (net)
                      0.046620    0.000005    2.876645 v _200_/B1 (sky130_fd_sc_hd__a31o_2)
     1    0.002329    0.035994    0.204593    3.081238 v _200_/X (sky130_fd_sc_hd__a31o_2)
                                                         _096_ (net)
                      0.035994    0.000002    3.081240 v _201_/B2 (sky130_fd_sc_hd__o22a_2)
     2    0.037075    0.120246    0.272497    3.353737 v _201_/X (sky130_fd_sc_hd__o22a_2)
                                                         result[2] (net)
                      0.120246    0.000150    3.353887 v result[2] (out)
                                              3.353887   data arrival time

                      0.000000   10.000000   10.000000   clock __VIRTUAL_CLK__ (rise edge)
                                  0.000000   10.000000   clock network delay (ideal)
                                 -0.250000    9.750000   clock uncertainty
                                  0.000000    9.750000   clock reconvergence pessimism
                                 -2.000000    7.750000   output external delay
                                              7.750000   data required time
---------------------------------------------------------------------------------------------
                                              7.750000   data required time
                                             -3.353887   data arrival time
---------------------------------------------------------------------------------------------
                                              4.396113   slack (MET)


Startpoint: A[1] (input port clocked by __VIRTUAL_CLK__)
Endpoint: result[3] (output port clocked by __VIRTUAL_CLK__)
Path Group: __VIRTUAL_CLK__
Path Type: max

Fanout         Cap        Slew       Delay        Time   Description
---------------------------------------------------------------------------------------------
                      0.000000    0.000000    0.000000   clock __VIRTUAL_CLK__ (rise edge)
                                  0.000000    0.000000   clock network delay (ideal)
                                  2.000000    2.000000 v input external delay
     7    0.026466    0.059951    0.042351    2.042351 v A[1] (in)
                                                         A[1] (net)
                      0.059951    0.000000    2.042351 v _172_/A (sky130_fd_sc_hd__xnor2_2)
     6    0.024813    0.354288    0.324398    2.366749 ^ _172_/Y (sky130_fd_sc_hd__xnor2_2)
                                                         _069_ (net)
                      0.354288    0.000034    2.366783 ^ _190_/A2 (sky130_fd_sc_hd__o21ai_2)
     2    0.012034    0.088918    0.123948    2.490731 v _190_/Y (sky130_fd_sc_hd__o21ai_2)
                                                         _086_ (net)
                      0.088918    0.000057    2.490787 v _207_/A2 (sky130_fd_sc_hd__a21bo_2)
     2    0.013850    0.060360    0.259047    2.749835 v _207_/X (sky130_fd_sc_hd__a21bo_2)
                                                         _102_ (net)
                      0.060360    0.000069    2.749904 v _208_/B (sky130_fd_sc_hd__xnor2_2)
     1    0.002561    0.061625    0.125248    2.875152 v _208_/Y (sky130_fd_sc_hd__xnor2_2)
                                                         _103_ (net)
                      0.061625    0.000004    2.875157 v _217_/A2 (sky130_fd_sc_hd__a211o_2)
     2    0.037797    0.126064    0.438014    3.313170 v _217_/X (sky130_fd_sc_hd__a211o_2)
                                                         result[3] (net)
                      0.126064    0.000360    3.313530 v result[3] (out)
                                              3.313530   data arrival time

                      0.000000   10.000000   10.000000   clock __VIRTUAL_CLK__ (rise edge)
                                  0.000000   10.000000   clock network delay (ideal)
                                 -0.250000    9.750000   clock uncertainty
                                  0.000000    9.750000   clock reconvergence pessimism
                                 -2.000000    7.750000   output external delay
                                              7.750000   data required time
---------------------------------------------------------------------------------------------
                                              7.750000   data required time
                                             -3.313530   data arrival time
---------------------------------------------------------------------------------------------
                                              4.436470   slack (MET)


Startpoint: opcode[1] (input port clocked by __VIRTUAL_CLK__)
Endpoint: result[0] (output port clocked by __VIRTUAL_CLK__)
Path Group: __VIRTUAL_CLK__
Path Type: max

Fanout         Cap        Slew       Delay        Time   Description
---------------------------------------------------------------------------------------------
                      0.000000    0.000000    0.000000   clock __VIRTUAL_CLK__ (rise edge)
                                  0.000000    0.000000   clock network delay (ideal)
                                  2.000000    2.000000 ^ input external delay
    11    0.032015    0.149215    0.103039    2.103039 ^ opcode[1] (in)
                                                         opcode[1] (net)
                      0.149215    0.000000    2.103039 ^ _166_/C_N (sky130_fd_sc_hd__or3b_2)
     8    0.030051    0.158451    0.574012    2.677051 v _166_/X (sky130_fd_sc_hd__or3b_2)
                                                         _064_ (net)
                      0.158451    0.000078    2.677129 v _168_/A2 (sky130_fd_sc_hd__o22ai_2)
     1    0.002648    0.112765    0.169021    2.846151 ^ _168_/Y (sky130_fd_sc_hd__o22ai_2)
                                                         _066_ (net)
                      0.112765    0.000002    2.846152 ^ _170_/B1 (sky130_fd_sc_hd__a211o_2)
     2    0.037546    0.181418    0.227380    3.073532 ^ _170_/X (sky130_fd_sc_hd__a211o_2)
                                                         result[0] (net)
                      0.181418    0.000381    3.073913 ^ result[0] (out)
                                              3.073913   data arrival time

                      0.000000   10.000000   10.000000   clock __VIRTUAL_CLK__ (rise edge)
                                  0.000000   10.000000   clock network delay (ideal)
                                 -0.250000    9.750000   clock uncertainty
                                  0.000000    9.750000   clock reconvergence pessimism
                                 -2.000000    7.750000   output external delay
                                              7.750000   data required time
---------------------------------------------------------------------------------------------
                                              7.750000   data required time
                                             -3.073913   data arrival time
---------------------------------------------------------------------------------------------
                                              4.676087   slack (MET)



