
===========================================================================
report_checks -unconstrained
===========================================================================
======================= max_ff_n40C_1v95 Corner ===================================

Startpoint: A[0] (input port clocked by __VIRTUAL_CLK__)
Endpoint: zero (output port clocked by __VIRTUAL_CLK__)
Path Group: __VIRTUAL_CLK__
Path Type: max

Fanout         Cap        Slew       Delay        Time   Description
---------------------------------------------------------------------------------------------
                      0.000000    0.000000    0.000000   clock __VIRTUAL_CLK__ (rise edge)
                                  0.000000    0.000000   clock network delay (ideal)
                                  2.000000    2.000000 v input external delay
     1    0.002548    0.004342    0.002093    2.002093 v A[0] (in)
                                                         A[0] (net)
                      0.004346    0.000000    2.002093 v input1/A (sky130_fd_sc_hd__dlymetal6s2s_1)
     6    0.018614    0.072549    0.117760    2.119853 v input1/X (sky130_fd_sc_hd__dlymetal6s2s_1)
                                                         net1 (net)
                      0.072561    0.000927    2.120780 v _173_/A_N (sky130_fd_sc_hd__nand2b_1)
     3    0.012181    0.069640    0.133799    2.254578 v _173_/Y (sky130_fd_sc_hd__nand2b_1)
                                                         _070_ (net)
                      0.069664    0.001044    2.255622 v _193_/A2 (sky130_fd_sc_hd__a21o_1)
     4    0.012964    0.052470    0.154952    2.410573 v _193_/X (sky130_fd_sc_hd__a21o_1)
                                                         _089_ (net)
                      0.052484    0.000832    2.411405 v _226_/A2 (sky130_fd_sc_hd__a311o_1)
     3    0.013354    0.073986    0.237053    2.648458 v _226_/X (sky130_fd_sc_hd__a311o_1)
                                                         _120_ (net)
                      0.074011    0.001289    2.649747 v _125_/A2 (sky130_fd_sc_hd__a311o_1)
     2    0.009650    0.063153    0.233320    2.883067 v _125_/X (sky130_fd_sc_hd__a311o_1)
                                                         _027_ (net)
                      0.063157    0.000492    2.883559 v _127_/B (sky130_fd_sc_hd__and2_1)
     3    0.010601    0.047100    0.132453    3.016011 v _127_/X (sky130_fd_sc_hd__and2_1)
                                                         _029_ (net)
                      0.047106    0.000557    3.016569 v _144_/A (sky130_fd_sc_hd__or3_1)
     1    0.002130    0.039499    0.207798    3.224367 v _144_/X (sky130_fd_sc_hd__or3_1)
                                                         _045_ (net)
                      0.039499    0.000142    3.224509 v _145_/C (sky130_fd_sc_hd__and3_1)
     1    0.001648    0.023863    0.107824    3.332333 v _145_/X (sky130_fd_sc_hd__and3_1)
                                                         _046_ (net)
                      0.023863    0.000076    3.332409 v _150_/B1 (sky130_fd_sc_hd__o2bb2a_1)
     2    0.008926    0.059090    0.194378    3.526787 v _150_/X (sky130_fd_sc_hd__o2bb2a_1)
                                                         net28 (net)
                      0.059095    0.000582    3.527368 v _153_/C (sky130_fd_sc_hd__nor4_1)
     1    0.002876    0.148100    0.150071    3.677439 ^ _153_/Y (sky130_fd_sc_hd__nor4_1)
                                                         net29 (net)
                      0.148100    0.000183    3.677622 ^ output29/A (sky130_fd_sc_hd__buf_2)
     1    0.034522    0.128842    0.162510    3.840132 ^ output29/X (sky130_fd_sc_hd__buf_2)
                                                         zero (net)
                      0.128914    0.001631    3.841762 ^ zero (out)
                                              3.841762   data arrival time

                      0.000000   10.000000   10.000000   clock __VIRTUAL_CLK__ (rise edge)
                                  0.000000   10.000000   clock network delay (ideal)
                                 -0.250000    9.750000   clock uncertainty
                                  0.000000    9.750000   clock reconvergence pessimism
                                 -2.000000    7.750000   output external delay
                                              7.750000   data required time
---------------------------------------------------------------------------------------------
                                              7.750000   data required time
                                             -3.841762   data arrival time
---------------------------------------------------------------------------------------------
                                              3.908238   slack (MET)




===========================================================================
report_checks --slack_max -0.01
============================================================================
======================= max_ff_n40C_1v95 Corner ===================================

No paths found.


===========================================================================
 report_check_types -max_slew -max_cap -max_fanout -violators
============================================================================
======================= max_ff_n40C_1v95 Corner ===================================



===========================================================================
report_parasitic_annotation -report_unannotated
============================================================================
Found 0 unannotated drivers.
Found 0 partially unannotated drivers.

===========================================================================
max slew violation count 0
max fanout violation count 0
max cap violation count 0
============================================================================

===========================================================================
check_setup -verbose -unconstrained_endpoints -multiple_clock -no_clock -no_input_delay -loops -generated_clocks
===========================================================================
