
===========================================================================
report_checks -unconstrained
===========================================================================
======================= min_ss_100C_1v60 Corner ===================================

Startpoint: A[0] (input port clocked by __VIRTUAL_CLK__)
Endpoint: zero (output port clocked by __VIRTUAL_CLK__)
Path Group: __VIRTUAL_CLK__
Path Type: max

Fanout         Cap        Slew       Delay        Time   Description
---------------------------------------------------------------------------------------------
                      0.000000    0.000000    0.000000   clock __VIRTUAL_CLK__ (rise edge)
                                  0.000000    0.000000   clock network delay (ideal)
                                  2.000000    2.000000 v input external delay
     1    0.002246    0.016365    0.007471    2.007471 v A[0] (in)
                                                         A[0] (net)
                      0.016365    0.000000    2.007471 v input1/A (sky130_fd_sc_hd__dlymetal6s2s_1)
     6    0.017221    0.186923    0.361454    2.368925 v input1/X (sky130_fd_sc_hd__dlymetal6s2s_1)
                                                         net1 (net)
                      0.186923    0.000208    2.369133 v _173_/A_N (sky130_fd_sc_hd__nand2b_1)
     3    0.010900    0.206736    0.448953    2.818087 v _173_/Y (sky130_fd_sc_hd__nand2b_1)
                                                         _070_ (net)
                      0.206736    0.000246    2.818333 v _193_/A2 (sky130_fd_sc_hd__a21o_1)
     4    0.012086    0.133692    0.447222    3.265555 v _193_/X (sky130_fd_sc_hd__a21o_1)
                                                         _089_ (net)
                      0.133692    0.000190    3.265745 v _226_/A2 (sky130_fd_sc_hd__a311o_1)
     3    0.012157    0.176962    0.709270    3.975015 v _226_/X (sky130_fd_sc_hd__a311o_1)
                                                         _120_ (net)
                      0.176962    0.000367    3.975382 v _125_/A2 (sky130_fd_sc_hd__a311o_1)
     2    0.008527    0.146180    0.689500    4.664883 v _125_/X (sky130_fd_sc_hd__a311o_1)
                                                         _027_ (net)
                      0.146180    0.000156    4.665039 v _127_/B (sky130_fd_sc_hd__and2_1)
     3    0.009697    0.123090    0.409355    5.074394 v _127_/X (sky130_fd_sc_hd__and2_1)
                                                         _029_ (net)
                      0.123090    0.000111    5.074504 v _144_/A (sky130_fd_sc_hd__or3_1)
     1    0.001874    0.127121    0.837114    5.911619 v _144_/X (sky130_fd_sc_hd__or3_1)
                                                         _045_ (net)
                      0.127121    0.000016    5.911635 v _145_/C (sky130_fd_sc_hd__and3_1)
     1    0.001508    0.061059    0.370542    6.282177 v _145_/X (sky130_fd_sc_hd__and3_1)
                                                         _046_ (net)
                      0.061059    0.000006    6.282183 v _150_/B1 (sky130_fd_sc_hd__o2bb2a_1)
     2    0.008042    0.152320    0.685533    6.967715 v _150_/X (sky130_fd_sc_hd__o2bb2a_1)
                                                         net28 (net)
                      0.152320    0.000118    6.967833 v _153_/C (sky130_fd_sc_hd__nor4_1)
     1    0.002570    0.371797    0.410578    7.378411 ^ _153_/Y (sky130_fd_sc_hd__nor4_1)
                                                         net29 (net)
                      0.371797    0.000026    7.378437 ^ output29/A (sky130_fd_sc_hd__buf_2)
     1    0.034383    0.273911    0.473802    7.852239 ^ output29/X (sky130_fd_sc_hd__buf_2)
                                                         zero (net)
                      0.273911    0.000369    7.852608 ^ zero (out)
                                              7.852608   data arrival time

                      0.000000   10.000000   10.000000   clock __VIRTUAL_CLK__ (rise edge)
                                  0.000000   10.000000   clock network delay (ideal)
                                 -0.250000    9.750000   clock uncertainty
                                  0.000000    9.750000   clock reconvergence pessimism
                                 -2.000000    7.750000   output external delay
                                              7.750000   data required time
---------------------------------------------------------------------------------------------
                                              7.750000   data required time
                                             -7.852608   data arrival time
---------------------------------------------------------------------------------------------
                                             -0.102608   slack (VIOLATED)




===========================================================================
report_checks --slack_max -0.01
============================================================================
======================= min_ss_100C_1v60 Corner ===================================

Startpoint: A[0] (input port clocked by __VIRTUAL_CLK__)
Endpoint: zero (output port clocked by __VIRTUAL_CLK__)
Path Group: __VIRTUAL_CLK__
Path Type: max

Fanout         Cap        Slew       Delay        Time   Description
---------------------------------------------------------------------------------------------
                      0.000000    0.000000    0.000000   clock __VIRTUAL_CLK__ (rise edge)
                                  0.000000    0.000000   clock network delay (ideal)
                                  2.000000    2.000000 v input external delay
     1    0.002246    0.016365    0.007471    2.007471 v A[0] (in)
                                                         A[0] (net)
                      0.016365    0.000000    2.007471 v input1/A (sky130_fd_sc_hd__dlymetal6s2s_1)
     6    0.017221    0.186923    0.361454    2.368925 v input1/X (sky130_fd_sc_hd__dlymetal6s2s_1)
                                                         net1 (net)
                      0.186923    0.000208    2.369133 v _173_/A_N (sky130_fd_sc_hd__nand2b_1)
     3    0.010900    0.206736    0.448953    2.818087 v _173_/Y (sky130_fd_sc_hd__nand2b_1)
                                                         _070_ (net)
                      0.206736    0.000246    2.818333 v _193_/A2 (sky130_fd_sc_hd__a21o_1)
     4    0.012086    0.133692    0.447222    3.265555 v _193_/X (sky130_fd_sc_hd__a21o_1)
                                                         _089_ (net)
                      0.133692    0.000190    3.265745 v _226_/A2 (sky130_fd_sc_hd__a311o_1)
     3    0.012157    0.176962    0.709270    3.975015 v _226_/X (sky130_fd_sc_hd__a311o_1)
                                                         _120_ (net)
                      0.176962    0.000367    3.975382 v _125_/A2 (sky130_fd_sc_hd__a311o_1)
     2    0.008527    0.146180    0.689500    4.664883 v _125_/X (sky130_fd_sc_hd__a311o_1)
                                                         _027_ (net)
                      0.146180    0.000156    4.665039 v _127_/B (sky130_fd_sc_hd__and2_1)
     3    0.009697    0.123090    0.409355    5.074394 v _127_/X (sky130_fd_sc_hd__and2_1)
                                                         _029_ (net)
                      0.123090    0.000111    5.074504 v _144_/A (sky130_fd_sc_hd__or3_1)
     1    0.001874    0.127121    0.837114    5.911619 v _144_/X (sky130_fd_sc_hd__or3_1)
                                                         _045_ (net)
                      0.127121    0.000016    5.911635 v _145_/C (sky130_fd_sc_hd__and3_1)
     1    0.001508    0.061059    0.370542    6.282177 v _145_/X (sky130_fd_sc_hd__and3_1)
                                                         _046_ (net)
                      0.061059    0.000006    6.282183 v _150_/B1 (sky130_fd_sc_hd__o2bb2a_1)
     2    0.008042    0.152320    0.685533    6.967715 v _150_/X (sky130_fd_sc_hd__o2bb2a_1)
                                                         net28 (net)
                      0.152320    0.000118    6.967833 v _153_/C (sky130_fd_sc_hd__nor4_1)
     1    0.002570    0.371797    0.410578    7.378411 ^ _153_/Y (sky130_fd_sc_hd__nor4_1)
                                                         net29 (net)
                      0.371797    0.000026    7.378437 ^ output29/A (sky130_fd_sc_hd__buf_2)
     1    0.034383    0.273911    0.473802    7.852239 ^ output29/X (sky130_fd_sc_hd__buf_2)
                                                         zero (net)
                      0.273911    0.000369    7.852608 ^ zero (out)
                                              7.852608   data arrival time

                      0.000000   10.000000   10.000000   clock __VIRTUAL_CLK__ (rise edge)
                                  0.000000   10.000000   clock network delay (ideal)
                                 -0.250000    9.750000   clock uncertainty
                                  0.000000    9.750000   clock reconvergence pessimism
                                 -2.000000    7.750000   output external delay
                                              7.750000   data required time
---------------------------------------------------------------------------------------------
                                              7.750000   data required time
                                             -7.852608   data arrival time
---------------------------------------------------------------------------------------------
                                             -0.102608   slack (VIOLATED)




===========================================================================
 report_check_types -max_slew -max_cap -max_fanout -violators
============================================================================
======================= min_ss_100C_1v60 Corner ===================================



===========================================================================
report_parasitic_annotation -report_unannotated
============================================================================
Found 0 unannotated drivers.
Found 0 partially unannotated drivers.

===========================================================================
max slew violation count 0
max fanout violation count 0
max cap violation count 0
============================================================================

===========================================================================
check_setup -verbose -unconstrained_endpoints -multiple_clock -no_clock -no_input_delay -loops -generated_clocks
===========================================================================
