
===========================================================================
 report_power
============================================================================
======================= min_ss_100C_1v60 Corner ===================================

Group                    Internal    Switching      Leakage        Total
                            Power        Power        Power        Power (Watts)
------------------------------------------------------------------------
Sequential           0.000000e+00 0.000000e+00 0.000000e+00 0.000000e+00   0.0%
Combinational        2.309840e-05 3.279433e-05 7.687163e-07 5.666144e-05 100.0%
Clock                0.000000e+00 0.000000e+00 3.245969e-10 3.245969e-10   0.0%
Macro                0.000000e+00 0.000000e+00 0.000000e+00 0.000000e+00   0.0%
Pad                  0.000000e+00 0.000000e+00 0.000000e+00 0.000000e+00   0.0%
------------------------------------------------------------------------
Total                2.309840e-05 3.279433e-05 7.690409e-07 5.666177e-05 100.0%
                            40.8%        57.9%         1.4%

